[0.364s] [34mcolcon[0m [1;30mDEBUG[0m [32mCommand line arguments: ['/usr/bin/colcon', 'build'][0m
[0.364s] [34mcolcon[0m [1;30mDEBUG[0m [32mParsed command line arguments: Namespace(log_base=None, log_level=None, verb_name='build', build_base='build', install_base='install', merge_install=False, symlink_install=False, test_result_base=None, continue_on_error=False, executor='parallel', parallel_workers=16, event_handlers=None, ignore_user_meta=False, metas=['./colcon.meta'], base_paths=['.'], packages_ignore=None, packages_ignore_regex=None, paths=None, packages_up_to=None, packages_up_to_regex=None, packages_above=None, packages_above_and_dependencies=None, packages_above_depth=None, packages_select_by_dep=None, packages_skip_by_dep=None, packages_skip_up_to=None, packages_select_build_failed=False, packages_skip_build_finished=False, packages_select_test_failures=False, packages_skip_test_passed=False, packages_select=None, packages_skip=None, packages_select_regex=None, packages_skip_regex=None, packages_start=None, packages_end=None, allow_overriding=[], cmake_args=None, cmake_target=None, cmake_target_skip_unavailable=False, cmake_clean_cache=False, cmake_clean_first=False, cmake_force_configure=False, ament_cmake_args=None, catkin_cmake_args=None, catkin_skip_building_tests=False, verb_parser=<colcon_defaults.argument_parser.defaults.DefaultArgumentsDecorator object at 0x7c9d576f6b30>, verb_extension=<colcon_core.verb.build.BuildVerb object at 0x7c9d576b42e0>, main=<bound method BuildVerb.main of <colcon_core.verb.build.BuildVerb object at 0x7c9d576b42e0>>)[0m
[0.733s] [34mcolcon.colcon_core.package_discovery[0m [1;30mLevel 1[0m discover_packages(colcon_meta) check parameters
[0.734s] [34mcolcon.colcon_core.package_discovery[0m [1;30mLevel 1[0m discover_packages(recursive) check parameters
[0.734s] [34mcolcon.colcon_core.package_discovery[0m [1;30mLevel 1[0m discover_packages(ignore) check parameters
[0.734s] [34mcolcon.colcon_core.package_discovery[0m [1;30mLevel 1[0m discover_packages(path) check parameters
[0.734s] [34mcolcon.colcon_core.package_discovery[0m [1;30mLevel 1[0m discover_packages(colcon_meta) discover
[0.734s] [34mcolcon.colcon_core.package_discovery[0m [1;30mLevel 1[0m discover_packages(recursive) discover
[0.734s] [34mcolcon.colcon_core.package_discovery[0m [1;30mINFO[0m Crawling recursively for packages in '/home/lxf/Desktop/ROS/12.turtle_control'
[0.734s] [34mcolcon.colcon_core.package_identification[0m [1;30mLevel 1[0m _identify(.) by extensions ['ignore', 'ignore_ament_install']
[0.735s] [34mcolcon.colcon_core.package_identification[0m [1;30mLevel 1[0m _identify(.) by extension 'ignore'
[0.735s] [34mcolcon.colcon_core.package_identification[0m [1;30mLevel 1[0m _identify(.) by extension 'ignore_ament_install'
[0.735s] [34mcolcon.colcon_core.package_identification[0m [1;30mLevel 1[0m _identify(.) by extensions ['colcon_pkg']
[0.735s] [34mcolcon.colcon_core.package_identification[0m [1;30mLevel 1[0m _identify(.) by extension 'colcon_pkg'
[0.735s] [34mcolcon.colcon_core.package_identification[0m [1;30mLevel 1[0m _identify(.) by extensions ['colcon_meta']
[0.735s] [34mcolcon.colcon_core.package_identification[0m [1;30mLevel 1[0m _identify(.) by extension 'colcon_meta'
[0.735s] [34mcolcon.colcon_core.package_identification[0m [1;30mLevel 1[0m _identify(.) by extensions ['ros']
[0.735s] [34mcolcon.colcon_core.package_identification[0m [1;30mLevel 1[0m _identify(.) by extension 'ros'
[0.762s] [34mcolcon.colcon_core.package_identification[0m [1;30mLevel 1[0m _identify(.) by extensions ['cmake', 'python']
[0.762s] [34mcolcon.colcon_core.package_identification[0m [1;30mLevel 1[0m _identify(.) by extension 'cmake'
[0.763s] [34mcolcon.colcon_core.package_identification[0m [1;30mLevel 1[0m _identify(.) by extension 'python'
[0.763s] [34mcolcon.colcon_core.package_identification[0m [1;30mLevel 1[0m _identify(.) by extensions ['python_setup_py']
[0.763s] [34mcolcon.colcon_core.package_identification[0m [1;30mLevel 1[0m _identify(.) by extension 'python_setup_py'
[0.763s] [34mcolcon.colcon_core.package_identification[0m [1;30mLevel 1[0m _identify(build) by extensions ['ignore', 'ignore_ament_install']
[0.763s] [34mcolcon.colcon_core.package_identification[0m [1;30mLevel 1[0m _identify(build) by extension 'ignore'
[0.763s] [34mcolcon.colcon_core.package_identification[0m [1;30mLevel 1[0m _identify(build) ignored
[0.764s] [34mcolcon.colcon_core.package_identification[0m [1;30mLevel 1[0m _identify(install) by extensions ['ignore', 'ignore_ament_install']
[0.764s] [34mcolcon.colcon_core.package_identification[0m [1;30mLevel 1[0m _identify(install) by extension 'ignore'
[0.764s] [34mcolcon.colcon_core.package_identification[0m [1;30mLevel 1[0m _identify(install) ignored
[0.764s] [34mcolcon.colcon_core.package_identification[0m [1;30mLevel 1[0m _identify(log) by extensions ['ignore', 'ignore_ament_install']
[0.764s] [34mcolcon.colcon_core.package_identification[0m [1;30mLevel 1[0m _identify(log) by extension 'ignore'
[0.764s] [34mcolcon.colcon_core.package_identification[0m [1;30mLevel 1[0m _identify(log) ignored
[0.765s] [34mcolcon.colcon_core.package_identification[0m [1;30mLevel 1[0m _identify(src) by extensions ['ignore', 'ignore_ament_install']
[0.765s] [34mcolcon.colcon_core.package_identification[0m [1;30mLevel 1[0m _identify(src) by extension 'ignore'
[0.765s] [34mcolcon.colcon_core.package_identification[0m [1;30mLevel 1[0m _identify(src) by extension 'ignore_ament_install'
[0.765s] [34mcolcon.colcon_core.package_identification[0m [1;30mLevel 1[0m _identify(src) by extensions ['colcon_pkg']
[0.765s] [34mcolcon.colcon_core.package_identification[0m [1;30mLevel 1[0m _identify(src) by extension 'colcon_pkg'
[0.765s] [34mcolcon.colcon_core.package_identification[0m [1;30mLevel 1[0m _identify(src) by extensions ['colcon_meta']
[0.765s] [34mcolcon.colcon_core.package_identification[0m [1;30mLevel 1[0m _identify(src) by extension 'colcon_meta'
[0.765s] [34mcolcon.colcon_core.package_identification[0m [1;30mLevel 1[0m _identify(src) by extensions ['ros']
[0.765s] [34mcolcon.colcon_core.package_identification[0m [1;30mLevel 1[0m _identify(src) by extension 'ros'
[0.765s] [34mcolcon.colcon_core.package_identification[0m [1;30mLevel 1[0m _identify(src) by extensions ['cmake', 'python']
[0.766s] [34mcolcon.colcon_core.package_identification[0m [1;30mLevel 1[0m _identify(src) by extension 'cmake'
[0.766s] [34mcolcon.colcon_core.package_identification[0m [1;30mLevel 1[0m _identify(src) by extension 'python'
[0.766s] [34mcolcon.colcon_core.package_identification[0m [1;30mLevel 1[0m _identify(src) by extensions ['python_setup_py']
[0.766s] [34mcolcon.colcon_core.package_identification[0m [1;30mLevel 1[0m _identify(src) by extension 'python_setup_py'
[0.766s] [34mcolcon.colcon_core.package_identification[0m [1;30mLevel 1[0m _identify(src/demo_cpp_turtle_control_service) by extensions ['ignore', 'ignore_ament_install']
[0.766s] [34mcolcon.colcon_core.package_identification[0m [1;30mLevel 1[0m _identify(src/demo_cpp_turtle_control_service) by extension 'ignore'
[0.766s] [34mcolcon.colcon_core.package_identification[0m [1;30mLevel 1[0m _identify(src/demo_cpp_turtle_control_service) by extension 'ignore_ament_install'
[0.766s] [34mcolcon.colcon_core.package_identification[0m [1;30mLevel 1[0m _identify(src/demo_cpp_turtle_control_service) by extensions ['colcon_pkg']
[0.766s] [34mcolcon.colcon_core.package_identification[0m [1;30mLevel 1[0m _identify(src/demo_cpp_turtle_control_service) by extension 'colcon_pkg'
[0.766s] [34mcolcon.colcon_core.package_identification[0m [1;30mLevel 1[0m _identify(src/demo_cpp_turtle_control_service) by extensions ['colcon_meta']
[0.767s] [34mcolcon.colcon_core.package_identification[0m [1;30mLevel 1[0m _identify(src/demo_cpp_turtle_control_service) by extension 'colcon_meta'
[0.767s] [34mcolcon.colcon_core.package_identification[0m [1;30mLevel 1[0m _identify(src/demo_cpp_turtle_control_service) by extensions ['ros']
[0.767s] [34mcolcon.colcon_core.package_identification[0m [1;30mLevel 1[0m _identify(src/demo_cpp_turtle_control_service) by extension 'ros'
[0.773s] [34mcolcon.colcon_core.package_identification[0m [1;30mDEBUG[0m [32mPackage 'src/demo_cpp_turtle_control_service' with type 'ros.ament_cmake' and name 'demo_cpp_turtle_control_service'[0m
[0.774s] [34mcolcon.colcon_core.package_identification[0m [1;30mLevel 1[0m _identify(src/turtle_control_interfaces) by extensions ['ignore', 'ignore_ament_install']
[0.774s] [34mcolcon.colcon_core.package_identification[0m [1;30mLevel 1[0m _identify(src/turtle_control_interfaces) by extension 'ignore'
[0.774s] [34mcolcon.colcon_core.package_identification[0m [1;30mLevel 1[0m _identify(src/turtle_control_interfaces) by extension 'ignore_ament_install'
[0.774s] [34mcolcon.colcon_core.package_identification[0m [1;30mLevel 1[0m _identify(src/turtle_control_interfaces) by extensions ['colcon_pkg']
[0.774s] [34mcolcon.colcon_core.package_identification[0m [1;30mLevel 1[0m _identify(src/turtle_control_interfaces) by extension 'colcon_pkg'
[0.775s] [34mcolcon.colcon_core.package_identification[0m [1;30mLevel 1[0m _identify(src/turtle_control_interfaces) by extensions ['colcon_meta']
[0.775s] [34mcolcon.colcon_core.package_identification[0m [1;30mLevel 1[0m _identify(src/turtle_control_interfaces) by extension 'colcon_meta'
[0.775s] [34mcolcon.colcon_core.package_identification[0m [1;30mLevel 1[0m _identify(src/turtle_control_interfaces) by extensions ['ros']
[0.775s] [34mcolcon.colcon_core.package_identification[0m [1;30mLevel 1[0m _identify(src/turtle_control_interfaces) by extension 'ros'
[0.776s] [34mcolcon.colcon_core.package_identification[0m [1;30mDEBUG[0m [32mPackage 'src/turtle_control_interfaces' with type 'ros.ament_cmake' and name 'turtle_control_interfaces'[0m
[0.777s] [34mcolcon.colcon_core.package_discovery[0m [1;30mLevel 1[0m discover_packages(recursive) using defaults
[0.777s] [34mcolcon.colcon_core.package_discovery[0m [1;30mLevel 1[0m discover_packages(ignore) discover
[0.777s] [34mcolcon.colcon_core.package_discovery[0m [1;30mLevel 1[0m discover_packages(ignore) using defaults
[0.777s] [34mcolcon.colcon_core.package_discovery[0m [1;30mLevel 1[0m discover_packages(path) discover
[0.777s] [34mcolcon.colcon_core.package_discovery[0m [1;30mLevel 1[0m discover_packages(path) using defaults
[0.838s] [34mcolcon.colcon_core.package_discovery[0m [1;30mLevel 1[0m discover_packages(prefix_path) check parameters
[0.838s] [34mcolcon.colcon_core.package_discovery[0m [1;30mLevel 1[0m discover_packages(prefix_path) discover
[0.841s] [34mcolcon.colcon_installed_package_information.package_discovery[0m [1;30mDEBUG[0m [32mFound 2 installed packages in /home/lxf/Desktop/ROS/12.turtle_control/install[0m
[0.844s] [34mcolcon.colcon_installed_package_information.package_discovery[0m [1;30mDEBUG[0m [32mFound 272 installed packages in /opt/ros/humble[0m
[0.847s] [34mcolcon.colcon_core.package_discovery[0m [1;30mLevel 1[0m discover_packages(prefix_path) using defaults
[0.925s] [34mcolcon.colcon_core.verb[0m [1;30mLevel 5[0m set package 'turtle_control_interfaces' build argument 'cmake_args' from command line to 'None'
[0.925s] [34mcolcon.colcon_core.verb[0m [1;30mLevel 5[0m set package 'turtle_control_interfaces' build argument 'cmake_target' from command line to 'None'
[0.925s] [34mcolcon.colcon_core.verb[0m [1;30mLevel 5[0m set package 'turtle_control_interfaces' build argument 'cmake_target_skip_unavailable' from command line to 'False'
[0.925s] [34mcolcon.colcon_core.verb[0m [1;30mLevel 5[0m set package 'turtle_control_interfaces' build argument 'cmake_clean_cache' from command line to 'False'
[0.925s] [34mcolcon.colcon_core.verb[0m [1;30mLevel 5[0m set package 'turtle_control_interfaces' build argument 'cmake_clean_first' from command line to 'False'
[0.925s] [34mcolcon.colcon_core.verb[0m [1;30mLevel 5[0m set package 'turtle_control_interfaces' build argument 'cmake_force_configure' from command line to 'False'
[0.925s] [34mcolcon.colcon_core.verb[0m [1;30mLevel 5[0m set package 'turtle_control_interfaces' build argument 'ament_cmake_args' from command line to 'None'
[0.925s] [34mcolcon.colcon_core.verb[0m [1;30mLevel 5[0m set package 'turtle_control_interfaces' build argument 'catkin_cmake_args' from command line to 'None'
[0.925s] [34mcolcon.colcon_core.verb[0m [1;30mLevel 5[0m set package 'turtle_control_interfaces' build argument 'catkin_skip_building_tests' from command line to 'False'
[0.926s] [34mcolcon.colcon_core.verb[0m [1;30mDEBUG[0m [32mBuilding package 'turtle_control_interfaces' with the following arguments: {'ament_cmake_args': None, 'build_base': '/home/lxf/Desktop/ROS/12.turtle_control/build/turtle_control_interfaces', 'catkin_cmake_args': None, 'catkin_skip_building_tests': False, 'cmake_args': None, 'cmake_clean_cache': False, 'cmake_clean_first': False, 'cmake_force_configure': False, 'cmake_target': None, 'cmake_target_skip_unavailable': False, 'install_base': '/home/lxf/Desktop/ROS/12.turtle_control/install/turtle_control_interfaces', 'merge_install': False, 'path': '/home/lxf/Desktop/ROS/12.turtle_control/src/turtle_control_interfaces', 'symlink_install': False, 'test_result_base': None}[0m
[0.926s] [34mcolcon.colcon_core.verb[0m [1;30mLevel 5[0m set package 'demo_cpp_turtle_control_service' build argument 'cmake_args' from command line to 'None'
[0.927s] [34mcolcon.colcon_core.verb[0m [1;30mLevel 5[0m set package 'demo_cpp_turtle_control_service' build argument 'cmake_target' from command line to 'None'
[0.927s] [34mcolcon.colcon_core.verb[0m [1;30mLevel 5[0m set package 'demo_cpp_turtle_control_service' build argument 'cmake_target_skip_unavailable' from command line to 'False'
[0.927s] [34mcolcon.colcon_core.verb[0m [1;30mLevel 5[0m set package 'demo_cpp_turtle_control_service' build argument 'cmake_clean_cache' from command line to 'False'
[0.927s] [34mcolcon.colcon_core.verb[0m [1;30mLevel 5[0m set package 'demo_cpp_turtle_control_service' build argument 'cmake_clean_first' from command line to 'False'
[0.927s] [34mcolcon.colcon_core.verb[0m [1;30mLevel 5[0m set package 'demo_cpp_turtle_control_service' build argument 'cmake_force_configure' from command line to 'False'
[0.927s] [34mcolcon.colcon_core.verb[0m [1;30mLevel 5[0m set package 'demo_cpp_turtle_control_service' build argument 'ament_cmake_args' from command line to 'None'
[0.927s] [34mcolcon.colcon_core.verb[0m [1;30mLevel 5[0m set package 'demo_cpp_turtle_control_service' build argument 'catkin_cmake_args' from command line to 'None'
[0.927s] [34mcolcon.colcon_core.verb[0m [1;30mLevel 5[0m set package 'demo_cpp_turtle_control_service' build argument 'catkin_skip_building_tests' from command line to 'False'
[0.927s] [34mcolcon.colcon_core.verb[0m [1;30mDEBUG[0m [32mBuilding package 'demo_cpp_turtle_control_service' with the following arguments: {'ament_cmake_args': None, 'build_base': '/home/lxf/Desktop/ROS/12.turtle_control/build/demo_cpp_turtle_control_service', 'catkin_cmake_args': None, 'catkin_skip_building_tests': False, 'cmake_args': None, 'cmake_clean_cache': False, 'cmake_clean_first': False, 'cmake_force_configure': False, 'cmake_target': None, 'cmake_target_skip_unavailable': False, 'install_base': '/home/lxf/Desktop/ROS/12.turtle_control/install/demo_cpp_turtle_control_service', 'merge_install': False, 'path': '/home/lxf/Desktop/ROS/12.turtle_control/src/demo_cpp_turtle_control_service', 'symlink_install': False, 'test_result_base': None}[0m
[0.927s] [34mcolcon.colcon_core.executor[0m [1;30mINFO[0m Executing jobs using 'parallel' executor
[0.930s] [34mcolcon.colcon_parallel_executor.executor.parallel[0m [1;30mDEBUG[0m [32mrun_until_complete[0m
[0.931s] [34mcolcon.colcon_ros.task.ament_cmake.build[0m [1;30mINFO[0m Building ROS package in '/home/lxf/Desktop/ROS/12.turtle_control/src/turtle_control_interfaces' with build type 'ament_cmake'
[0.931s] [34mcolcon.colcon_cmake.task.cmake.build[0m [1;30mINFO[0m Building CMake package in '/home/lxf/Desktop/ROS/12.turtle_control/src/turtle_control_interfaces'
[0.936s] [34mcolcon.colcon_core.plugin_system[0m [1;30mINFO[0m Skipping extension 'colcon_core.shell.bat': Not used on non-Windows systems
[0.936s] [34mcolcon.colcon_core.shell[0m [1;30mINFO[0m Skip shell extension 'powershell' for command environment: Not usable outside of PowerShell
[0.936s] [34mcolcon.colcon_core.shell[0m [1;30mDEBUG[0m [32mSkip shell extension 'dsv' for command environment[0m
[0.960s] [34mcolcon.colcon_core.event_handler.log_command[0m [1;30mDEBUG[0m [32mInvoking command in '/home/lxf/Desktop/ROS/12.turtle_control/build/turtle_control_interfaces': CMAKE_PREFIX_PATH=${CMAKE_PREFIX_PATH}:/opt/ros/humble /usr/bin/cmake --build /home/lxf/Desktop/ROS/12.turtle_control/build/turtle_control_interfaces -- -j16 -l16[0m
[1.797s] [34mcolcon.colcon_core.event_handler.log_command[0m [1;30mDEBUG[0m [32mInvoked command in '/home/lxf/Desktop/ROS/12.turtle_control/build/turtle_control_interfaces' returned '0': CMAKE_PREFIX_PATH=${CMAKE_PREFIX_PATH}:/opt/ros/humble /usr/bin/cmake --build /home/lxf/Desktop/ROS/12.turtle_control/build/turtle_control_interfaces -- -j16 -l16[0m
[1.819s] [34mcolcon.colcon_core.event_handler.log_command[0m [1;30mDEBUG[0m [32mInvoking command in '/home/lxf/Desktop/ROS/12.turtle_control/build/turtle_control_interfaces': CMAKE_PREFIX_PATH=${CMAKE_PREFIX_PATH}:/opt/ros/humble /usr/bin/cmake --install /home/lxf/Desktop/ROS/12.turtle_control/build/turtle_control_interfaces[0m
[1.950s] [34mcolcon.colcon_core.environment[0m [1;30mLevel 1[0m create_environment_scripts_only(turtle_control_interfaces)
[1.951s] [34mcolcon.colcon_core.event_handler.log_command[0m [1;30mDEBUG[0m [32mInvoked command in '/home/lxf/Desktop/ROS/12.turtle_control/build/turtle_control_interfaces' returned '0': CMAKE_PREFIX_PATH=${CMAKE_PREFIX_PATH}:/opt/ros/humble /usr/bin/cmake --install /home/lxf/Desktop/ROS/12.turtle_control/build/turtle_control_interfaces[0m
[1.956s] [34mcolcon.colcon_core.environment[0m [1;30mLevel 1[0m checking '/home/lxf/Desktop/ROS/12.turtle_control/install/turtle_control_interfaces' for CMake module files
[1.957s] [34mcolcon.colcon_core.environment[0m [1;30mLevel 1[0m checking '/home/lxf/Desktop/ROS/12.turtle_control/install/turtle_control_interfaces' for CMake config files
[1.958s] [34mcolcon.colcon_core.shell[0m [1;30mLevel 1[0m create_environment_hook('turtle_control_interfaces', 'cmake_prefix_path')
[1.958s] [34mcolcon.colcon_core.shell[0m [1;30mINFO[0m Creating environment hook '/home/lxf/Desktop/ROS/12.turtle_control/install/turtle_control_interfaces/share/turtle_control_interfaces/hook/cmake_prefix_path.ps1'
[1.960s] [34mcolcon.colcon_core.shell[0m [1;30mINFO[0m Creating environment descriptor '/home/lxf/Desktop/ROS/12.turtle_control/install/turtle_control_interfaces/share/turtle_control_interfaces/hook/cmake_prefix_path.dsv'
[1.961s] [34mcolcon.colcon_core.shell[0m [1;30mINFO[0m Creating environment hook '/home/lxf/Desktop/ROS/12.turtle_control/install/turtle_control_interfaces/share/turtle_control_interfaces/hook/cmake_prefix_path.sh'
[1.963s] [34mcolcon.colcon_core.environment[0m [1;30mLevel 1[0m checking '/home/lxf/Desktop/ROS/12.turtle_control/install/turtle_control_interfaces/lib'
[1.963s] [34mcolcon.colcon_core.shell[0m [1;30mLevel 1[0m create_environment_hook('turtle_control_interfaces', 'ld_library_path_lib')
[1.964s] [34mcolcon.colcon_core.shell[0m [1;30mINFO[0m Creating environment hook '/home/lxf/Desktop/ROS/12.turtle_control/install/turtle_control_interfaces/share/turtle_control_interfaces/hook/ld_library_path_lib.ps1'
[1.965s] [34mcolcon.colcon_core.shell[0m [1;30mINFO[0m Creating environment descriptor '/home/lxf/Desktop/ROS/12.turtle_control/install/turtle_control_interfaces/share/turtle_control_interfaces/hook/ld_library_path_lib.dsv'
[1.965s] [34mcolcon.colcon_core.shell[0m [1;30mINFO[0m Creating environment hook '/home/lxf/Desktop/ROS/12.turtle_control/install/turtle_control_interfaces/share/turtle_control_interfaces/hook/ld_library_path_lib.sh'
[1.966s] [34mcolcon.colcon_core.environment[0m [1;30mLevel 1[0m checking '/home/lxf/Desktop/ROS/12.turtle_control/install/turtle_control_interfaces/bin'
[1.966s] [34mcolcon.colcon_core.environment[0m [1;30mLevel 1[0m checking '/home/lxf/Desktop/ROS/12.turtle_control/install/turtle_control_interfaces/lib/pkgconfig/turtle_control_interfaces.pc'
[1.967s] [34mcolcon.colcon_core.environment[0m [1;30mLevel 1[0m checking '/home/lxf/Desktop/ROS/12.turtle_control/install/turtle_control_interfaces/lib/python3.10/site-packages'
[1.968s] [34mcolcon.colcon_core.environment[0m [1;30mLevel 1[0m checking '/home/lxf/Desktop/ROS/12.turtle_control/install/turtle_control_interfaces/bin'
[1.969s] [34mcolcon.colcon_core.shell[0m [1;30mINFO[0m Creating package script '/home/lxf/Desktop/ROS/12.turtle_control/install/turtle_control_interfaces/share/turtle_control_interfaces/package.ps1'
[1.970s] [34mcolcon.colcon_core.shell[0m [1;30mINFO[0m Creating package descriptor '/home/lxf/Desktop/ROS/12.turtle_control/install/turtle_control_interfaces/share/turtle_control_interfaces/package.dsv'
[1.972s] [34mcolcon.colcon_core.shell[0m [1;30mINFO[0m Creating package script '/home/lxf/Desktop/ROS/12.turtle_control/install/turtle_control_interfaces/share/turtle_control_interfaces/package.sh'
[1.973s] [34mcolcon.colcon_core.shell[0m [1;30mINFO[0m Creating package script '/home/lxf/Desktop/ROS/12.turtle_control/install/turtle_control_interfaces/share/turtle_control_interfaces/package.bash'
[1.975s] [34mcolcon.colcon_core.shell[0m [1;30mINFO[0m Creating package script '/home/lxf/Desktop/ROS/12.turtle_control/install/turtle_control_interfaces/share/turtle_control_interfaces/package.zsh'
[1.976s] [34mcolcon.colcon_core.environment[0m [1;30mLevel 1[0m create_file_with_runtime_dependencies(/home/lxf/Desktop/ROS/12.turtle_control/install/turtle_control_interfaces/share/colcon-core/packages/turtle_control_interfaces)
[1.977s] [34mcolcon.colcon_core.environment[0m [1;30mLevel 1[0m create_environment_scripts_only(turtle_control_interfaces)
[1.978s] [34mcolcon.colcon_core.environment[0m [1;30mLevel 1[0m checking '/home/lxf/Desktop/ROS/12.turtle_control/install/turtle_control_interfaces' for CMake module files
[1.979s] [34mcolcon.colcon_core.environment[0m [1;30mLevel 1[0m checking '/home/lxf/Desktop/ROS/12.turtle_control/install/turtle_control_interfaces' for CMake config files
[1.980s] [34mcolcon.colcon_core.shell[0m [1;30mLevel 1[0m create_environment_hook('turtle_control_interfaces', 'cmake_prefix_path')
[1.981s] [34mcolcon.colcon_core.shell[0m [1;30mINFO[0m Creating environment hook '/home/lxf/Desktop/ROS/12.turtle_control/install/turtle_control_interfaces/share/turtle_control_interfaces/hook/cmake_prefix_path.ps1'
[1.982s] [34mcolcon.colcon_core.shell[0m [1;30mINFO[0m Creating environment descriptor '/home/lxf/Desktop/ROS/12.turtle_control/install/turtle_control_interfaces/share/turtle_control_interfaces/hook/cmake_prefix_path.dsv'
[1.982s] [34mcolcon.colcon_core.shell[0m [1;30mINFO[0m Creating environment hook '/home/lxf/Desktop/ROS/12.turtle_control/install/turtle_control_interfaces/share/turtle_control_interfaces/hook/cmake_prefix_path.sh'
[1.983s] [34mcolcon.colcon_core.environment[0m [1;30mLevel 1[0m checking '/home/lxf/Desktop/ROS/12.turtle_control/install/turtle_control_interfaces/lib'
[1.984s] [34mcolcon.colcon_core.shell[0m [1;30mLevel 1[0m create_environment_hook('turtle_control_interfaces', 'ld_library_path_lib')
[1.984s] [34mcolcon.colcon_core.shell[0m [1;30mINFO[0m Creating environment hook '/home/lxf/Desktop/ROS/12.turtle_control/install/turtle_control_interfaces/share/turtle_control_interfaces/hook/ld_library_path_lib.ps1'
[1.985s] [34mcolcon.colcon_core.shell[0m [1;30mINFO[0m Creating environment descriptor '/home/lxf/Desktop/ROS/12.turtle_control/install/turtle_control_interfaces/share/turtle_control_interfaces/hook/ld_library_path_lib.dsv'
[1.986s] [34mcolcon.colcon_core.shell[0m [1;30mINFO[0m Creating environment hook '/home/lxf/Desktop/ROS/12.turtle_control/install/turtle_control_interfaces/share/turtle_control_interfaces/hook/ld_library_path_lib.sh'
[1.987s] [34mcolcon.colcon_core.environment[0m [1;30mLevel 1[0m checking '/home/lxf/Desktop/ROS/12.turtle_control/install/turtle_control_interfaces/bin'
[1.987s] [34mcolcon.colcon_core.environment[0m [1;30mLevel 1[0m checking '/home/lxf/Desktop/ROS/12.turtle_control/install/turtle_control_interfaces/lib/pkgconfig/turtle_control_interfaces.pc'
[1.987s] [34mcolcon.colcon_core.environment[0m [1;30mLevel 1[0m checking '/home/lxf/Desktop/ROS/12.turtle_control/install/turtle_control_interfaces/lib/python3.10/site-packages'
[1.988s] [34mcolcon.colcon_core.environment[0m [1;30mLevel 1[0m checking '/home/lxf/Desktop/ROS/12.turtle_control/install/turtle_control_interfaces/bin'
[1.989s] [34mcolcon.colcon_core.shell[0m [1;30mINFO[0m Creating package script '/home/lxf/Desktop/ROS/12.turtle_control/install/turtle_control_interfaces/share/turtle_control_interfaces/package.ps1'
[1.990s] [34mcolcon.colcon_core.shell[0m [1;30mINFO[0m Creating package descriptor '/home/lxf/Desktop/ROS/12.turtle_control/install/turtle_control_interfaces/share/turtle_control_interfaces/package.dsv'
[1.991s] [34mcolcon.colcon_core.shell[0m [1;30mINFO[0m Creating package script '/home/lxf/Desktop/ROS/12.turtle_control/install/turtle_control_interfaces/share/turtle_control_interfaces/package.sh'
[1.992s] [34mcolcon.colcon_core.shell[0m [1;30mINFO[0m Creating package script '/home/lxf/Desktop/ROS/12.turtle_control/install/turtle_control_interfaces/share/turtle_control_interfaces/package.bash'
[1.993s] [34mcolcon.colcon_core.shell[0m [1;30mINFO[0m Creating package script '/home/lxf/Desktop/ROS/12.turtle_control/install/turtle_control_interfaces/share/turtle_control_interfaces/package.zsh'
[1.994s] [34mcolcon.colcon_core.environment[0m [1;30mLevel 1[0m create_file_with_runtime_dependencies(/home/lxf/Desktop/ROS/12.turtle_control/install/turtle_control_interfaces/share/colcon-core/packages/turtle_control_interfaces)
[1.995s] [34mcolcon.colcon_ros.task.ament_cmake.build[0m [1;30mINFO[0m Building ROS package in '/home/lxf/Desktop/ROS/12.turtle_control/src/demo_cpp_turtle_control_service' with build type 'ament_cmake'
[1.995s] [34mcolcon.colcon_cmake.task.cmake.build[0m [1;30mINFO[0m Building CMake package in '/home/lxf/Desktop/ROS/12.turtle_control/src/demo_cpp_turtle_control_service'
[1.996s] [34mcolcon.colcon_core.shell[0m [1;30mINFO[0m Skip shell extension 'powershell' for command environment: Not usable outside of PowerShell
[1.996s] [34mcolcon.colcon_core.shell[0m [1;30mDEBUG[0m [32mSkip shell extension 'dsv' for command environment[0m
[2.025s] [34mcolcon.colcon_core.event_handler.log_command[0m [1;30mDEBUG[0m [32mInvoking command in '/home/lxf/Desktop/ROS/12.turtle_control/build/demo_cpp_turtle_control_service': CMAKE_PREFIX_PATH=/home/lxf/Desktop/ROS/12.turtle_control/install/turtle_control_interfaces:/home/lxf/Desktop/ROS/12.turtle_control/install/demo_cpp_turtle_control_service:/opt/ros/humble /usr/bin/cmake --build /home/lxf/Desktop/ROS/12.turtle_control/build/demo_cpp_turtle_control_service -- -j16 -l16[0m
[18.956s] [34mcolcon.colcon_core.event_handler.log_command[0m [1;30mDEBUG[0m [32mInvoked command in '/home/lxf/Desktop/ROS/12.turtle_control/build/demo_cpp_turtle_control_service' returned '0': CMAKE_PREFIX_PATH=/home/lxf/Desktop/ROS/12.turtle_control/install/turtle_control_interfaces:/home/lxf/Desktop/ROS/12.turtle_control/install/demo_cpp_turtle_control_service:/opt/ros/humble /usr/bin/cmake --build /home/lxf/Desktop/ROS/12.turtle_control/build/demo_cpp_turtle_control_service -- -j16 -l16[0m
[18.963s] [34mcolcon.colcon_core.event_handler.log_command[0m [1;30mDEBUG[0m [32mInvoking command in '/home/lxf/Desktop/ROS/12.turtle_control/build/demo_cpp_turtle_control_service': CMAKE_PREFIX_PATH=/home/lxf/Desktop/ROS/12.turtle_control/install/turtle_control_interfaces:/home/lxf/Desktop/ROS/12.turtle_control/install/demo_cpp_turtle_control_service:/opt/ros/humble /usr/bin/cmake --install /home/lxf/Desktop/ROS/12.turtle_control/build/demo_cpp_turtle_control_service[0m
[19.028s] [34mcolcon.colcon_core.environment[0m [1;30mLevel 1[0m create_environment_scripts_only(demo_cpp_turtle_control_service)
[19.030s] [34mcolcon.colcon_core.environment[0m [1;30mLevel 1[0m checking '/home/lxf/Desktop/ROS/12.turtle_control/install/demo_cpp_turtle_control_service' for CMake module files
[19.034s] [34mcolcon.colcon_core.event_handler.log_command[0m [1;30mDEBUG[0m [32mInvoked command in '/home/lxf/Desktop/ROS/12.turtle_control/build/demo_cpp_turtle_control_service' returned '0': CMAKE_PREFIX_PATH=/home/lxf/Desktop/ROS/12.turtle_control/install/turtle_control_interfaces:/home/lxf/Desktop/ROS/12.turtle_control/install/demo_cpp_turtle_control_service:/opt/ros/humble /usr/bin/cmake --install /home/lxf/Desktop/ROS/12.turtle_control/build/demo_cpp_turtle_control_service[0m
[19.037s] [34mcolcon.colcon_core.environment[0m [1;30mLevel 1[0m checking '/home/lxf/Desktop/ROS/12.turtle_control/install/demo_cpp_turtle_control_service' for CMake config files
[19.039s] [34mcolcon.colcon_core.shell[0m [1;30mLevel 1[0m create_environment_hook('demo_cpp_turtle_control_service', 'cmake_prefix_path')
[19.040s] [34mcolcon.colcon_core.shell[0m [1;30mINFO[0m Creating environment hook '/home/lxf/Desktop/ROS/12.turtle_control/install/demo_cpp_turtle_control_service/share/demo_cpp_turtle_control_service/hook/cmake_prefix_path.ps1'
[19.043s] [34mcolcon.colcon_core.shell[0m [1;30mINFO[0m Creating environment descriptor '/home/lxf/Desktop/ROS/12.turtle_control/install/demo_cpp_turtle_control_service/share/demo_cpp_turtle_control_service/hook/cmake_prefix_path.dsv'
[19.046s] [34mcolcon.colcon_core.shell[0m [1;30mINFO[0m Creating environment hook '/home/lxf/Desktop/ROS/12.turtle_control/install/demo_cpp_turtle_control_service/share/demo_cpp_turtle_control_service/hook/cmake_prefix_path.sh'
[19.051s] [34mcolcon.colcon_core.environment[0m [1;30mLevel 1[0m checking '/home/lxf/Desktop/ROS/12.turtle_control/install/demo_cpp_turtle_control_service/lib'
[19.052s] [34mcolcon.colcon_core.environment[0m [1;30mLevel 1[0m checking '/home/lxf/Desktop/ROS/12.turtle_control/install/demo_cpp_turtle_control_service/bin'
[19.053s] [34mcolcon.colcon_core.environment[0m [1;30mLevel 1[0m checking '/home/lxf/Desktop/ROS/12.turtle_control/install/demo_cpp_turtle_control_service/lib/pkgconfig/demo_cpp_turtle_control_service.pc'
[19.055s] [34mcolcon.colcon_core.environment[0m [1;30mLevel 1[0m checking '/home/lxf/Desktop/ROS/12.turtle_control/install/demo_cpp_turtle_control_service/lib/python3.10/site-packages'
[19.058s] [34mcolcon.colcon_core.environment[0m [1;30mLevel 1[0m checking '/home/lxf/Desktop/ROS/12.turtle_control/install/demo_cpp_turtle_control_service/bin'
[19.061s] [34mcolcon.colcon_core.shell[0m [1;30mINFO[0m Creating package script '/home/lxf/Desktop/ROS/12.turtle_control/install/demo_cpp_turtle_control_service/share/demo_cpp_turtle_control_service/package.ps1'
[19.064s] [34mcolcon.colcon_core.shell[0m [1;30mINFO[0m Creating package descriptor '/home/lxf/Desktop/ROS/12.turtle_control/install/demo_cpp_turtle_control_service/share/demo_cpp_turtle_control_service/package.dsv'
[19.067s] [34mcolcon.colcon_core.shell[0m [1;30mINFO[0m Creating package script '/home/lxf/Desktop/ROS/12.turtle_control/install/demo_cpp_turtle_control_service/share/demo_cpp_turtle_control_service/package.sh'
[19.069s] [34mcolcon.colcon_core.shell[0m [1;30mINFO[0m Creating package script '/home/lxf/Desktop/ROS/12.turtle_control/install/demo_cpp_turtle_control_service/share/demo_cpp_turtle_control_service/package.bash'
[19.071s] [34mcolcon.colcon_core.shell[0m [1;30mINFO[0m Creating package script '/home/lxf/Desktop/ROS/12.turtle_control/install/demo_cpp_turtle_control_service/share/demo_cpp_turtle_control_service/package.zsh'
[19.072s] [34mcolcon.colcon_core.environment[0m [1;30mLevel 1[0m create_file_with_runtime_dependencies(/home/lxf/Desktop/ROS/12.turtle_control/install/demo_cpp_turtle_control_service/share/colcon-core/packages/demo_cpp_turtle_control_service)
[19.074s] [34mcolcon.colcon_core.environment[0m [1;30mLevel 1[0m create_environment_scripts_only(demo_cpp_turtle_control_service)
[19.075s] [34mcolcon.colcon_core.environment[0m [1;30mLevel 1[0m checking '/home/lxf/Desktop/ROS/12.turtle_control/install/demo_cpp_turtle_control_service' for CMake module files
[19.077s] [34mcolcon.colcon_core.environment[0m [1;30mLevel 1[0m checking '/home/lxf/Desktop/ROS/12.turtle_control/install/demo_cpp_turtle_control_service' for CMake config files
[19.078s] [34mcolcon.colcon_core.shell[0m [1;30mLevel 1[0m create_environment_hook('demo_cpp_turtle_control_service', 'cmake_prefix_path')
[19.079s] [34mcolcon.colcon_core.shell[0m [1;30mINFO[0m Creating environment hook '/home/lxf/Desktop/ROS/12.turtle_control/install/demo_cpp_turtle_control_service/share/demo_cpp_turtle_control_service/hook/cmake_prefix_path.ps1'
[19.081s] [34mcolcon.colcon_core.shell[0m [1;30mINFO[0m Creating environment descriptor '/home/lxf/Desktop/ROS/12.turtle_control/install/demo_cpp_turtle_control_service/share/demo_cpp_turtle_control_service/hook/cmake_prefix_path.dsv'
[19.082s] [34mcolcon.colcon_core.shell[0m [1;30mINFO[0m Creating environment hook '/home/lxf/Desktop/ROS/12.turtle_control/install/demo_cpp_turtle_control_service/share/demo_cpp_turtle_control_service/hook/cmake_prefix_path.sh'
[19.085s] [34mcolcon.colcon_core.environment[0m [1;30mLevel 1[0m checking '/home/lxf/Desktop/ROS/12.turtle_control/install/demo_cpp_turtle_control_service/lib'
[19.085s] [34mcolcon.colcon_core.environment[0m [1;30mLevel 1[0m checking '/home/lxf/Desktop/ROS/12.turtle_control/install/demo_cpp_turtle_control_service/bin'
[19.086s] [34mcolcon.colcon_core.environment[0m [1;30mLevel 1[0m checking '/home/lxf/Desktop/ROS/12.turtle_control/install/demo_cpp_turtle_control_service/lib/pkgconfig/demo_cpp_turtle_control_service.pc'
[19.087s] [34mcolcon.colcon_core.environment[0m [1;30mLevel 1[0m checking '/home/lxf/Desktop/ROS/12.turtle_control/install/demo_cpp_turtle_control_service/lib/python3.10/site-packages'
[19.088s] [34mcolcon.colcon_core.environment[0m [1;30mLevel 1[0m checking '/home/lxf/Desktop/ROS/12.turtle_control/install/demo_cpp_turtle_control_service/bin'
[19.089s] [34mcolcon.colcon_core.shell[0m [1;30mINFO[0m Creating package script '/home/lxf/Desktop/ROS/12.turtle_control/install/demo_cpp_turtle_control_service/share/demo_cpp_turtle_control_service/package.ps1'
[19.092s] [34mcolcon.colcon_core.shell[0m [1;30mINFO[0m Creating package descriptor '/home/lxf/Desktop/ROS/12.turtle_control/install/demo_cpp_turtle_control_service/share/demo_cpp_turtle_control_service/package.dsv'
[19.094s] [34mcolcon.colcon_core.shell[0m [1;30mINFO[0m Creating package script '/home/lxf/Desktop/ROS/12.turtle_control/install/demo_cpp_turtle_control_service/share/demo_cpp_turtle_control_service/package.sh'
[19.096s] [34mcolcon.colcon_core.shell[0m [1;30mINFO[0m Creating package script '/home/lxf/Desktop/ROS/12.turtle_control/install/demo_cpp_turtle_control_service/share/demo_cpp_turtle_control_service/package.bash'
[19.098s] [34mcolcon.colcon_core.shell[0m [1;30mINFO[0m Creating package script '/home/lxf/Desktop/ROS/12.turtle_control/install/demo_cpp_turtle_control_service/share/demo_cpp_turtle_control_service/package.zsh'
[19.101s] [34mcolcon.colcon_core.environment[0m [1;30mLevel 1[0m create_file_with_runtime_dependencies(/home/lxf/Desktop/ROS/12.turtle_control/install/demo_cpp_turtle_control_service/share/colcon-core/packages/demo_cpp_turtle_control_service)
[19.103s] [34mcolcon.colcon_parallel_executor.executor.parallel[0m [1;30mDEBUG[0m [32mclosing loop[0m
[19.105s] [34mcolcon.colcon_parallel_executor.executor.parallel[0m [1;30mDEBUG[0m [32mloop closed[0m
[19.105s] [34mcolcon.colcon_parallel_executor.executor.parallel[0m [1;30mDEBUG[0m [32mrun_until_complete finished with '0'[0m
[19.106s] [34mcolcon.colcon_core.event_reactor[0m [1;30mDEBUG[0m [32mjoining thread[0m
[19.128s] [34mcolcon.colcon_core.plugin_system[0m [1;30mINFO[0m Skipping extension 'colcon_notification.desktop_notification.terminal_notifier': Not used on non-Darwin systems
[19.128s] [34mcolcon.colcon_core.plugin_system[0m [1;30mINFO[0m Skipping extension 'colcon_notification.desktop_notification.win32': Not used on non-Windows systems
[19.128s] [34mcolcon.colcon_notification.desktop_notification[0m [1;30mINFO[0m Sending desktop notification using 'notify2'
[19.150s] [34mcolcon.colcon_core.event_reactor[0m [1;30mDEBUG[0m [32mjoined thread[0m
[19.151s] [34mcolcon.colcon_core.shell[0m [1;30mINFO[0m Creating prefix script '/home/lxf/Desktop/ROS/12.turtle_control/install/local_setup.ps1'
[19.154s] [34mcolcon.colcon_core.shell[0m [1;30mINFO[0m Creating prefix util module '/home/lxf/Desktop/ROS/12.turtle_control/install/_local_setup_util_ps1.py'
[19.157s] [34mcolcon.colcon_core.shell[0m [1;30mINFO[0m Creating prefix chain script '/home/lxf/Desktop/ROS/12.turtle_control/install/setup.ps1'
[19.159s] [34mcolcon.colcon_core.shell[0m [1;30mINFO[0m Creating prefix script '/home/lxf/Desktop/ROS/12.turtle_control/install/local_setup.sh'
[19.161s] [34mcolcon.colcon_core.shell[0m [1;30mINFO[0m Creating prefix util module '/home/lxf/Desktop/ROS/12.turtle_control/install/_local_setup_util_sh.py'
[19.162s] [34mcolcon.colcon_core.shell[0m [1;30mINFO[0m Creating prefix chain script '/home/lxf/Desktop/ROS/12.turtle_control/install/setup.sh'
[19.164s] [34mcolcon.colcon_core.shell[0m [1;30mINFO[0m Creating prefix script '/home/lxf/Desktop/ROS/12.turtle_control/install/local_setup.bash'
[19.165s] [34mcolcon.colcon_core.shell[0m [1;30mINFO[0m Creating prefix chain script '/home/lxf/Desktop/ROS/12.turtle_control/install/setup.bash'
[19.167s] [34mcolcon.colcon_core.shell[0m [1;30mINFO[0m Creating prefix script '/home/lxf/Desktop/ROS/12.turtle_control/install/local_setup.zsh'
[19.168s] [34mcolcon.colcon_core.shell[0m [1;30mINFO[0m Creating prefix chain script '/home/lxf/Desktop/ROS/12.turtle_control/install/setup.zsh'
