[0.007s] Invoking command in '/home/lxf/Desktop/ROS/14.Parameter_CPP/build/cpp_pose_topic': CMAKE_PREFIX_PATH=/opt/ros/humble /usr/bin/cmake --build /home/lxf/Desktop/ROS/14.Parameter_CPP/build/cpp_pose_topic -- -j16 -l16
[0.045s] [35m[1mConsolidate compiler generated dependencies of target turtle_circle[0m
[0.045s] [35m[1mConsolidate compiler generated dependencies of target turtle_control[0m
[0.062s] [ 50%] [32mBuilding CXX object CMakeFiles/turtle_control.dir/src/turtle_control.cpp.o[0m
[0.062s] [ 75%] Built target turtle_circle
[5.560s] [100%] [32m[1mLinking CXX executable turtle_control[0m
[5.863s] [100%] Built target turtle_control
[5.872s] Invoked command in '/home/lxf/Desktop/ROS/14.Parameter_CPP/build/cpp_pose_topic' returned '0': CMAKE_PREFIX_PATH=/opt/ros/humble /usr/bin/cmake --build /home/lxf/Desktop/ROS/14.Parameter_CPP/build/cpp_pose_topic -- -j16 -l16
[5.880s] Invoking command in '/home/lxf/Desktop/ROS/14.Parameter_CPP/build/cpp_pose_topic': CMAKE_PREFIX_PATH=/opt/ros/humble /usr/bin/cmake --install /home/lxf/Desktop/ROS/14.Parameter_CPP/build/cpp_pose_topic
[5.887s] -- Install configuration: ""
[5.887s] -- Up-to-date: /home/lxf/Desktop/ROS/14.Parameter_CPP/install/cpp_pose_topic/lib/cpp_pose_topic/turtle_circle
[5.887s] -- Installing: /home/lxf/Desktop/ROS/14.Parameter_CPP/install/cpp_pose_topic/lib/cpp_pose_topic/turtle_control
[5.891s] -- Set runtime path of "/home/lxf/Desktop/ROS/14.Parameter_CPP/install/cpp_pose_topic/lib/cpp_pose_topic/turtle_control" to ""
[5.891s] -- Up-to-date: /home/lxf/Desktop/ROS/14.Parameter_CPP/install/cpp_pose_topic/share/ament_index/resource_index/package_run_dependencies/cpp_pose_topic
[5.891s] -- Up-to-date: /home/lxf/Desktop/ROS/14.Parameter_CPP/install/cpp_pose_topic/share/ament_index/resource_index/parent_prefix_path/cpp_pose_topic
[5.891s] -- Up-to-date: /home/lxf/Desktop/ROS/14.Parameter_CPP/install/cpp_pose_topic/share/cpp_pose_topic/environment/ament_prefix_path.sh
[5.891s] -- Up-to-date: /home/lxf/Desktop/ROS/14.Parameter_CPP/install/cpp_pose_topic/share/cpp_pose_topic/environment/ament_prefix_path.dsv
[5.891s] -- Up-to-date: /home/lxf/Desktop/ROS/14.Parameter_CPP/install/cpp_pose_topic/share/cpp_pose_topic/environment/path.sh
[5.891s] -- Up-to-date: /home/lxf/Desktop/ROS/14.Parameter_CPP/install/cpp_pose_topic/share/cpp_pose_topic/environment/path.dsv
[5.891s] -- Up-to-date: /home/lxf/Desktop/ROS/14.Parameter_CPP/install/cpp_pose_topic/share/cpp_pose_topic/local_setup.bash
[5.891s] -- Up-to-date: /home/lxf/Desktop/ROS/14.Parameter_CPP/install/cpp_pose_topic/share/cpp_pose_topic/local_setup.sh
[5.891s] -- Up-to-date: /home/lxf/Desktop/ROS/14.Parameter_CPP/install/cpp_pose_topic/share/cpp_pose_topic/local_setup.zsh
[5.891s] -- Up-to-date: /home/lxf/Desktop/ROS/14.Parameter_CPP/install/cpp_pose_topic/share/cpp_pose_topic/local_setup.dsv
[5.892s] -- Installing: /home/lxf/Desktop/ROS/14.Parameter_CPP/install/cpp_pose_topic/share/cpp_pose_topic/package.dsv
[5.892s] -- Up-to-date: /home/lxf/Desktop/ROS/14.Parameter_CPP/install/cpp_pose_topic/share/ament_index/resource_index/packages/cpp_pose_topic
[5.892s] -- Up-to-date: /home/lxf/Desktop/ROS/14.Parameter_CPP/install/cpp_pose_topic/share/cpp_pose_topic/cmake/cpp_pose_topicConfig.cmake
[5.892s] -- Up-to-date: /home/lxf/Desktop/ROS/14.Parameter_CPP/install/cpp_pose_topic/share/cpp_pose_topic/cmake/cpp_pose_topicConfig-version.cmake
[5.892s] -- Up-to-date: /home/lxf/Desktop/ROS/14.Parameter_CPP/install/cpp_pose_topic/share/cpp_pose_topic/package.xml
[5.893s] Invoked command in '/home/lxf/Desktop/ROS/14.Parameter_CPP/build/cpp_pose_topic' returned '0': CMAKE_PREFIX_PATH=/opt/ros/humble /usr/bin/cmake --install /home/lxf/Desktop/ROS/14.Parameter_CPP/build/cpp_pose_topic
