[0.007s] Invoking command in '/home/lxf/ROS/11.Face_Recognition/build/face_interfaces': CMAKE_PREFIX_PATH=/opt/ros/humble /usr/bin/cmake /home/lxf/ROS/11.Face_Recognition/src/face_interfaces -DCMAKE_INSTALL_PREFIX=/home/lxf/ROS/11.Face_Recognition/install/face_interfaces
[0.011s] [0mCMake Deprecation Warning at CMakeLists.txt:1 (cmake_minimum_required):
[0.011s]   Compatibility with CMake < 3.10 will be removed from a future version of
[0.011s]   CMake.
[0.011s] 
[0.011s]   Update the VERSION argument <min> value.  Or, use the <min>...<max> syntax
[0.011s]   to tell CMake that the project requires at least <min> but has been updated
[0.011s]   to work with policies introduced by <max> or earlier.
[0.012s] 
[0.012s] [0m
[0.016s] -- Found ament_cmake: 1.3.12 (/opt/ros/humble/share/ament_cmake/cmake)
[0.155s] -- Found sensor_msgs: 4.9.0 (/opt/ros/humble/share/sensor_msgs/cmake)
[0.172s] -- Found rosidl_generator_c: 3.1.7 (/opt/ros/humble/share/rosidl_generator_c/cmake)
[0.174s] -- Found rosidl_adapter: 3.1.7 (/opt/ros/humble/share/rosidl_adapter/cmake)
[0.178s] -- Found rosidl_generator_cpp: 3.1.7 (/opt/ros/humble/share/rosidl_generator_cpp/cmake)
[0.185s] -- Using all available rosidl_typesupport_c: rosidl_typesupport_fastrtps_c;rosidl_typesupport_introspection_c
[0.194s] -- Using all available rosidl_typesupport_cpp: rosidl_typesupport_fastrtps_cpp;rosidl_typesupport_introspection_cpp
[0.242s] -- Found rosidl_default_generators: 1.2.0 (/opt/ros/humble/share/rosidl_default_generators/cmake)
[0.413s] [31mCMake Error at /opt/ros/humble/share/rosidl_adapter/cmake/rosidl_adapt_interfaces.cmake:59 (message):
[0.413s]   execute_process(/usr/bin/python3 -m rosidl_adapter --package-name
[0.413s]   face_interfaces --arguments-file
[0.413s]   /home/lxf/ROS/11.Face_Recognition/build/face_interfaces/rosidl_adapter__arguments__face_interfaces.json
[0.413s]   --output-dir
[0.414s]   /home/lxf/ROS/11.Face_Recognition/build/face_interfaces/rosidl_adapter/face_interfaces
[0.414s]   --output-file
[0.414s]   /home/lxf/ROS/11.Face_Recognition/build/face_interfaces/rosidl_adapter/face_interfaces.idls)
[0.414s]   returned error code 1:
[0.414s] 
[0.414s]   Traceback (most recent call last):
[0.414s] 
[0.414s]     File "/usr/lib/python3.10/runpy.py", line 196, in _run_module_as_main
[0.414s]       return _run_code(code, main_globals, None,
[0.414s]     File "/usr/lib/python3.10/runpy.py", line 86, in _run_code
[0.414s]       exec(code, run_globals)
[0.414s]     File "/opt/ros/humble/local/lib/python3.10/dist-packages/rosidl_adapter/__main__.py", line 19, in <module>
[0.414s]       sys.exit(main())
[0.414s]     File "/opt/ros/humble/local/lib/python3.10/dist-packages/rosidl_adapter/main.py", line 53, in main
[0.414s]       abs_idl_file = convert_to_idl(
[0.414s]     File "/opt/ros/humble/local/lib/python3.10/dist-packages/rosidl_adapter/__init__.py", line 24, in convert_to_idl
[0.414s]       return convert_srv_to_idl(
[0.414s]     File "/opt/ros/humble/local/lib/python3.10/dist-packages/rosidl_adapter/srv/__init__.py", line 28, in convert_srv_to_idl
[0.414s]       srv = parse_service_string(package_name, input_file.stem, content)
[0.414s]     File "/opt/ros/humble/local/lib/python3.10/dist-packages/rosidl_adapter/parser.py", line 850, in parse_service_string
[0.414s]       raise InvalidServiceSpecification(
[0.414s] 
[0.414s]   rosidl_adapter.parser.InvalidServiceSpecification: Could not find separator
[0.414s]   '---' between request and response
[0.414s] 
[0.414s] Call Stack (most recent call first):
[0.414s]   /opt/ros/humble/share/rosidl_cmake/cmake/rosidl_generate_interfaces.cmake:130 (rosidl_adapt_interfaces)
[0.414s]   CMakeLists.txt:16 (rosidl_generate_interfaces)
[0.414s] 
[0.414s] [0m
[0.414s] -- Configuring incomplete, errors occurred!
[0.417s] Invoked command in '/home/lxf/ROS/11.Face_Recognition/build/face_interfaces' returned '1': CMAKE_PREFIX_PATH=/opt/ros/humble /usr/bin/cmake /home/lxf/ROS/11.Face_Recognition/src/face_interfaces -DCMAKE_INSTALL_PREFIX=/home/lxf/ROS/11.Face_Recognition/install/face_interfaces
