[0.012s] Invoking command in '/home/lxf/Desktop/ROS/18.demo_cpp_tf/build/demo_cpp_tf': CMAKE_PREFIX_PATH=/opt/ros/humble /usr/bin/cmake --build /home/lxf/Desktop/ROS/18.demo_cpp_tf/build/demo_cpp_tf -- -j16 -l16
[0.044s] -- Found ament_cmake: 1.3.12 (/opt/ros/humble/share/ament_cmake/cmake)
[0.155s] -- Found rclcpp: 16.0.17 (/opt/ros/humble/share/rclcpp/cmake)
[0.183s] -- Found rosidl_generator_c: 3.1.8 (/opt/ros/humble/share/rosidl_generator_c/cmake)
[0.185s] -- Found rosidl_adapter: 3.1.8 (/opt/ros/humble/share/rosidl_adapter/cmake)
[0.191s] -- Found rosidl_generator_cpp: 3.1.8 (/opt/ros/humble/share/rosidl_generator_cpp/cmake)
[0.199s] -- Using all available rosidl_typesupport_c: rosidl_typesupport_fastrtps_c;rosidl_typesupport_introspection_c
[0.210s] -- Using all available rosidl_typesupport_cpp: rosidl_typesupport_fastrtps_cpp;rosidl_typesupport_introspection_cpp
[0.240s] -- Found rmw_implementation_cmake: 6.1.2 (/opt/ros/humble/share/rmw_implementation_cmake/cmake)
[0.243s] -- Found rmw_fastrtps_cpp: 6.2.9 (/opt/ros/humble/share/rmw_fastrtps_cpp/cmake)
[0.323s] -- Using RMW implementation 'rmw_fastrtps_cpp' as default
[0.367s] -- Found tf2: 0.25.18 (/opt/ros/humble/share/tf2/cmake)
[0.382s] -- Found tf2_ros: 0.25.18 (/opt/ros/humble/share/tf2_ros/cmake)
[0.482s] -- Found tf2_geometry_msgs: 0.25.18 (/opt/ros/humble/share/tf2_geometry_msgs/cmake)
[0.485s] -- Found eigen3_cmake_module: 0.1.1 (/opt/ros/humble/share/eigen3_cmake_module/cmake)
[0.487s] -- Ensuring Eigen3 include directory is part of orocos-kdl CMake target
[0.488s] [31mCMake Error at CMakeLists.txt:17 (add_executable):
[0.488s]   add_executable cannot create target "static_tf_broadcaster" because another
[0.488s]   target with the same name already exists.  The existing target is an
[0.488s]   executable created in source directory
[0.488s]   "/home/lxf/Desktop/ROS/18.demo_cpp_tf/src/demo_cpp_tf".  See documentation
[0.488s]   for policy CMP0002 for more details.
[0.488s] 
[0.488s] [0m
[0.488s] [31mCMake Error at /opt/ros/humble/share/ament_cmake_target_dependencies/cmake/ament_target_dependencies.cmake:42 (message):
[0.488s]   ament_target_dependencies() the first argument must be a valid target name
[0.488s] Call Stack (most recent call first):
[0.488s]   CMakeLists.txt:28 (ament_target_dependencies)
[0.488s] 
[0.488s] [0m
[0.488s] -- Configuring incomplete, errors occurred!
[0.489s] See also "/home/lxf/Desktop/ROS/18.demo_cpp_tf/build/demo_cpp_tf/CMakeFiles/CMakeOutput.log".
[0.494s] gmake: *** [Makefile:267：cmake_check_build_system] 错误 1
[0.496s] Invoked command in '/home/lxf/Desktop/ROS/18.demo_cpp_tf/build/demo_cpp_tf' returned '2': CMAKE_PREFIX_PATH=/opt/ros/humble /usr/bin/cmake --build /home/lxf/Desktop/ROS/18.demo_cpp_tf/build/demo_cpp_tf -- -j16 -l16
