[0.006s] Invoking command in '/home/lxf/Desktop/ROS/16.Launch_parameter/build/turtle_control_interfaces': CMAKE_PREFIX_PATH=/opt/ros/humble /usr/bin/cmake /home/lxf/Desktop/ROS/16.Launch_parameter/src/turtle_control_interfaces -DCMAKE_INSTALL_PREFIX=/home/lxf/Desktop/ROS/16.Launch_parameter/install/turtle_control_interfaces
[0.045s] -- The C compiler identification is GNU 11.4.0
[0.100s] -- The CXX compiler identification is GNU 11.4.0
[0.108s] -- Detecting C compiler ABI info
[0.192s] -- Detecting C compiler ABI info - done
[0.200s] -- Check for working C compiler: /usr/bin/cc - skipped
[0.201s] -- Detecting C compile features
[0.201s] -- Detecting C compile features - done
[0.204s] -- Detecting CXX compiler ABI info
[0.273s] -- Detecting CXX compiler ABI info - done
[0.279s] -- Check for working CXX compiler: /usr/bin/c++ - skipped
[0.279s] -- Detecting CXX compile features
[0.279s] -- Detecting CXX compile features - done
[0.280s] -- Found ament_cmake: 1.3.12 (/opt/ros/humble/share/ament_cmake/cmake)
[0.392s] -- Found Python3: /usr/bin/python3 (found version "3.10.12") found components: Interpreter 
[0.474s] -- Found rosidl_default_generators: 1.2.0 (/opt/ros/humble/share/rosidl_default_generators/cmake)
[0.475s] -- Using all available rosidl_typesupport_c: rosidl_typesupport_fastrtps_c;rosidl_typesupport_introspection_c
[0.479s] -- Found rosidl_adapter: 3.1.7 (/opt/ros/humble/share/rosidl_adapter/cmake)
[0.503s] -- Using all available rosidl_typesupport_cpp: rosidl_typesupport_fastrtps_cpp;rosidl_typesupport_introspection_cpp
[0.523s] -- Found sensor_msgs: 4.9.0 (/opt/ros/humble/share/sensor_msgs/cmake)
[0.786s] -- Found ament_cmake_ros: 0.10.0 (/opt/ros/humble/share/ament_cmake_ros/cmake)
[0.985s] -- Using all available rosidl_typesupport_c: rosidl_typesupport_fastrtps_c;rosidl_typesupport_introspection_c
[1.311s] -- Using all available rosidl_typesupport_cpp: rosidl_typesupport_fastrtps_cpp;rosidl_typesupport_introspection_cpp
[1.335s] -- Found PythonInterp: /usr/bin/python3 (found suitable version "3.10.12", minimum required is "3.6") 
[1.336s] -- Found python_cmake_module: 0.10.0 (/opt/ros/humble/share/python_cmake_module/cmake)
[1.368s] -- Found PythonLibs: /usr/lib/x86_64-linux-gnu/libpython3.10.so (found suitable version "3.10.12", minimum required is "3.5") 
[1.369s] -- Using PYTHON_EXECUTABLE: /usr/bin/python3
[1.369s] -- Using PYTHON_INCLUDE_DIRS: /usr/include/python3.10
[1.369s] -- Using PYTHON_LIBRARIES: /usr/lib/x86_64-linux-gnu/libpython3.10.so
[1.386s] -- Found PythonExtra: .so  
[1.436s] -- Found ament_lint_auto: 0.12.14 (/opt/ros/humble/share/ament_lint_auto/cmake)
[1.447s] -- Added test 'lint_cmake' to check CMake code style
[1.448s] -- Added test 'xmllint' to check XML markup files
[1.450s] -- Configuring done
[1.484s] -- Generating done
[1.493s] -- Build files have been written to: /home/lxf/Desktop/ROS/16.Launch_parameter/build/turtle_control_interfaces
[1.501s] Invoked command in '/home/lxf/Desktop/ROS/16.Launch_parameter/build/turtle_control_interfaces' returned '0': CMAKE_PREFIX_PATH=/opt/ros/humble /usr/bin/cmake /home/lxf/Desktop/ROS/16.Launch_parameter/src/turtle_control_interfaces -DCMAKE_INSTALL_PREFIX=/home/lxf/Desktop/ROS/16.Launch_parameter/install/turtle_control_interfaces
[1.503s] Invoking command in '/home/lxf/Desktop/ROS/16.Launch_parameter/build/turtle_control_interfaces': CMAKE_PREFIX_PATH=/opt/ros/humble /usr/bin/cmake --build /home/lxf/Desktop/ROS/16.Launch_parameter/build/turtle_control_interfaces -- -j16 -l16
[1.543s] [  2%] [34m[1mGenerating C code for ROS interfaces[0m
[1.558s] [  5%] [34m[1mGenerating C++ code for ROS interfaces[0m
[1.560s] [  5%] Built target ament_cmake_python_copy_turtle_control_interfaces
[1.730s] running egg_info
[1.731s] creating turtle_control_interfaces.egg-info
[1.731s] writing turtle_control_interfaces.egg-info/PKG-INFO
[1.731s] writing dependency_links to turtle_control_interfaces.egg-info/dependency_links.txt
[1.731s] writing top-level names to turtle_control_interfaces.egg-info/top_level.txt
[1.731s] writing manifest file 'turtle_control_interfaces.egg-info/SOURCES.txt'
[1.733s] reading manifest file 'turtle_control_interfaces.egg-info/SOURCES.txt'
[1.733s] writing manifest file 'turtle_control_interfaces.egg-info/SOURCES.txt'
[1.761s] [  5%] Built target ament_cmake_python_build_turtle_control_interfaces_egg
[1.885s] [  7%] [32mBuilding C object CMakeFiles/turtle_control_interfaces__rosidl_generator_c.dir/rosidl_generator_c/turtle_control_interfaces/srv/detail/face_detector__functions.c.o[0m
[1.886s] [ 10%] [32mBuilding C object CMakeFiles/turtle_control_interfaces__rosidl_generator_c.dir/rosidl_generator_c/turtle_control_interfaces/srv/detail/patrol__functions.c.o[0m
[1.914s] [ 10%] Built target turtle_control_interfaces__cpp
[1.925s] [ 17%] [34m[1mGenerating C++ introspection for ROS interfaces[0m
[1.925s] [ 17%] [34m[1mGenerating C++ type support dispatch for ROS interfaces[0m
[1.925s] [ 17%] [34m[1mGenerating C++ type support for eProsima Fast-RTPS[0m
[1.938s] [ 20%] [32m[1mLinking C shared library libturtle_control_interfaces__rosidl_generator_c.so[0m
[1.973s] [ 20%] Built target turtle_control_interfaces__rosidl_generator_c
[1.981s] [ 23%] [34m[1mGenerating C introspection for ROS interfaces[0m
[1.983s] [ 25%] [34m[1mGenerating C type support for eProsima Fast-RTPS[0m
[1.983s] [ 28%] [34m[1mGenerating C type support dispatch for ROS interfaces[0m
[2.232s] [ 30%] [32mBuilding CXX object CMakeFiles/turtle_control_interfaces__rosidl_typesupport_fastrtps_cpp.dir/rosidl_typesupport_fastrtps_cpp/turtle_control_interfaces/srv/detail/dds_fastrtps/face_detector__type_support.cpp.o[0m
[2.232s] [ 33%] [32mBuilding CXX object CMakeFiles/turtle_control_interfaces__rosidl_typesupport_fastrtps_cpp.dir/rosidl_typesupport_fastrtps_cpp/turtle_control_interfaces/srv/detail/dds_fastrtps/patrol__type_support.cpp.o[0m
[2.241s] [ 38%] [32mBuilding CXX object CMakeFiles/turtle_control_interfaces__rosidl_typesupport_c.dir/rosidl_typesupport_c/turtle_control_interfaces/srv/face_detector__type_support.cpp.o[0m
[2.241s] [ 38%] [32mBuilding CXX object CMakeFiles/turtle_control_interfaces__rosidl_typesupport_c.dir/rosidl_typesupport_c/turtle_control_interfaces/srv/patrol__type_support.cpp.o[0m
[2.272s] [ 41%] [32m[1mLinking CXX shared library libturtle_control_interfaces__rosidl_typesupport_c.so[0m
[2.279s] [ 43%] [32mBuilding C object CMakeFiles/turtle_control_interfaces__rosidl_typesupport_introspection_c.dir/rosidl_typesupport_introspection_c/turtle_control_interfaces/srv/detail/face_detector__type_support.c.o[0m
[2.281s] [ 46%] [32mBuilding C object CMakeFiles/turtle_control_interfaces__rosidl_typesupport_introspection_c.dir/rosidl_typesupport_introspection_c/turtle_control_interfaces/srv/detail/patrol__type_support.c.o[0m
[2.319s] [ 46%] Built target turtle_control_interfaces__rosidl_typesupport_c
[2.321s] [ 48%] [32m[1mLinking C shared library libturtle_control_interfaces__rosidl_typesupport_introspection_c.so[0m
[2.350s] [ 48%] Built target turtle_control_interfaces__rosidl_typesupport_introspection_c
[2.391s] [ 51%] [32mBuilding CXX object CMakeFiles/turtle_control_interfaces__rosidl_typesupport_cpp.dir/rosidl_typesupport_cpp/turtle_control_interfaces/srv/patrol__type_support.cpp.o[0m
[2.392s] [ 53%] [32mBuilding CXX object CMakeFiles/turtle_control_interfaces__rosidl_typesupport_cpp.dir/rosidl_typesupport_cpp/turtle_control_interfaces/srv/face_detector__type_support.cpp.o[0m
[2.399s] [ 56%] [32mBuilding CXX object CMakeFiles/turtle_control_interfaces__rosidl_typesupport_introspection_cpp.dir/rosidl_typesupport_introspection_cpp/turtle_control_interfaces/srv/detail/patrol__type_support.cpp.o[0m
[2.401s] [ 58%] [32mBuilding CXX object CMakeFiles/turtle_control_interfaces__rosidl_typesupport_introspection_cpp.dir/rosidl_typesupport_introspection_cpp/turtle_control_interfaces/srv/detail/face_detector__type_support.cpp.o[0m
[2.421s] [ 61%] [32mBuilding CXX object CMakeFiles/turtle_control_interfaces__rosidl_typesupport_fastrtps_c.dir/rosidl_typesupport_fastrtps_c/turtle_control_interfaces/srv/detail/patrol__type_support_c.cpp.o[0m
[2.422s] [ 64%] [32mBuilding CXX object CMakeFiles/turtle_control_interfaces__rosidl_typesupport_fastrtps_c.dir/rosidl_typesupport_fastrtps_c/turtle_control_interfaces/srv/detail/face_detector__type_support_c.cpp.o[0m
[2.751s] [ 66%] [32m[1mLinking CXX shared library libturtle_control_interfaces__rosidl_typesupport_cpp.so[0m
[2.764s] [ 69%] [32m[1mLinking CXX shared library libturtle_control_interfaces__rosidl_typesupport_fastrtps_cpp.so[0m
[2.769s] [ 71%] [32m[1mLinking CXX shared library libturtle_control_interfaces__rosidl_typesupport_fastrtps_c.so[0m
[2.804s] [ 71%] Built target turtle_control_interfaces__rosidl_typesupport_cpp
[2.814s] [ 74%] [32m[1mLinking CXX shared library libturtle_control_interfaces__rosidl_typesupport_introspection_cpp.so[0m
[2.852s] [ 74%] Built target turtle_control_interfaces__rosidl_typesupport_fastrtps_cpp
[2.853s] [ 74%] Built target turtle_control_interfaces__rosidl_typesupport_fastrtps_c
[2.893s] [ 74%] Built target turtle_control_interfaces__rosidl_typesupport_introspection_cpp
[2.909s] [ 74%] Built target turtle_control_interfaces
[2.930s] [ 76%] [34m[1mGenerating Python code for ROS interfaces[0m
[3.369s] [ 76%] Built target turtle_control_interfaces__py
[3.389s] [ 82%] [32mBuilding C object CMakeFiles/turtle_control_interfaces__rosidl_generator_py.dir/rosidl_generator_py/turtle_control_interfaces/srv/_face_detector_s.c.o[0m
[3.389s] [ 82%] [32mBuilding C object CMakeFiles/turtle_control_interfaces__rosidl_generator_py.dir/rosidl_generator_py/turtle_control_interfaces/srv/_patrol_s.c.o[0m
[3.483s] [ 84%] [32m[1mLinking C shared library rosidl_generator_py/turtle_control_interfaces/libturtle_control_interfaces__rosidl_generator_py.so[0m
[3.527s] [ 84%] Built target turtle_control_interfaces__rosidl_generator_py
[3.543s] [ 87%] [32mBuilding C object CMakeFiles/turtle_control_interfaces__rosidl_typesupport_fastrtps_c__pyext.dir/rosidl_generator_py/turtle_control_interfaces/_turtle_control_interfaces_s.ep.rosidl_typesupport_fastrtps_c.c.o[0m
[3.544s] [ 89%] [32mBuilding C object CMakeFiles/turtle_control_interfaces__rosidl_typesupport_c__pyext.dir/rosidl_generator_py/turtle_control_interfaces/_turtle_control_interfaces_s.ep.rosidl_typesupport_c.c.o[0m
[3.547s] [ 92%] [32mBuilding C object CMakeFiles/turtle_control_interfaces__rosidl_typesupport_introspection_c__pyext.dir/rosidl_generator_py/turtle_control_interfaces/_turtle_control_interfaces_s.ep.rosidl_typesupport_introspection_c.c.o[0m
[3.618s] [ 94%] [32m[1mLinking C shared library rosidl_generator_py/turtle_control_interfaces/turtle_control_interfaces_s__rosidl_typesupport_fastrtps_c.cpython-310-x86_64-linux-gnu.so[0m
[3.620s] [ 97%] [32m[1mLinking C shared library rosidl_generator_py/turtle_control_interfaces/turtle_control_interfaces_s__rosidl_typesupport_introspection_c.cpython-310-x86_64-linux-gnu.so[0m
[3.621s] [100%] [32m[1mLinking C shared library rosidl_generator_py/turtle_control_interfaces/turtle_control_interfaces_s__rosidl_typesupport_c.cpython-310-x86_64-linux-gnu.so[0m
[3.650s] [100%] Built target turtle_control_interfaces__rosidl_typesupport_fastrtps_c__pyext
[3.659s] [100%] Built target turtle_control_interfaces__rosidl_typesupport_c__pyext
[3.664s] [100%] Built target turtle_control_interfaces__rosidl_typesupport_introspection_c__pyext
[3.674s] Invoked command in '/home/lxf/Desktop/ROS/16.Launch_parameter/build/turtle_control_interfaces' returned '0': CMAKE_PREFIX_PATH=/opt/ros/humble /usr/bin/cmake --build /home/lxf/Desktop/ROS/16.Launch_parameter/build/turtle_control_interfaces -- -j16 -l16
[3.684s] Invoking command in '/home/lxf/Desktop/ROS/16.Launch_parameter/build/turtle_control_interfaces': CMAKE_PREFIX_PATH=/opt/ros/humble /usr/bin/cmake --install /home/lxf/Desktop/ROS/16.Launch_parameter/build/turtle_control_interfaces
[3.694s] -- Install configuration: ""
[3.695s] -- Installing: /home/lxf/Desktop/ROS/16.Launch_parameter/install/turtle_control_interfaces/share/ament_index/resource_index/rosidl_interfaces/turtle_control_interfaces
[3.695s] -- Installing: /home/lxf/Desktop/ROS/16.Launch_parameter/install/turtle_control_interfaces/include/turtle_control_interfaces/turtle_control_interfaces
[3.695s] -- Installing: /home/lxf/Desktop/ROS/16.Launch_parameter/install/turtle_control_interfaces/include/turtle_control_interfaces/turtle_control_interfaces/srv
[3.695s] -- Installing: /home/lxf/Desktop/ROS/16.Launch_parameter/install/turtle_control_interfaces/include/turtle_control_interfaces/turtle_control_interfaces/srv/patrol.h
[3.695s] -- Installing: /home/lxf/Desktop/ROS/16.Launch_parameter/install/turtle_control_interfaces/include/turtle_control_interfaces/turtle_control_interfaces/srv/detail
[3.695s] -- Installing: /home/lxf/Desktop/ROS/16.Launch_parameter/install/turtle_control_interfaces/include/turtle_control_interfaces/turtle_control_interfaces/srv/detail/patrol__struct.h
[3.695s] -- Installing: /home/lxf/Desktop/ROS/16.Launch_parameter/install/turtle_control_interfaces/include/turtle_control_interfaces/turtle_control_interfaces/srv/detail/face_detector__struct.h
[3.696s] -- Installing: /home/lxf/Desktop/ROS/16.Launch_parameter/install/turtle_control_interfaces/include/turtle_control_interfaces/turtle_control_interfaces/srv/detail/patrol__type_support.h
[3.696s] -- Installing: /home/lxf/Desktop/ROS/16.Launch_parameter/install/turtle_control_interfaces/include/turtle_control_interfaces/turtle_control_interfaces/srv/detail/patrol__functions.c
[3.696s] -- Installing: /home/lxf/Desktop/ROS/16.Launch_parameter/install/turtle_control_interfaces/include/turtle_control_interfaces/turtle_control_interfaces/srv/detail/face_detector__functions.c
[3.696s] -- Installing: /home/lxf/Desktop/ROS/16.Launch_parameter/install/turtle_control_interfaces/include/turtle_control_interfaces/turtle_control_interfaces/srv/detail/face_detector__type_support.h
[3.696s] -- Installing: /home/lxf/Desktop/ROS/16.Launch_parameter/install/turtle_control_interfaces/include/turtle_control_interfaces/turtle_control_interfaces/srv/detail/patrol__functions.h
[3.696s] -- Installing: /home/lxf/Desktop/ROS/16.Launch_parameter/install/turtle_control_interfaces/include/turtle_control_interfaces/turtle_control_interfaces/srv/detail/face_detector__functions.h
[3.696s] -- Installing: /home/lxf/Desktop/ROS/16.Launch_parameter/install/turtle_control_interfaces/include/turtle_control_interfaces/turtle_control_interfaces/srv/face_detector.h
[3.696s] -- Installing: /home/lxf/Desktop/ROS/16.Launch_parameter/install/turtle_control_interfaces/include/turtle_control_interfaces/turtle_control_interfaces/msg
[3.696s] -- Installing: /home/lxf/Desktop/ROS/16.Launch_parameter/install/turtle_control_interfaces/include/turtle_control_interfaces/turtle_control_interfaces/msg/rosidl_generator_c__visibility_control.h
[3.697s] -- Installing: /home/lxf/Desktop/ROS/16.Launch_parameter/install/turtle_control_interfaces/share/turtle_control_interfaces/environment/library_path.sh
[3.697s] -- Installing: /home/lxf/Desktop/ROS/16.Launch_parameter/install/turtle_control_interfaces/share/turtle_control_interfaces/environment/library_path.dsv
[3.697s] -- Installing: /home/lxf/Desktop/ROS/16.Launch_parameter/install/turtle_control_interfaces/lib/libturtle_control_interfaces__rosidl_generator_c.so
[3.697s] -- Set runtime path of "/home/lxf/Desktop/ROS/16.Launch_parameter/install/turtle_control_interfaces/lib/libturtle_control_interfaces__rosidl_generator_c.so" to ""
[3.697s] -- Up-to-date: /home/lxf/Desktop/ROS/16.Launch_parameter/install/turtle_control_interfaces/include/turtle_control_interfaces/turtle_control_interfaces
[3.698s] -- Up-to-date: /home/lxf/Desktop/ROS/16.Launch_parameter/install/turtle_control_interfaces/include/turtle_control_interfaces/turtle_control_interfaces/srv
[3.698s] -- Up-to-date: /home/lxf/Desktop/ROS/16.Launch_parameter/install/turtle_control_interfaces/include/turtle_control_interfaces/turtle_control_interfaces/srv/detail
[3.698s] -- Installing: /home/lxf/Desktop/ROS/16.Launch_parameter/install/turtle_control_interfaces/include/turtle_control_interfaces/turtle_control_interfaces/srv/detail/patrol__rosidl_typesupport_fastrtps_c.h
[3.698s] -- Installing: /home/lxf/Desktop/ROS/16.Launch_parameter/install/turtle_control_interfaces/include/turtle_control_interfaces/turtle_control_interfaces/srv/detail/face_detector__rosidl_typesupport_fastrtps_c.h
[3.698s] -- Up-to-date: /home/lxf/Desktop/ROS/16.Launch_parameter/install/turtle_control_interfaces/include/turtle_control_interfaces/turtle_control_interfaces/msg
[3.698s] -- Installing: /home/lxf/Desktop/ROS/16.Launch_parameter/install/turtle_control_interfaces/include/turtle_control_interfaces/turtle_control_interfaces/msg/rosidl_typesupport_fastrtps_c__visibility_control.h
[3.698s] -- Installing: /home/lxf/Desktop/ROS/16.Launch_parameter/install/turtle_control_interfaces/lib/libturtle_control_interfaces__rosidl_typesupport_fastrtps_c.so
[3.698s] -- Set runtime path of "/home/lxf/Desktop/ROS/16.Launch_parameter/install/turtle_control_interfaces/lib/libturtle_control_interfaces__rosidl_typesupport_fastrtps_c.so" to ""
[3.698s] -- Up-to-date: /home/lxf/Desktop/ROS/16.Launch_parameter/install/turtle_control_interfaces/include/turtle_control_interfaces/turtle_control_interfaces
[3.699s] -- Up-to-date: /home/lxf/Desktop/ROS/16.Launch_parameter/install/turtle_control_interfaces/include/turtle_control_interfaces/turtle_control_interfaces/srv
[3.699s] -- Up-to-date: /home/lxf/Desktop/ROS/16.Launch_parameter/install/turtle_control_interfaces/include/turtle_control_interfaces/turtle_control_interfaces/srv/detail
[3.699s] -- Installing: /home/lxf/Desktop/ROS/16.Launch_parameter/install/turtle_control_interfaces/include/turtle_control_interfaces/turtle_control_interfaces/srv/detail/face_detector__rosidl_typesupport_introspection_c.h
[3.699s] -- Installing: /home/lxf/Desktop/ROS/16.Launch_parameter/install/turtle_control_interfaces/include/turtle_control_interfaces/turtle_control_interfaces/srv/detail/face_detector__type_support.c
[3.699s] -- Installing: /home/lxf/Desktop/ROS/16.Launch_parameter/install/turtle_control_interfaces/include/turtle_control_interfaces/turtle_control_interfaces/srv/detail/patrol__rosidl_typesupport_introspection_c.h
[3.699s] -- Installing: /home/lxf/Desktop/ROS/16.Launch_parameter/install/turtle_control_interfaces/include/turtle_control_interfaces/turtle_control_interfaces/srv/detail/patrol__type_support.c
[3.699s] -- Up-to-date: /home/lxf/Desktop/ROS/16.Launch_parameter/install/turtle_control_interfaces/include/turtle_control_interfaces/turtle_control_interfaces/msg
[3.699s] -- Installing: /home/lxf/Desktop/ROS/16.Launch_parameter/install/turtle_control_interfaces/include/turtle_control_interfaces/turtle_control_interfaces/msg/rosidl_typesupport_introspection_c__visibility_control.h
[3.699s] -- Installing: /home/lxf/Desktop/ROS/16.Launch_parameter/install/turtle_control_interfaces/lib/libturtle_control_interfaces__rosidl_typesupport_introspection_c.so
[3.700s] -- Set runtime path of "/home/lxf/Desktop/ROS/16.Launch_parameter/install/turtle_control_interfaces/lib/libturtle_control_interfaces__rosidl_typesupport_introspection_c.so" to ""
[3.700s] -- Installing: /home/lxf/Desktop/ROS/16.Launch_parameter/install/turtle_control_interfaces/lib/libturtle_control_interfaces__rosidl_typesupport_c.so
[3.700s] -- Set runtime path of "/home/lxf/Desktop/ROS/16.Launch_parameter/install/turtle_control_interfaces/lib/libturtle_control_interfaces__rosidl_typesupport_c.so" to ""
[3.700s] -- Up-to-date: /home/lxf/Desktop/ROS/16.Launch_parameter/install/turtle_control_interfaces/include/turtle_control_interfaces/turtle_control_interfaces
[3.700s] -- Up-to-date: /home/lxf/Desktop/ROS/16.Launch_parameter/install/turtle_control_interfaces/include/turtle_control_interfaces/turtle_control_interfaces/srv
[3.700s] -- Installing: /home/lxf/Desktop/ROS/16.Launch_parameter/install/turtle_control_interfaces/include/turtle_control_interfaces/turtle_control_interfaces/srv/patrol.hpp
[3.701s] -- Up-to-date: /home/lxf/Desktop/ROS/16.Launch_parameter/install/turtle_control_interfaces/include/turtle_control_interfaces/turtle_control_interfaces/srv/detail
[3.701s] -- Installing: /home/lxf/Desktop/ROS/16.Launch_parameter/install/turtle_control_interfaces/include/turtle_control_interfaces/turtle_control_interfaces/srv/detail/face_detector__traits.hpp
[3.701s] -- Installing: /home/lxf/Desktop/ROS/16.Launch_parameter/install/turtle_control_interfaces/include/turtle_control_interfaces/turtle_control_interfaces/srv/detail/patrol__builder.hpp
[3.701s] -- Installing: /home/lxf/Desktop/ROS/16.Launch_parameter/install/turtle_control_interfaces/include/turtle_control_interfaces/turtle_control_interfaces/srv/detail/patrol__struct.hpp
[3.701s] -- Installing: /home/lxf/Desktop/ROS/16.Launch_parameter/install/turtle_control_interfaces/include/turtle_control_interfaces/turtle_control_interfaces/srv/detail/face_detector__type_support.hpp
[3.701s] -- Installing: /home/lxf/Desktop/ROS/16.Launch_parameter/install/turtle_control_interfaces/include/turtle_control_interfaces/turtle_control_interfaces/srv/detail/face_detector__struct.hpp
[3.701s] -- Installing: /home/lxf/Desktop/ROS/16.Launch_parameter/install/turtle_control_interfaces/include/turtle_control_interfaces/turtle_control_interfaces/srv/detail/face_detector__builder.hpp
[3.702s] -- Installing: /home/lxf/Desktop/ROS/16.Launch_parameter/install/turtle_control_interfaces/include/turtle_control_interfaces/turtle_control_interfaces/srv/detail/patrol__type_support.hpp
[3.702s] -- Installing: /home/lxf/Desktop/ROS/16.Launch_parameter/install/turtle_control_interfaces/include/turtle_control_interfaces/turtle_control_interfaces/srv/detail/patrol__traits.hpp
[3.702s] -- Installing: /home/lxf/Desktop/ROS/16.Launch_parameter/install/turtle_control_interfaces/include/turtle_control_interfaces/turtle_control_interfaces/srv/face_detector.hpp
[3.702s] -- Up-to-date: /home/lxf/Desktop/ROS/16.Launch_parameter/install/turtle_control_interfaces/include/turtle_control_interfaces/turtle_control_interfaces/msg
[3.702s] -- Installing: /home/lxf/Desktop/ROS/16.Launch_parameter/install/turtle_control_interfaces/include/turtle_control_interfaces/turtle_control_interfaces/msg/rosidl_generator_cpp__visibility_control.hpp
[3.702s] -- Up-to-date: /home/lxf/Desktop/ROS/16.Launch_parameter/install/turtle_control_interfaces/include/turtle_control_interfaces/turtle_control_interfaces
[3.702s] -- Up-to-date: /home/lxf/Desktop/ROS/16.Launch_parameter/install/turtle_control_interfaces/include/turtle_control_interfaces/turtle_control_interfaces/srv
[3.702s] -- Up-to-date: /home/lxf/Desktop/ROS/16.Launch_parameter/install/turtle_control_interfaces/include/turtle_control_interfaces/turtle_control_interfaces/srv/detail
[3.702s] -- Installing: /home/lxf/Desktop/ROS/16.Launch_parameter/install/turtle_control_interfaces/include/turtle_control_interfaces/turtle_control_interfaces/srv/detail/face_detector__rosidl_typesupport_fastrtps_cpp.hpp
[3.703s] -- Installing: /home/lxf/Desktop/ROS/16.Launch_parameter/install/turtle_control_interfaces/include/turtle_control_interfaces/turtle_control_interfaces/srv/detail/dds_fastrtps
[3.703s] -- Installing: /home/lxf/Desktop/ROS/16.Launch_parameter/install/turtle_control_interfaces/include/turtle_control_interfaces/turtle_control_interfaces/srv/detail/patrol__rosidl_typesupport_fastrtps_cpp.hpp
[3.703s] -- Up-to-date: /home/lxf/Desktop/ROS/16.Launch_parameter/install/turtle_control_interfaces/include/turtle_control_interfaces/turtle_control_interfaces/msg
[3.703s] -- Installing: /home/lxf/Desktop/ROS/16.Launch_parameter/install/turtle_control_interfaces/include/turtle_control_interfaces/turtle_control_interfaces/msg/rosidl_typesupport_fastrtps_cpp__visibility_control.h
[3.703s] -- Installing: /home/lxf/Desktop/ROS/16.Launch_parameter/install/turtle_control_interfaces/lib/libturtle_control_interfaces__rosidl_typesupport_fastrtps_cpp.so
[3.703s] -- Set runtime path of "/home/lxf/Desktop/ROS/16.Launch_parameter/install/turtle_control_interfaces/lib/libturtle_control_interfaces__rosidl_typesupport_fastrtps_cpp.so" to ""
[3.703s] -- Up-to-date: /home/lxf/Desktop/ROS/16.Launch_parameter/install/turtle_control_interfaces/include/turtle_control_interfaces/turtle_control_interfaces
[3.703s] -- Up-to-date: /home/lxf/Desktop/ROS/16.Launch_parameter/install/turtle_control_interfaces/include/turtle_control_interfaces/turtle_control_interfaces/srv
[3.703s] -- Up-to-date: /home/lxf/Desktop/ROS/16.Launch_parameter/install/turtle_control_interfaces/include/turtle_control_interfaces/turtle_control_interfaces/srv/detail
[3.703s] -- Installing: /home/lxf/Desktop/ROS/16.Launch_parameter/install/turtle_control_interfaces/include/turtle_control_interfaces/turtle_control_interfaces/srv/detail/patrol__rosidl_typesupport_introspection_cpp.hpp
[3.704s] -- Installing: /home/lxf/Desktop/ROS/16.Launch_parameter/install/turtle_control_interfaces/include/turtle_control_interfaces/turtle_control_interfaces/srv/detail/face_detector__type_support.cpp
[3.704s] -- Installing: /home/lxf/Desktop/ROS/16.Launch_parameter/install/turtle_control_interfaces/include/turtle_control_interfaces/turtle_control_interfaces/srv/detail/patrol__type_support.cpp
[3.704s] -- Installing: /home/lxf/Desktop/ROS/16.Launch_parameter/install/turtle_control_interfaces/include/turtle_control_interfaces/turtle_control_interfaces/srv/detail/face_detector__rosidl_typesupport_introspection_cpp.hpp
[3.704s] -- Installing: /home/lxf/Desktop/ROS/16.Launch_parameter/install/turtle_control_interfaces/lib/libturtle_control_interfaces__rosidl_typesupport_introspection_cpp.so
[3.704s] -- Set runtime path of "/home/lxf/Desktop/ROS/16.Launch_parameter/install/turtle_control_interfaces/lib/libturtle_control_interfaces__rosidl_typesupport_introspection_cpp.so" to ""
[3.704s] -- Installing: /home/lxf/Desktop/ROS/16.Launch_parameter/install/turtle_control_interfaces/lib/libturtle_control_interfaces__rosidl_typesupport_cpp.so
[3.704s] -- Set runtime path of "/home/lxf/Desktop/ROS/16.Launch_parameter/install/turtle_control_interfaces/lib/libturtle_control_interfaces__rosidl_typesupport_cpp.so" to ""
[3.704s] -- Installing: /home/lxf/Desktop/ROS/16.Launch_parameter/install/turtle_control_interfaces/share/turtle_control_interfaces/environment/pythonpath.sh
[3.704s] -- Installing: /home/lxf/Desktop/ROS/16.Launch_parameter/install/turtle_control_interfaces/share/turtle_control_interfaces/environment/pythonpath.dsv
[3.704s] -- Installing: /home/lxf/Desktop/ROS/16.Launch_parameter/install/turtle_control_interfaces/local/lib/python3.10/dist-packages/turtle_control_interfaces-0.0.0-py3.10.egg-info
[3.704s] -- Installing: /home/lxf/Desktop/ROS/16.Launch_parameter/install/turtle_control_interfaces/local/lib/python3.10/dist-packages/turtle_control_interfaces-0.0.0-py3.10.egg-info/PKG-INFO
[3.704s] -- Installing: /home/lxf/Desktop/ROS/16.Launch_parameter/install/turtle_control_interfaces/local/lib/python3.10/dist-packages/turtle_control_interfaces-0.0.0-py3.10.egg-info/top_level.txt
[3.705s] -- Installing: /home/lxf/Desktop/ROS/16.Launch_parameter/install/turtle_control_interfaces/local/lib/python3.10/dist-packages/turtle_control_interfaces-0.0.0-py3.10.egg-info/SOURCES.txt
[3.705s] -- Installing: /home/lxf/Desktop/ROS/16.Launch_parameter/install/turtle_control_interfaces/local/lib/python3.10/dist-packages/turtle_control_interfaces-0.0.0-py3.10.egg-info/dependency_links.txt
[3.705s] -- Installing: /home/lxf/Desktop/ROS/16.Launch_parameter/install/turtle_control_interfaces/local/lib/python3.10/dist-packages/turtle_control_interfaces
[3.705s] -- Installing: /home/lxf/Desktop/ROS/16.Launch_parameter/install/turtle_control_interfaces/local/lib/python3.10/dist-packages/turtle_control_interfaces/turtle_control_interfaces_s__rosidl_typesupport_introspection_c.cpython-310-x86_64-linux-gnu.so
[3.705s] -- Installing: /home/lxf/Desktop/ROS/16.Launch_parameter/install/turtle_control_interfaces/local/lib/python3.10/dist-packages/turtle_control_interfaces/libturtle_control_interfaces__rosidl_generator_py.so
[3.705s] -- Installing: /home/lxf/Desktop/ROS/16.Launch_parameter/install/turtle_control_interfaces/local/lib/python3.10/dist-packages/turtle_control_interfaces/srv
[3.705s] -- Installing: /home/lxf/Desktop/ROS/16.Launch_parameter/install/turtle_control_interfaces/local/lib/python3.10/dist-packages/turtle_control_interfaces/srv/_face_detector_s.c
[3.705s] -- Installing: /home/lxf/Desktop/ROS/16.Launch_parameter/install/turtle_control_interfaces/local/lib/python3.10/dist-packages/turtle_control_interfaces/srv/_patrol_s.c
[3.705s] -- Installing: /home/lxf/Desktop/ROS/16.Launch_parameter/install/turtle_control_interfaces/local/lib/python3.10/dist-packages/turtle_control_interfaces/srv/_face_detector.py
[3.705s] -- Installing: /home/lxf/Desktop/ROS/16.Launch_parameter/install/turtle_control_interfaces/local/lib/python3.10/dist-packages/turtle_control_interfaces/srv/_patrol.py
[3.705s] -- Installing: /home/lxf/Desktop/ROS/16.Launch_parameter/install/turtle_control_interfaces/local/lib/python3.10/dist-packages/turtle_control_interfaces/srv/__init__.py
[3.705s] -- Installing: /home/lxf/Desktop/ROS/16.Launch_parameter/install/turtle_control_interfaces/local/lib/python3.10/dist-packages/turtle_control_interfaces/_turtle_control_interfaces_s.ep.rosidl_typesupport_introspection_c.c
[3.705s] -- Installing: /home/lxf/Desktop/ROS/16.Launch_parameter/install/turtle_control_interfaces/local/lib/python3.10/dist-packages/turtle_control_interfaces/turtle_control_interfaces_s__rosidl_typesupport_fastrtps_c.cpython-310-x86_64-linux-gnu.so
[3.705s] -- Installing: /home/lxf/Desktop/ROS/16.Launch_parameter/install/turtle_control_interfaces/local/lib/python3.10/dist-packages/turtle_control_interfaces/turtle_control_interfaces_s__rosidl_typesupport_c.cpython-310-x86_64-linux-gnu.so
[3.705s] -- Installing: /home/lxf/Desktop/ROS/16.Launch_parameter/install/turtle_control_interfaces/local/lib/python3.10/dist-packages/turtle_control_interfaces/_turtle_control_interfaces_s.ep.rosidl_typesupport_fastrtps_c.c
[3.705s] -- Installing: /home/lxf/Desktop/ROS/16.Launch_parameter/install/turtle_control_interfaces/local/lib/python3.10/dist-packages/turtle_control_interfaces/_turtle_control_interfaces_s.ep.rosidl_typesupport_c.c
[3.706s] -- Installing: /home/lxf/Desktop/ROS/16.Launch_parameter/install/turtle_control_interfaces/local/lib/python3.10/dist-packages/turtle_control_interfaces/__init__.py
[3.731s] Listing '/home/lxf/Desktop/ROS/16.Launch_parameter/install/turtle_control_interfaces/local/lib/python3.10/dist-packages/turtle_control_interfaces'...
[3.731s] Compiling '/home/lxf/Desktop/ROS/16.Launch_parameter/install/turtle_control_interfaces/local/lib/python3.10/dist-packages/turtle_control_interfaces/__init__.py'...
[3.732s] Listing '/home/lxf/Desktop/ROS/16.Launch_parameter/install/turtle_control_interfaces/local/lib/python3.10/dist-packages/turtle_control_interfaces/srv'...
[3.732s] Compiling '/home/lxf/Desktop/ROS/16.Launch_parameter/install/turtle_control_interfaces/local/lib/python3.10/dist-packages/turtle_control_interfaces/srv/__init__.py'...
[3.732s] Compiling '/home/lxf/Desktop/ROS/16.Launch_parameter/install/turtle_control_interfaces/local/lib/python3.10/dist-packages/turtle_control_interfaces/srv/_face_detector.py'...
[3.732s] Compiling '/home/lxf/Desktop/ROS/16.Launch_parameter/install/turtle_control_interfaces/local/lib/python3.10/dist-packages/turtle_control_interfaces/srv/_patrol.py'...
[3.735s] -- Installing: /home/lxf/Desktop/ROS/16.Launch_parameter/install/turtle_control_interfaces/local/lib/python3.10/dist-packages/turtle_control_interfaces/turtle_control_interfaces_s__rosidl_typesupport_fastrtps_c.cpython-310-x86_64-linux-gnu.so
[3.735s] -- Set runtime path of "/home/lxf/Desktop/ROS/16.Launch_parameter/install/turtle_control_interfaces/local/lib/python3.10/dist-packages/turtle_control_interfaces/turtle_control_interfaces_s__rosidl_typesupport_fastrtps_c.cpython-310-x86_64-linux-gnu.so" to ""
[3.735s] -- Installing: /home/lxf/Desktop/ROS/16.Launch_parameter/install/turtle_control_interfaces/local/lib/python3.10/dist-packages/turtle_control_interfaces/turtle_control_interfaces_s__rosidl_typesupport_introspection_c.cpython-310-x86_64-linux-gnu.so
[3.735s] -- Set runtime path of "/home/lxf/Desktop/ROS/16.Launch_parameter/install/turtle_control_interfaces/local/lib/python3.10/dist-packages/turtle_control_interfaces/turtle_control_interfaces_s__rosidl_typesupport_introspection_c.cpython-310-x86_64-linux-gnu.so" to ""
[3.736s] -- Installing: /home/lxf/Desktop/ROS/16.Launch_parameter/install/turtle_control_interfaces/local/lib/python3.10/dist-packages/turtle_control_interfaces/turtle_control_interfaces_s__rosidl_typesupport_c.cpython-310-x86_64-linux-gnu.so
[3.736s] -- Set runtime path of "/home/lxf/Desktop/ROS/16.Launch_parameter/install/turtle_control_interfaces/local/lib/python3.10/dist-packages/turtle_control_interfaces/turtle_control_interfaces_s__rosidl_typesupport_c.cpython-310-x86_64-linux-gnu.so" to ""
[3.736s] -- Installing: /home/lxf/Desktop/ROS/16.Launch_parameter/install/turtle_control_interfaces/lib/libturtle_control_interfaces__rosidl_generator_py.so
[3.736s] -- Set runtime path of "/home/lxf/Desktop/ROS/16.Launch_parameter/install/turtle_control_interfaces/lib/libturtle_control_interfaces__rosidl_generator_py.so" to ""
[3.736s] -- Installing: /home/lxf/Desktop/ROS/16.Launch_parameter/install/turtle_control_interfaces/share/turtle_control_interfaces/srv/FaceDetector.idl
[3.736s] -- Installing: /home/lxf/Desktop/ROS/16.Launch_parameter/install/turtle_control_interfaces/share/turtle_control_interfaces/srv/Patrol.idl
[3.736s] -- Installing: /home/lxf/Desktop/ROS/16.Launch_parameter/install/turtle_control_interfaces/share/turtle_control_interfaces/srv/FaceDetector.srv
[3.737s] -- Installing: /home/lxf/Desktop/ROS/16.Launch_parameter/install/turtle_control_interfaces/share/turtle_control_interfaces/srv/FaceDetector_Request.msg
[3.737s] -- Installing: /home/lxf/Desktop/ROS/16.Launch_parameter/install/turtle_control_interfaces/share/turtle_control_interfaces/srv/FaceDetector_Response.msg
[3.737s] -- Installing: /home/lxf/Desktop/ROS/16.Launch_parameter/install/turtle_control_interfaces/share/turtle_control_interfaces/srv/Patrol.srv
[3.737s] -- Installing: /home/lxf/Desktop/ROS/16.Launch_parameter/install/turtle_control_interfaces/share/turtle_control_interfaces/srv/Patrol_Request.msg
[3.737s] -- Installing: /home/lxf/Desktop/ROS/16.Launch_parameter/install/turtle_control_interfaces/share/turtle_control_interfaces/srv/Patrol_Response.msg
[3.737s] -- Installing: /home/lxf/Desktop/ROS/16.Launch_parameter/install/turtle_control_interfaces/share/ament_index/resource_index/package_run_dependencies/turtle_control_interfaces
[3.737s] -- Installing: /home/lxf/Desktop/ROS/16.Launch_parameter/install/turtle_control_interfaces/share/ament_index/resource_index/parent_prefix_path/turtle_control_interfaces
[3.737s] -- Installing: /home/lxf/Desktop/ROS/16.Launch_parameter/install/turtle_control_interfaces/share/turtle_control_interfaces/environment/ament_prefix_path.sh
[3.738s] -- Installing: /home/lxf/Desktop/ROS/16.Launch_parameter/install/turtle_control_interfaces/share/turtle_control_interfaces/environment/ament_prefix_path.dsv
[3.738s] -- Installing: /home/lxf/Desktop/ROS/16.Launch_parameter/install/turtle_control_interfaces/share/turtle_control_interfaces/environment/path.sh
[3.738s] -- Installing: /home/lxf/Desktop/ROS/16.Launch_parameter/install/turtle_control_interfaces/share/turtle_control_interfaces/environment/path.dsv
[3.738s] -- Installing: /home/lxf/Desktop/ROS/16.Launch_parameter/install/turtle_control_interfaces/share/turtle_control_interfaces/local_setup.bash
[3.738s] -- Installing: /home/lxf/Desktop/ROS/16.Launch_parameter/install/turtle_control_interfaces/share/turtle_control_interfaces/local_setup.sh
[3.738s] -- Installing: /home/lxf/Desktop/ROS/16.Launch_parameter/install/turtle_control_interfaces/share/turtle_control_interfaces/local_setup.zsh
[3.738s] -- Installing: /home/lxf/Desktop/ROS/16.Launch_parameter/install/turtle_control_interfaces/share/turtle_control_interfaces/local_setup.dsv
[3.738s] -- Installing: /home/lxf/Desktop/ROS/16.Launch_parameter/install/turtle_control_interfaces/share/turtle_control_interfaces/package.dsv
[3.738s] -- Installing: /home/lxf/Desktop/ROS/16.Launch_parameter/install/turtle_control_interfaces/share/ament_index/resource_index/packages/turtle_control_interfaces
[3.738s] -- Installing: /home/lxf/Desktop/ROS/16.Launch_parameter/install/turtle_control_interfaces/share/turtle_control_interfaces/cmake/export_turtle_control_interfaces__rosidl_generator_cExport.cmake
[3.739s] -- Installing: /home/lxf/Desktop/ROS/16.Launch_parameter/install/turtle_control_interfaces/share/turtle_control_interfaces/cmake/export_turtle_control_interfaces__rosidl_generator_cExport-noconfig.cmake
[3.739s] -- Installing: /home/lxf/Desktop/ROS/16.Launch_parameter/install/turtle_control_interfaces/share/turtle_control_interfaces/cmake/export_turtle_control_interfaces__rosidl_typesupport_fastrtps_cExport.cmake
[3.739s] -- Installing: /home/lxf/Desktop/ROS/16.Launch_parameter/install/turtle_control_interfaces/share/turtle_control_interfaces/cmake/export_turtle_control_interfaces__rosidl_typesupport_fastrtps_cExport-noconfig.cmake
[3.739s] -- Installing: /home/lxf/Desktop/ROS/16.Launch_parameter/install/turtle_control_interfaces/share/turtle_control_interfaces/cmake/turtle_control_interfaces__rosidl_typesupport_introspection_cExport.cmake
[3.739s] -- Installing: /home/lxf/Desktop/ROS/16.Launch_parameter/install/turtle_control_interfaces/share/turtle_control_interfaces/cmake/turtle_control_interfaces__rosidl_typesupport_introspection_cExport-noconfig.cmake
[3.739s] -- Installing: /home/lxf/Desktop/ROS/16.Launch_parameter/install/turtle_control_interfaces/share/turtle_control_interfaces/cmake/turtle_control_interfaces__rosidl_typesupport_cExport.cmake
[3.739s] -- Installing: /home/lxf/Desktop/ROS/16.Launch_parameter/install/turtle_control_interfaces/share/turtle_control_interfaces/cmake/turtle_control_interfaces__rosidl_typesupport_cExport-noconfig.cmake
[3.739s] -- Installing: /home/lxf/Desktop/ROS/16.Launch_parameter/install/turtle_control_interfaces/share/turtle_control_interfaces/cmake/export_turtle_control_interfaces__rosidl_generator_cppExport.cmake
[3.739s] -- Installing: /home/lxf/Desktop/ROS/16.Launch_parameter/install/turtle_control_interfaces/share/turtle_control_interfaces/cmake/export_turtle_control_interfaces__rosidl_typesupport_fastrtps_cppExport.cmake
[3.739s] -- Installing: /home/lxf/Desktop/ROS/16.Launch_parameter/install/turtle_control_interfaces/share/turtle_control_interfaces/cmake/export_turtle_control_interfaces__rosidl_typesupport_fastrtps_cppExport-noconfig.cmake
[3.739s] -- Installing: /home/lxf/Desktop/ROS/16.Launch_parameter/install/turtle_control_interfaces/share/turtle_control_interfaces/cmake/turtle_control_interfaces__rosidl_typesupport_introspection_cppExport.cmake
[3.739s] -- Installing: /home/lxf/Desktop/ROS/16.Launch_parameter/install/turtle_control_interfaces/share/turtle_control_interfaces/cmake/turtle_control_interfaces__rosidl_typesupport_introspection_cppExport-noconfig.cmake
[3.739s] -- Installing: /home/lxf/Desktop/ROS/16.Launch_parameter/install/turtle_control_interfaces/share/turtle_control_interfaces/cmake/turtle_control_interfaces__rosidl_typesupport_cppExport.cmake
[3.739s] -- Installing: /home/lxf/Desktop/ROS/16.Launch_parameter/install/turtle_control_interfaces/share/turtle_control_interfaces/cmake/turtle_control_interfaces__rosidl_typesupport_cppExport-noconfig.cmake
[3.740s] -- Installing: /home/lxf/Desktop/ROS/16.Launch_parameter/install/turtle_control_interfaces/share/turtle_control_interfaces/cmake/export_turtle_control_interfaces__rosidl_generator_pyExport.cmake
[3.740s] -- Installing: /home/lxf/Desktop/ROS/16.Launch_parameter/install/turtle_control_interfaces/share/turtle_control_interfaces/cmake/export_turtle_control_interfaces__rosidl_generator_pyExport-noconfig.cmake
[3.740s] -- Installing: /home/lxf/Desktop/ROS/16.Launch_parameter/install/turtle_control_interfaces/share/turtle_control_interfaces/cmake/rosidl_cmake-extras.cmake
[3.740s] -- Installing: /home/lxf/Desktop/ROS/16.Launch_parameter/install/turtle_control_interfaces/share/turtle_control_interfaces/cmake/ament_cmake_export_dependencies-extras.cmake
[3.740s] -- Installing: /home/lxf/Desktop/ROS/16.Launch_parameter/install/turtle_control_interfaces/share/turtle_control_interfaces/cmake/ament_cmake_export_include_directories-extras.cmake
[3.740s] -- Installing: /home/lxf/Desktop/ROS/16.Launch_parameter/install/turtle_control_interfaces/share/turtle_control_interfaces/cmake/ament_cmake_export_libraries-extras.cmake
[3.740s] -- Installing: /home/lxf/Desktop/ROS/16.Launch_parameter/install/turtle_control_interfaces/share/turtle_control_interfaces/cmake/ament_cmake_export_targets-extras.cmake
[3.740s] -- Installing: /home/lxf/Desktop/ROS/16.Launch_parameter/install/turtle_control_interfaces/share/turtle_control_interfaces/cmake/rosidl_cmake_export_typesupport_targets-extras.cmake
[3.740s] -- Installing: /home/lxf/Desktop/ROS/16.Launch_parameter/install/turtle_control_interfaces/share/turtle_control_interfaces/cmake/rosidl_cmake_export_typesupport_libraries-extras.cmake
[3.740s] -- Installing: /home/lxf/Desktop/ROS/16.Launch_parameter/install/turtle_control_interfaces/share/turtle_control_interfaces/cmake/turtle_control_interfacesConfig.cmake
[3.740s] -- Installing: /home/lxf/Desktop/ROS/16.Launch_parameter/install/turtle_control_interfaces/share/turtle_control_interfaces/cmake/turtle_control_interfacesConfig-version.cmake
[3.740s] -- Installing: /home/lxf/Desktop/ROS/16.Launch_parameter/install/turtle_control_interfaces/share/turtle_control_interfaces/package.xml
[3.741s] Invoked command in '/home/lxf/Desktop/ROS/16.Launch_parameter/build/turtle_control_interfaces' returned '0': CMAKE_PREFIX_PATH=/opt/ros/humble /usr/bin/cmake --install /home/lxf/Desktop/ROS/16.Launch_parameter/build/turtle_control_interfaces
