[0.007s] Invoking command in '/home/lxf/Desktop/ROS/12.turtle_control/build/turtle_control_interfaces': CMAKE_PREFIX_PATH=/opt/ros/humble /usr/bin/cmake --build /home/lxf/Desktop/ROS/12.turtle_control/build/turtle_control_interfaces -- -j16 -l16
[0.036s] [35m[1mConsolidate compiler generated dependencies of target turtle_control_interfaces__rosidl_generator_c[0m
[0.046s] [ 12%] Built target turtle_control_interfaces__rosidl_generator_c
[0.046s] [ 10%] Built target turtle_control_interfaces__cpp
[0.048s] [ 12%] Built target ament_cmake_python_copy_turtle_control_interfaces
[0.054s] [35m[1mConsolidate compiler generated dependencies of target turtle_control_interfaces__rosidl_typesupport_introspection_c[0m
[0.054s] [35m[1mConsolidate compiler generated dependencies of target turtle_control_interfaces__rosidl_typesupport_fastrtps_c[0m
[0.054s] [35m[1mConsolidate compiler generated dependencies of target turtle_control_interfaces__rosidl_typesupport_fastrtps_cpp[0m
[0.054s] [35m[1mConsolidate compiler generated dependencies of target turtle_control_interfaces__rosidl_typesupport_cpp[0m
[0.056s] [35m[1mConsolidate compiler generated dependencies of target turtle_control_interfaces__rosidl_typesupport_c[0m
[0.056s] [35m[1mConsolidate compiler generated dependencies of target turtle_control_interfaces__rosidl_typesupport_introspection_cpp[0m
[0.062s] [ 30%] Built target turtle_control_interfaces__rosidl_typesupport_fastrtps_c
[0.062s] [ 33%] Built target turtle_control_interfaces__rosidl_typesupport_cpp
[0.063s] [ 43%] Built target turtle_control_interfaces__rosidl_typesupport_introspection_c
[0.064s] [ 53%] Built target turtle_control_interfaces__rosidl_typesupport_fastrtps_cpp
[0.066s] [ 64%] Built target turtle_control_interfaces__rosidl_typesupport_introspection_cpp
[0.066s] [ 74%] Built target turtle_control_interfaces__rosidl_typesupport_c
[0.081s] [ 74%] Built target turtle_control_interfaces
[0.096s] [ 76%] Built target turtle_control_interfaces__py
[0.105s] [35m[1mConsolidate compiler generated dependencies of target turtle_control_interfaces__rosidl_generator_py[0m
[0.114s] [ 84%] Built target turtle_control_interfaces__rosidl_generator_py
[0.121s] [35m[1mConsolidate compiler generated dependencies of target turtle_control_interfaces__rosidl_typesupport_c__pyext[0m
[0.121s] [35m[1mConsolidate compiler generated dependencies of target turtle_control_interfaces__rosidl_typesupport_fastrtps_c__pyext[0m
[0.122s] [35m[1mConsolidate compiler generated dependencies of target turtle_control_interfaces__rosidl_typesupport_introspection_c__pyext[0m
[0.130s] [ 94%] Built target turtle_control_interfaces__rosidl_typesupport_introspection_c__pyext
[0.131s] [ 94%] Built target turtle_control_interfaces__rosidl_typesupport_c__pyext
[0.133s] [100%] Built target turtle_control_interfaces__rosidl_typesupport_fastrtps_c__pyext
[0.213s] running egg_info
[0.214s] writing turtle_control_interfaces.egg-info/PKG-INFO
[0.214s] writing dependency_links to turtle_control_interfaces.egg-info/dependency_links.txt
[0.214s] writing top-level names to turtle_control_interfaces.egg-info/top_level.txt
[0.216s] reading manifest file 'turtle_control_interfaces.egg-info/SOURCES.txt'
[0.216s] writing manifest file 'turtle_control_interfaces.egg-info/SOURCES.txt'
[0.237s] [100%] Built target ament_cmake_python_build_turtle_control_interfaces_egg
[0.248s] Invoked command in '/home/lxf/Desktop/ROS/12.turtle_control/build/turtle_control_interfaces' returned '0': CMAKE_PREFIX_PATH=/opt/ros/humble /usr/bin/cmake --build /home/lxf/Desktop/ROS/12.turtle_control/build/turtle_control_interfaces -- -j16 -l16
[0.250s] Invoking command in '/home/lxf/Desktop/ROS/12.turtle_control/build/turtle_control_interfaces': CMAKE_PREFIX_PATH=/opt/ros/humble /usr/bin/cmake --install /home/lxf/Desktop/ROS/12.turtle_control/build/turtle_control_interfaces
[0.260s] -- Install configuration: ""
[0.260s] -- Up-to-date: /home/lxf/Desktop/ROS/12.turtle_control/install/turtle_control_interfaces/share/ament_index/resource_index/rosidl_interfaces/turtle_control_interfaces
[0.260s] -- Up-to-date: /home/lxf/Desktop/ROS/12.turtle_control/install/turtle_control_interfaces/include/turtle_control_interfaces/turtle_control_interfaces
[0.260s] -- Up-to-date: /home/lxf/Desktop/ROS/12.turtle_control/install/turtle_control_interfaces/include/turtle_control_interfaces/turtle_control_interfaces/srv
[0.260s] -- Up-to-date: /home/lxf/Desktop/ROS/12.turtle_control/install/turtle_control_interfaces/include/turtle_control_interfaces/turtle_control_interfaces/srv/patrol.h
[0.260s] -- Up-to-date: /home/lxf/Desktop/ROS/12.turtle_control/install/turtle_control_interfaces/include/turtle_control_interfaces/turtle_control_interfaces/srv/detail
[0.260s] -- Up-to-date: /home/lxf/Desktop/ROS/12.turtle_control/install/turtle_control_interfaces/include/turtle_control_interfaces/turtle_control_interfaces/srv/detail/patrol__struct.h
[0.260s] -- Up-to-date: /home/lxf/Desktop/ROS/12.turtle_control/install/turtle_control_interfaces/include/turtle_control_interfaces/turtle_control_interfaces/srv/detail/face_detector__struct.h
[0.261s] -- Up-to-date: /home/lxf/Desktop/ROS/12.turtle_control/install/turtle_control_interfaces/include/turtle_control_interfaces/turtle_control_interfaces/srv/detail/patrol__type_support.h
[0.261s] -- Up-to-date: /home/lxf/Desktop/ROS/12.turtle_control/install/turtle_control_interfaces/include/turtle_control_interfaces/turtle_control_interfaces/srv/detail/patrol__functions.c
[0.261s] -- Up-to-date: /home/lxf/Desktop/ROS/12.turtle_control/install/turtle_control_interfaces/include/turtle_control_interfaces/turtle_control_interfaces/srv/detail/face_detector__functions.c
[0.261s] -- Up-to-date: /home/lxf/Desktop/ROS/12.turtle_control/install/turtle_control_interfaces/include/turtle_control_interfaces/turtle_control_interfaces/srv/detail/face_detector__type_support.h
[0.261s] -- Up-to-date: /home/lxf/Desktop/ROS/12.turtle_control/install/turtle_control_interfaces/include/turtle_control_interfaces/turtle_control_interfaces/srv/detail/patrol__functions.h
[0.261s] -- Up-to-date: /home/lxf/Desktop/ROS/12.turtle_control/install/turtle_control_interfaces/include/turtle_control_interfaces/turtle_control_interfaces/srv/detail/face_detector__functions.h
[0.261s] -- Up-to-date: /home/lxf/Desktop/ROS/12.turtle_control/install/turtle_control_interfaces/include/turtle_control_interfaces/turtle_control_interfaces/srv/face_detector.h
[0.261s] -- Up-to-date: /home/lxf/Desktop/ROS/12.turtle_control/install/turtle_control_interfaces/include/turtle_control_interfaces/turtle_control_interfaces/msg
[0.261s] -- Up-to-date: /home/lxf/Desktop/ROS/12.turtle_control/install/turtle_control_interfaces/include/turtle_control_interfaces/turtle_control_interfaces/msg/rosidl_generator_c__visibility_control.h
[0.261s] -- Up-to-date: /home/lxf/Desktop/ROS/12.turtle_control/install/turtle_control_interfaces/share/turtle_control_interfaces/environment/library_path.sh
[0.261s] -- Up-to-date: /home/lxf/Desktop/ROS/12.turtle_control/install/turtle_control_interfaces/share/turtle_control_interfaces/environment/library_path.dsv
[0.261s] -- Up-to-date: /home/lxf/Desktop/ROS/12.turtle_control/install/turtle_control_interfaces/lib/libturtle_control_interfaces__rosidl_generator_c.so
[0.261s] -- Up-to-date: /home/lxf/Desktop/ROS/12.turtle_control/install/turtle_control_interfaces/include/turtle_control_interfaces/turtle_control_interfaces
[0.261s] -- Up-to-date: /home/lxf/Desktop/ROS/12.turtle_control/install/turtle_control_interfaces/include/turtle_control_interfaces/turtle_control_interfaces/srv
[0.261s] -- Up-to-date: /home/lxf/Desktop/ROS/12.turtle_control/install/turtle_control_interfaces/include/turtle_control_interfaces/turtle_control_interfaces/srv/detail
[0.262s] -- Up-to-date: /home/lxf/Desktop/ROS/12.turtle_control/install/turtle_control_interfaces/include/turtle_control_interfaces/turtle_control_interfaces/srv/detail/patrol__rosidl_typesupport_fastrtps_c.h
[0.262s] -- Up-to-date: /home/lxf/Desktop/ROS/12.turtle_control/install/turtle_control_interfaces/include/turtle_control_interfaces/turtle_control_interfaces/srv/detail/face_detector__rosidl_typesupport_fastrtps_c.h
[0.262s] -- Up-to-date: /home/lxf/Desktop/ROS/12.turtle_control/install/turtle_control_interfaces/include/turtle_control_interfaces/turtle_control_interfaces/msg
[0.262s] -- Up-to-date: /home/lxf/Desktop/ROS/12.turtle_control/install/turtle_control_interfaces/include/turtle_control_interfaces/turtle_control_interfaces/msg/rosidl_typesupport_fastrtps_c__visibility_control.h
[0.262s] -- Up-to-date: /home/lxf/Desktop/ROS/12.turtle_control/install/turtle_control_interfaces/lib/libturtle_control_interfaces__rosidl_typesupport_fastrtps_c.so
[0.262s] -- Up-to-date: /home/lxf/Desktop/ROS/12.turtle_control/install/turtle_control_interfaces/include/turtle_control_interfaces/turtle_control_interfaces
[0.262s] -- Up-to-date: /home/lxf/Desktop/ROS/12.turtle_control/install/turtle_control_interfaces/include/turtle_control_interfaces/turtle_control_interfaces/srv
[0.262s] -- Up-to-date: /home/lxf/Desktop/ROS/12.turtle_control/install/turtle_control_interfaces/include/turtle_control_interfaces/turtle_control_interfaces/srv/detail
[0.262s] -- Up-to-date: /home/lxf/Desktop/ROS/12.turtle_control/install/turtle_control_interfaces/include/turtle_control_interfaces/turtle_control_interfaces/srv/detail/face_detector__rosidl_typesupport_introspection_c.h
[0.262s] -- Up-to-date: /home/lxf/Desktop/ROS/12.turtle_control/install/turtle_control_interfaces/include/turtle_control_interfaces/turtle_control_interfaces/srv/detail/face_detector__type_support.c
[0.262s] -- Up-to-date: /home/lxf/Desktop/ROS/12.turtle_control/install/turtle_control_interfaces/include/turtle_control_interfaces/turtle_control_interfaces/srv/detail/patrol__rosidl_typesupport_introspection_c.h
[0.262s] -- Up-to-date: /home/lxf/Desktop/ROS/12.turtle_control/install/turtle_control_interfaces/include/turtle_control_interfaces/turtle_control_interfaces/srv/detail/patrol__type_support.c
[0.262s] -- Up-to-date: /home/lxf/Desktop/ROS/12.turtle_control/install/turtle_control_interfaces/include/turtle_control_interfaces/turtle_control_interfaces/msg
[0.262s] -- Up-to-date: /home/lxf/Desktop/ROS/12.turtle_control/install/turtle_control_interfaces/include/turtle_control_interfaces/turtle_control_interfaces/msg/rosidl_typesupport_introspection_c__visibility_control.h
[0.262s] -- Up-to-date: /home/lxf/Desktop/ROS/12.turtle_control/install/turtle_control_interfaces/lib/libturtle_control_interfaces__rosidl_typesupport_introspection_c.so
[0.263s] -- Up-to-date: /home/lxf/Desktop/ROS/12.turtle_control/install/turtle_control_interfaces/lib/libturtle_control_interfaces__rosidl_typesupport_c.so
[0.263s] -- Up-to-date: /home/lxf/Desktop/ROS/12.turtle_control/install/turtle_control_interfaces/include/turtle_control_interfaces/turtle_control_interfaces
[0.263s] -- Up-to-date: /home/lxf/Desktop/ROS/12.turtle_control/install/turtle_control_interfaces/include/turtle_control_interfaces/turtle_control_interfaces/srv
[0.263s] -- Up-to-date: /home/lxf/Desktop/ROS/12.turtle_control/install/turtle_control_interfaces/include/turtle_control_interfaces/turtle_control_interfaces/srv/patrol.hpp
[0.263s] -- Up-to-date: /home/lxf/Desktop/ROS/12.turtle_control/install/turtle_control_interfaces/include/turtle_control_interfaces/turtle_control_interfaces/srv/detail
[0.263s] -- Up-to-date: /home/lxf/Desktop/ROS/12.turtle_control/install/turtle_control_interfaces/include/turtle_control_interfaces/turtle_control_interfaces/srv/detail/face_detector__traits.hpp
[0.263s] -- Up-to-date: /home/lxf/Desktop/ROS/12.turtle_control/install/turtle_control_interfaces/include/turtle_control_interfaces/turtle_control_interfaces/srv/detail/patrol__builder.hpp
[0.263s] -- Up-to-date: /home/lxf/Desktop/ROS/12.turtle_control/install/turtle_control_interfaces/include/turtle_control_interfaces/turtle_control_interfaces/srv/detail/patrol__struct.hpp
[0.264s] -- Up-to-date: /home/lxf/Desktop/ROS/12.turtle_control/install/turtle_control_interfaces/include/turtle_control_interfaces/turtle_control_interfaces/srv/detail/face_detector__type_support.hpp
[0.264s] -- Up-to-date: /home/lxf/Desktop/ROS/12.turtle_control/install/turtle_control_interfaces/include/turtle_control_interfaces/turtle_control_interfaces/srv/detail/face_detector__struct.hpp
[0.264s] -- Up-to-date: /home/lxf/Desktop/ROS/12.turtle_control/install/turtle_control_interfaces/include/turtle_control_interfaces/turtle_control_interfaces/srv/detail/face_detector__builder.hpp
[0.264s] -- Up-to-date: /home/lxf/Desktop/ROS/12.turtle_control/install/turtle_control_interfaces/include/turtle_control_interfaces/turtle_control_interfaces/srv/detail/patrol__type_support.hpp
[0.264s] -- Up-to-date: /home/lxf/Desktop/ROS/12.turtle_control/install/turtle_control_interfaces/include/turtle_control_interfaces/turtle_control_interfaces/srv/detail/patrol__traits.hpp
[0.264s] -- Up-to-date: /home/lxf/Desktop/ROS/12.turtle_control/install/turtle_control_interfaces/include/turtle_control_interfaces/turtle_control_interfaces/srv/face_detector.hpp
[0.264s] -- Up-to-date: /home/lxf/Desktop/ROS/12.turtle_control/install/turtle_control_interfaces/include/turtle_control_interfaces/turtle_control_interfaces/msg
[0.264s] -- Up-to-date: /home/lxf/Desktop/ROS/12.turtle_control/install/turtle_control_interfaces/include/turtle_control_interfaces/turtle_control_interfaces/msg/rosidl_generator_cpp__visibility_control.hpp
[0.264s] -- Up-to-date: /home/lxf/Desktop/ROS/12.turtle_control/install/turtle_control_interfaces/include/turtle_control_interfaces/turtle_control_interfaces
[0.264s] -- Up-to-date: /home/lxf/Desktop/ROS/12.turtle_control/install/turtle_control_interfaces/include/turtle_control_interfaces/turtle_control_interfaces/srv
[0.264s] -- Up-to-date: /home/lxf/Desktop/ROS/12.turtle_control/install/turtle_control_interfaces/include/turtle_control_interfaces/turtle_control_interfaces/srv/detail
[0.264s] -- Up-to-date: /home/lxf/Desktop/ROS/12.turtle_control/install/turtle_control_interfaces/include/turtle_control_interfaces/turtle_control_interfaces/srv/detail/face_detector__rosidl_typesupport_fastrtps_cpp.hpp
[0.264s] -- Up-to-date: /home/lxf/Desktop/ROS/12.turtle_control/install/turtle_control_interfaces/include/turtle_control_interfaces/turtle_control_interfaces/srv/detail/dds_fastrtps
[0.264s] -- Up-to-date: /home/lxf/Desktop/ROS/12.turtle_control/install/turtle_control_interfaces/include/turtle_control_interfaces/turtle_control_interfaces/srv/detail/patrol__rosidl_typesupport_fastrtps_cpp.hpp
[0.264s] -- Up-to-date: /home/lxf/Desktop/ROS/12.turtle_control/install/turtle_control_interfaces/include/turtle_control_interfaces/turtle_control_interfaces/msg
[0.264s] -- Up-to-date: /home/lxf/Desktop/ROS/12.turtle_control/install/turtle_control_interfaces/include/turtle_control_interfaces/turtle_control_interfaces/msg/rosidl_typesupport_fastrtps_cpp__visibility_control.h
[0.264s] -- Up-to-date: /home/lxf/Desktop/ROS/12.turtle_control/install/turtle_control_interfaces/lib/libturtle_control_interfaces__rosidl_typesupport_fastrtps_cpp.so
[0.264s] -- Up-to-date: /home/lxf/Desktop/ROS/12.turtle_control/install/turtle_control_interfaces/include/turtle_control_interfaces/turtle_control_interfaces
[0.264s] -- Up-to-date: /home/lxf/Desktop/ROS/12.turtle_control/install/turtle_control_interfaces/include/turtle_control_interfaces/turtle_control_interfaces/srv
[0.264s] -- Up-to-date: /home/lxf/Desktop/ROS/12.turtle_control/install/turtle_control_interfaces/include/turtle_control_interfaces/turtle_control_interfaces/srv/detail
[0.264s] -- Up-to-date: /home/lxf/Desktop/ROS/12.turtle_control/install/turtle_control_interfaces/include/turtle_control_interfaces/turtle_control_interfaces/srv/detail/patrol__rosidl_typesupport_introspection_cpp.hpp
[0.264s] -- Up-to-date: /home/lxf/Desktop/ROS/12.turtle_control/install/turtle_control_interfaces/include/turtle_control_interfaces/turtle_control_interfaces/srv/detail/face_detector__type_support.cpp
[0.264s] -- Up-to-date: /home/lxf/Desktop/ROS/12.turtle_control/install/turtle_control_interfaces/include/turtle_control_interfaces/turtle_control_interfaces/srv/detail/patrol__type_support.cpp
[0.264s] -- Up-to-date: /home/lxf/Desktop/ROS/12.turtle_control/install/turtle_control_interfaces/include/turtle_control_interfaces/turtle_control_interfaces/srv/detail/face_detector__rosidl_typesupport_introspection_cpp.hpp
[0.265s] -- Up-to-date: /home/lxf/Desktop/ROS/12.turtle_control/install/turtle_control_interfaces/lib/libturtle_control_interfaces__rosidl_typesupport_introspection_cpp.so
[0.265s] -- Up-to-date: /home/lxf/Desktop/ROS/12.turtle_control/install/turtle_control_interfaces/lib/libturtle_control_interfaces__rosidl_typesupport_cpp.so
[0.265s] -- Up-to-date: /home/lxf/Desktop/ROS/12.turtle_control/install/turtle_control_interfaces/share/turtle_control_interfaces/environment/pythonpath.sh
[0.265s] -- Up-to-date: /home/lxf/Desktop/ROS/12.turtle_control/install/turtle_control_interfaces/share/turtle_control_interfaces/environment/pythonpath.dsv
[0.265s] -- Up-to-date: /home/lxf/Desktop/ROS/12.turtle_control/install/turtle_control_interfaces/local/lib/python3.10/dist-packages/turtle_control_interfaces-0.0.0-py3.10.egg-info
[0.265s] -- Installing: /home/lxf/Desktop/ROS/12.turtle_control/install/turtle_control_interfaces/local/lib/python3.10/dist-packages/turtle_control_interfaces-0.0.0-py3.10.egg-info/PKG-INFO
[0.265s] -- Installing: /home/lxf/Desktop/ROS/12.turtle_control/install/turtle_control_interfaces/local/lib/python3.10/dist-packages/turtle_control_interfaces-0.0.0-py3.10.egg-info/top_level.txt
[0.265s] -- Installing: /home/lxf/Desktop/ROS/12.turtle_control/install/turtle_control_interfaces/local/lib/python3.10/dist-packages/turtle_control_interfaces-0.0.0-py3.10.egg-info/SOURCES.txt
[0.265s] -- Installing: /home/lxf/Desktop/ROS/12.turtle_control/install/turtle_control_interfaces/local/lib/python3.10/dist-packages/turtle_control_interfaces-0.0.0-py3.10.egg-info/dependency_links.txt
[0.265s] -- Up-to-date: /home/lxf/Desktop/ROS/12.turtle_control/install/turtle_control_interfaces/local/lib/python3.10/dist-packages/turtle_control_interfaces
[0.265s] -- Up-to-date: /home/lxf/Desktop/ROS/12.turtle_control/install/turtle_control_interfaces/local/lib/python3.10/dist-packages/turtle_control_interfaces/turtle_control_interfaces_s__rosidl_typesupport_introspection_c.cpython-310-x86_64-linux-gnu.so
[0.265s] -- Up-to-date: /home/lxf/Desktop/ROS/12.turtle_control/install/turtle_control_interfaces/local/lib/python3.10/dist-packages/turtle_control_interfaces/libturtle_control_interfaces__rosidl_generator_py.so
[0.265s] -- Up-to-date: /home/lxf/Desktop/ROS/12.turtle_control/install/turtle_control_interfaces/local/lib/python3.10/dist-packages/turtle_control_interfaces/srv
[0.265s] -- Up-to-date: /home/lxf/Desktop/ROS/12.turtle_control/install/turtle_control_interfaces/local/lib/python3.10/dist-packages/turtle_control_interfaces/srv/_face_detector_s.c
[0.265s] -- Up-to-date: /home/lxf/Desktop/ROS/12.turtle_control/install/turtle_control_interfaces/local/lib/python3.10/dist-packages/turtle_control_interfaces/srv/_patrol_s.c
[0.265s] -- Up-to-date: /home/lxf/Desktop/ROS/12.turtle_control/install/turtle_control_interfaces/local/lib/python3.10/dist-packages/turtle_control_interfaces/srv/_face_detector.py
[0.265s] -- Up-to-date: /home/lxf/Desktop/ROS/12.turtle_control/install/turtle_control_interfaces/local/lib/python3.10/dist-packages/turtle_control_interfaces/srv/_patrol.py
[0.265s] -- Up-to-date: /home/lxf/Desktop/ROS/12.turtle_control/install/turtle_control_interfaces/local/lib/python3.10/dist-packages/turtle_control_interfaces/srv/__init__.py
[0.265s] -- Up-to-date: /home/lxf/Desktop/ROS/12.turtle_control/install/turtle_control_interfaces/local/lib/python3.10/dist-packages/turtle_control_interfaces/_turtle_control_interfaces_s.ep.rosidl_typesupport_introspection_c.c
[0.265s] -- Up-to-date: /home/lxf/Desktop/ROS/12.turtle_control/install/turtle_control_interfaces/local/lib/python3.10/dist-packages/turtle_control_interfaces/turtle_control_interfaces_s__rosidl_typesupport_fastrtps_c.cpython-310-x86_64-linux-gnu.so
[0.265s] -- Up-to-date: /home/lxf/Desktop/ROS/12.turtle_control/install/turtle_control_interfaces/local/lib/python3.10/dist-packages/turtle_control_interfaces/turtle_control_interfaces_s__rosidl_typesupport_c.cpython-310-x86_64-linux-gnu.so
[0.265s] -- Up-to-date: /home/lxf/Desktop/ROS/12.turtle_control/install/turtle_control_interfaces/local/lib/python3.10/dist-packages/turtle_control_interfaces/_turtle_control_interfaces_s.ep.rosidl_typesupport_fastrtps_c.c
[0.266s] -- Up-to-date: /home/lxf/Desktop/ROS/12.turtle_control/install/turtle_control_interfaces/local/lib/python3.10/dist-packages/turtle_control_interfaces/_turtle_control_interfaces_s.ep.rosidl_typesupport_c.c
[0.266s] -- Up-to-date: /home/lxf/Desktop/ROS/12.turtle_control/install/turtle_control_interfaces/local/lib/python3.10/dist-packages/turtle_control_interfaces/__init__.py
[0.291s] Listing '/home/lxf/Desktop/ROS/12.turtle_control/install/turtle_control_interfaces/local/lib/python3.10/dist-packages/turtle_control_interfaces'...
[0.291s] Listing '/home/lxf/Desktop/ROS/12.turtle_control/install/turtle_control_interfaces/local/lib/python3.10/dist-packages/turtle_control_interfaces/srv'...
[0.295s] -- Up-to-date: /home/lxf/Desktop/ROS/12.turtle_control/install/turtle_control_interfaces/local/lib/python3.10/dist-packages/turtle_control_interfaces/turtle_control_interfaces_s__rosidl_typesupport_fastrtps_c.cpython-310-x86_64-linux-gnu.so
[0.296s] -- Up-to-date: /home/lxf/Desktop/ROS/12.turtle_control/install/turtle_control_interfaces/local/lib/python3.10/dist-packages/turtle_control_interfaces/turtle_control_interfaces_s__rosidl_typesupport_introspection_c.cpython-310-x86_64-linux-gnu.so
[0.296s] -- Up-to-date: /home/lxf/Desktop/ROS/12.turtle_control/install/turtle_control_interfaces/local/lib/python3.10/dist-packages/turtle_control_interfaces/turtle_control_interfaces_s__rosidl_typesupport_c.cpython-310-x86_64-linux-gnu.so
[0.296s] -- Up-to-date: /home/lxf/Desktop/ROS/12.turtle_control/install/turtle_control_interfaces/lib/libturtle_control_interfaces__rosidl_generator_py.so
[0.296s] -- Up-to-date: /home/lxf/Desktop/ROS/12.turtle_control/install/turtle_control_interfaces/share/turtle_control_interfaces/srv/FaceDetector.idl
[0.296s] -- Up-to-date: /home/lxf/Desktop/ROS/12.turtle_control/install/turtle_control_interfaces/share/turtle_control_interfaces/srv/Patrol.idl
[0.296s] -- Up-to-date: /home/lxf/Desktop/ROS/12.turtle_control/install/turtle_control_interfaces/share/turtle_control_interfaces/srv/FaceDetector.srv
[0.297s] -- Up-to-date: /home/lxf/Desktop/ROS/12.turtle_control/install/turtle_control_interfaces/share/turtle_control_interfaces/srv/FaceDetector_Request.msg
[0.297s] -- Up-to-date: /home/lxf/Desktop/ROS/12.turtle_control/install/turtle_control_interfaces/share/turtle_control_interfaces/srv/FaceDetector_Response.msg
[0.297s] -- Up-to-date: /home/lxf/Desktop/ROS/12.turtle_control/install/turtle_control_interfaces/share/turtle_control_interfaces/srv/Patrol.srv
[0.297s] -- Up-to-date: /home/lxf/Desktop/ROS/12.turtle_control/install/turtle_control_interfaces/share/turtle_control_interfaces/srv/Patrol_Request.msg
[0.297s] -- Up-to-date: /home/lxf/Desktop/ROS/12.turtle_control/install/turtle_control_interfaces/share/turtle_control_interfaces/srv/Patrol_Response.msg
[0.297s] -- Up-to-date: /home/lxf/Desktop/ROS/12.turtle_control/install/turtle_control_interfaces/share/ament_index/resource_index/package_run_dependencies/turtle_control_interfaces
[0.297s] -- Up-to-date: /home/lxf/Desktop/ROS/12.turtle_control/install/turtle_control_interfaces/share/ament_index/resource_index/parent_prefix_path/turtle_control_interfaces
[0.298s] -- Up-to-date: /home/lxf/Desktop/ROS/12.turtle_control/install/turtle_control_interfaces/share/turtle_control_interfaces/environment/ament_prefix_path.sh
[0.298s] -- Up-to-date: /home/lxf/Desktop/ROS/12.turtle_control/install/turtle_control_interfaces/share/turtle_control_interfaces/environment/ament_prefix_path.dsv
[0.298s] -- Up-to-date: /home/lxf/Desktop/ROS/12.turtle_control/install/turtle_control_interfaces/share/turtle_control_interfaces/environment/path.sh
[0.298s] -- Up-to-date: /home/lxf/Desktop/ROS/12.turtle_control/install/turtle_control_interfaces/share/turtle_control_interfaces/environment/path.dsv
[0.298s] -- Up-to-date: /home/lxf/Desktop/ROS/12.turtle_control/install/turtle_control_interfaces/share/turtle_control_interfaces/local_setup.bash
[0.298s] -- Up-to-date: /home/lxf/Desktop/ROS/12.turtle_control/install/turtle_control_interfaces/share/turtle_control_interfaces/local_setup.sh
[0.298s] -- Up-to-date: /home/lxf/Desktop/ROS/12.turtle_control/install/turtle_control_interfaces/share/turtle_control_interfaces/local_setup.zsh
[0.298s] -- Up-to-date: /home/lxf/Desktop/ROS/12.turtle_control/install/turtle_control_interfaces/share/turtle_control_interfaces/local_setup.dsv
[0.298s] -- Installing: /home/lxf/Desktop/ROS/12.turtle_control/install/turtle_control_interfaces/share/turtle_control_interfaces/package.dsv
[0.298s] -- Up-to-date: /home/lxf/Desktop/ROS/12.turtle_control/install/turtle_control_interfaces/share/ament_index/resource_index/packages/turtle_control_interfaces
[0.298s] -- Up-to-date: /home/lxf/Desktop/ROS/12.turtle_control/install/turtle_control_interfaces/share/turtle_control_interfaces/cmake/export_turtle_control_interfaces__rosidl_generator_cExport.cmake
[0.298s] -- Up-to-date: /home/lxf/Desktop/ROS/12.turtle_control/install/turtle_control_interfaces/share/turtle_control_interfaces/cmake/export_turtle_control_interfaces__rosidl_generator_cExport-noconfig.cmake
[0.298s] -- Up-to-date: /home/lxf/Desktop/ROS/12.turtle_control/install/turtle_control_interfaces/share/turtle_control_interfaces/cmake/export_turtle_control_interfaces__rosidl_typesupport_fastrtps_cExport.cmake
[0.298s] -- Up-to-date: /home/lxf/Desktop/ROS/12.turtle_control/install/turtle_control_interfaces/share/turtle_control_interfaces/cmake/export_turtle_control_interfaces__rosidl_typesupport_fastrtps_cExport-noconfig.cmake
[0.298s] -- Up-to-date: /home/lxf/Desktop/ROS/12.turtle_control/install/turtle_control_interfaces/share/turtle_control_interfaces/cmake/turtle_control_interfaces__rosidl_typesupport_introspection_cExport.cmake
[0.298s] -- Up-to-date: /home/lxf/Desktop/ROS/12.turtle_control/install/turtle_control_interfaces/share/turtle_control_interfaces/cmake/turtle_control_interfaces__rosidl_typesupport_introspection_cExport-noconfig.cmake
[0.298s] -- Up-to-date: /home/lxf/Desktop/ROS/12.turtle_control/install/turtle_control_interfaces/share/turtle_control_interfaces/cmake/turtle_control_interfaces__rosidl_typesupport_cExport.cmake
[0.298s] -- Up-to-date: /home/lxf/Desktop/ROS/12.turtle_control/install/turtle_control_interfaces/share/turtle_control_interfaces/cmake/turtle_control_interfaces__rosidl_typesupport_cExport-noconfig.cmake
[0.298s] -- Up-to-date: /home/lxf/Desktop/ROS/12.turtle_control/install/turtle_control_interfaces/share/turtle_control_interfaces/cmake/export_turtle_control_interfaces__rosidl_generator_cppExport.cmake
[0.298s] -- Up-to-date: /home/lxf/Desktop/ROS/12.turtle_control/install/turtle_control_interfaces/share/turtle_control_interfaces/cmake/export_turtle_control_interfaces__rosidl_typesupport_fastrtps_cppExport.cmake
[0.298s] -- Up-to-date: /home/lxf/Desktop/ROS/12.turtle_control/install/turtle_control_interfaces/share/turtle_control_interfaces/cmake/export_turtle_control_interfaces__rosidl_typesupport_fastrtps_cppExport-noconfig.cmake
[0.298s] -- Up-to-date: /home/lxf/Desktop/ROS/12.turtle_control/install/turtle_control_interfaces/share/turtle_control_interfaces/cmake/turtle_control_interfaces__rosidl_typesupport_introspection_cppExport.cmake
[0.298s] -- Up-to-date: /home/lxf/Desktop/ROS/12.turtle_control/install/turtle_control_interfaces/share/turtle_control_interfaces/cmake/turtle_control_interfaces__rosidl_typesupport_introspection_cppExport-noconfig.cmake
[0.298s] -- Up-to-date: /home/lxf/Desktop/ROS/12.turtle_control/install/turtle_control_interfaces/share/turtle_control_interfaces/cmake/turtle_control_interfaces__rosidl_typesupport_cppExport.cmake
[0.298s] -- Up-to-date: /home/lxf/Desktop/ROS/12.turtle_control/install/turtle_control_interfaces/share/turtle_control_interfaces/cmake/turtle_control_interfaces__rosidl_typesupport_cppExport-noconfig.cmake
[0.299s] -- Up-to-date: /home/lxf/Desktop/ROS/12.turtle_control/install/turtle_control_interfaces/share/turtle_control_interfaces/cmake/export_turtle_control_interfaces__rosidl_generator_pyExport.cmake
[0.299s] -- Up-to-date: /home/lxf/Desktop/ROS/12.turtle_control/install/turtle_control_interfaces/share/turtle_control_interfaces/cmake/export_turtle_control_interfaces__rosidl_generator_pyExport-noconfig.cmake
[0.299s] -- Up-to-date: /home/lxf/Desktop/ROS/12.turtle_control/install/turtle_control_interfaces/share/turtle_control_interfaces/cmake/rosidl_cmake-extras.cmake
[0.299s] -- Up-to-date: /home/lxf/Desktop/ROS/12.turtle_control/install/turtle_control_interfaces/share/turtle_control_interfaces/cmake/ament_cmake_export_dependencies-extras.cmake
[0.299s] -- Up-to-date: /home/lxf/Desktop/ROS/12.turtle_control/install/turtle_control_interfaces/share/turtle_control_interfaces/cmake/ament_cmake_export_include_directories-extras.cmake
[0.299s] -- Up-to-date: /home/lxf/Desktop/ROS/12.turtle_control/install/turtle_control_interfaces/share/turtle_control_interfaces/cmake/ament_cmake_export_libraries-extras.cmake
[0.299s] -- Up-to-date: /home/lxf/Desktop/ROS/12.turtle_control/install/turtle_control_interfaces/share/turtle_control_interfaces/cmake/ament_cmake_export_targets-extras.cmake
[0.299s] -- Up-to-date: /home/lxf/Desktop/ROS/12.turtle_control/install/turtle_control_interfaces/share/turtle_control_interfaces/cmake/rosidl_cmake_export_typesupport_targets-extras.cmake
[0.299s] -- Up-to-date: /home/lxf/Desktop/ROS/12.turtle_control/install/turtle_control_interfaces/share/turtle_control_interfaces/cmake/rosidl_cmake_export_typesupport_libraries-extras.cmake
[0.299s] -- Up-to-date: /home/lxf/Desktop/ROS/12.turtle_control/install/turtle_control_interfaces/share/turtle_control_interfaces/cmake/turtle_control_interfacesConfig.cmake
[0.299s] -- Up-to-date: /home/lxf/Desktop/ROS/12.turtle_control/install/turtle_control_interfaces/share/turtle_control_interfaces/cmake/turtle_control_interfacesConfig-version.cmake
[0.299s] -- Up-to-date: /home/lxf/Desktop/ROS/12.turtle_control/install/turtle_control_interfaces/share/turtle_control_interfaces/package.xml
[0.300s] Invoked command in '/home/lxf/Desktop/ROS/12.turtle_control/build/turtle_control_interfaces' returned '0': CMAKE_PREFIX_PATH=/opt/ros/humble /usr/bin/cmake --install /home/lxf/Desktop/ROS/12.turtle_control/build/turtle_control_interfaces
