[0.008s] Invoking command in '/home/lxf/Desktop/ROS/13.Parameter_Python/build/face_interfaces': CMAKE_PREFIX_PATH=/opt/ros/humble /usr/bin/cmake /home/lxf/Desktop/ROS/13.Parameter_Python/src/face_interfaces -DCMAKE_INSTALL_PREFIX=/home/lxf/Desktop/ROS/13.Parameter_Python/install/face_interfaces
[0.084s] -- The C compiler identification is GNU 11.4.0
[0.135s] -- The CXX compiler identification is GNU 11.4.0
[0.144s] -- Detecting C compiler ABI info
[0.203s] -- Detecting C compiler ABI info - done
[0.209s] -- Check for working C compiler: /usr/bin/cc - skipped
[0.209s] -- Detecting C compile features
[0.210s] -- Detecting C compile features - done
[0.213s] -- Detecting CXX compiler ABI info
[0.297s] -- Detecting CXX compiler ABI info - done
[0.318s] -- Check for working CXX compiler: /usr/bin/c++ - skipped
[0.318s] -- Detecting CXX compile features
[0.319s] -- Detecting CXX compile features - done
[0.331s] -- Found ament_cmake: 1.3.12 (/opt/ros/humble/share/ament_cmake/cmake)
[0.670s] -- Found Python3: /usr/bin/python3 (found version "3.10.12") found components: Interpreter 
[0.971s] -- Found sensor_msgs: 4.9.0 (/opt/ros/humble/share/sensor_msgs/cmake)
[1.034s] -- Found rosidl_generator_c: 3.1.7 (/opt/ros/humble/share/rosidl_generator_c/cmake)
[1.042s] -- Found rosidl_adapter: 3.1.7 (/opt/ros/humble/share/rosidl_adapter/cmake)
[1.055s] -- Found rosidl_generator_cpp: 3.1.7 (/opt/ros/humble/share/rosidl_generator_cpp/cmake)
[1.081s] -- Using all available rosidl_typesupport_c: rosidl_typesupport_fastrtps_c;rosidl_typesupport_introspection_c
[1.111s] -- Using all available rosidl_typesupport_cpp: rosidl_typesupport_fastrtps_cpp;rosidl_typesupport_introspection_cpp
[1.218s] -- Found rosidl_default_generators: 1.2.0 (/opt/ros/humble/share/rosidl_default_generators/cmake)
[1.679s] -- Found ament_cmake_ros: 0.10.0 (/opt/ros/humble/share/ament_cmake_ros/cmake)
[2.356s] -- Using all available rosidl_typesupport_c: rosidl_typesupport_fastrtps_c;rosidl_typesupport_introspection_c
[2.617s] -- Using all available rosidl_typesupport_cpp: rosidl_typesupport_fastrtps_cpp;rosidl_typesupport_introspection_cpp
[2.650s] -- Found PythonInterp: /usr/bin/python3 (found suitable version "3.10.12", minimum required is "3.6") 
[2.652s] -- Found python_cmake_module: 0.10.0 (/opt/ros/humble/share/python_cmake_module/cmake)
[2.687s] -- Found PythonLibs: /usr/lib/x86_64-linux-gnu/libpython3.10.so (found suitable version "3.10.12", minimum required is "3.5") 
[2.687s] -- Using PYTHON_EXECUTABLE: /usr/bin/python3
[2.687s] -- Using PYTHON_INCLUDE_DIRS: /usr/include/python3.10
[2.687s] -- Using PYTHON_LIBRARIES: /usr/lib/x86_64-linux-gnu/libpython3.10.so
[2.712s] -- Found PythonExtra: .so  
[2.803s] -- Found ament_lint_auto: 0.12.14 (/opt/ros/humble/share/ament_lint_auto/cmake)
[2.835s] -- Added test 'lint_cmake' to check CMake code style
[2.837s] -- Added test 'xmllint' to check XML markup files
[2.840s] -- Configuring done
[2.894s] -- Generating done
[2.913s] -- Build files have been written to: /home/lxf/Desktop/ROS/13.Parameter_Python/build/face_interfaces
[2.925s] Invoked command in '/home/lxf/Desktop/ROS/13.Parameter_Python/build/face_interfaces' returned '0': CMAKE_PREFIX_PATH=/opt/ros/humble /usr/bin/cmake /home/lxf/Desktop/ROS/13.Parameter_Python/src/face_interfaces -DCMAKE_INSTALL_PREFIX=/home/lxf/Desktop/ROS/13.Parameter_Python/install/face_interfaces
[2.929s] Invoking command in '/home/lxf/Desktop/ROS/13.Parameter_Python/build/face_interfaces': CMAKE_PREFIX_PATH=/opt/ros/humble /usr/bin/cmake --build /home/lxf/Desktop/ROS/13.Parameter_Python/build/face_interfaces -- -j16 -l16
[2.986s] [  3%] [34m[1mGenerating C code for ROS interfaces[0m
[3.002s] [  6%] [34m[1mGenerating C++ code for ROS interfaces[0m
[3.027s] [  6%] Built target ament_cmake_python_copy_face_interfaces
[3.411s] running egg_info
[3.413s] creating face_interfaces.egg-info
[3.413s] writing face_interfaces.egg-info/PKG-INFO
[3.413s] writing dependency_links to face_interfaces.egg-info/dependency_links.txt
[3.413s] writing top-level names to face_interfaces.egg-info/top_level.txt
[3.414s] writing manifest file 'face_interfaces.egg-info/SOURCES.txt'
[3.418s] reading manifest file 'face_interfaces.egg-info/SOURCES.txt'
[3.419s] writing manifest file 'face_interfaces.egg-info/SOURCES.txt'
[3.465s] [  6%] Built target ament_cmake_python_build_face_interfaces_egg
[3.517s] [  6%] Built target face_interfaces__cpp
[3.533s] [  9%] [34m[1mGenerating C++ type support dispatch for ROS interfaces[0m
[3.534s] [ 12%] [34m[1mGenerating C++ type support for eProsima Fast-RTPS[0m
[3.539s] [ 16%] [34m[1mGenerating C++ introspection for ROS interfaces[0m
[3.611s] [ 19%] [32mBuilding C object CMakeFiles/face_interfaces__rosidl_generator_c.dir/rosidl_generator_c/face_interfaces/srv/detail/face_detector__functions.c.o[0m
[3.769s] [ 22%] [32m[1mLinking C shared library libface_interfaces__rosidl_generator_c.so[0m
[3.837s] [ 22%] Built target face_interfaces__rosidl_generator_c
[3.856s] [ 25%] [34m[1mGenerating C introspection for ROS interfaces[0m
[3.858s] [ 32%] [34m[1mGenerating C type support dispatch for ROS interfaces[0m
[3.858s] [ 32%] [34m[1mGenerating C type support for eProsima Fast-RTPS[0m
[4.119s] [ 35%] [32mBuilding CXX object CMakeFiles/face_interfaces__rosidl_typesupport_introspection_cpp.dir/rosidl_typesupport_introspection_cpp/face_interfaces/srv/detail/face_detector__type_support.cpp.o[0m
[4.129s] [ 38%] [32mBuilding CXX object CMakeFiles/face_interfaces__rosidl_typesupport_cpp.dir/rosidl_typesupport_cpp/face_interfaces/srv/face_detector__type_support.cpp.o[0m
[4.244s] [ 41%] [32mBuilding CXX object CMakeFiles/face_interfaces__rosidl_typesupport_fastrtps_cpp.dir/rosidl_typesupport_fastrtps_cpp/face_interfaces/srv/detail/dds_fastrtps/face_detector__type_support.cpp.o[0m
[4.459s] [ 45%] [32mBuilding CXX object CMakeFiles/face_interfaces__rosidl_typesupport_c.dir/rosidl_typesupport_c/face_interfaces/srv/face_detector__type_support.cpp.o[0m
[4.520s] [ 48%] [32m[1mLinking CXX shared library libface_interfaces__rosidl_typesupport_c.so[0m
[4.549s] [ 51%] [32mBuilding CXX object CMakeFiles/face_interfaces__rosidl_typesupport_fastrtps_c.dir/rosidl_typesupport_fastrtps_c/face_interfaces/srv/detail/face_detector__type_support_c.cpp.o[0m
[4.589s] [ 54%] [32mBuilding C object CMakeFiles/face_interfaces__rosidl_typesupport_introspection_c.dir/rosidl_typesupport_introspection_c/face_interfaces/srv/detail/face_detector__type_support.c.o[0m
[4.602s] [ 54%] Built target face_interfaces__rosidl_typesupport_c
[4.705s] [ 58%] [32m[1mLinking C shared library libface_interfaces__rosidl_typesupport_introspection_c.so[0m
[4.752s] [ 61%] [32m[1mLinking CXX shared library libface_interfaces__rosidl_typesupport_cpp.so[0m
[4.781s] [ 61%] Built target face_interfaces__rosidl_typesupport_introspection_c
[4.834s] [ 61%] Built target face_interfaces__rosidl_typesupport_cpp
[5.014s] [ 64%] [32m[1mLinking CXX shared library libface_interfaces__rosidl_typesupport_introspection_cpp.so[0m
[5.129s] [ 67%] [32m[1mLinking CXX shared library libface_interfaces__rosidl_typesupport_fastrtps_cpp.so[0m
[5.139s] [ 70%] [32m[1mLinking CXX shared library libface_interfaces__rosidl_typesupport_fastrtps_c.so[0m
[5.142s] [ 70%] Built target face_interfaces__rosidl_typesupport_introspection_cpp
[5.294s] [ 70%] Built target face_interfaces__rosidl_typesupport_fastrtps_cpp
[5.308s] [ 70%] Built target face_interfaces__rosidl_typesupport_fastrtps_c
[5.344s] [ 70%] Built target face_interfaces
[5.379s] [ 74%] [34m[1mGenerating Python code for ROS interfaces[0m
[5.940s] [ 74%] Built target face_interfaces__py
[5.966s] [ 77%] [32mBuilding C object CMakeFiles/face_interfaces__rosidl_generator_py.dir/rosidl_generator_py/face_interfaces/srv/_face_detector_s.c.o[0m
[6.151s] [ 80%] [32m[1mLinking C shared library rosidl_generator_py/face_interfaces/libface_interfaces__rosidl_generator_py.so[0m
[6.212s] [ 80%] Built target face_interfaces__rosidl_generator_py
[6.241s] [ 83%] [32mBuilding C object CMakeFiles/face_interfaces__rosidl_typesupport_fastrtps_c__pyext.dir/rosidl_generator_py/face_interfaces/_face_interfaces_s.ep.rosidl_typesupport_fastrtps_c.c.o[0m
[6.241s] [ 87%] [32mBuilding C object CMakeFiles/face_interfaces__rosidl_typesupport_introspection_c__pyext.dir/rosidl_generator_py/face_interfaces/_face_interfaces_s.ep.rosidl_typesupport_introspection_c.c.o[0m
[6.246s] [ 90%] [32mBuilding C object CMakeFiles/face_interfaces__rosidl_typesupport_c__pyext.dir/rosidl_generator_py/face_interfaces/_face_interfaces_s.ep.rosidl_typesupport_c.c.o[0m
[6.378s] [ 93%] [32m[1mLinking C shared library rosidl_generator_py/face_interfaces/face_interfaces_s__rosidl_typesupport_introspection_c.cpython-310-x86_64-linux-gnu.so[0m
[6.391s] [ 96%] [32m[1mLinking C shared library rosidl_generator_py/face_interfaces/face_interfaces_s__rosidl_typesupport_c.cpython-310-x86_64-linux-gnu.so[0m
[6.404s] [100%] [32m[1mLinking C shared library rosidl_generator_py/face_interfaces/face_interfaces_s__rosidl_typesupport_fastrtps_c.cpython-310-x86_64-linux-gnu.so[0m
[6.442s] [100%] Built target face_interfaces__rosidl_typesupport_introspection_c__pyext
[6.450s] [100%] Built target face_interfaces__rosidl_typesupport_c__pyext
[6.461s] [100%] Built target face_interfaces__rosidl_typesupport_fastrtps_c__pyext
[6.476s] Invoked command in '/home/lxf/Desktop/ROS/13.Parameter_Python/build/face_interfaces' returned '0': CMAKE_PREFIX_PATH=/opt/ros/humble /usr/bin/cmake --build /home/lxf/Desktop/ROS/13.Parameter_Python/build/face_interfaces -- -j16 -l16
[6.491s] Invoking command in '/home/lxf/Desktop/ROS/13.Parameter_Python/build/face_interfaces': CMAKE_PREFIX_PATH=/opt/ros/humble /usr/bin/cmake --install /home/lxf/Desktop/ROS/13.Parameter_Python/build/face_interfaces
[6.500s] -- Install configuration: ""
[6.500s] -- Installing: /home/lxf/Desktop/ROS/13.Parameter_Python/install/face_interfaces/share/ament_index/resource_index/rosidl_interfaces/face_interfaces
[6.501s] -- Installing: /home/lxf/Desktop/ROS/13.Parameter_Python/install/face_interfaces/include/face_interfaces/face_interfaces
[6.501s] -- Installing: /home/lxf/Desktop/ROS/13.Parameter_Python/install/face_interfaces/include/face_interfaces/face_interfaces/srv
[6.501s] -- Installing: /home/lxf/Desktop/ROS/13.Parameter_Python/install/face_interfaces/include/face_interfaces/face_interfaces/srv/detail
[6.501s] -- Installing: /home/lxf/Desktop/ROS/13.Parameter_Python/install/face_interfaces/include/face_interfaces/face_interfaces/srv/detail/face_detector__struct.h
[6.502s] -- Installing: /home/lxf/Desktop/ROS/13.Parameter_Python/install/face_interfaces/include/face_interfaces/face_interfaces/srv/detail/face_detector__functions.c
[6.502s] -- Installing: /home/lxf/Desktop/ROS/13.Parameter_Python/install/face_interfaces/include/face_interfaces/face_interfaces/srv/detail/face_detector__type_support.h
[6.502s] -- Installing: /home/lxf/Desktop/ROS/13.Parameter_Python/install/face_interfaces/include/face_interfaces/face_interfaces/srv/detail/face_detector__functions.h
[6.502s] -- Installing: /home/lxf/Desktop/ROS/13.Parameter_Python/install/face_interfaces/include/face_interfaces/face_interfaces/srv/face_detector.h
[6.502s] -- Installing: /home/lxf/Desktop/ROS/13.Parameter_Python/install/face_interfaces/include/face_interfaces/face_interfaces/msg
[6.503s] -- Installing: /home/lxf/Desktop/ROS/13.Parameter_Python/install/face_interfaces/include/face_interfaces/face_interfaces/msg/rosidl_generator_c__visibility_control.h
[6.503s] -- Installing: /home/lxf/Desktop/ROS/13.Parameter_Python/install/face_interfaces/share/face_interfaces/environment/library_path.sh
[6.503s] -- Installing: /home/lxf/Desktop/ROS/13.Parameter_Python/install/face_interfaces/share/face_interfaces/environment/library_path.dsv
[6.504s] -- Installing: /home/lxf/Desktop/ROS/13.Parameter_Python/install/face_interfaces/lib/libface_interfaces__rosidl_generator_c.so
[6.504s] -- Set runtime path of "/home/lxf/Desktop/ROS/13.Parameter_Python/install/face_interfaces/lib/libface_interfaces__rosidl_generator_c.so" to ""
[6.504s] -- Up-to-date: /home/lxf/Desktop/ROS/13.Parameter_Python/install/face_interfaces/include/face_interfaces/face_interfaces
[6.504s] -- Up-to-date: /home/lxf/Desktop/ROS/13.Parameter_Python/install/face_interfaces/include/face_interfaces/face_interfaces/srv
[6.505s] -- Up-to-date: /home/lxf/Desktop/ROS/13.Parameter_Python/install/face_interfaces/include/face_interfaces/face_interfaces/srv/detail
[6.505s] -- Installing: /home/lxf/Desktop/ROS/13.Parameter_Python/install/face_interfaces/include/face_interfaces/face_interfaces/srv/detail/face_detector__rosidl_typesupport_fastrtps_c.h
[6.505s] -- Up-to-date: /home/lxf/Desktop/ROS/13.Parameter_Python/install/face_interfaces/include/face_interfaces/face_interfaces/msg
[6.505s] -- Installing: /home/lxf/Desktop/ROS/13.Parameter_Python/install/face_interfaces/include/face_interfaces/face_interfaces/msg/rosidl_typesupport_fastrtps_c__visibility_control.h
[6.505s] -- Installing: /home/lxf/Desktop/ROS/13.Parameter_Python/install/face_interfaces/lib/libface_interfaces__rosidl_typesupport_fastrtps_c.so
[6.505s] -- Set runtime path of "/home/lxf/Desktop/ROS/13.Parameter_Python/install/face_interfaces/lib/libface_interfaces__rosidl_typesupport_fastrtps_c.so" to ""
[6.505s] -- Up-to-date: /home/lxf/Desktop/ROS/13.Parameter_Python/install/face_interfaces/include/face_interfaces/face_interfaces
[6.505s] -- Up-to-date: /home/lxf/Desktop/ROS/13.Parameter_Python/install/face_interfaces/include/face_interfaces/face_interfaces/srv
[6.505s] -- Up-to-date: /home/lxf/Desktop/ROS/13.Parameter_Python/install/face_interfaces/include/face_interfaces/face_interfaces/srv/detail
[6.505s] -- Installing: /home/lxf/Desktop/ROS/13.Parameter_Python/install/face_interfaces/include/face_interfaces/face_interfaces/srv/detail/face_detector__traits.hpp
[6.505s] -- Installing: /home/lxf/Desktop/ROS/13.Parameter_Python/install/face_interfaces/include/face_interfaces/face_interfaces/srv/detail/face_detector__type_support.hpp
[6.506s] -- Installing: /home/lxf/Desktop/ROS/13.Parameter_Python/install/face_interfaces/include/face_interfaces/face_interfaces/srv/detail/face_detector__struct.hpp
[6.506s] -- Installing: /home/lxf/Desktop/ROS/13.Parameter_Python/install/face_interfaces/include/face_interfaces/face_interfaces/srv/detail/face_detector__builder.hpp
[6.506s] -- Installing: /home/lxf/Desktop/ROS/13.Parameter_Python/install/face_interfaces/include/face_interfaces/face_interfaces/srv/face_detector.hpp
[6.506s] -- Up-to-date: /home/lxf/Desktop/ROS/13.Parameter_Python/install/face_interfaces/include/face_interfaces/face_interfaces/msg
[6.506s] -- Installing: /home/lxf/Desktop/ROS/13.Parameter_Python/install/face_interfaces/include/face_interfaces/face_interfaces/msg/rosidl_generator_cpp__visibility_control.hpp
[6.506s] -- Up-to-date: /home/lxf/Desktop/ROS/13.Parameter_Python/install/face_interfaces/include/face_interfaces/face_interfaces
[6.506s] -- Up-to-date: /home/lxf/Desktop/ROS/13.Parameter_Python/install/face_interfaces/include/face_interfaces/face_interfaces/srv
[6.506s] -- Up-to-date: /home/lxf/Desktop/ROS/13.Parameter_Python/install/face_interfaces/include/face_interfaces/face_interfaces/srv/detail
[6.506s] -- Installing: /home/lxf/Desktop/ROS/13.Parameter_Python/install/face_interfaces/include/face_interfaces/face_interfaces/srv/detail/face_detector__rosidl_typesupport_fastrtps_cpp.hpp
[6.506s] -- Installing: /home/lxf/Desktop/ROS/13.Parameter_Python/install/face_interfaces/include/face_interfaces/face_interfaces/srv/detail/dds_fastrtps
[6.506s] -- Up-to-date: /home/lxf/Desktop/ROS/13.Parameter_Python/install/face_interfaces/include/face_interfaces/face_interfaces/msg
[6.507s] -- Installing: /home/lxf/Desktop/ROS/13.Parameter_Python/install/face_interfaces/include/face_interfaces/face_interfaces/msg/rosidl_typesupport_fastrtps_cpp__visibility_control.h
[6.507s] -- Installing: /home/lxf/Desktop/ROS/13.Parameter_Python/install/face_interfaces/lib/libface_interfaces__rosidl_typesupport_fastrtps_cpp.so
[6.507s] -- Set runtime path of "/home/lxf/Desktop/ROS/13.Parameter_Python/install/face_interfaces/lib/libface_interfaces__rosidl_typesupport_fastrtps_cpp.so" to ""
[6.507s] -- Up-to-date: /home/lxf/Desktop/ROS/13.Parameter_Python/install/face_interfaces/include/face_interfaces/face_interfaces
[6.507s] -- Up-to-date: /home/lxf/Desktop/ROS/13.Parameter_Python/install/face_interfaces/include/face_interfaces/face_interfaces/srv
[6.507s] -- Up-to-date: /home/lxf/Desktop/ROS/13.Parameter_Python/install/face_interfaces/include/face_interfaces/face_interfaces/srv/detail
[6.507s] -- Installing: /home/lxf/Desktop/ROS/13.Parameter_Python/install/face_interfaces/include/face_interfaces/face_interfaces/srv/detail/face_detector__rosidl_typesupport_introspection_c.h
[6.507s] -- Installing: /home/lxf/Desktop/ROS/13.Parameter_Python/install/face_interfaces/include/face_interfaces/face_interfaces/srv/detail/face_detector__type_support.c
[6.507s] -- Up-to-date: /home/lxf/Desktop/ROS/13.Parameter_Python/install/face_interfaces/include/face_interfaces/face_interfaces/msg
[6.507s] -- Installing: /home/lxf/Desktop/ROS/13.Parameter_Python/install/face_interfaces/include/face_interfaces/face_interfaces/msg/rosidl_typesupport_introspection_c__visibility_control.h
[6.507s] -- Installing: /home/lxf/Desktop/ROS/13.Parameter_Python/install/face_interfaces/lib/libface_interfaces__rosidl_typesupport_introspection_c.so
[6.507s] -- Set runtime path of "/home/lxf/Desktop/ROS/13.Parameter_Python/install/face_interfaces/lib/libface_interfaces__rosidl_typesupport_introspection_c.so" to ""
[6.507s] -- Installing: /home/lxf/Desktop/ROS/13.Parameter_Python/install/face_interfaces/lib/libface_interfaces__rosidl_typesupport_c.so
[6.507s] -- Set runtime path of "/home/lxf/Desktop/ROS/13.Parameter_Python/install/face_interfaces/lib/libface_interfaces__rosidl_typesupport_c.so" to ""
[6.507s] -- Up-to-date: /home/lxf/Desktop/ROS/13.Parameter_Python/install/face_interfaces/include/face_interfaces/face_interfaces
[6.507s] -- Up-to-date: /home/lxf/Desktop/ROS/13.Parameter_Python/install/face_interfaces/include/face_interfaces/face_interfaces/srv
[6.507s] -- Up-to-date: /home/lxf/Desktop/ROS/13.Parameter_Python/install/face_interfaces/include/face_interfaces/face_interfaces/srv/detail
[6.508s] -- Installing: /home/lxf/Desktop/ROS/13.Parameter_Python/install/face_interfaces/include/face_interfaces/face_interfaces/srv/detail/face_detector__type_support.cpp
[6.508s] -- Installing: /home/lxf/Desktop/ROS/13.Parameter_Python/install/face_interfaces/include/face_interfaces/face_interfaces/srv/detail/face_detector__rosidl_typesupport_introspection_cpp.hpp
[6.508s] -- Installing: /home/lxf/Desktop/ROS/13.Parameter_Python/install/face_interfaces/lib/libface_interfaces__rosidl_typesupport_introspection_cpp.so
[6.508s] -- Set runtime path of "/home/lxf/Desktop/ROS/13.Parameter_Python/install/face_interfaces/lib/libface_interfaces__rosidl_typesupport_introspection_cpp.so" to ""
[6.508s] -- Installing: /home/lxf/Desktop/ROS/13.Parameter_Python/install/face_interfaces/lib/libface_interfaces__rosidl_typesupport_cpp.so
[6.508s] -- Set runtime path of "/home/lxf/Desktop/ROS/13.Parameter_Python/install/face_interfaces/lib/libface_interfaces__rosidl_typesupport_cpp.so" to ""
[6.508s] -- Installing: /home/lxf/Desktop/ROS/13.Parameter_Python/install/face_interfaces/share/face_interfaces/environment/pythonpath.sh
[6.508s] -- Installing: /home/lxf/Desktop/ROS/13.Parameter_Python/install/face_interfaces/share/face_interfaces/environment/pythonpath.dsv
[6.508s] -- Installing: /home/lxf/Desktop/ROS/13.Parameter_Python/install/face_interfaces/local/lib/python3.10/dist-packages/face_interfaces-0.0.0-py3.10.egg-info
[6.508s] -- Installing: /home/lxf/Desktop/ROS/13.Parameter_Python/install/face_interfaces/local/lib/python3.10/dist-packages/face_interfaces-0.0.0-py3.10.egg-info/PKG-INFO
[6.508s] -- Installing: /home/lxf/Desktop/ROS/13.Parameter_Python/install/face_interfaces/local/lib/python3.10/dist-packages/face_interfaces-0.0.0-py3.10.egg-info/top_level.txt
[6.508s] -- Installing: /home/lxf/Desktop/ROS/13.Parameter_Python/install/face_interfaces/local/lib/python3.10/dist-packages/face_interfaces-0.0.0-py3.10.egg-info/SOURCES.txt
[6.509s] -- Installing: /home/lxf/Desktop/ROS/13.Parameter_Python/install/face_interfaces/local/lib/python3.10/dist-packages/face_interfaces-0.0.0-py3.10.egg-info/dependency_links.txt
[6.509s] -- Installing: /home/lxf/Desktop/ROS/13.Parameter_Python/install/face_interfaces/local/lib/python3.10/dist-packages/face_interfaces
[6.509s] -- Installing: /home/lxf/Desktop/ROS/13.Parameter_Python/install/face_interfaces/local/lib/python3.10/dist-packages/face_interfaces/_face_interfaces_s.ep.rosidl_typesupport_fastrtps_c.c
[6.509s] -- Installing: /home/lxf/Desktop/ROS/13.Parameter_Python/install/face_interfaces/local/lib/python3.10/dist-packages/face_interfaces/srv
[6.509s] -- Installing: /home/lxf/Desktop/ROS/13.Parameter_Python/install/face_interfaces/local/lib/python3.10/dist-packages/face_interfaces/srv/_face_detector_s.c
[6.509s] -- Installing: /home/lxf/Desktop/ROS/13.Parameter_Python/install/face_interfaces/local/lib/python3.10/dist-packages/face_interfaces/srv/_face_detector.py
[6.509s] -- Installing: /home/lxf/Desktop/ROS/13.Parameter_Python/install/face_interfaces/local/lib/python3.10/dist-packages/face_interfaces/srv/__init__.py
[6.509s] -- Installing: /home/lxf/Desktop/ROS/13.Parameter_Python/install/face_interfaces/local/lib/python3.10/dist-packages/face_interfaces/face_interfaces_s__rosidl_typesupport_c.cpython-310-x86_64-linux-gnu.so
[6.509s] -- Installing: /home/lxf/Desktop/ROS/13.Parameter_Python/install/face_interfaces/local/lib/python3.10/dist-packages/face_interfaces/face_interfaces_s__rosidl_typesupport_fastrtps_c.cpython-310-x86_64-linux-gnu.so
[6.509s] -- Installing: /home/lxf/Desktop/ROS/13.Parameter_Python/install/face_interfaces/local/lib/python3.10/dist-packages/face_interfaces/_face_interfaces_s.ep.rosidl_typesupport_c.c
[6.510s] -- Installing: /home/lxf/Desktop/ROS/13.Parameter_Python/install/face_interfaces/local/lib/python3.10/dist-packages/face_interfaces/_face_interfaces_s.ep.rosidl_typesupport_introspection_c.c
[6.510s] -- Installing: /home/lxf/Desktop/ROS/13.Parameter_Python/install/face_interfaces/local/lib/python3.10/dist-packages/face_interfaces/libface_interfaces__rosidl_generator_py.so
[6.510s] -- Installing: /home/lxf/Desktop/ROS/13.Parameter_Python/install/face_interfaces/local/lib/python3.10/dist-packages/face_interfaces/face_interfaces_s__rosidl_typesupport_introspection_c.cpython-310-x86_64-linux-gnu.so
[6.510s] -- Installing: /home/lxf/Desktop/ROS/13.Parameter_Python/install/face_interfaces/local/lib/python3.10/dist-packages/face_interfaces/__init__.py
[6.557s] Listing '/home/lxf/Desktop/ROS/13.Parameter_Python/install/face_interfaces/local/lib/python3.10/dist-packages/face_interfaces'...
[6.557s] Compiling '/home/lxf/Desktop/ROS/13.Parameter_Python/install/face_interfaces/local/lib/python3.10/dist-packages/face_interfaces/__init__.py'...
[6.557s] Listing '/home/lxf/Desktop/ROS/13.Parameter_Python/install/face_interfaces/local/lib/python3.10/dist-packages/face_interfaces/srv'...
[6.557s] Compiling '/home/lxf/Desktop/ROS/13.Parameter_Python/install/face_interfaces/local/lib/python3.10/dist-packages/face_interfaces/srv/__init__.py'...
[6.557s] Compiling '/home/lxf/Desktop/ROS/13.Parameter_Python/install/face_interfaces/local/lib/python3.10/dist-packages/face_interfaces/srv/_face_detector.py'...
[6.563s] -- Installing: /home/lxf/Desktop/ROS/13.Parameter_Python/install/face_interfaces/local/lib/python3.10/dist-packages/face_interfaces/face_interfaces_s__rosidl_typesupport_fastrtps_c.cpython-310-x86_64-linux-gnu.so
[6.563s] -- Set runtime path of "/home/lxf/Desktop/ROS/13.Parameter_Python/install/face_interfaces/local/lib/python3.10/dist-packages/face_interfaces/face_interfaces_s__rosidl_typesupport_fastrtps_c.cpython-310-x86_64-linux-gnu.so" to ""
[6.563s] -- Installing: /home/lxf/Desktop/ROS/13.Parameter_Python/install/face_interfaces/local/lib/python3.10/dist-packages/face_interfaces/face_interfaces_s__rosidl_typesupport_introspection_c.cpython-310-x86_64-linux-gnu.so
[6.564s] -- Set runtime path of "/home/lxf/Desktop/ROS/13.Parameter_Python/install/face_interfaces/local/lib/python3.10/dist-packages/face_interfaces/face_interfaces_s__rosidl_typesupport_introspection_c.cpython-310-x86_64-linux-gnu.so" to ""
[6.564s] -- Installing: /home/lxf/Desktop/ROS/13.Parameter_Python/install/face_interfaces/local/lib/python3.10/dist-packages/face_interfaces/face_interfaces_s__rosidl_typesupport_c.cpython-310-x86_64-linux-gnu.so
[6.564s] -- Set runtime path of "/home/lxf/Desktop/ROS/13.Parameter_Python/install/face_interfaces/local/lib/python3.10/dist-packages/face_interfaces/face_interfaces_s__rosidl_typesupport_c.cpython-310-x86_64-linux-gnu.so" to ""
[6.564s] -- Installing: /home/lxf/Desktop/ROS/13.Parameter_Python/install/face_interfaces/lib/libface_interfaces__rosidl_generator_py.so
[6.565s] -- Set runtime path of "/home/lxf/Desktop/ROS/13.Parameter_Python/install/face_interfaces/lib/libface_interfaces__rosidl_generator_py.so" to ""
[6.565s] -- Installing: /home/lxf/Desktop/ROS/13.Parameter_Python/install/face_interfaces/share/face_interfaces/srv/FaceDetector.idl
[6.565s] -- Installing: /home/lxf/Desktop/ROS/13.Parameter_Python/install/face_interfaces/share/face_interfaces/srv/FaceDetector.srv
[6.565s] -- Installing: /home/lxf/Desktop/ROS/13.Parameter_Python/install/face_interfaces/share/face_interfaces/srv/FaceDetector_Request.msg
[6.565s] -- Installing: /home/lxf/Desktop/ROS/13.Parameter_Python/install/face_interfaces/share/face_interfaces/srv/FaceDetector_Response.msg
[6.566s] -- Installing: /home/lxf/Desktop/ROS/13.Parameter_Python/install/face_interfaces/share/ament_index/resource_index/package_run_dependencies/face_interfaces
[6.566s] -- Installing: /home/lxf/Desktop/ROS/13.Parameter_Python/install/face_interfaces/share/ament_index/resource_index/parent_prefix_path/face_interfaces
[6.566s] -- Installing: /home/lxf/Desktop/ROS/13.Parameter_Python/install/face_interfaces/share/face_interfaces/environment/ament_prefix_path.sh
[6.567s] -- Installing: /home/lxf/Desktop/ROS/13.Parameter_Python/install/face_interfaces/share/face_interfaces/environment/ament_prefix_path.dsv
[6.567s] -- Installing: /home/lxf/Desktop/ROS/13.Parameter_Python/install/face_interfaces/share/face_interfaces/environment/path.sh
[6.567s] -- Installing: /home/lxf/Desktop/ROS/13.Parameter_Python/install/face_interfaces/share/face_interfaces/environment/path.dsv
[6.567s] -- Installing: /home/lxf/Desktop/ROS/13.Parameter_Python/install/face_interfaces/share/face_interfaces/local_setup.bash
[6.567s] -- Installing: /home/lxf/Desktop/ROS/13.Parameter_Python/install/face_interfaces/share/face_interfaces/local_setup.sh
[6.568s] -- Installing: /home/lxf/Desktop/ROS/13.Parameter_Python/install/face_interfaces/share/face_interfaces/local_setup.zsh
[6.568s] -- Installing: /home/lxf/Desktop/ROS/13.Parameter_Python/install/face_interfaces/share/face_interfaces/local_setup.dsv
[6.568s] -- Installing: /home/lxf/Desktop/ROS/13.Parameter_Python/install/face_interfaces/share/face_interfaces/package.dsv
[6.568s] -- Installing: /home/lxf/Desktop/ROS/13.Parameter_Python/install/face_interfaces/share/ament_index/resource_index/packages/face_interfaces
[6.569s] -- Installing: /home/lxf/Desktop/ROS/13.Parameter_Python/install/face_interfaces/share/face_interfaces/cmake/export_face_interfaces__rosidl_generator_cExport.cmake
[6.569s] -- Installing: /home/lxf/Desktop/ROS/13.Parameter_Python/install/face_interfaces/share/face_interfaces/cmake/export_face_interfaces__rosidl_generator_cExport-noconfig.cmake
[6.569s] -- Installing: /home/lxf/Desktop/ROS/13.Parameter_Python/install/face_interfaces/share/face_interfaces/cmake/export_face_interfaces__rosidl_typesupport_fastrtps_cExport.cmake
[6.569s] -- Installing: /home/lxf/Desktop/ROS/13.Parameter_Python/install/face_interfaces/share/face_interfaces/cmake/export_face_interfaces__rosidl_typesupport_fastrtps_cExport-noconfig.cmake
[6.570s] -- Installing: /home/lxf/Desktop/ROS/13.Parameter_Python/install/face_interfaces/share/face_interfaces/cmake/export_face_interfaces__rosidl_generator_cppExport.cmake
[6.570s] -- Installing: /home/lxf/Desktop/ROS/13.Parameter_Python/install/face_interfaces/share/face_interfaces/cmake/export_face_interfaces__rosidl_typesupport_fastrtps_cppExport.cmake
[6.570s] -- Installing: /home/lxf/Desktop/ROS/13.Parameter_Python/install/face_interfaces/share/face_interfaces/cmake/export_face_interfaces__rosidl_typesupport_fastrtps_cppExport-noconfig.cmake
[6.571s] -- Installing: /home/lxf/Desktop/ROS/13.Parameter_Python/install/face_interfaces/share/face_interfaces/cmake/face_interfaces__rosidl_typesupport_introspection_cExport.cmake
[6.571s] -- Installing: /home/lxf/Desktop/ROS/13.Parameter_Python/install/face_interfaces/share/face_interfaces/cmake/face_interfaces__rosidl_typesupport_introspection_cExport-noconfig.cmake
[6.571s] -- Installing: /home/lxf/Desktop/ROS/13.Parameter_Python/install/face_interfaces/share/face_interfaces/cmake/face_interfaces__rosidl_typesupport_cExport.cmake
[6.571s] -- Installing: /home/lxf/Desktop/ROS/13.Parameter_Python/install/face_interfaces/share/face_interfaces/cmake/face_interfaces__rosidl_typesupport_cExport-noconfig.cmake
[6.572s] -- Installing: /home/lxf/Desktop/ROS/13.Parameter_Python/install/face_interfaces/share/face_interfaces/cmake/face_interfaces__rosidl_typesupport_introspection_cppExport.cmake
[6.572s] -- Installing: /home/lxf/Desktop/ROS/13.Parameter_Python/install/face_interfaces/share/face_interfaces/cmake/face_interfaces__rosidl_typesupport_introspection_cppExport-noconfig.cmake
[6.572s] -- Installing: /home/lxf/Desktop/ROS/13.Parameter_Python/install/face_interfaces/share/face_interfaces/cmake/face_interfaces__rosidl_typesupport_cppExport.cmake
[6.572s] -- Installing: /home/lxf/Desktop/ROS/13.Parameter_Python/install/face_interfaces/share/face_interfaces/cmake/face_interfaces__rosidl_typesupport_cppExport-noconfig.cmake
[6.573s] -- Installing: /home/lxf/Desktop/ROS/13.Parameter_Python/install/face_interfaces/share/face_interfaces/cmake/export_face_interfaces__rosidl_generator_pyExport.cmake
[6.573s] -- Installing: /home/lxf/Desktop/ROS/13.Parameter_Python/install/face_interfaces/share/face_interfaces/cmake/export_face_interfaces__rosidl_generator_pyExport-noconfig.cmake
[6.573s] -- Installing: /home/lxf/Desktop/ROS/13.Parameter_Python/install/face_interfaces/share/face_interfaces/cmake/rosidl_cmake-extras.cmake
[6.573s] -- Installing: /home/lxf/Desktop/ROS/13.Parameter_Python/install/face_interfaces/share/face_interfaces/cmake/ament_cmake_export_dependencies-extras.cmake
[6.573s] -- Installing: /home/lxf/Desktop/ROS/13.Parameter_Python/install/face_interfaces/share/face_interfaces/cmake/ament_cmake_export_include_directories-extras.cmake
[6.573s] -- Installing: /home/lxf/Desktop/ROS/13.Parameter_Python/install/face_interfaces/share/face_interfaces/cmake/ament_cmake_export_libraries-extras.cmake
[6.574s] -- Installing: /home/lxf/Desktop/ROS/13.Parameter_Python/install/face_interfaces/share/face_interfaces/cmake/ament_cmake_export_targets-extras.cmake
[6.574s] -- Installing: /home/lxf/Desktop/ROS/13.Parameter_Python/install/face_interfaces/share/face_interfaces/cmake/rosidl_cmake_export_typesupport_targets-extras.cmake
[6.574s] -- Installing: /home/lxf/Desktop/ROS/13.Parameter_Python/install/face_interfaces/share/face_interfaces/cmake/rosidl_cmake_export_typesupport_libraries-extras.cmake
[6.574s] -- Installing: /home/lxf/Desktop/ROS/13.Parameter_Python/install/face_interfaces/share/face_interfaces/cmake/face_interfacesConfig.cmake
[6.574s] -- Installing: /home/lxf/Desktop/ROS/13.Parameter_Python/install/face_interfaces/share/face_interfaces/cmake/face_interfacesConfig-version.cmake
[6.574s] -- Installing: /home/lxf/Desktop/ROS/13.Parameter_Python/install/face_interfaces/share/face_interfaces/package.xml
[6.576s] Invoked command in '/home/lxf/Desktop/ROS/13.Parameter_Python/build/face_interfaces' returned '0': CMAKE_PREFIX_PATH=/opt/ros/humble /usr/bin/cmake --install /home/lxf/Desktop/ROS/13.Parameter_Python/build/face_interfaces
