[35m[1mConsolidate compiler generated dependencies of target patrol_client[0m
[35m[1mConsolidate compiler generated dependencies of target turtle_control_service[0m
[ 25%] [32mBuilding CXX object CMakeFiles/patrol_client.dir/src/patrol_client.cpp.o[0m
[ 75%] Built target turtle_control_service
[100%] [32m[1mLinking CXX executable patrol_client[0m
[100%] Built target patrol_client
-- Install configuration: ""
-- Up-to-date: /home/lxf/Desktop/ROS/12.turtle_control/install/demo_cpp_turtle_control_service/lib/demo_cpp_turtle_control_service/turtle_control_service
-- Installing: /home/lxf/Desktop/ROS/12.turtle_control/install/demo_cpp_turtle_control_service/lib/demo_cpp_turtle_control_service/patrol_client
-- Set runtime path of "/home/lxf/Desktop/ROS/12.turtle_control/install/demo_cpp_turtle_control_service/lib/demo_cpp_turtle_control_service/patrol_client" to ""
-- Up-to-date: /home/lxf/Desktop/ROS/12.turtle_control/install/demo_cpp_turtle_control_service/share/ament_index/resource_index/package_run_dependencies/demo_cpp_turtle_control_service
-- Up-to-date: /home/lxf/Desktop/ROS/12.turtle_control/install/demo_cpp_turtle_control_service/share/ament_index/resource_index/parent_prefix_path/demo_cpp_turtle_control_service
-- Up-to-date: /home/lxf/Desktop/ROS/12.turtle_control/install/demo_cpp_turtle_control_service/share/demo_cpp_turtle_control_service/environment/ament_prefix_path.sh
-- Up-to-date: /home/lxf/Desktop/ROS/12.turtle_control/install/demo_cpp_turtle_control_service/share/demo_cpp_turtle_control_service/environment/ament_prefix_path.dsv
-- Up-to-date: /home/lxf/Desktop/ROS/12.turtle_control/install/demo_cpp_turtle_control_service/share/demo_cpp_turtle_control_service/environment/path.sh
-- Up-to-date: /home/lxf/Desktop/ROS/12.turtle_control/install/demo_cpp_turtle_control_service/share/demo_cpp_turtle_control_service/environment/path.dsv
-- Up-to-date: /home/lxf/Desktop/ROS/12.turtle_control/install/demo_cpp_turtle_control_service/share/demo_cpp_turtle_control_service/local_setup.bash
-- Up-to-date: /home/lxf/Desktop/ROS/12.turtle_control/install/demo_cpp_turtle_control_service/share/demo_cpp_turtle_control_service/local_setup.sh
-- Up-to-date: /home/lxf/Desktop/ROS/12.turtle_control/install/demo_cpp_turtle_control_service/share/demo_cpp_turtle_control_service/local_setup.zsh
-- Up-to-date: /home/lxf/Desktop/ROS/12.turtle_control/install/demo_cpp_turtle_control_service/share/demo_cpp_turtle_control_service/local_setup.dsv
-- Installing: /home/lxf/Desktop/ROS/12.turtle_control/install/demo_cpp_turtle_control_service/share/demo_cpp_turtle_control_service/package.dsv
-- Up-to-date: /home/lxf/Desktop/ROS/12.turtle_control/install/demo_cpp_turtle_control_service/share/ament_index/resource_index/packages/demo_cpp_turtle_control_service
-- Up-to-date: /home/lxf/Desktop/ROS/12.turtle_control/install/demo_cpp_turtle_control_service/share/demo_cpp_turtle_control_service/cmake/demo_cpp_turtle_control_serviceConfig.cmake
-- Up-to-date: /home/lxf/Desktop/ROS/12.turtle_control/install/demo_cpp_turtle_control_service/share/demo_cpp_turtle_control_service/cmake/demo_cpp_turtle_control_serviceConfig-version.cmake
-- Up-to-date: /home/lxf/Desktop/ROS/12.turtle_control/install/demo_cpp_turtle_control_service/share/demo_cpp_turtle_control_service/package.xml
