[0.015s] Invoking command in '/home/lxf/Desktop/ROS/12_Parameter_Python/build/face_interfaces': CMAKE_PREFIX_PATH=${CMAKE_PREFIX_PATH}:/home/lxf/Desktop/ROS/12_Parameter_Python/install/demo_python_service:/opt/ros/humble /usr/bin/cmake /home/lxf/Desktop/ROS/12_Parameter_Python/src/face_interfaces -DCMAKE_INSTALL_PREFIX=/home/lxf/Desktop/ROS/12_Parameter_Python/install/face_interfaces
[0.275s] -- The C compiler identification is GNU 11.4.0
[0.450s] -- The CXX compiler identification is GNU 11.4.0
[0.465s] -- Detecting C compiler ABI info
[0.681s] -- Detecting C compiler ABI info - done
[0.721s] -- Check for working C compiler: /usr/bin/cc - skipped
[0.722s] -- Detecting C compile features
[0.724s] -- Detecting C compile features - done
[0.741s] -- Detecting CXX compiler ABI info
[1.103s] -- Detecting CXX compiler ABI info - done
[1.144s] -- Check for working CXX compiler: /usr/bin/c++ - skipped
[1.145s] -- Detecting CXX compile features
[1.148s] -- Detecting CXX compile features - done
[1.156s] -- Found ament_cmake: 1.3.12 (/opt/ros/humble/share/ament_cmake/cmake)
[1.862s] -- Found Python3: /usr/bin/python3 (found version "3.10.12") found components: Interpreter 
[2.047s] -- Found sensor_msgs: 4.9.0 (/opt/ros/humble/share/sensor_msgs/cmake)
[2.102s] -- Found rosidl_generator_c: 3.1.7 (/opt/ros/humble/share/rosidl_generator_c/cmake)
[2.110s] -- Found rosidl_adapter: 3.1.7 (/opt/ros/humble/share/rosidl_adapter/cmake)
[2.122s] -- Found rosidl_generator_cpp: 3.1.7 (/opt/ros/humble/share/rosidl_generator_cpp/cmake)
[2.144s] -- Using all available rosidl_typesupport_c: rosidl_typesupport_fastrtps_c;rosidl_typesupport_introspection_c
[2.165s] -- Using all available rosidl_typesupport_cpp: rosidl_typesupport_fastrtps_cpp;rosidl_typesupport_introspection_cpp
[2.245s] -- Found rosidl_default_generators: 1.2.0 (/opt/ros/humble/share/rosidl_default_generators/cmake)
[3.195s] -- Found ament_cmake_ros: 0.10.0 (/opt/ros/humble/share/ament_cmake_ros/cmake)
[5.073s] -- Using all available rosidl_typesupport_c: rosidl_typesupport_fastrtps_c;rosidl_typesupport_introspection_c
[5.638s] -- Using all available rosidl_typesupport_cpp: rosidl_typesupport_fastrtps_cpp;rosidl_typesupport_introspection_cpp
[5.750s] -- Found PythonInterp: /usr/bin/python3 (found suitable version "3.10.12", minimum required is "3.6") 
[5.755s] -- Found python_cmake_module: 0.10.0 (/opt/ros/humble/share/python_cmake_module/cmake)
[5.868s] -- Found PythonLibs: /usr/lib/x86_64-linux-gnu/libpython3.10.so (found suitable version "3.10.12", minimum required is "3.5") 
[5.868s] -- Using PYTHON_EXECUTABLE: /usr/bin/python3
[5.869s] -- Using PYTHON_INCLUDE_DIRS: /usr/include/python3.10
[5.869s] -- Using PYTHON_LIBRARIES: /usr/lib/x86_64-linux-gnu/libpython3.10.so
[5.968s] -- Found PythonExtra: .so  
[6.197s] -- Found ament_lint_auto: 0.12.14 (/opt/ros/humble/share/ament_lint_auto/cmake)
[6.213s] -- Added test 'lint_cmake' to check CMake code style
[6.214s] -- Added test 'xmllint' to check XML markup files
[6.216s] -- Configuring done
[6.262s] -- Generating done
[6.280s] -- Build files have been written to: /home/lxf/Desktop/ROS/12_Parameter_Python/build/face_interfaces
[6.294s] Invoked command in '/home/lxf/Desktop/ROS/12_Parameter_Python/build/face_interfaces' returned '0': CMAKE_PREFIX_PATH=${CMAKE_PREFIX_PATH}:/home/lxf/Desktop/ROS/12_Parameter_Python/install/demo_python_service:/opt/ros/humble /usr/bin/cmake /home/lxf/Desktop/ROS/12_Parameter_Python/src/face_interfaces -DCMAKE_INSTALL_PREFIX=/home/lxf/Desktop/ROS/12_Parameter_Python/install/face_interfaces
[6.294s] Invoking command in '/home/lxf/Desktop/ROS/12_Parameter_Python/build/face_interfaces': CMAKE_PREFIX_PATH=${CMAKE_PREFIX_PATH}:/home/lxf/Desktop/ROS/12_Parameter_Python/install/demo_python_service:/opt/ros/humble /usr/bin/cmake --build /home/lxf/Desktop/ROS/12_Parameter_Python/build/face_interfaces -- -j16 -l16
[6.461s] [  3%] [34m[1mGenerating C code for ROS interfaces[0m
[6.506s] [  6%] [34m[1mGenerating C++ code for ROS interfaces[0m
[6.544s] [  6%] Built target ament_cmake_python_copy_face_interfaces
[6.919s] running egg_info
[6.919s] creating face_interfaces.egg-info
[6.920s] writing face_interfaces.egg-info/PKG-INFO
[6.920s] writing dependency_links to face_interfaces.egg-info/dependency_links.txt
[6.920s] writing top-level names to face_interfaces.egg-info/top_level.txt
[6.921s] writing manifest file 'face_interfaces.egg-info/SOURCES.txt'
[6.923s] reading manifest file 'face_interfaces.egg-info/SOURCES.txt'
[6.924s] writing manifest file 'face_interfaces.egg-info/SOURCES.txt'
[6.964s] [  6%] Built target ament_cmake_python_build_face_interfaces_egg
[7.036s] [  6%] Built target face_interfaces__cpp
[7.037s] [  9%] [32mBuilding C object CMakeFiles/face_interfaces__rosidl_generator_c.dir/rosidl_generator_c/face_interfaces/srv/detail/face_detector__functions.c.o[0m
[7.073s] [ 12%] [34m[1mGenerating C++ type support for eProsima Fast-RTPS[0m
[7.075s] [ 16%] [34m[1mGenerating C++ type support dispatch for ROS interfaces[0m
[7.079s] [ 19%] [34m[1mGenerating C++ introspection for ROS interfaces[0m
[7.171s] [ 22%] [32m[1mLinking C shared library libface_interfaces__rosidl_generator_c.so[0m
[7.234s] [ 22%] Built target face_interfaces__rosidl_generator_c
[7.249s] [ 25%] [34m[1mGenerating C type support dispatch for ROS interfaces[0m
[7.252s] [ 29%] [34m[1mGenerating C type support for eProsima Fast-RTPS[0m
[7.252s] [ 32%] [34m[1mGenerating C introspection for ROS interfaces[0m
[7.514s] [ 35%] [32mBuilding CXX object CMakeFiles/face_interfaces__rosidl_typesupport_cpp.dir/rosidl_typesupport_cpp/face_interfaces/srv/face_detector__type_support.cpp.o[0m
[7.543s] [ 38%] [32mBuilding CXX object CMakeFiles/face_interfaces__rosidl_typesupport_introspection_cpp.dir/rosidl_typesupport_introspection_cpp/face_interfaces/srv/detail/face_detector__type_support.cpp.o[0m
[7.565s] [ 41%] [32mBuilding CXX object CMakeFiles/face_interfaces__rosidl_typesupport_fastrtps_cpp.dir/rosidl_typesupport_fastrtps_cpp/face_interfaces/srv/detail/dds_fastrtps/face_detector__type_support.cpp.o[0m
[7.671s] [ 45%] [32mBuilding CXX object CMakeFiles/face_interfaces__rosidl_typesupport_c.dir/rosidl_typesupport_c/face_interfaces/srv/face_detector__type_support.cpp.o[0m
[7.719s] [ 48%] [32mBuilding C object CMakeFiles/face_interfaces__rosidl_typesupport_introspection_c.dir/rosidl_typesupport_introspection_c/face_interfaces/srv/detail/face_detector__type_support.c.o[0m
[7.720s] [ 51%] [32m[1mLinking CXX shared library libface_interfaces__rosidl_typesupport_c.so[0m
[7.736s] [ 54%] [32mBuilding CXX object CMakeFiles/face_interfaces__rosidl_typesupport_fastrtps_c.dir/rosidl_typesupport_fastrtps_c/face_interfaces/srv/detail/face_detector__type_support_c.cpp.o[0m
[7.789s] [ 54%] Built target face_interfaces__rosidl_typesupport_c
[7.797s] [ 58%] [32m[1mLinking C shared library libface_interfaces__rosidl_typesupport_introspection_c.so[0m
[7.848s] [ 58%] Built target face_interfaces__rosidl_typesupport_introspection_c
[7.926s] [ 61%] [32m[1mLinking CXX shared library libface_interfaces__rosidl_typesupport_cpp.so[0m
[7.994s] [ 61%] Built target face_interfaces__rosidl_typesupport_cpp
[8.174s] [ 64%] [32m[1mLinking CXX shared library libface_interfaces__rosidl_typesupport_introspection_cpp.so[0m
[8.240s] [ 67%] [32m[1mLinking CXX shared library libface_interfaces__rosidl_typesupport_fastrtps_cpp.so[0m
[8.251s] [ 70%] [32m[1mLinking CXX shared library libface_interfaces__rosidl_typesupport_fastrtps_c.so[0m
[8.354s] [ 70%] Built target face_interfaces__rosidl_typesupport_introspection_cpp
[8.466s] [ 70%] Built target face_interfaces__rosidl_typesupport_fastrtps_cpp
[8.498s] [ 70%] Built target face_interfaces__rosidl_typesupport_fastrtps_c
[8.593s] [ 70%] Built target face_interfaces
[8.696s] [ 74%] [34m[1mGenerating Python code for ROS interfaces[0m
[9.310s] [ 74%] Built target face_interfaces__py
[9.385s] [ 77%] [32mBuilding C object CMakeFiles/face_interfaces__rosidl_generator_py.dir/rosidl_generator_py/face_interfaces/srv/_face_detector_s.c.o[0m
[9.640s] [ 80%] [32m[1mLinking C shared library rosidl_generator_py/face_interfaces/libface_interfaces__rosidl_generator_py.so[0m
[9.826s] [ 80%] Built target face_interfaces__rosidl_generator_py
[9.915s] [ 83%] [32mBuilding C object CMakeFiles/face_interfaces__rosidl_typesupport_c__pyext.dir/rosidl_generator_py/face_interfaces/_face_interfaces_s.ep.rosidl_typesupport_c.c.o[0m
[9.917s] [ 87%] [32mBuilding C object CMakeFiles/face_interfaces__rosidl_typesupport_fastrtps_c__pyext.dir/rosidl_generator_py/face_interfaces/_face_interfaces_s.ep.rosidl_typesupport_fastrtps_c.c.o[0m
[9.920s] [ 90%] [32mBuilding C object CMakeFiles/face_interfaces__rosidl_typesupport_introspection_c__pyext.dir/rosidl_generator_py/face_interfaces/_face_interfaces_s.ep.rosidl_typesupport_introspection_c.c.o[0m
[10.146s] [ 93%] [32m[1mLinking C shared library rosidl_generator_py/face_interfaces/face_interfaces_s__rosidl_typesupport_introspection_c.cpython-310-x86_64-linux-gnu.so[0m
[10.149s] [ 96%] [32m[1mLinking C shared library rosidl_generator_py/face_interfaces/face_interfaces_s__rosidl_typesupport_fastrtps_c.cpython-310-x86_64-linux-gnu.so[0m
[10.151s] [100%] [32m[1mLinking C shared library rosidl_generator_py/face_interfaces/face_interfaces_s__rosidl_typesupport_c.cpython-310-x86_64-linux-gnu.so[0m
[10.292s] [100%] Built target face_interfaces__rosidl_typesupport_introspection_c__pyext
[10.295s] [100%] Built target face_interfaces__rosidl_typesupport_c__pyext
[10.302s] [100%] Built target face_interfaces__rosidl_typesupport_fastrtps_c__pyext
[10.352s] Invoked command in '/home/lxf/Desktop/ROS/12_Parameter_Python/build/face_interfaces' returned '0': CMAKE_PREFIX_PATH=${CMAKE_PREFIX_PATH}:/home/lxf/Desktop/ROS/12_Parameter_Python/install/demo_python_service:/opt/ros/humble /usr/bin/cmake --build /home/lxf/Desktop/ROS/12_Parameter_Python/build/face_interfaces -- -j16 -l16
[10.395s] Invoking command in '/home/lxf/Desktop/ROS/12_Parameter_Python/build/face_interfaces': CMAKE_PREFIX_PATH=${CMAKE_PREFIX_PATH}:/home/lxf/Desktop/ROS/12_Parameter_Python/install/demo_python_service:/opt/ros/humble /usr/bin/cmake --install /home/lxf/Desktop/ROS/12_Parameter_Python/build/face_interfaces
[10.427s] -- Install configuration: ""
[10.428s] -- Installing: /home/lxf/Desktop/ROS/12_Parameter_Python/install/face_interfaces/share/ament_index/resource_index/rosidl_interfaces/face_interfaces
[10.429s] -- Installing: /home/lxf/Desktop/ROS/12_Parameter_Python/install/face_interfaces/include/face_interfaces/face_interfaces
[10.430s] -- Installing: /home/lxf/Desktop/ROS/12_Parameter_Python/install/face_interfaces/include/face_interfaces/face_interfaces/srv
[10.430s] -- Installing: /home/lxf/Desktop/ROS/12_Parameter_Python/install/face_interfaces/include/face_interfaces/face_interfaces/srv/detail
[10.430s] -- Installing: /home/lxf/Desktop/ROS/12_Parameter_Python/install/face_interfaces/include/face_interfaces/face_interfaces/srv/detail/face_detector__struct.h
[10.431s] -- Installing: /home/lxf/Desktop/ROS/12_Parameter_Python/install/face_interfaces/include/face_interfaces/face_interfaces/srv/detail/face_detector__functions.c
[10.431s] -- Installing: /home/lxf/Desktop/ROS/12_Parameter_Python/install/face_interfaces/include/face_interfaces/face_interfaces/srv/detail/face_detector__type_support.h
[10.432s] -- Installing: /home/lxf/Desktop/ROS/12_Parameter_Python/install/face_interfaces/include/face_interfaces/face_interfaces/srv/detail/face_detector__functions.h
[10.432s] -- Installing: /home/lxf/Desktop/ROS/12_Parameter_Python/install/face_interfaces/include/face_interfaces/face_interfaces/srv/face_detector.h
[10.432s] -- Installing: /home/lxf/Desktop/ROS/12_Parameter_Python/install/face_interfaces/include/face_interfaces/face_interfaces/msg
[10.433s] -- Installing: /home/lxf/Desktop/ROS/12_Parameter_Python/install/face_interfaces/include/face_interfaces/face_interfaces/msg/rosidl_generator_c__visibility_control.h
[10.433s] -- Installing: /home/lxf/Desktop/ROS/12_Parameter_Python/install/face_interfaces/share/face_interfaces/environment/library_path.sh
[10.433s] -- Installing: /home/lxf/Desktop/ROS/12_Parameter_Python/install/face_interfaces/share/face_interfaces/environment/library_path.dsv
[10.434s] -- Installing: /home/lxf/Desktop/ROS/12_Parameter_Python/install/face_interfaces/lib/libface_interfaces__rosidl_generator_c.so
[10.435s] -- Set runtime path of "/home/lxf/Desktop/ROS/12_Parameter_Python/install/face_interfaces/lib/libface_interfaces__rosidl_generator_c.so" to ""
[10.435s] -- Up-to-date: /home/lxf/Desktop/ROS/12_Parameter_Python/install/face_interfaces/include/face_interfaces/face_interfaces
[10.436s] -- Up-to-date: /home/lxf/Desktop/ROS/12_Parameter_Python/install/face_interfaces/include/face_interfaces/face_interfaces/srv
[10.436s] -- Up-to-date: /home/lxf/Desktop/ROS/12_Parameter_Python/install/face_interfaces/include/face_interfaces/face_interfaces/srv/detail
[10.436s] -- Installing: /home/lxf/Desktop/ROS/12_Parameter_Python/install/face_interfaces/include/face_interfaces/face_interfaces/srv/detail/face_detector__rosidl_typesupport_fastrtps_c.h
[10.437s] -- Up-to-date: /home/lxf/Desktop/ROS/12_Parameter_Python/install/face_interfaces/include/face_interfaces/face_interfaces/msg
[10.438s] -- Installing: /home/lxf/Desktop/ROS/12_Parameter_Python/install/face_interfaces/include/face_interfaces/face_interfaces/msg/rosidl_typesupport_fastrtps_c__visibility_control.h
[10.438s] -- Installing: /home/lxf/Desktop/ROS/12_Parameter_Python/install/face_interfaces/lib/libface_interfaces__rosidl_typesupport_fastrtps_c.so
[10.439s] -- Set runtime path of "/home/lxf/Desktop/ROS/12_Parameter_Python/install/face_interfaces/lib/libface_interfaces__rosidl_typesupport_fastrtps_c.so" to ""
[10.439s] -- Up-to-date: /home/lxf/Desktop/ROS/12_Parameter_Python/install/face_interfaces/include/face_interfaces/face_interfaces
[10.439s] -- Up-to-date: /home/lxf/Desktop/ROS/12_Parameter_Python/install/face_interfaces/include/face_interfaces/face_interfaces/srv
[10.439s] -- Up-to-date: /home/lxf/Desktop/ROS/12_Parameter_Python/install/face_interfaces/include/face_interfaces/face_interfaces/srv/detail
[10.439s] -- Installing: /home/lxf/Desktop/ROS/12_Parameter_Python/install/face_interfaces/include/face_interfaces/face_interfaces/srv/detail/face_detector__traits.hpp
[10.440s] -- Installing: /home/lxf/Desktop/ROS/12_Parameter_Python/install/face_interfaces/include/face_interfaces/face_interfaces/srv/detail/face_detector__type_support.hpp
[10.441s] -- Installing: /home/lxf/Desktop/ROS/12_Parameter_Python/install/face_interfaces/include/face_interfaces/face_interfaces/srv/detail/face_detector__struct.hpp
[10.441s] -- Installing: /home/lxf/Desktop/ROS/12_Parameter_Python/install/face_interfaces/include/face_interfaces/face_interfaces/srv/detail/face_detector__builder.hpp
[10.441s] -- Installing: /home/lxf/Desktop/ROS/12_Parameter_Python/install/face_interfaces/include/face_interfaces/face_interfaces/srv/face_detector.hpp
[10.442s] -- Up-to-date: /home/lxf/Desktop/ROS/12_Parameter_Python/install/face_interfaces/include/face_interfaces/face_interfaces/msg
[10.442s] -- Installing: /home/lxf/Desktop/ROS/12_Parameter_Python/install/face_interfaces/include/face_interfaces/face_interfaces/msg/rosidl_generator_cpp__visibility_control.hpp
[10.442s] -- Up-to-date: /home/lxf/Desktop/ROS/12_Parameter_Python/install/face_interfaces/include/face_interfaces/face_interfaces
[10.443s] -- Up-to-date: /home/lxf/Desktop/ROS/12_Parameter_Python/install/face_interfaces/include/face_interfaces/face_interfaces/srv
[10.443s] -- Up-to-date: /home/lxf/Desktop/ROS/12_Parameter_Python/install/face_interfaces/include/face_interfaces/face_interfaces/srv/detail
[10.443s] -- Installing: /home/lxf/Desktop/ROS/12_Parameter_Python/install/face_interfaces/include/face_interfaces/face_interfaces/srv/detail/face_detector__rosidl_typesupport_fastrtps_cpp.hpp
[10.443s] -- Installing: /home/lxf/Desktop/ROS/12_Parameter_Python/install/face_interfaces/include/face_interfaces/face_interfaces/srv/detail/dds_fastrtps
[10.444s] -- Up-to-date: /home/lxf/Desktop/ROS/12_Parameter_Python/install/face_interfaces/include/face_interfaces/face_interfaces/msg
[10.444s] -- Installing: /home/lxf/Desktop/ROS/12_Parameter_Python/install/face_interfaces/include/face_interfaces/face_interfaces/msg/rosidl_typesupport_fastrtps_cpp__visibility_control.h
[10.444s] -- Installing: /home/lxf/Desktop/ROS/12_Parameter_Python/install/face_interfaces/lib/libface_interfaces__rosidl_typesupport_fastrtps_cpp.so
[10.444s] -- Set runtime path of "/home/lxf/Desktop/ROS/12_Parameter_Python/install/face_interfaces/lib/libface_interfaces__rosidl_typesupport_fastrtps_cpp.so" to ""
[10.445s] -- Up-to-date: /home/lxf/Desktop/ROS/12_Parameter_Python/install/face_interfaces/include/face_interfaces/face_interfaces
[10.445s] -- Up-to-date: /home/lxf/Desktop/ROS/12_Parameter_Python/install/face_interfaces/include/face_interfaces/face_interfaces/srv
[10.445s] -- Up-to-date: /home/lxf/Desktop/ROS/12_Parameter_Python/install/face_interfaces/include/face_interfaces/face_interfaces/srv/detail
[10.446s] -- Installing: /home/lxf/Desktop/ROS/12_Parameter_Python/install/face_interfaces/include/face_interfaces/face_interfaces/srv/detail/face_detector__rosidl_typesupport_introspection_c.h
[10.447s] -- Installing: /home/lxf/Desktop/ROS/12_Parameter_Python/install/face_interfaces/include/face_interfaces/face_interfaces/srv/detail/face_detector__type_support.c
[10.447s] -- Up-to-date: /home/lxf/Desktop/ROS/12_Parameter_Python/install/face_interfaces/include/face_interfaces/face_interfaces/msg
[10.447s] -- Installing: /home/lxf/Desktop/ROS/12_Parameter_Python/install/face_interfaces/include/face_interfaces/face_interfaces/msg/rosidl_typesupport_introspection_c__visibility_control.h
[10.447s] -- Installing: /home/lxf/Desktop/ROS/12_Parameter_Python/install/face_interfaces/lib/libface_interfaces__rosidl_typesupport_introspection_c.so
[10.448s] -- Set runtime path of "/home/lxf/Desktop/ROS/12_Parameter_Python/install/face_interfaces/lib/libface_interfaces__rosidl_typesupport_introspection_c.so" to ""
[10.448s] -- Installing: /home/lxf/Desktop/ROS/12_Parameter_Python/install/face_interfaces/lib/libface_interfaces__rosidl_typesupport_c.so
[10.448s] -- Set runtime path of "/home/lxf/Desktop/ROS/12_Parameter_Python/install/face_interfaces/lib/libface_interfaces__rosidl_typesupport_c.so" to ""
[10.448s] -- Up-to-date: /home/lxf/Desktop/ROS/12_Parameter_Python/install/face_interfaces/include/face_interfaces/face_interfaces
[10.448s] -- Up-to-date: /home/lxf/Desktop/ROS/12_Parameter_Python/install/face_interfaces/include/face_interfaces/face_interfaces/srv
[10.449s] -- Up-to-date: /home/lxf/Desktop/ROS/12_Parameter_Python/install/face_interfaces/include/face_interfaces/face_interfaces/srv/detail
[10.449s] -- Installing: /home/lxf/Desktop/ROS/12_Parameter_Python/install/face_interfaces/include/face_interfaces/face_interfaces/srv/detail/face_detector__type_support.cpp
[10.450s] -- Installing: /home/lxf/Desktop/ROS/12_Parameter_Python/install/face_interfaces/include/face_interfaces/face_interfaces/srv/detail/face_detector__rosidl_typesupport_introspection_cpp.hpp
[10.450s] -- Installing: /home/lxf/Desktop/ROS/12_Parameter_Python/install/face_interfaces/lib/libface_interfaces__rosidl_typesupport_introspection_cpp.so
[10.450s] -- Set runtime path of "/home/lxf/Desktop/ROS/12_Parameter_Python/install/face_interfaces/lib/libface_interfaces__rosidl_typesupport_introspection_cpp.so" to ""
[10.450s] -- Installing: /home/lxf/Desktop/ROS/12_Parameter_Python/install/face_interfaces/lib/libface_interfaces__rosidl_typesupport_cpp.so
[10.451s] -- Set runtime path of "/home/lxf/Desktop/ROS/12_Parameter_Python/install/face_interfaces/lib/libface_interfaces__rosidl_typesupport_cpp.so" to ""
[10.451s] -- Installing: /home/lxf/Desktop/ROS/12_Parameter_Python/install/face_interfaces/share/face_interfaces/environment/pythonpath.sh
[10.451s] -- Installing: /home/lxf/Desktop/ROS/12_Parameter_Python/install/face_interfaces/share/face_interfaces/environment/pythonpath.dsv
[10.452s] -- Installing: /home/lxf/Desktop/ROS/12_Parameter_Python/install/face_interfaces/local/lib/python3.10/dist-packages/face_interfaces-0.0.0-py3.10.egg-info
[10.453s] -- Installing: /home/lxf/Desktop/ROS/12_Parameter_Python/install/face_interfaces/local/lib/python3.10/dist-packages/face_interfaces-0.0.0-py3.10.egg-info/PKG-INFO
[10.453s] -- Installing: /home/lxf/Desktop/ROS/12_Parameter_Python/install/face_interfaces/local/lib/python3.10/dist-packages/face_interfaces-0.0.0-py3.10.egg-info/top_level.txt
[10.454s] -- Installing: /home/lxf/Desktop/ROS/12_Parameter_Python/install/face_interfaces/local/lib/python3.10/dist-packages/face_interfaces-0.0.0-py3.10.egg-info/SOURCES.txt
[10.454s] -- Installing: /home/lxf/Desktop/ROS/12_Parameter_Python/install/face_interfaces/local/lib/python3.10/dist-packages/face_interfaces-0.0.0-py3.10.egg-info/dependency_links.txt
[10.455s] -- Installing: /home/lxf/Desktop/ROS/12_Parameter_Python/install/face_interfaces/local/lib/python3.10/dist-packages/face_interfaces
[10.455s] -- Installing: /home/lxf/Desktop/ROS/12_Parameter_Python/install/face_interfaces/local/lib/python3.10/dist-packages/face_interfaces/_face_interfaces_s.ep.rosidl_typesupport_fastrtps_c.c
[10.455s] -- Installing: /home/lxf/Desktop/ROS/12_Parameter_Python/install/face_interfaces/local/lib/python3.10/dist-packages/face_interfaces/srv
[10.456s] -- Installing: /home/lxf/Desktop/ROS/12_Parameter_Python/install/face_interfaces/local/lib/python3.10/dist-packages/face_interfaces/srv/_face_detector_s.c
[10.456s] -- Installing: /home/lxf/Desktop/ROS/12_Parameter_Python/install/face_interfaces/local/lib/python3.10/dist-packages/face_interfaces/srv/_face_detector.py
[10.456s] -- Installing: /home/lxf/Desktop/ROS/12_Parameter_Python/install/face_interfaces/local/lib/python3.10/dist-packages/face_interfaces/srv/__init__.py
[10.456s] -- Installing: /home/lxf/Desktop/ROS/12_Parameter_Python/install/face_interfaces/local/lib/python3.10/dist-packages/face_interfaces/face_interfaces_s__rosidl_typesupport_c.cpython-310-x86_64-linux-gnu.so
[10.456s] -- Installing: /home/lxf/Desktop/ROS/12_Parameter_Python/install/face_interfaces/local/lib/python3.10/dist-packages/face_interfaces/face_interfaces_s__rosidl_typesupport_fastrtps_c.cpython-310-x86_64-linux-gnu.so
[10.458s] -- Installing: /home/lxf/Desktop/ROS/12_Parameter_Python/install/face_interfaces/local/lib/python3.10/dist-packages/face_interfaces/_face_interfaces_s.ep.rosidl_typesupport_c.c
[10.459s] -- Installing: /home/lxf/Desktop/ROS/12_Parameter_Python/install/face_interfaces/local/lib/python3.10/dist-packages/face_interfaces/_face_interfaces_s.ep.rosidl_typesupport_introspection_c.c
[10.459s] -- Installing: /home/lxf/Desktop/ROS/12_Parameter_Python/install/face_interfaces/local/lib/python3.10/dist-packages/face_interfaces/libface_interfaces__rosidl_generator_py.so
[10.460s] -- Installing: /home/lxf/Desktop/ROS/12_Parameter_Python/install/face_interfaces/local/lib/python3.10/dist-packages/face_interfaces/face_interfaces_s__rosidl_typesupport_introspection_c.cpython-310-x86_64-linux-gnu.so
[10.461s] -- Installing: /home/lxf/Desktop/ROS/12_Parameter_Python/install/face_interfaces/local/lib/python3.10/dist-packages/face_interfaces/__init__.py
[10.616s] Listing '/home/lxf/Desktop/ROS/12_Parameter_Python/install/face_interfaces/local/lib/python3.10/dist-packages/face_interfaces'...
[10.616s] Compiling '/home/lxf/Desktop/ROS/12_Parameter_Python/install/face_interfaces/local/lib/python3.10/dist-packages/face_interfaces/__init__.py'...
[10.616s] Listing '/home/lxf/Desktop/ROS/12_Parameter_Python/install/face_interfaces/local/lib/python3.10/dist-packages/face_interfaces/srv'...
[10.616s] Compiling '/home/lxf/Desktop/ROS/12_Parameter_Python/install/face_interfaces/local/lib/python3.10/dist-packages/face_interfaces/srv/__init__.py'...
[10.616s] Compiling '/home/lxf/Desktop/ROS/12_Parameter_Python/install/face_interfaces/local/lib/python3.10/dist-packages/face_interfaces/srv/_face_detector.py'...
[10.624s] -- Installing: /home/lxf/Desktop/ROS/12_Parameter_Python/install/face_interfaces/local/lib/python3.10/dist-packages/face_interfaces/face_interfaces_s__rosidl_typesupport_fastrtps_c.cpython-310-x86_64-linux-gnu.so
[10.625s] -- Set runtime path of "/home/lxf/Desktop/ROS/12_Parameter_Python/install/face_interfaces/local/lib/python3.10/dist-packages/face_interfaces/face_interfaces_s__rosidl_typesupport_fastrtps_c.cpython-310-x86_64-linux-gnu.so" to ""
[10.625s] -- Installing: /home/lxf/Desktop/ROS/12_Parameter_Python/install/face_interfaces/local/lib/python3.10/dist-packages/face_interfaces/face_interfaces_s__rosidl_typesupport_introspection_c.cpython-310-x86_64-linux-gnu.so
[10.626s] -- Set runtime path of "/home/lxf/Desktop/ROS/12_Parameter_Python/install/face_interfaces/local/lib/python3.10/dist-packages/face_interfaces/face_interfaces_s__rosidl_typesupport_introspection_c.cpython-310-x86_64-linux-gnu.so" to ""
[10.626s] -- Installing: /home/lxf/Desktop/ROS/12_Parameter_Python/install/face_interfaces/local/lib/python3.10/dist-packages/face_interfaces/face_interfaces_s__rosidl_typesupport_c.cpython-310-x86_64-linux-gnu.so
[10.627s] -- Set runtime path of "/home/lxf/Desktop/ROS/12_Parameter_Python/install/face_interfaces/local/lib/python3.10/dist-packages/face_interfaces/face_interfaces_s__rosidl_typesupport_c.cpython-310-x86_64-linux-gnu.so" to ""
[10.627s] -- Installing: /home/lxf/Desktop/ROS/12_Parameter_Python/install/face_interfaces/lib/libface_interfaces__rosidl_generator_py.so
[10.629s] -- Set runtime path of "/home/lxf/Desktop/ROS/12_Parameter_Python/install/face_interfaces/lib/libface_interfaces__rosidl_generator_py.so" to ""
[10.630s] -- Installing: /home/lxf/Desktop/ROS/12_Parameter_Python/install/face_interfaces/share/face_interfaces/srv/FaceDetector.idl
[10.631s] -- Installing: /home/lxf/Desktop/ROS/12_Parameter_Python/install/face_interfaces/share/face_interfaces/srv/FaceDetector.srv
[10.632s] -- Installing: /home/lxf/Desktop/ROS/12_Parameter_Python/install/face_interfaces/share/face_interfaces/srv/FaceDetector_Request.msg
[10.632s] -- Installing: /home/lxf/Desktop/ROS/12_Parameter_Python/install/face_interfaces/share/face_interfaces/srv/FaceDetector_Response.msg
[10.633s] -- Installing: /home/lxf/Desktop/ROS/12_Parameter_Python/install/face_interfaces/share/ament_index/resource_index/package_run_dependencies/face_interfaces
[10.633s] -- Installing: /home/lxf/Desktop/ROS/12_Parameter_Python/install/face_interfaces/share/ament_index/resource_index/parent_prefix_path/face_interfaces
[10.633s] -- Installing: /home/lxf/Desktop/ROS/12_Parameter_Python/install/face_interfaces/share/face_interfaces/environment/ament_prefix_path.sh
[10.633s] -- Installing: /home/lxf/Desktop/ROS/12_Parameter_Python/install/face_interfaces/share/face_interfaces/environment/ament_prefix_path.dsv
[10.633s] -- Installing: /home/lxf/Desktop/ROS/12_Parameter_Python/install/face_interfaces/share/face_interfaces/environment/path.sh
[10.634s] -- Installing: /home/lxf/Desktop/ROS/12_Parameter_Python/install/face_interfaces/share/face_interfaces/environment/path.dsv
[10.634s] -- Installing: /home/lxf/Desktop/ROS/12_Parameter_Python/install/face_interfaces/share/face_interfaces/local_setup.bash
[10.634s] -- Installing: /home/lxf/Desktop/ROS/12_Parameter_Python/install/face_interfaces/share/face_interfaces/local_setup.sh
[10.634s] -- Installing: /home/lxf/Desktop/ROS/12_Parameter_Python/install/face_interfaces/share/face_interfaces/local_setup.zsh
[10.635s] -- Installing: /home/lxf/Desktop/ROS/12_Parameter_Python/install/face_interfaces/share/face_interfaces/local_setup.dsv
[10.635s] -- Installing: /home/lxf/Desktop/ROS/12_Parameter_Python/install/face_interfaces/share/face_interfaces/package.dsv
[10.635s] -- Installing: /home/lxf/Desktop/ROS/12_Parameter_Python/install/face_interfaces/share/ament_index/resource_index/packages/face_interfaces
[10.636s] -- Installing: /home/lxf/Desktop/ROS/12_Parameter_Python/install/face_interfaces/share/face_interfaces/cmake/export_face_interfaces__rosidl_generator_cExport.cmake
[10.636s] -- Installing: /home/lxf/Desktop/ROS/12_Parameter_Python/install/face_interfaces/share/face_interfaces/cmake/export_face_interfaces__rosidl_generator_cExport-noconfig.cmake
[10.637s] -- Installing: /home/lxf/Desktop/ROS/12_Parameter_Python/install/face_interfaces/share/face_interfaces/cmake/export_face_interfaces__rosidl_typesupport_fastrtps_cExport.cmake
[10.637s] -- Installing: /home/lxf/Desktop/ROS/12_Parameter_Python/install/face_interfaces/share/face_interfaces/cmake/export_face_interfaces__rosidl_typesupport_fastrtps_cExport-noconfig.cmake
[10.637s] -- Installing: /home/lxf/Desktop/ROS/12_Parameter_Python/install/face_interfaces/share/face_interfaces/cmake/export_face_interfaces__rosidl_generator_cppExport.cmake
[10.638s] -- Installing: /home/lxf/Desktop/ROS/12_Parameter_Python/install/face_interfaces/share/face_interfaces/cmake/export_face_interfaces__rosidl_typesupport_fastrtps_cppExport.cmake
[10.638s] -- Installing: /home/lxf/Desktop/ROS/12_Parameter_Python/install/face_interfaces/share/face_interfaces/cmake/export_face_interfaces__rosidl_typesupport_fastrtps_cppExport-noconfig.cmake
[10.638s] -- Installing: /home/lxf/Desktop/ROS/12_Parameter_Python/install/face_interfaces/share/face_interfaces/cmake/face_interfaces__rosidl_typesupport_introspection_cExport.cmake
[10.638s] -- Installing: /home/lxf/Desktop/ROS/12_Parameter_Python/install/face_interfaces/share/face_interfaces/cmake/face_interfaces__rosidl_typesupport_introspection_cExport-noconfig.cmake
[10.639s] -- Installing: /home/lxf/Desktop/ROS/12_Parameter_Python/install/face_interfaces/share/face_interfaces/cmake/face_interfaces__rosidl_typesupport_cExport.cmake
[10.639s] -- Installing: /home/lxf/Desktop/ROS/12_Parameter_Python/install/face_interfaces/share/face_interfaces/cmake/face_interfaces__rosidl_typesupport_cExport-noconfig.cmake
[10.639s] -- Installing: /home/lxf/Desktop/ROS/12_Parameter_Python/install/face_interfaces/share/face_interfaces/cmake/face_interfaces__rosidl_typesupport_introspection_cppExport.cmake
[10.639s] -- Installing: /home/lxf/Desktop/ROS/12_Parameter_Python/install/face_interfaces/share/face_interfaces/cmake/face_interfaces__rosidl_typesupport_introspection_cppExport-noconfig.cmake
[10.639s] -- Installing: /home/lxf/Desktop/ROS/12_Parameter_Python/install/face_interfaces/share/face_interfaces/cmake/face_interfaces__rosidl_typesupport_cppExport.cmake
[10.640s] -- Installing: /home/lxf/Desktop/ROS/12_Parameter_Python/install/face_interfaces/share/face_interfaces/cmake/face_interfaces__rosidl_typesupport_cppExport-noconfig.cmake
[10.640s] -- Installing: /home/lxf/Desktop/ROS/12_Parameter_Python/install/face_interfaces/share/face_interfaces/cmake/export_face_interfaces__rosidl_generator_pyExport.cmake
[10.641s] -- Installing: /home/lxf/Desktop/ROS/12_Parameter_Python/install/face_interfaces/share/face_interfaces/cmake/export_face_interfaces__rosidl_generator_pyExport-noconfig.cmake
[10.641s] -- Installing: /home/lxf/Desktop/ROS/12_Parameter_Python/install/face_interfaces/share/face_interfaces/cmake/rosidl_cmake-extras.cmake
[10.641s] -- Installing: /home/lxf/Desktop/ROS/12_Parameter_Python/install/face_interfaces/share/face_interfaces/cmake/ament_cmake_export_dependencies-extras.cmake
[10.641s] -- Installing: /home/lxf/Desktop/ROS/12_Parameter_Python/install/face_interfaces/share/face_interfaces/cmake/ament_cmake_export_include_directories-extras.cmake
[10.641s] -- Installing: /home/lxf/Desktop/ROS/12_Parameter_Python/install/face_interfaces/share/face_interfaces/cmake/ament_cmake_export_libraries-extras.cmake
[10.642s] -- Installing: /home/lxf/Desktop/ROS/12_Parameter_Python/install/face_interfaces/share/face_interfaces/cmake/ament_cmake_export_targets-extras.cmake
[10.642s] -- Installing: /home/lxf/Desktop/ROS/12_Parameter_Python/install/face_interfaces/share/face_interfaces/cmake/rosidl_cmake_export_typesupport_targets-extras.cmake
[10.643s] -- Installing: /home/lxf/Desktop/ROS/12_Parameter_Python/install/face_interfaces/share/face_interfaces/cmake/rosidl_cmake_export_typesupport_libraries-extras.cmake
[10.643s] -- Installing: /home/lxf/Desktop/ROS/12_Parameter_Python/install/face_interfaces/share/face_interfaces/cmake/face_interfacesConfig.cmake
[10.643s] -- Installing: /home/lxf/Desktop/ROS/12_Parameter_Python/install/face_interfaces/share/face_interfaces/cmake/face_interfacesConfig-version.cmake
[10.643s] -- Installing: /home/lxf/Desktop/ROS/12_Parameter_Python/install/face_interfaces/share/face_interfaces/package.xml
[10.653s] Invoked command in '/home/lxf/Desktop/ROS/12_Parameter_Python/build/face_interfaces' returned '0': CMAKE_PREFIX_PATH=${CMAKE_PREFIX_PATH}:/home/lxf/Desktop/ROS/12_Parameter_Python/install/demo_python_service:/opt/ros/humble /usr/bin/cmake --install /home/lxf/Desktop/ROS/12_Parameter_Python/build/face_interfaces
