[0.381s] Invoking command in '/home/lxf/ROS/10.topic_practice/src/status_publisher': AMENT_PREFIX_PATH=/home/lxf/ROS/10.topic_practice/install/status_interfaces:${AMENT_PREFIX_PATH} CMAKE_PREFIX_PATH=/home/lxf/ROS/10.topic_practice/install/status_interfaces LD_LIBRARY_PATH=/home/lxf/ROS/10.topic_practice/install/status_interfaces/lib:${LD_LIBRARY_PATH} PYTHONPATH=/home/lxf/ROS/10.topic_practice/build/status_publisher/prefix_override:/usr/lib/python3/dist-packages/colcon_core/task/python/colcon_distutils_commands:/home/lxf/ROS/10.topic_practice/install/status_publisher/lib/python3.10/site-packages:/home/lxf/ROS/10.topic_practice/install/status_interfaces/local/lib/python3.10/dist-packages:${PYTHONPATH} /usr/bin/python3 -W ignore:setup.py install is deprecated -W ignore:easy_install command is deprecated setup.py egg_info --egg-base ../../build/status_publisher build --build-base /home/lxf/ROS/10.topic_practice/build/status_publisher/build install --record /home/lxf/ROS/10.topic_practice/build/status_publisher/install.log --single-version-externally-managed install_data
[0.523s] running egg_info
[0.524s] writing ../../build/status_publisher/status_publisher.egg-info/PKG-INFO
[0.524s] writing dependency_links to ../../build/status_publisher/status_publisher.egg-info/dependency_links.txt
[0.524s] writing entry points to ../../build/status_publisher/status_publisher.egg-info/entry_points.txt
[0.524s] writing requirements to ../../build/status_publisher/status_publisher.egg-info/requires.txt
[0.524s] writing top-level names to ../../build/status_publisher/status_publisher.egg-info/top_level.txt
[0.525s] reading manifest file '../../build/status_publisher/status_publisher.egg-info/SOURCES.txt'
[0.525s] adding license file 'LICENSE'
[0.526s] writing manifest file '../../build/status_publisher/status_publisher.egg-info/SOURCES.txt'
[0.526s] running build
[0.526s] running build_py
[0.526s] running install
[0.526s] running install_lib
[0.527s] running install_data
[0.527s] running install_egg_info
[0.528s] removing '/home/lxf/ROS/10.topic_practice/install/status_publisher/lib/python3.10/site-packages/status_publisher-0.0.0-py3.10.egg-info' (and everything under it)
[0.528s] Copying ../../build/status_publisher/status_publisher.egg-info to /home/lxf/ROS/10.topic_practice/install/status_publisher/lib/python3.10/site-packages/status_publisher-0.0.0-py3.10.egg-info
[0.528s] running install_scripts
[0.541s] Installing sys_status_pub script to /home/lxf/ROS/10.topic_practice/install/status_publisher/lib/status_publisher
[0.541s] writing list of installed files to '/home/lxf/ROS/10.topic_practice/build/status_publisher/install.log'
