running egg_info
writing ../../build/demo_python_service/demo_python_service.egg-info/PKG-INFO
writing dependency_links to ../../build/demo_python_service/demo_python_service.egg-info/dependency_links.txt
writing entry points to ../../build/demo_python_service/demo_python_service.egg-info/entry_points.txt
writing requirements to ../../build/demo_python_service/demo_python_service.egg-info/requires.txt
writing top-level names to ../../build/demo_python_service/demo_python_service.egg-info/top_level.txt
reading manifest file '../../build/demo_python_service/demo_python_service.egg-info/SOURCES.txt'
adding license file 'LICENSE'
writing manifest file '../../build/demo_python_service/demo_python_service.egg-info/SOURCES.txt'
running build
running build_py
copying demo_python_service/face_detect_client_node_v2.py -> /home/lxf/Desktop/ROS/13.Parameter_Python/build/demo_python_service/build/lib/demo_python_service
running install
running install_lib
copying /home/lxf/Desktop/ROS/13.Parameter_Python/build/demo_python_service/build/lib/demo_python_service/face_detect_client_node_v2.py -> /home/lxf/Desktop/ROS/13.Parameter_Python/install/demo_python_service/lib/python3.10/site-packages/demo_python_service
byte-compiling /home/lxf/Desktop/ROS/13.Parameter_Python/install/demo_python_service/lib/python3.10/site-packages/demo_python_service/face_detect_client_node_v2.py to face_detect_client_node_v2.cpython-310.pyc
running install_data
running install_egg_info
removing '/home/lxf/Desktop/ROS/13.Parameter_Python/install/demo_python_service/lib/python3.10/site-packages/demo_python_service-0.0.0-py3.10.egg-info' (and everything under it)
Copying ../../build/demo_python_service/demo_python_service.egg-info to /home/lxf/Desktop/ROS/13.Parameter_Python/install/demo_python_service/lib/python3.10/site-packages/demo_python_service-0.0.0-py3.10.egg-info
running install_scripts
Installing face_detect script to /home/lxf/Desktop/ROS/13.Parameter_Python/install/demo_python_service/lib/demo_python_service
Installing face_detect_client_Optimization script to /home/lxf/Desktop/ROS/13.Parameter_Python/install/demo_python_service/lib/demo_python_service
Installing face_detect_client_node_v1 script to /home/lxf/Desktop/ROS/13.Parameter_Python/install/demo_python_service/lib/demo_python_service
Installing face_detect_client_node_v2 script to /home/lxf/Desktop/ROS/13.Parameter_Python/install/demo_python_service/lib/demo_python_service
Installing face_detect_client_thread script to /home/lxf/Desktop/ROS/13.Parameter_Python/install/demo_python_service/lib/demo_python_service
Installing face_detect_client_two_node script to /home/lxf/Desktop/ROS/13.Parameter_Python/install/demo_python_service/lib/demo_python_service
Installing face_detect_node_v1 script to /home/lxf/Desktop/ROS/13.Parameter_Python/install/demo_python_service/lib/demo_python_service
Installing face_detect_node_v2 script to /home/lxf/Desktop/ROS/13.Parameter_Python/install/demo_python_service/lib/demo_python_service
writing list of installed files to '/home/lxf/Desktop/ROS/13.Parameter_Python/build/demo_python_service/install.log'
