[0.008s] Invoking command in '/home/lxf/Desktop/ROS/12.turtle_control/build/demo_cpp_turtle_control_service': CMAKE_PREFIX_PATH=/opt/ros/humble /usr/bin/cmake --build /home/lxf/Desktop/ROS/12.turtle_control/build/demo_cpp_turtle_control_service -- -j16 -l16
[0.037s] Invoked command in '/home/lxf/Desktop/ROS/12.turtle_control/build/demo_cpp_turtle_control_service' returned '0': CMAKE_PREFIX_PATH=/opt/ros/humble /usr/bin/cmake --build /home/lxf/Desktop/ROS/12.turtle_control/build/demo_cpp_turtle_control_service -- -j16 -l16
[0.043s] Invoking command in '/home/lxf/Desktop/ROS/12.turtle_control/build/demo_cpp_turtle_control_service': CMAKE_PREFIX_PATH=/opt/ros/humble /usr/bin/cmake --install /home/lxf/Desktop/ROS/12.turtle_control/build/demo_cpp_turtle_control_service
[0.048s] -- Install configuration: ""
[0.048s] -- Up-to-date: /home/lxf/Desktop/ROS/12.turtle_control/install/demo_cpp_turtle_control_service/share/ament_index/resource_index/package_run_dependencies/demo_cpp_turtle_control_service
[0.048s] -- Up-to-date: /home/lxf/Desktop/ROS/12.turtle_control/install/demo_cpp_turtle_control_service/share/ament_index/resource_index/parent_prefix_path/demo_cpp_turtle_control_service
[0.048s] -- Up-to-date: /home/lxf/Desktop/ROS/12.turtle_control/install/demo_cpp_turtle_control_service/share/demo_cpp_turtle_control_service/environment/ament_prefix_path.sh
[0.048s] -- Up-to-date: /home/lxf/Desktop/ROS/12.turtle_control/install/demo_cpp_turtle_control_service/share/demo_cpp_turtle_control_service/environment/ament_prefix_path.dsv
[0.048s] -- Up-to-date: /home/lxf/Desktop/ROS/12.turtle_control/install/demo_cpp_turtle_control_service/share/demo_cpp_turtle_control_service/environment/path.sh
[0.048s] -- Up-to-date: /home/lxf/Desktop/ROS/12.turtle_control/install/demo_cpp_turtle_control_service/share/demo_cpp_turtle_control_service/environment/path.dsv
[0.048s] -- Up-to-date: /home/lxf/Desktop/ROS/12.turtle_control/install/demo_cpp_turtle_control_service/share/demo_cpp_turtle_control_service/local_setup.bash
[0.048s] -- Up-to-date: /home/lxf/Desktop/ROS/12.turtle_control/install/demo_cpp_turtle_control_service/share/demo_cpp_turtle_control_service/local_setup.sh
[0.048s] -- Up-to-date: /home/lxf/Desktop/ROS/12.turtle_control/install/demo_cpp_turtle_control_service/share/demo_cpp_turtle_control_service/local_setup.zsh
[0.048s] -- Up-to-date: /home/lxf/Desktop/ROS/12.turtle_control/install/demo_cpp_turtle_control_service/share/demo_cpp_turtle_control_service/local_setup.dsv
[0.048s] -- Installing: /home/lxf/Desktop/ROS/12.turtle_control/install/demo_cpp_turtle_control_service/share/demo_cpp_turtle_control_service/package.dsv
[0.048s] -- Up-to-date: /home/lxf/Desktop/ROS/12.turtle_control/install/demo_cpp_turtle_control_service/share/ament_index/resource_index/packages/demo_cpp_turtle_control_service
[0.048s] -- Up-to-date: /home/lxf/Desktop/ROS/12.turtle_control/install/demo_cpp_turtle_control_service/share/demo_cpp_turtle_control_service/cmake/demo_cpp_turtle_control_serviceConfig.cmake
[0.048s] -- Up-to-date: /home/lxf/Desktop/ROS/12.turtle_control/install/demo_cpp_turtle_control_service/share/demo_cpp_turtle_control_service/cmake/demo_cpp_turtle_control_serviceConfig-version.cmake
[0.048s] -- Up-to-date: /home/lxf/Desktop/ROS/12.turtle_control/install/demo_cpp_turtle_control_service/share/demo_cpp_turtle_control_service/package.xml
[0.050s] Invoked command in '/home/lxf/Desktop/ROS/12.turtle_control/build/demo_cpp_turtle_control_service' returned '0': CMAKE_PREFIX_PATH=/opt/ros/humble /usr/bin/cmake --install /home/lxf/Desktop/ROS/12.turtle_control/build/demo_cpp_turtle_control_service
