[0.010s] Invoking command in '/home/lxf/Desktop/ROS/13.Parameter_Python/build/face_interfaces': CMAKE_PREFIX_PATH=${CMAKE_PREFIX_PATH}:/home/lxf/Desktop/ROS/13.Parameter_Python/install/demo_python_service:/opt/ros/humble /usr/bin/cmake --build /home/lxf/Desktop/ROS/13.Parameter_Python/build/face_interfaces -- -j16 -l16
[0.080s] [  3%] Built target face_interfaces__cpp
[0.088s] [ 12%] Built target face_interfaces__rosidl_generator_c
[0.098s] [ 12%] Built target ament_cmake_python_copy_face_interfaces
[0.116s] [ 22%] Built target face_interfaces__rosidl_typesupport_introspection_cpp
[0.119s] [ 32%] Built target face_interfaces__rosidl_typesupport_cpp
[0.122s] [ 41%] Built target face_interfaces__rosidl_typesupport_fastrtps_cpp
[0.125s] [ 51%] Built target face_interfaces__rosidl_typesupport_c
[0.126s] [ 61%] Built target face_interfaces__rosidl_typesupport_introspection_c
[0.129s] [ 70%] Built target face_interfaces__rosidl_typesupport_fastrtps_c
[0.151s] [ 70%] Built target face_interfaces
[0.172s] [ 74%] Built target face_interfaces__py
[0.196s] [ 80%] Built target face_interfaces__rosidl_generator_py
[0.223s] [ 87%] Built target face_interfaces__rosidl_typesupport_fastrtps_c__pyext
[0.224s] [ 93%] Built target face_interfaces__rosidl_typesupport_c__pyext
[0.226s] [100%] Built target face_interfaces__rosidl_typesupport_introspection_c__pyext
[0.328s] running egg_info
[0.328s] writing face_interfaces.egg-info/PKG-INFO
[0.329s] writing dependency_links to face_interfaces.egg-info/dependency_links.txt
[0.329s] writing top-level names to face_interfaces.egg-info/top_level.txt
[0.330s] reading manifest file 'face_interfaces.egg-info/SOURCES.txt'
[0.331s] writing manifest file 'face_interfaces.egg-info/SOURCES.txt'
[0.353s] [100%] Built target ament_cmake_python_build_face_interfaces_egg
[0.365s] Invoked command in '/home/lxf/Desktop/ROS/13.Parameter_Python/build/face_interfaces' returned '0': CMAKE_PREFIX_PATH=${CMAKE_PREFIX_PATH}:/home/lxf/Desktop/ROS/13.Parameter_Python/install/demo_python_service:/opt/ros/humble /usr/bin/cmake --build /home/lxf/Desktop/ROS/13.Parameter_Python/build/face_interfaces -- -j16 -l16
[0.374s] Invoking command in '/home/lxf/Desktop/ROS/13.Parameter_Python/build/face_interfaces': CMAKE_PREFIX_PATH=${CMAKE_PREFIX_PATH}:/home/lxf/Desktop/ROS/13.Parameter_Python/install/demo_python_service:/opt/ros/humble /usr/bin/cmake --install /home/lxf/Desktop/ROS/13.Parameter_Python/build/face_interfaces
[0.387s] -- Install configuration: ""
[0.387s] -- Up-to-date: /home/lxf/Desktop/ROS/13.Parameter_Python/install/face_interfaces/share/ament_index/resource_index/rosidl_interfaces/face_interfaces
[0.387s] -- Up-to-date: /home/lxf/Desktop/ROS/13.Parameter_Python/install/face_interfaces/include/face_interfaces/face_interfaces
[0.388s] -- Up-to-date: /home/lxf/Desktop/ROS/13.Parameter_Python/install/face_interfaces/include/face_interfaces/face_interfaces/srv
[0.388s] -- Up-to-date: /home/lxf/Desktop/ROS/13.Parameter_Python/install/face_interfaces/include/face_interfaces/face_interfaces/srv/detail
[0.388s] -- Up-to-date: /home/lxf/Desktop/ROS/13.Parameter_Python/install/face_interfaces/include/face_interfaces/face_interfaces/srv/detail/face_detector__struct.h
[0.388s] -- Up-to-date: /home/lxf/Desktop/ROS/13.Parameter_Python/install/face_interfaces/include/face_interfaces/face_interfaces/srv/detail/face_detector__functions.c
[0.388s] -- Up-to-date: /home/lxf/Desktop/ROS/13.Parameter_Python/install/face_interfaces/include/face_interfaces/face_interfaces/srv/detail/face_detector__type_support.h
[0.388s] -- Up-to-date: /home/lxf/Desktop/ROS/13.Parameter_Python/install/face_interfaces/include/face_interfaces/face_interfaces/srv/detail/face_detector__functions.h
[0.389s] -- Up-to-date: /home/lxf/Desktop/ROS/13.Parameter_Python/install/face_interfaces/include/face_interfaces/face_interfaces/srv/face_detector.h
[0.389s] -- Up-to-date: /home/lxf/Desktop/ROS/13.Parameter_Python/install/face_interfaces/include/face_interfaces/face_interfaces/msg
[0.389s] -- Up-to-date: /home/lxf/Desktop/ROS/13.Parameter_Python/install/face_interfaces/include/face_interfaces/face_interfaces/msg/rosidl_generator_c__visibility_control.h
[0.389s] -- Up-to-date: /home/lxf/Desktop/ROS/13.Parameter_Python/install/face_interfaces/share/face_interfaces/environment/library_path.sh
[0.389s] -- Up-to-date: /home/lxf/Desktop/ROS/13.Parameter_Python/install/face_interfaces/share/face_interfaces/environment/library_path.dsv
[0.389s] -- Up-to-date: /home/lxf/Desktop/ROS/13.Parameter_Python/install/face_interfaces/lib/libface_interfaces__rosidl_generator_c.so
[0.389s] -- Up-to-date: /home/lxf/Desktop/ROS/13.Parameter_Python/install/face_interfaces/include/face_interfaces/face_interfaces
[0.389s] -- Up-to-date: /home/lxf/Desktop/ROS/13.Parameter_Python/install/face_interfaces/include/face_interfaces/face_interfaces/srv
[0.390s] -- Up-to-date: /home/lxf/Desktop/ROS/13.Parameter_Python/install/face_interfaces/include/face_interfaces/face_interfaces/srv/detail
[0.390s] -- Up-to-date: /home/lxf/Desktop/ROS/13.Parameter_Python/install/face_interfaces/include/face_interfaces/face_interfaces/srv/detail/face_detector__rosidl_typesupport_fastrtps_c.h
[0.390s] -- Up-to-date: /home/lxf/Desktop/ROS/13.Parameter_Python/install/face_interfaces/include/face_interfaces/face_interfaces/msg
[0.390s] -- Up-to-date: /home/lxf/Desktop/ROS/13.Parameter_Python/install/face_interfaces/include/face_interfaces/face_interfaces/msg/rosidl_typesupport_fastrtps_c__visibility_control.h
[0.390s] -- Up-to-date: /home/lxf/Desktop/ROS/13.Parameter_Python/install/face_interfaces/lib/libface_interfaces__rosidl_typesupport_fastrtps_c.so
[0.390s] -- Up-to-date: /home/lxf/Desktop/ROS/13.Parameter_Python/install/face_interfaces/include/face_interfaces/face_interfaces
[0.390s] -- Up-to-date: /home/lxf/Desktop/ROS/13.Parameter_Python/install/face_interfaces/include/face_interfaces/face_interfaces/srv
[0.391s] -- Up-to-date: /home/lxf/Desktop/ROS/13.Parameter_Python/install/face_interfaces/include/face_interfaces/face_interfaces/srv/detail
[0.391s] -- Up-to-date: /home/lxf/Desktop/ROS/13.Parameter_Python/install/face_interfaces/include/face_interfaces/face_interfaces/srv/detail/face_detector__traits.hpp
[0.391s] -- Up-to-date: /home/lxf/Desktop/ROS/13.Parameter_Python/install/face_interfaces/include/face_interfaces/face_interfaces/srv/detail/face_detector__type_support.hpp
[0.391s] -- Up-to-date: /home/lxf/Desktop/ROS/13.Parameter_Python/install/face_interfaces/include/face_interfaces/face_interfaces/srv/detail/face_detector__struct.hpp
[0.391s] -- Up-to-date: /home/lxf/Desktop/ROS/13.Parameter_Python/install/face_interfaces/include/face_interfaces/face_interfaces/srv/detail/face_detector__builder.hpp
[0.391s] -- Up-to-date: /home/lxf/Desktop/ROS/13.Parameter_Python/install/face_interfaces/include/face_interfaces/face_interfaces/srv/face_detector.hpp
[0.391s] -- Up-to-date: /home/lxf/Desktop/ROS/13.Parameter_Python/install/face_interfaces/include/face_interfaces/face_interfaces/msg
[0.391s] -- Up-to-date: /home/lxf/Desktop/ROS/13.Parameter_Python/install/face_interfaces/include/face_interfaces/face_interfaces/msg/rosidl_generator_cpp__visibility_control.hpp
[0.391s] -- Up-to-date: /home/lxf/Desktop/ROS/13.Parameter_Python/install/face_interfaces/include/face_interfaces/face_interfaces
[0.391s] -- Up-to-date: /home/lxf/Desktop/ROS/13.Parameter_Python/install/face_interfaces/include/face_interfaces/face_interfaces/srv
[0.392s] -- Up-to-date: /home/lxf/Desktop/ROS/13.Parameter_Python/install/face_interfaces/include/face_interfaces/face_interfaces/srv/detail
[0.392s] -- Up-to-date: /home/lxf/Desktop/ROS/13.Parameter_Python/install/face_interfaces/include/face_interfaces/face_interfaces/srv/detail/face_detector__rosidl_typesupport_fastrtps_cpp.hpp
[0.392s] -- Up-to-date: /home/lxf/Desktop/ROS/13.Parameter_Python/install/face_interfaces/include/face_interfaces/face_interfaces/srv/detail/dds_fastrtps
[0.392s] -- Up-to-date: /home/lxf/Desktop/ROS/13.Parameter_Python/install/face_interfaces/include/face_interfaces/face_interfaces/msg
[0.392s] -- Up-to-date: /home/lxf/Desktop/ROS/13.Parameter_Python/install/face_interfaces/include/face_interfaces/face_interfaces/msg/rosidl_typesupport_fastrtps_cpp__visibility_control.h
[0.392s] -- Up-to-date: /home/lxf/Desktop/ROS/13.Parameter_Python/install/face_interfaces/lib/libface_interfaces__rosidl_typesupport_fastrtps_cpp.so
[0.392s] -- Up-to-date: /home/lxf/Desktop/ROS/13.Parameter_Python/install/face_interfaces/include/face_interfaces/face_interfaces
[0.392s] -- Up-to-date: /home/lxf/Desktop/ROS/13.Parameter_Python/install/face_interfaces/include/face_interfaces/face_interfaces/srv
[0.392s] -- Up-to-date: /home/lxf/Desktop/ROS/13.Parameter_Python/install/face_interfaces/include/face_interfaces/face_interfaces/srv/detail
[0.392s] -- Up-to-date: /home/lxf/Desktop/ROS/13.Parameter_Python/install/face_interfaces/include/face_interfaces/face_interfaces/srv/detail/face_detector__rosidl_typesupport_introspection_c.h
[0.393s] -- Up-to-date: /home/lxf/Desktop/ROS/13.Parameter_Python/install/face_interfaces/include/face_interfaces/face_interfaces/srv/detail/face_detector__type_support.c
[0.393s] -- Up-to-date: /home/lxf/Desktop/ROS/13.Parameter_Python/install/face_interfaces/include/face_interfaces/face_interfaces/msg
[0.393s] -- Up-to-date: /home/lxf/Desktop/ROS/13.Parameter_Python/install/face_interfaces/include/face_interfaces/face_interfaces/msg/rosidl_typesupport_introspection_c__visibility_control.h
[0.393s] -- Up-to-date: /home/lxf/Desktop/ROS/13.Parameter_Python/install/face_interfaces/lib/libface_interfaces__rosidl_typesupport_introspection_c.so
[0.393s] -- Up-to-date: /home/lxf/Desktop/ROS/13.Parameter_Python/install/face_interfaces/lib/libface_interfaces__rosidl_typesupport_c.so
[0.393s] -- Up-to-date: /home/lxf/Desktop/ROS/13.Parameter_Python/install/face_interfaces/include/face_interfaces/face_interfaces
[0.393s] -- Up-to-date: /home/lxf/Desktop/ROS/13.Parameter_Python/install/face_interfaces/include/face_interfaces/face_interfaces/srv
[0.393s] -- Up-to-date: /home/lxf/Desktop/ROS/13.Parameter_Python/install/face_interfaces/include/face_interfaces/face_interfaces/srv/detail
[0.393s] -- Up-to-date: /home/lxf/Desktop/ROS/13.Parameter_Python/install/face_interfaces/include/face_interfaces/face_interfaces/srv/detail/face_detector__type_support.cpp
[0.393s] -- Up-to-date: /home/lxf/Desktop/ROS/13.Parameter_Python/install/face_interfaces/include/face_interfaces/face_interfaces/srv/detail/face_detector__rosidl_typesupport_introspection_cpp.hpp
[0.393s] -- Up-to-date: /home/lxf/Desktop/ROS/13.Parameter_Python/install/face_interfaces/lib/libface_interfaces__rosidl_typesupport_introspection_cpp.so
[0.393s] -- Up-to-date: /home/lxf/Desktop/ROS/13.Parameter_Python/install/face_interfaces/lib/libface_interfaces__rosidl_typesupport_cpp.so
[0.393s] -- Up-to-date: /home/lxf/Desktop/ROS/13.Parameter_Python/install/face_interfaces/share/face_interfaces/environment/pythonpath.sh
[0.393s] -- Up-to-date: /home/lxf/Desktop/ROS/13.Parameter_Python/install/face_interfaces/share/face_interfaces/environment/pythonpath.dsv
[0.393s] -- Up-to-date: /home/lxf/Desktop/ROS/13.Parameter_Python/install/face_interfaces/local/lib/python3.10/dist-packages/face_interfaces-0.0.0-py3.10.egg-info
[0.393s] -- Installing: /home/lxf/Desktop/ROS/13.Parameter_Python/install/face_interfaces/local/lib/python3.10/dist-packages/face_interfaces-0.0.0-py3.10.egg-info/PKG-INFO
[0.394s] -- Installing: /home/lxf/Desktop/ROS/13.Parameter_Python/install/face_interfaces/local/lib/python3.10/dist-packages/face_interfaces-0.0.0-py3.10.egg-info/top_level.txt
[0.394s] -- Installing: /home/lxf/Desktop/ROS/13.Parameter_Python/install/face_interfaces/local/lib/python3.10/dist-packages/face_interfaces-0.0.0-py3.10.egg-info/SOURCES.txt
[0.394s] -- Installing: /home/lxf/Desktop/ROS/13.Parameter_Python/install/face_interfaces/local/lib/python3.10/dist-packages/face_interfaces-0.0.0-py3.10.egg-info/dependency_links.txt
[0.394s] -- Up-to-date: /home/lxf/Desktop/ROS/13.Parameter_Python/install/face_interfaces/local/lib/python3.10/dist-packages/face_interfaces
[0.394s] -- Up-to-date: /home/lxf/Desktop/ROS/13.Parameter_Python/install/face_interfaces/local/lib/python3.10/dist-packages/face_interfaces/_face_interfaces_s.ep.rosidl_typesupport_fastrtps_c.c
[0.394s] -- Up-to-date: /home/lxf/Desktop/ROS/13.Parameter_Python/install/face_interfaces/local/lib/python3.10/dist-packages/face_interfaces/srv
[0.394s] -- Up-to-date: /home/lxf/Desktop/ROS/13.Parameter_Python/install/face_interfaces/local/lib/python3.10/dist-packages/face_interfaces/srv/_face_detector_s.c
[0.394s] -- Up-to-date: /home/lxf/Desktop/ROS/13.Parameter_Python/install/face_interfaces/local/lib/python3.10/dist-packages/face_interfaces/srv/_face_detector.py
[0.394s] -- Up-to-date: /home/lxf/Desktop/ROS/13.Parameter_Python/install/face_interfaces/local/lib/python3.10/dist-packages/face_interfaces/srv/__init__.py
[0.394s] -- Up-to-date: /home/lxf/Desktop/ROS/13.Parameter_Python/install/face_interfaces/local/lib/python3.10/dist-packages/face_interfaces/face_interfaces_s__rosidl_typesupport_c.cpython-310-x86_64-linux-gnu.so
[0.394s] -- Up-to-date: /home/lxf/Desktop/ROS/13.Parameter_Python/install/face_interfaces/local/lib/python3.10/dist-packages/face_interfaces/face_interfaces_s__rosidl_typesupport_fastrtps_c.cpython-310-x86_64-linux-gnu.so
[0.394s] -- Up-to-date: /home/lxf/Desktop/ROS/13.Parameter_Python/install/face_interfaces/local/lib/python3.10/dist-packages/face_interfaces/_face_interfaces_s.ep.rosidl_typesupport_c.c
[0.394s] -- Up-to-date: /home/lxf/Desktop/ROS/13.Parameter_Python/install/face_interfaces/local/lib/python3.10/dist-packages/face_interfaces/_face_interfaces_s.ep.rosidl_typesupport_introspection_c.c
[0.394s] -- Up-to-date: /home/lxf/Desktop/ROS/13.Parameter_Python/install/face_interfaces/local/lib/python3.10/dist-packages/face_interfaces/libface_interfaces__rosidl_generator_py.so
[0.394s] -- Up-to-date: /home/lxf/Desktop/ROS/13.Parameter_Python/install/face_interfaces/local/lib/python3.10/dist-packages/face_interfaces/face_interfaces_s__rosidl_typesupport_introspection_c.cpython-310-x86_64-linux-gnu.so
[0.394s] -- Up-to-date: /home/lxf/Desktop/ROS/13.Parameter_Python/install/face_interfaces/local/lib/python3.10/dist-packages/face_interfaces/__init__.py
[0.428s] Listing '/home/lxf/Desktop/ROS/13.Parameter_Python/install/face_interfaces/local/lib/python3.10/dist-packages/face_interfaces'...
[0.428s] Listing '/home/lxf/Desktop/ROS/13.Parameter_Python/install/face_interfaces/local/lib/python3.10/dist-packages/face_interfaces/srv'...
[0.432s] -- Up-to-date: /home/lxf/Desktop/ROS/13.Parameter_Python/install/face_interfaces/local/lib/python3.10/dist-packages/face_interfaces/face_interfaces_s__rosidl_typesupport_fastrtps_c.cpython-310-x86_64-linux-gnu.so
[0.432s] -- Up-to-date: /home/lxf/Desktop/ROS/13.Parameter_Python/install/face_interfaces/local/lib/python3.10/dist-packages/face_interfaces/face_interfaces_s__rosidl_typesupport_introspection_c.cpython-310-x86_64-linux-gnu.so
[0.433s] -- Up-to-date: /home/lxf/Desktop/ROS/13.Parameter_Python/install/face_interfaces/local/lib/python3.10/dist-packages/face_interfaces/face_interfaces_s__rosidl_typesupport_c.cpython-310-x86_64-linux-gnu.so
[0.433s] -- Up-to-date: /home/lxf/Desktop/ROS/13.Parameter_Python/install/face_interfaces/lib/libface_interfaces__rosidl_generator_py.so
[0.433s] -- Up-to-date: /home/lxf/Desktop/ROS/13.Parameter_Python/install/face_interfaces/share/face_interfaces/srv/FaceDetector.idl
[0.433s] -- Up-to-date: /home/lxf/Desktop/ROS/13.Parameter_Python/install/face_interfaces/share/face_interfaces/srv/FaceDetector.srv
[0.433s] -- Up-to-date: /home/lxf/Desktop/ROS/13.Parameter_Python/install/face_interfaces/share/face_interfaces/srv/FaceDetector_Request.msg
[0.433s] -- Up-to-date: /home/lxf/Desktop/ROS/13.Parameter_Python/install/face_interfaces/share/face_interfaces/srv/FaceDetector_Response.msg
[0.433s] -- Up-to-date: /home/lxf/Desktop/ROS/13.Parameter_Python/install/face_interfaces/share/ament_index/resource_index/package_run_dependencies/face_interfaces
[0.433s] -- Up-to-date: /home/lxf/Desktop/ROS/13.Parameter_Python/install/face_interfaces/share/ament_index/resource_index/parent_prefix_path/face_interfaces
[0.434s] -- Up-to-date: /home/lxf/Desktop/ROS/13.Parameter_Python/install/face_interfaces/share/face_interfaces/environment/ament_prefix_path.sh
[0.434s] -- Up-to-date: /home/lxf/Desktop/ROS/13.Parameter_Python/install/face_interfaces/share/face_interfaces/environment/ament_prefix_path.dsv
[0.434s] -- Up-to-date: /home/lxf/Desktop/ROS/13.Parameter_Python/install/face_interfaces/share/face_interfaces/environment/path.sh
[0.434s] -- Up-to-date: /home/lxf/Desktop/ROS/13.Parameter_Python/install/face_interfaces/share/face_interfaces/environment/path.dsv
[0.434s] -- Up-to-date: /home/lxf/Desktop/ROS/13.Parameter_Python/install/face_interfaces/share/face_interfaces/local_setup.bash
[0.434s] -- Up-to-date: /home/lxf/Desktop/ROS/13.Parameter_Python/install/face_interfaces/share/face_interfaces/local_setup.sh
[0.434s] -- Up-to-date: /home/lxf/Desktop/ROS/13.Parameter_Python/install/face_interfaces/share/face_interfaces/local_setup.zsh
[0.434s] -- Up-to-date: /home/lxf/Desktop/ROS/13.Parameter_Python/install/face_interfaces/share/face_interfaces/local_setup.dsv
[0.435s] -- Installing: /home/lxf/Desktop/ROS/13.Parameter_Python/install/face_interfaces/share/face_interfaces/package.dsv
[0.435s] -- Up-to-date: /home/lxf/Desktop/ROS/13.Parameter_Python/install/face_interfaces/share/ament_index/resource_index/packages/face_interfaces
[0.435s] -- Up-to-date: /home/lxf/Desktop/ROS/13.Parameter_Python/install/face_interfaces/share/face_interfaces/cmake/export_face_interfaces__rosidl_generator_cExport.cmake
[0.435s] -- Up-to-date: /home/lxf/Desktop/ROS/13.Parameter_Python/install/face_interfaces/share/face_interfaces/cmake/export_face_interfaces__rosidl_generator_cExport-noconfig.cmake
[0.435s] -- Up-to-date: /home/lxf/Desktop/ROS/13.Parameter_Python/install/face_interfaces/share/face_interfaces/cmake/export_face_interfaces__rosidl_typesupport_fastrtps_cExport.cmake
[0.435s] -- Up-to-date: /home/lxf/Desktop/ROS/13.Parameter_Python/install/face_interfaces/share/face_interfaces/cmake/export_face_interfaces__rosidl_typesupport_fastrtps_cExport-noconfig.cmake
[0.435s] -- Up-to-date: /home/lxf/Desktop/ROS/13.Parameter_Python/install/face_interfaces/share/face_interfaces/cmake/export_face_interfaces__rosidl_generator_cppExport.cmake
[0.435s] -- Up-to-date: /home/lxf/Desktop/ROS/13.Parameter_Python/install/face_interfaces/share/face_interfaces/cmake/export_face_interfaces__rosidl_typesupport_fastrtps_cppExport.cmake
[0.435s] -- Up-to-date: /home/lxf/Desktop/ROS/13.Parameter_Python/install/face_interfaces/share/face_interfaces/cmake/export_face_interfaces__rosidl_typesupport_fastrtps_cppExport-noconfig.cmake
[0.436s] -- Up-to-date: /home/lxf/Desktop/ROS/13.Parameter_Python/install/face_interfaces/share/face_interfaces/cmake/face_interfaces__rosidl_typesupport_introspection_cExport.cmake
[0.436s] -- Up-to-date: /home/lxf/Desktop/ROS/13.Parameter_Python/install/face_interfaces/share/face_interfaces/cmake/face_interfaces__rosidl_typesupport_introspection_cExport-noconfig.cmake
[0.436s] -- Up-to-date: /home/lxf/Desktop/ROS/13.Parameter_Python/install/face_interfaces/share/face_interfaces/cmake/face_interfaces__rosidl_typesupport_cExport.cmake
[0.436s] -- Up-to-date: /home/lxf/Desktop/ROS/13.Parameter_Python/install/face_interfaces/share/face_interfaces/cmake/face_interfaces__rosidl_typesupport_cExport-noconfig.cmake
[0.436s] -- Up-to-date: /home/lxf/Desktop/ROS/13.Parameter_Python/install/face_interfaces/share/face_interfaces/cmake/face_interfaces__rosidl_typesupport_introspection_cppExport.cmake
[0.437s] -- Up-to-date: /home/lxf/Desktop/ROS/13.Parameter_Python/install/face_interfaces/share/face_interfaces/cmake/face_interfaces__rosidl_typesupport_introspection_cppExport-noconfig.cmake
[0.437s] -- Up-to-date: /home/lxf/Desktop/ROS/13.Parameter_Python/install/face_interfaces/share/face_interfaces/cmake/face_interfaces__rosidl_typesupport_cppExport.cmake
[0.438s] -- Up-to-date: /home/lxf/Desktop/ROS/13.Parameter_Python/install/face_interfaces/share/face_interfaces/cmake/face_interfaces__rosidl_typesupport_cppExport-noconfig.cmake
[0.438s] -- Up-to-date: /home/lxf/Desktop/ROS/13.Parameter_Python/install/face_interfaces/share/face_interfaces/cmake/export_face_interfaces__rosidl_generator_pyExport.cmake
[0.438s] -- Up-to-date: /home/lxf/Desktop/ROS/13.Parameter_Python/install/face_interfaces/share/face_interfaces/cmake/export_face_interfaces__rosidl_generator_pyExport-noconfig.cmake
[0.438s] -- Up-to-date: /home/lxf/Desktop/ROS/13.Parameter_Python/install/face_interfaces/share/face_interfaces/cmake/rosidl_cmake-extras.cmake
[0.439s] -- Up-to-date: /home/lxf/Desktop/ROS/13.Parameter_Python/install/face_interfaces/share/face_interfaces/cmake/ament_cmake_export_dependencies-extras.cmake
[0.439s] -- Up-to-date: /home/lxf/Desktop/ROS/13.Parameter_Python/install/face_interfaces/share/face_interfaces/cmake/ament_cmake_export_include_directories-extras.cmake
[0.439s] -- Up-to-date: /home/lxf/Desktop/ROS/13.Parameter_Python/install/face_interfaces/share/face_interfaces/cmake/ament_cmake_export_libraries-extras.cmake
[0.439s] -- Up-to-date: /home/lxf/Desktop/ROS/13.Parameter_Python/install/face_interfaces/share/face_interfaces/cmake/ament_cmake_export_targets-extras.cmake
[0.439s] -- Up-to-date: /home/lxf/Desktop/ROS/13.Parameter_Python/install/face_interfaces/share/face_interfaces/cmake/rosidl_cmake_export_typesupport_targets-extras.cmake
[0.440s] -- Up-to-date: /home/lxf/Desktop/ROS/13.Parameter_Python/install/face_interfaces/share/face_interfaces/cmake/rosidl_cmake_export_typesupport_libraries-extras.cmake
[0.440s] -- Up-to-date: /home/lxf/Desktop/ROS/13.Parameter_Python/install/face_interfaces/share/face_interfaces/cmake/face_interfacesConfig.cmake
[0.440s] -- Up-to-date: /home/lxf/Desktop/ROS/13.Parameter_Python/install/face_interfaces/share/face_interfaces/cmake/face_interfacesConfig-version.cmake
[0.440s] -- Up-to-date: /home/lxf/Desktop/ROS/13.Parameter_Python/install/face_interfaces/share/face_interfaces/package.xml
[0.441s] Invoked command in '/home/lxf/Desktop/ROS/13.Parameter_Python/build/face_interfaces' returned '0': CMAKE_PREFIX_PATH=${CMAKE_PREFIX_PATH}:/home/lxf/Desktop/ROS/13.Parameter_Python/install/demo_python_service:/opt/ros/humble /usr/bin/cmake --install /home/lxf/Desktop/ROS/13.Parameter_Python/build/face_interfaces
