[0.010s] Invoking command in '/home/lxf/Desktop/ROS/14.Parameter_CPP/build/cpp_pose_topic': CMAKE_PREFIX_PATH=/opt/ros/humble /usr/bin/cmake --build /home/lxf/Desktop/ROS/14.Parameter_CPP/build/cpp_pose_topic -- -j16 -l16
[0.065s] [35m[1mConsolidate compiler generated dependencies of target turtle_control_v2[0m
[0.074s] [ 33%] Built target turtle_circle
[0.077s] [ 83%] [32mBuilding CXX object CMakeFiles/turtle_control_v2.dir/src/turtle_control_v2.cpp.o[0m
[0.077s] [ 83%] Built target turtle_control
[6.054s] [100%] [32m[1mLinking CXX executable turtle_control_v2[0m
[6.391s] [100%] Built target turtle_control_v2
[6.402s] Invoked command in '/home/lxf/Desktop/ROS/14.Parameter_CPP/build/cpp_pose_topic' returned '0': CMAKE_PREFIX_PATH=/opt/ros/humble /usr/bin/cmake --build /home/lxf/Desktop/ROS/14.Parameter_CPP/build/cpp_pose_topic -- -j16 -l16
[6.413s] Invoking command in '/home/lxf/Desktop/ROS/14.Parameter_CPP/build/cpp_pose_topic': CMAKE_PREFIX_PATH=/opt/ros/humble /usr/bin/cmake --install /home/lxf/Desktop/ROS/14.Parameter_CPP/build/cpp_pose_topic
[6.419s] -- Install configuration: ""
[6.419s] -- Up-to-date: /home/lxf/Desktop/ROS/14.Parameter_CPP/install/cpp_pose_topic/lib/cpp_pose_topic/turtle_circle
[6.419s] -- Up-to-date: /home/lxf/Desktop/ROS/14.Parameter_CPP/install/cpp_pose_topic/lib/cpp_pose_topic/turtle_control
[6.420s] -- Installing: /home/lxf/Desktop/ROS/14.Parameter_CPP/install/cpp_pose_topic/lib/cpp_pose_topic/turtle_control_v2
[6.422s] -- Set runtime path of "/home/lxf/Desktop/ROS/14.Parameter_CPP/install/cpp_pose_topic/lib/cpp_pose_topic/turtle_control_v2" to ""
[6.422s] -- Up-to-date: /home/lxf/Desktop/ROS/14.Parameter_CPP/install/cpp_pose_topic/share/ament_index/resource_index/package_run_dependencies/cpp_pose_topic
[6.422s] -- Up-to-date: /home/lxf/Desktop/ROS/14.Parameter_CPP/install/cpp_pose_topic/share/ament_index/resource_index/parent_prefix_path/cpp_pose_topic
[6.422s] -- Up-to-date: /home/lxf/Desktop/ROS/14.Parameter_CPP/install/cpp_pose_topic/share/cpp_pose_topic/environment/ament_prefix_path.sh
[6.422s] -- Up-to-date: /home/lxf/Desktop/ROS/14.Parameter_CPP/install/cpp_pose_topic/share/cpp_pose_topic/environment/ament_prefix_path.dsv
[6.422s] -- Up-to-date: /home/lxf/Desktop/ROS/14.Parameter_CPP/install/cpp_pose_topic/share/cpp_pose_topic/environment/path.sh
[6.422s] -- Up-to-date: /home/lxf/Desktop/ROS/14.Parameter_CPP/install/cpp_pose_topic/share/cpp_pose_topic/environment/path.dsv
[6.422s] -- Up-to-date: /home/lxf/Desktop/ROS/14.Parameter_CPP/install/cpp_pose_topic/share/cpp_pose_topic/local_setup.bash
[6.422s] -- Up-to-date: /home/lxf/Desktop/ROS/14.Parameter_CPP/install/cpp_pose_topic/share/cpp_pose_topic/local_setup.sh
[6.422s] -- Up-to-date: /home/lxf/Desktop/ROS/14.Parameter_CPP/install/cpp_pose_topic/share/cpp_pose_topic/local_setup.zsh
[6.422s] -- Up-to-date: /home/lxf/Desktop/ROS/14.Parameter_CPP/install/cpp_pose_topic/share/cpp_pose_topic/local_setup.dsv
[6.422s] -- Installing: /home/lxf/Desktop/ROS/14.Parameter_CPP/install/cpp_pose_topic/share/cpp_pose_topic/package.dsv
[6.423s] -- Up-to-date: /home/lxf/Desktop/ROS/14.Parameter_CPP/install/cpp_pose_topic/share/ament_index/resource_index/packages/cpp_pose_topic
[6.423s] -- Up-to-date: /home/lxf/Desktop/ROS/14.Parameter_CPP/install/cpp_pose_topic/share/cpp_pose_topic/cmake/cpp_pose_topicConfig.cmake
[6.423s] -- Up-to-date: /home/lxf/Desktop/ROS/14.Parameter_CPP/install/cpp_pose_topic/share/cpp_pose_topic/cmake/cpp_pose_topicConfig-version.cmake
[6.423s] -- Up-to-date: /home/lxf/Desktop/ROS/14.Parameter_CPP/install/cpp_pose_topic/share/cpp_pose_topic/package.xml
[6.425s] Invoked command in '/home/lxf/Desktop/ROS/14.Parameter_CPP/build/cpp_pose_topic' returned '0': CMAKE_PREFIX_PATH=/opt/ros/humble /usr/bin/cmake --install /home/lxf/Desktop/ROS/14.Parameter_CPP/build/cpp_pose_topic
