[0.007s] Invoking command in '/home/lxf/Desktop/ROS/12.turtle_control/build/turtle_control_interfaces': CMAKE_PREFIX_PATH=/opt/ros/humble /usr/bin/cmake /home/lxf/Desktop/ROS/12.turtle_control/src/turtle_control_interfaces -DCMAKE_INSTALL_PREFIX=/home/lxf/Desktop/ROS/12.turtle_control/install/turtle_control_interfaces
[0.045s] -- The C compiler identification is GNU 11.4.0
[0.087s] -- The CXX compiler identification is GNU 11.4.0
[0.093s] -- Detecting C compiler ABI info
[0.147s] -- Detecting C compiler ABI info - done
[0.152s] -- Check for working C compiler: /usr/bin/cc - skipped
[0.152s] -- Detecting C compile features
[0.153s] -- Detecting C compile features - done
[0.155s] -- Detecting CXX compiler ABI info
[0.219s] -- Detecting CXX compiler ABI info - done
[0.224s] -- Check for working CXX compiler: /usr/bin/c++ - skipped
[0.225s] -- Detecting CXX compile features
[0.225s] -- Detecting CXX compile features - done
[0.228s] -- Found ament_cmake: 1.3.12 (/opt/ros/humble/share/ament_cmake/cmake)
[0.346s] -- Found Python3: /usr/bin/python3 (found version "3.10.12") found components: Interpreter 
[0.432s] -- Found rosidl_default_generators: 1.2.0 (/opt/ros/humble/share/rosidl_default_generators/cmake)
[0.438s] -- Using all available rosidl_typesupport_c: rosidl_typesupport_fastrtps_c;rosidl_typesupport_introspection_c
[0.446s] -- Found rosidl_adapter: 3.1.7 (/opt/ros/humble/share/rosidl_adapter/cmake)
[0.483s] -- Using all available rosidl_typesupport_cpp: rosidl_typesupport_fastrtps_cpp;rosidl_typesupport_introspection_cpp
[0.514s] -- Found sensor_msgs: 4.9.0 (/opt/ros/humble/share/sensor_msgs/cmake)
[0.703s] [31mCMake Error at /opt/ros/humble/share/rosidl_cmake/cmake/rosidl_generate_interfaces.cmake:229 (message):
[0.703s]   Packages installing interfaces must include
[0.703s]   '<member_of_group>rosidl_interface_packages</member_of_group>' in their
[0.703s]   package.xml
[0.703s] Call Stack (most recent call first):
[0.703s]   CMakeLists.txt:14 (rosidl_generate_interfaces)
[0.703s] 
[0.703s] [0m
[0.703s] -- Configuring incomplete, errors occurred!
[0.703s] See also "/home/lxf/Desktop/ROS/12.turtle_control/build/turtle_control_interfaces/CMakeFiles/CMakeOutput.log".
[0.709s] Invoked command in '/home/lxf/Desktop/ROS/12.turtle_control/build/turtle_control_interfaces' returned '1': CMAKE_PREFIX_PATH=/opt/ros/humble /usr/bin/cmake /home/lxf/Desktop/ROS/12.turtle_control/src/turtle_control_interfaces -DCMAKE_INSTALL_PREFIX=/home/lxf/Desktop/ROS/12.turtle_control/install/turtle_control_interfaces
