[1.523s] Invoking command in '/home/lxf/ROS/11.Face_Recognition/src/demo_python_service': PYTHONPATH=/home/lxf/ROS/11.Face_Recognition/build/demo_python_service/prefix_override:/usr/lib/python3/dist-packages/colcon_core/task/python/colcon_distutils_commands:/home/lxf/ROS/11.Face_Recognition/install/demo_python_service/lib/python3.10/site-packages:${PYTHONPATH} /usr/bin/python3 -W ignore:setup.py install is deprecated -W ignore:easy_install command is deprecated setup.py egg_info --egg-base ../../build/demo_python_service build --build-base /home/lxf/ROS/11.Face_Recognition/build/demo_python_service/build install --record /home/lxf/ROS/11.Face_Recognition/build/demo_python_service/install.log --single-version-externally-managed install_data
[1.762s] running egg_info
[1.763s] writing ../../build/demo_python_service/demo_python_service.egg-info/PKG-INFO
[1.763s] writing dependency_links to ../../build/demo_python_service/demo_python_service.egg-info/dependency_links.txt
[1.763s] writing entry points to ../../build/demo_python_service/demo_python_service.egg-info/entry_points.txt
[1.763s] writing requirements to ../../build/demo_python_service/demo_python_service.egg-info/requires.txt
[1.763s] writing top-level names to ../../build/demo_python_service/demo_python_service.egg-info/top_level.txt
[1.770s] reading manifest file '../../build/demo_python_service/demo_python_service.egg-info/SOURCES.txt'
[1.771s] adding license file 'LICENSE'
[1.776s] writing manifest file '../../build/demo_python_service/demo_python_service.egg-info/SOURCES.txt'
[1.777s] running build
[1.778s] running build_py
[1.779s] copying demo_python_service/face_detect_client_thread.py -> /home/lxf/ROS/11.Face_Recognition/build/demo_python_service/build/lib/demo_python_service
[1.780s] running install
[1.782s] running install_lib
[1.785s] copying /home/lxf/ROS/11.Face_Recognition/build/demo_python_service/build/lib/demo_python_service/face_detect_client_thread.py -> /home/lxf/ROS/11.Face_Recognition/install/demo_python_service/lib/python3.10/site-packages/demo_python_service
[1.786s] byte-compiling /home/lxf/ROS/11.Face_Recognition/install/demo_python_service/lib/python3.10/site-packages/demo_python_service/face_detect_client_thread.py to face_detect_client_thread.cpython-310.pyc
[1.791s] running install_data
[1.792s] running install_egg_info
[1.803s] removing '/home/lxf/ROS/11.Face_Recognition/install/demo_python_service/lib/python3.10/site-packages/demo_python_service-0.0.0-py3.10.egg-info' (and everything under it)
[1.804s] Copying ../../build/demo_python_service/demo_python_service.egg-info to /home/lxf/ROS/11.Face_Recognition/install/demo_python_service/lib/python3.10/site-packages/demo_python_service-0.0.0-py3.10.egg-info
[1.807s] running install_scripts
[1.821s] Installing face_detect script to /home/lxf/ROS/11.Face_Recognition/install/demo_python_service/lib/demo_python_service
[1.821s] Installing face_detect_client_node script to /home/lxf/ROS/11.Face_Recognition/install/demo_python_service/lib/demo_python_service
[1.821s] Installing face_detect_client_thread script to /home/lxf/ROS/11.Face_Recognition/install/demo_python_service/lib/demo_python_service
[1.821s] Installing face_detect_client_two_node script to /home/lxf/ROS/11.Face_Recognition/install/demo_python_service/lib/demo_python_service
[1.821s] Installing face_detect_node script to /home/lxf/ROS/11.Face_Recognition/install/demo_python_service/lib/demo_python_service
[1.821s] writing list of installed files to '/home/lxf/ROS/11.Face_Recognition/build/demo_python_service/install.log'
[1.836s] Invoked command in '/home/lxf/ROS/11.Face_Recognition/src/demo_python_service' returned '0': PYTHONPATH=/home/lxf/ROS/11.Face_Recognition/build/demo_python_service/prefix_override:/usr/lib/python3/dist-packages/colcon_core/task/python/colcon_distutils_commands:/home/lxf/ROS/11.Face_Recognition/install/demo_python_service/lib/python3.10/site-packages:${PYTHONPATH} /usr/bin/python3 -W ignore:setup.py install is deprecated -W ignore:easy_install command is deprecated setup.py egg_info --egg-base ../../build/demo_python_service build --build-base /home/lxf/ROS/11.Face_Recognition/build/demo_python_service/build install --record /home/lxf/ROS/11.Face_Recognition/build/demo_python_service/install.log --single-version-externally-managed install_data
