[0.008s] Invoking command in '/home/lxf/ROS/10.topic_practice/build/status_interfaces': CMAKE_PREFIX_PATH=/opt/ros/humble /usr/bin/cmake --build /home/lxf/ROS/10.topic_practice/build/status_interfaces -- -j16 -l16
[0.018s] [0mCMake Deprecation Warning at CMakeLists.txt:1 (cmake_minimum_required):
[0.018s]   Compatibility with CMake < 3.10 will be removed from a future version of
[0.018s]   CMake.
[0.018s] 
[0.018s]   Update the VERSION argument <min> value.  Or, use the <min>...<max> syntax
[0.018s]   to tell CMake that the project requires at least <min> but has been updated
[0.018s]   to work with policies introduced by <max> or earlier.
[0.018s] 
[0.018s] [0m
[0.022s] -- Found ament_cmake: 1.3.12 (/opt/ros/humble/share/ament_cmake/cmake)
[0.168s] -- Found builtin_interfaces: 1.2.2 (/opt/ros/humble/share/builtin_interfaces/cmake)
[0.185s] -- Found rosidl_generator_c: 3.1.7 (/opt/ros/humble/share/rosidl_generator_c/cmake)
[0.187s] -- Found rosidl_adapter: 3.1.7 (/opt/ros/humble/share/rosidl_adapter/cmake)
[0.192s] -- Found rosidl_generator_cpp: 3.1.7 (/opt/ros/humble/share/rosidl_generator_cpp/cmake)
[0.199s] -- Using all available rosidl_typesupport_c: rosidl_typesupport_fastrtps_c;rosidl_typesupport_introspection_c
[0.209s] -- Using all available rosidl_typesupport_cpp: rosidl_typesupport_fastrtps_cpp;rosidl_typesupport_introspection_cpp
[0.218s] -- Found rosidl_default_generators: 1.2.0 (/opt/ros/humble/share/rosidl_default_generators/cmake)
[0.556s] -- Found ament_cmake_ros: 0.10.0 (/opt/ros/humble/share/ament_cmake_ros/cmake)
[1.071s] -- Using all available rosidl_typesupport_c: rosidl_typesupport_fastrtps_c;rosidl_typesupport_introspection_c
[1.267s] -- Using all available rosidl_typesupport_cpp: rosidl_typesupport_fastrtps_cpp;rosidl_typesupport_introspection_cpp
[1.268s] [33mCMake Warning (dev) at /opt/ros/humble/share/rosidl_generator_py/cmake/rosidl_generator_py_generate_interfaces.cmake:20 (find_package):
[1.268s]   Policy CMP0148 is not set: The FindPythonInterp and FindPythonLibs modules
[1.268s]   are removed.  Run "cmake --help-policy CMP0148" for policy details.  Use
[1.268s]   the cmake_policy command to set the policy and suppress this warning.
[1.268s] 
[1.268s] Call Stack (most recent call first):
[1.268s]   /opt/ros/humble/share/ament_cmake_core/cmake/core/ament_execute_extensions.cmake:48 (include)
[1.268s]   /opt/ros/humble/share/rosidl_cmake/cmake/rosidl_generate_interfaces.cmake:286 (ament_execute_extensions)
[1.268s]   CMakeLists.txt:13 (rosidl_generate_interfaces)
[1.268s] This warning is for project developers.  Use -Wno-dev to suppress it.
[1.268s] [0m
[1.283s] -- Found python_cmake_module: 0.10.0 (/opt/ros/humble/share/python_cmake_module/cmake)
[1.283s] [33mCMake Warning (dev) at /opt/ros/humble/share/python_cmake_module/cmake/Modules/FindPythonExtra.cmake:52 (find_package):
[1.283s]   Policy CMP0148 is not set: The FindPythonInterp and FindPythonLibs modules
[1.284s]   are removed.  Run "cmake --help-policy CMP0148" for policy details.  Use
[1.284s]   the cmake_policy command to set the policy and suppress this warning.
[1.284s] 
[1.284s] Call Stack (most recent call first):
[1.284s]   /opt/ros/humble/share/rosidl_generator_py/cmake/rosidl_generator_py_generate_interfaces.cmake:23 (find_package)
[1.284s]   /opt/ros/humble/share/ament_cmake_core/cmake/core/ament_execute_extensions.cmake:48 (include)
[1.284s]   /opt/ros/humble/share/rosidl_cmake/cmake/rosidl_generate_interfaces.cmake:286 (ament_execute_extensions)
[1.284s]   CMakeLists.txt:13 (rosidl_generate_interfaces)
[1.284s] This warning is for project developers.  Use -Wno-dev to suppress it.
[1.284s] [0m
[1.306s] [33mCMake Warning (dev) at /opt/ros/humble/share/python_cmake_module/cmake/Modules/FindPythonExtra.cmake:140 (find_package):
[1.306s]   Policy CMP0148 is not set: The FindPythonInterp and FindPythonLibs modules
[1.306s]   are removed.  Run "cmake --help-policy CMP0148" for policy details.  Use
[1.306s]   the cmake_policy command to set the policy and suppress this warning.
[1.306s] 
[1.306s] Call Stack (most recent call first):
[1.306s]   /opt/ros/humble/share/rosidl_generator_py/cmake/rosidl_generator_py_generate_interfaces.cmake:23 (find_package)
[1.306s]   /opt/ros/humble/share/ament_cmake_core/cmake/core/ament_execute_extensions.cmake:48 (include)
[1.306s]   /opt/ros/humble/share/rosidl_cmake/cmake/rosidl_generate_interfaces.cmake:286 (ament_execute_extensions)
[1.306s]   CMakeLists.txt:13 (rosidl_generate_interfaces)
[1.306s] This warning is for project developers.  Use -Wno-dev to suppress it.
[1.306s] [0m
[1.307s] -- Using PYTHON_EXECUTABLE: /usr/bin/python3
[1.307s] -- Using PYTHON_INCLUDE_DIRS: /usr/include/python3.10
[1.307s] -- Using PYTHON_LIBRARIES: /usr/lib/x86_64-linux-gnu/libpython3.10.so
[1.317s] -- Found ament_lint_auto: 0.12.14 (/opt/ros/humble/share/ament_lint_auto/cmake)
[1.322s] -- Added test 'lint_cmake' to check CMake code style
[1.323s] -- Added test 'xmllint' to check XML markup files
[1.324s] -- Configuring done (1.3s)
[1.346s] -- Generating done (0.0s)
[1.351s] -- Build files have been written to: /home/lxf/ROS/10.topic_practice/build/status_interfaces
[1.366s] [  3%] Built target status_interfaces__cpp
[1.368s] [ 12%] Built target status_interfaces__rosidl_generator_c
[1.372s] [ 12%] Built target ament_cmake_python_copy_status_interfaces
[1.375s] [ 22%] Built target status_interfaces__rosidl_typesupport_introspection_cpp
[1.376s] [ 32%] Built target status_interfaces__rosidl_typesupport_c
[1.377s] [ 41%] Built target status_interfaces__rosidl_typesupport_cpp
[1.378s] [ 51%] Built target status_interfaces__rosidl_typesupport_fastrtps_cpp
[1.378s] [ 61%] Built target status_interfaces__rosidl_typesupport_fastrtps_c
[1.378s] [ 70%] Built target status_interfaces__rosidl_typesupport_introspection_c
[1.386s] [ 70%] Built target status_interfaces
[1.396s] [ 74%] Built target status_interfaces__py
[1.408s] [ 80%] Built target status_interfaces__rosidl_generator_py
[1.419s] [ 87%] Built target status_interfaces__rosidl_typesupport_introspection_c__pyext
[1.420s] [ 93%] Built target status_interfaces__rosidl_typesupport_fastrtps_c__pyext
[1.422s] [100%] Built target status_interfaces__rosidl_typesupport_c__pyext
[1.524s] running egg_info
[1.525s] writing status_interfaces.egg-info/PKG-INFO
[1.525s] writing dependency_links to status_interfaces.egg-info/dependency_links.txt
[1.525s] writing top-level names to status_interfaces.egg-info/top_level.txt
[1.526s] reading manifest file 'status_interfaces.egg-info/SOURCES.txt'
[1.527s] writing manifest file 'status_interfaces.egg-info/SOURCES.txt'
[1.542s] [100%] Built target ament_cmake_python_build_status_interfaces_egg
[1.548s] Invoked command in '/home/lxf/ROS/10.topic_practice/build/status_interfaces' returned '0': CMAKE_PREFIX_PATH=/opt/ros/humble /usr/bin/cmake --build /home/lxf/ROS/10.topic_practice/build/status_interfaces -- -j16 -l16
[1.552s] Invoking command in '/home/lxf/ROS/10.topic_practice/build/status_interfaces': CMAKE_PREFIX_PATH=/opt/ros/humble /usr/bin/cmake --install /home/lxf/ROS/10.topic_practice/build/status_interfaces
[1.556s] -- Install configuration: ""
[1.556s] -- Up-to-date: /home/lxf/ROS/10.topic_practice/install/status_interfaces/share/ament_index/resource_index/rosidl_interfaces/status_interfaces
[1.556s] -- Up-to-date: /home/lxf/ROS/10.topic_practice/install/status_interfaces/include/status_interfaces/status_interfaces
[1.556s] -- Up-to-date: /home/lxf/ROS/10.topic_practice/install/status_interfaces/include/status_interfaces/status_interfaces/msg
[1.556s] -- Up-to-date: /home/lxf/ROS/10.topic_practice/install/status_interfaces/include/status_interfaces/status_interfaces/msg/rosidl_generator_c__visibility_control.h
[1.556s] -- Up-to-date: /home/lxf/ROS/10.topic_practice/install/status_interfaces/include/status_interfaces/status_interfaces/msg/detail
[1.556s] -- Up-to-date: /home/lxf/ROS/10.topic_practice/install/status_interfaces/include/status_interfaces/status_interfaces/msg/detail/system_status__functions.h
[1.557s] -- Up-to-date: /home/lxf/ROS/10.topic_practice/install/status_interfaces/include/status_interfaces/status_interfaces/msg/detail/system_status__functions.c
[1.557s] -- Up-to-date: /home/lxf/ROS/10.topic_practice/install/status_interfaces/include/status_interfaces/status_interfaces/msg/detail/system_status__type_support.h
[1.557s] -- Up-to-date: /home/lxf/ROS/10.topic_practice/install/status_interfaces/include/status_interfaces/status_interfaces/msg/detail/system_status__struct.h
[1.557s] -- Up-to-date: /home/lxf/ROS/10.topic_practice/install/status_interfaces/include/status_interfaces/status_interfaces/msg/system_status.h
[1.557s] -- Up-to-date: /home/lxf/ROS/10.topic_practice/install/status_interfaces/share/status_interfaces/environment/library_path.sh
[1.557s] -- Installing: /home/lxf/ROS/10.topic_practice/install/status_interfaces/share/status_interfaces/environment/library_path.dsv
[1.557s] -- Up-to-date: /home/lxf/ROS/10.topic_practice/install/status_interfaces/lib/libstatus_interfaces__rosidl_generator_c.so
[1.557s] -- Up-to-date: /home/lxf/ROS/10.topic_practice/install/status_interfaces/include/status_interfaces/status_interfaces
[1.557s] -- Up-to-date: /home/lxf/ROS/10.topic_practice/install/status_interfaces/include/status_interfaces/status_interfaces/msg
[1.557s] -- Up-to-date: /home/lxf/ROS/10.topic_practice/install/status_interfaces/include/status_interfaces/status_interfaces/msg/detail
[1.557s] -- Up-to-date: /home/lxf/ROS/10.topic_practice/install/status_interfaces/include/status_interfaces/status_interfaces/msg/detail/system_status__rosidl_typesupport_fastrtps_c.h
[1.557s] -- Up-to-date: /home/lxf/ROS/10.topic_practice/install/status_interfaces/include/status_interfaces/status_interfaces/msg/rosidl_typesupport_fastrtps_c__visibility_control.h
[1.557s] -- Up-to-date: /home/lxf/ROS/10.topic_practice/install/status_interfaces/lib/libstatus_interfaces__rosidl_typesupport_fastrtps_c.so
[1.557s] -- Up-to-date: /home/lxf/ROS/10.topic_practice/install/status_interfaces/include/status_interfaces/status_interfaces
[1.557s] -- Up-to-date: /home/lxf/ROS/10.topic_practice/install/status_interfaces/include/status_interfaces/status_interfaces/msg
[1.557s] -- Up-to-date: /home/lxf/ROS/10.topic_practice/install/status_interfaces/include/status_interfaces/status_interfaces/msg/detail
[1.557s] -- Up-to-date: /home/lxf/ROS/10.topic_practice/install/status_interfaces/include/status_interfaces/status_interfaces/msg/detail/system_status__struct.hpp
[1.557s] -- Up-to-date: /home/lxf/ROS/10.topic_practice/install/status_interfaces/include/status_interfaces/status_interfaces/msg/detail/system_status__builder.hpp
[1.557s] -- Up-to-date: /home/lxf/ROS/10.topic_practice/install/status_interfaces/include/status_interfaces/status_interfaces/msg/detail/system_status__type_support.hpp
[1.557s] -- Up-to-date: /home/lxf/ROS/10.topic_practice/install/status_interfaces/include/status_interfaces/status_interfaces/msg/detail/system_status__traits.hpp
[1.557s] -- Up-to-date: /home/lxf/ROS/10.topic_practice/install/status_interfaces/include/status_interfaces/status_interfaces/msg/system_status.hpp
[1.557s] -- Up-to-date: /home/lxf/ROS/10.topic_practice/install/status_interfaces/include/status_interfaces/status_interfaces/msg/rosidl_generator_cpp__visibility_control.hpp
[1.558s] -- Up-to-date: /home/lxf/ROS/10.topic_practice/install/status_interfaces/include/status_interfaces/status_interfaces
[1.558s] -- Up-to-date: /home/lxf/ROS/10.topic_practice/install/status_interfaces/include/status_interfaces/status_interfaces/msg
[1.558s] -- Up-to-date: /home/lxf/ROS/10.topic_practice/install/status_interfaces/include/status_interfaces/status_interfaces/msg/detail
[1.558s] -- Up-to-date: /home/lxf/ROS/10.topic_practice/install/status_interfaces/include/status_interfaces/status_interfaces/msg/detail/system_status__rosidl_typesupport_fastrtps_cpp.hpp
[1.558s] -- Up-to-date: /home/lxf/ROS/10.topic_practice/install/status_interfaces/include/status_interfaces/status_interfaces/msg/detail/dds_fastrtps
[1.558s] -- Up-to-date: /home/lxf/ROS/10.topic_practice/install/status_interfaces/include/status_interfaces/status_interfaces/msg/rosidl_typesupport_fastrtps_cpp__visibility_control.h
[1.558s] -- Up-to-date: /home/lxf/ROS/10.topic_practice/install/status_interfaces/lib/libstatus_interfaces__rosidl_typesupport_fastrtps_cpp.so
[1.558s] -- Up-to-date: /home/lxf/ROS/10.topic_practice/install/status_interfaces/include/status_interfaces/status_interfaces
[1.558s] -- Up-to-date: /home/lxf/ROS/10.topic_practice/install/status_interfaces/include/status_interfaces/status_interfaces/msg
[1.558s] -- Up-to-date: /home/lxf/ROS/10.topic_practice/install/status_interfaces/include/status_interfaces/status_interfaces/msg/detail
[1.558s] -- Up-to-date: /home/lxf/ROS/10.topic_practice/install/status_interfaces/include/status_interfaces/status_interfaces/msg/detail/system_status__type_support.c
[1.558s] -- Up-to-date: /home/lxf/ROS/10.topic_practice/install/status_interfaces/include/status_interfaces/status_interfaces/msg/detail/system_status__rosidl_typesupport_introspection_c.h
[1.558s] -- Up-to-date: /home/lxf/ROS/10.topic_practice/install/status_interfaces/include/status_interfaces/status_interfaces/msg/rosidl_typesupport_introspection_c__visibility_control.h
[1.558s] -- Up-to-date: /home/lxf/ROS/10.topic_practice/install/status_interfaces/lib/libstatus_interfaces__rosidl_typesupport_introspection_c.so
[1.558s] -- Up-to-date: /home/lxf/ROS/10.topic_practice/install/status_interfaces/lib/libstatus_interfaces__rosidl_typesupport_c.so
[1.558s] -- Up-to-date: /home/lxf/ROS/10.topic_practice/install/status_interfaces/include/status_interfaces/status_interfaces
[1.558s] -- Up-to-date: /home/lxf/ROS/10.topic_practice/install/status_interfaces/include/status_interfaces/status_interfaces/msg
[1.558s] -- Up-to-date: /home/lxf/ROS/10.topic_practice/install/status_interfaces/include/status_interfaces/status_interfaces/msg/detail
[1.558s] -- Up-to-date: /home/lxf/ROS/10.topic_practice/install/status_interfaces/include/status_interfaces/status_interfaces/msg/detail/system_status__rosidl_typesupport_introspection_cpp.hpp
[1.558s] -- Up-to-date: /home/lxf/ROS/10.topic_practice/install/status_interfaces/include/status_interfaces/status_interfaces/msg/detail/system_status__type_support.cpp
[1.558s] -- Up-to-date: /home/lxf/ROS/10.topic_practice/install/status_interfaces/lib/libstatus_interfaces__rosidl_typesupport_introspection_cpp.so
[1.558s] -- Up-to-date: /home/lxf/ROS/10.topic_practice/install/status_interfaces/lib/libstatus_interfaces__rosidl_typesupport_cpp.so
[1.559s] -- Up-to-date: /home/lxf/ROS/10.topic_practice/install/status_interfaces/share/status_interfaces/environment/pythonpath.sh
[1.559s] -- Installing: /home/lxf/ROS/10.topic_practice/install/status_interfaces/share/status_interfaces/environment/pythonpath.dsv
[1.559s] -- Up-to-date: /home/lxf/ROS/10.topic_practice/install/status_interfaces/local/lib/python3.10/dist-packages/status_interfaces-0.0.0-py3.10.egg-info
[1.559s] -- Installing: /home/lxf/ROS/10.topic_practice/install/status_interfaces/local/lib/python3.10/dist-packages/status_interfaces-0.0.0-py3.10.egg-info/top_level.txt
[1.559s] -- Installing: /home/lxf/ROS/10.topic_practice/install/status_interfaces/local/lib/python3.10/dist-packages/status_interfaces-0.0.0-py3.10.egg-info/SOURCES.txt
[1.559s] -- Installing: /home/lxf/ROS/10.topic_practice/install/status_interfaces/local/lib/python3.10/dist-packages/status_interfaces-0.0.0-py3.10.egg-info/dependency_links.txt
[1.559s] -- Installing: /home/lxf/ROS/10.topic_practice/install/status_interfaces/local/lib/python3.10/dist-packages/status_interfaces-0.0.0-py3.10.egg-info/PKG-INFO
[1.559s] -- Up-to-date: /home/lxf/ROS/10.topic_practice/install/status_interfaces/local/lib/python3.10/dist-packages/status_interfaces
[1.559s] -- Up-to-date: /home/lxf/ROS/10.topic_practice/install/status_interfaces/local/lib/python3.10/dist-packages/status_interfaces/_status_interfaces_s.ep.rosidl_typesupport_c.c
[1.559s] -- Up-to-date: /home/lxf/ROS/10.topic_practice/install/status_interfaces/local/lib/python3.10/dist-packages/status_interfaces/msg
[1.559s] -- Up-to-date: /home/lxf/ROS/10.topic_practice/install/status_interfaces/local/lib/python3.10/dist-packages/status_interfaces/msg/_system_status.py
[1.559s] -- Up-to-date: /home/lxf/ROS/10.topic_practice/install/status_interfaces/local/lib/python3.10/dist-packages/status_interfaces/msg/__init__.py
[1.559s] -- Up-to-date: /home/lxf/ROS/10.topic_practice/install/status_interfaces/local/lib/python3.10/dist-packages/status_interfaces/msg/_system_status_s.c
[1.559s] -- Up-to-date: /home/lxf/ROS/10.topic_practice/install/status_interfaces/local/lib/python3.10/dist-packages/status_interfaces/libstatus_interfaces__rosidl_generator_py.so
[1.559s] -- Up-to-date: /home/lxf/ROS/10.topic_practice/install/status_interfaces/local/lib/python3.10/dist-packages/status_interfaces/_status_interfaces_s.ep.rosidl_typesupport_fastrtps_c.c
[1.559s] -- Up-to-date: /home/lxf/ROS/10.topic_practice/install/status_interfaces/local/lib/python3.10/dist-packages/status_interfaces/status_interfaces_s__rosidl_typesupport_fastrtps_c.cpython-310-x86_64-linux-gnu.so
[1.559s] -- Up-to-date: /home/lxf/ROS/10.topic_practice/install/status_interfaces/local/lib/python3.10/dist-packages/status_interfaces/_status_interfaces_s.ep.rosidl_typesupport_introspection_c.c
[1.559s] -- Up-to-date: /home/lxf/ROS/10.topic_practice/install/status_interfaces/local/lib/python3.10/dist-packages/status_interfaces/status_interfaces_s__rosidl_typesupport_introspection_c.cpython-310-x86_64-linux-gnu.so
[1.559s] -- Installing: /home/lxf/ROS/10.topic_practice/install/status_interfaces/local/lib/python3.10/dist-packages/status_interfaces/__init__.py
[1.559s] -- Up-to-date: /home/lxf/ROS/10.topic_practice/install/status_interfaces/local/lib/python3.10/dist-packages/status_interfaces/status_interfaces_s__rosidl_typesupport_c.cpython-310-x86_64-linux-gnu.so
[1.582s] Listing '/home/lxf/ROS/10.topic_practice/install/status_interfaces/local/lib/python3.10/dist-packages/status_interfaces'...
[1.582s] Compiling '/home/lxf/ROS/10.topic_practice/install/status_interfaces/local/lib/python3.10/dist-packages/status_interfaces/__init__.py'...
[1.582s] Listing '/home/lxf/ROS/10.topic_practice/install/status_interfaces/local/lib/python3.10/dist-packages/status_interfaces/msg'...
[1.585s] -- Up-to-date: /home/lxf/ROS/10.topic_practice/install/status_interfaces/local/lib/python3.10/dist-packages/status_interfaces/status_interfaces_s__rosidl_typesupport_fastrtps_c.cpython-310-x86_64-linux-gnu.so
[1.585s] -- Up-to-date: /home/lxf/ROS/10.topic_practice/install/status_interfaces/local/lib/python3.10/dist-packages/status_interfaces/status_interfaces_s__rosidl_typesupport_introspection_c.cpython-310-x86_64-linux-gnu.so
[1.585s] -- Up-to-date: /home/lxf/ROS/10.topic_practice/install/status_interfaces/local/lib/python3.10/dist-packages/status_interfaces/status_interfaces_s__rosidl_typesupport_c.cpython-310-x86_64-linux-gnu.so
[1.585s] -- Up-to-date: /home/lxf/ROS/10.topic_practice/install/status_interfaces/lib/libstatus_interfaces__rosidl_generator_py.so
[1.585s] -- Up-to-date: /home/lxf/ROS/10.topic_practice/install/status_interfaces/share/status_interfaces/msg/SystemStatus.idl
[1.585s] -- Up-to-date: /home/lxf/ROS/10.topic_practice/install/status_interfaces/share/status_interfaces/msg/SystemStatus.msg
[1.585s] -- Installing: /home/lxf/ROS/10.topic_practice/install/status_interfaces/share/ament_index/resource_index/package_run_dependencies/status_interfaces
[1.585s] -- Up-to-date: /home/lxf/ROS/10.topic_practice/install/status_interfaces/share/ament_index/resource_index/parent_prefix_path/status_interfaces
[1.585s] -- Up-to-date: /home/lxf/ROS/10.topic_practice/install/status_interfaces/share/status_interfaces/environment/ament_prefix_path.sh
[1.585s] -- Installing: /home/lxf/ROS/10.topic_practice/install/status_interfaces/share/status_interfaces/environment/ament_prefix_path.dsv
[1.586s] -- Up-to-date: /home/lxf/ROS/10.topic_practice/install/status_interfaces/share/status_interfaces/environment/path.sh
[1.586s] -- Installing: /home/lxf/ROS/10.topic_practice/install/status_interfaces/share/status_interfaces/environment/path.dsv
[1.586s] -- Up-to-date: /home/lxf/ROS/10.topic_practice/install/status_interfaces/share/status_interfaces/local_setup.bash
[1.586s] -- Up-to-date: /home/lxf/ROS/10.topic_practice/install/status_interfaces/share/status_interfaces/local_setup.sh
[1.586s] -- Up-to-date: /home/lxf/ROS/10.topic_practice/install/status_interfaces/share/status_interfaces/local_setup.zsh
[1.586s] -- Installing: /home/lxf/ROS/10.topic_practice/install/status_interfaces/share/status_interfaces/local_setup.dsv
[1.586s] -- Installing: /home/lxf/ROS/10.topic_practice/install/status_interfaces/share/status_interfaces/package.dsv
[1.586s] -- Up-to-date: /home/lxf/ROS/10.topic_practice/install/status_interfaces/share/ament_index/resource_index/packages/status_interfaces
[1.586s] -- Up-to-date: /home/lxf/ROS/10.topic_practice/install/status_interfaces/share/status_interfaces/cmake/export_status_interfaces__rosidl_generator_cExport.cmake
[1.586s] -- Up-to-date: /home/lxf/ROS/10.topic_practice/install/status_interfaces/share/status_interfaces/cmake/export_status_interfaces__rosidl_generator_cExport-noconfig.cmake
[1.586s] -- Up-to-date: /home/lxf/ROS/10.topic_practice/install/status_interfaces/share/status_interfaces/cmake/export_status_interfaces__rosidl_typesupport_fastrtps_cExport.cmake
[1.586s] -- Up-to-date: /home/lxf/ROS/10.topic_practice/install/status_interfaces/share/status_interfaces/cmake/export_status_interfaces__rosidl_typesupport_fastrtps_cExport-noconfig.cmake
[1.586s] -- Up-to-date: /home/lxf/ROS/10.topic_practice/install/status_interfaces/share/status_interfaces/cmake/export_status_interfaces__rosidl_generator_cppExport.cmake
[1.586s] -- Up-to-date: /home/lxf/ROS/10.topic_practice/install/status_interfaces/share/status_interfaces/cmake/export_status_interfaces__rosidl_typesupport_fastrtps_cppExport.cmake
[1.586s] -- Up-to-date: /home/lxf/ROS/10.topic_practice/install/status_interfaces/share/status_interfaces/cmake/export_status_interfaces__rosidl_typesupport_fastrtps_cppExport-noconfig.cmake
[1.586s] -- Up-to-date: /home/lxf/ROS/10.topic_practice/install/status_interfaces/share/status_interfaces/cmake/status_interfaces__rosidl_typesupport_introspection_cExport.cmake
[1.586s] -- Up-to-date: /home/lxf/ROS/10.topic_practice/install/status_interfaces/share/status_interfaces/cmake/status_interfaces__rosidl_typesupport_introspection_cExport-noconfig.cmake
[1.586s] -- Up-to-date: /home/lxf/ROS/10.topic_practice/install/status_interfaces/share/status_interfaces/cmake/status_interfaces__rosidl_typesupport_cExport.cmake
[1.586s] -- Up-to-date: /home/lxf/ROS/10.topic_practice/install/status_interfaces/share/status_interfaces/cmake/status_interfaces__rosidl_typesupport_cExport-noconfig.cmake
[1.586s] -- Up-to-date: /home/lxf/ROS/10.topic_practice/install/status_interfaces/share/status_interfaces/cmake/status_interfaces__rosidl_typesupport_introspection_cppExport.cmake
[1.586s] -- Up-to-date: /home/lxf/ROS/10.topic_practice/install/status_interfaces/share/status_interfaces/cmake/status_interfaces__rosidl_typesupport_introspection_cppExport-noconfig.cmake
[1.586s] -- Up-to-date: /home/lxf/ROS/10.topic_practice/install/status_interfaces/share/status_interfaces/cmake/status_interfaces__rosidl_typesupport_cppExport.cmake
[1.586s] -- Up-to-date: /home/lxf/ROS/10.topic_practice/install/status_interfaces/share/status_interfaces/cmake/status_interfaces__rosidl_typesupport_cppExport-noconfig.cmake
[1.586s] -- Up-to-date: /home/lxf/ROS/10.topic_practice/install/status_interfaces/share/status_interfaces/cmake/export_status_interfaces__rosidl_generator_pyExport.cmake
[1.586s] -- Up-to-date: /home/lxf/ROS/10.topic_practice/install/status_interfaces/share/status_interfaces/cmake/export_status_interfaces__rosidl_generator_pyExport-noconfig.cmake
[1.586s] -- Up-to-date: /home/lxf/ROS/10.topic_practice/install/status_interfaces/share/status_interfaces/cmake/rosidl_cmake-extras.cmake
[1.586s] -- Up-to-date: /home/lxf/ROS/10.topic_practice/install/status_interfaces/share/status_interfaces/cmake/ament_cmake_export_dependencies-extras.cmake
[1.587s] -- Up-to-date: /home/lxf/ROS/10.topic_practice/install/status_interfaces/share/status_interfaces/cmake/ament_cmake_export_include_directories-extras.cmake
[1.587s] -- Up-to-date: /home/lxf/ROS/10.topic_practice/install/status_interfaces/share/status_interfaces/cmake/ament_cmake_export_libraries-extras.cmake
[1.587s] -- Up-to-date: /home/lxf/ROS/10.topic_practice/install/status_interfaces/share/status_interfaces/cmake/ament_cmake_export_targets-extras.cmake
[1.587s] -- Up-to-date: /home/lxf/ROS/10.topic_practice/install/status_interfaces/share/status_interfaces/cmake/rosidl_cmake_export_typesupport_targets-extras.cmake
[1.587s] -- Up-to-date: /home/lxf/ROS/10.topic_practice/install/status_interfaces/share/status_interfaces/cmake/rosidl_cmake_export_typesupport_libraries-extras.cmake
[1.587s] -- Up-to-date: /home/lxf/ROS/10.topic_practice/install/status_interfaces/share/status_interfaces/cmake/status_interfacesConfig.cmake
[1.587s] -- Up-to-date: /home/lxf/ROS/10.topic_practice/install/status_interfaces/share/status_interfaces/cmake/status_interfacesConfig-version.cmake
[1.587s] -- Installing: /home/lxf/ROS/10.topic_practice/install/status_interfaces/share/status_interfaces/package.xml
[1.588s] Invoked command in '/home/lxf/ROS/10.topic_practice/build/status_interfaces' returned '0': CMAKE_PREFIX_PATH=/opt/ros/humble /usr/bin/cmake --install /home/lxf/ROS/10.topic_practice/build/status_interfaces
