[0.044s] Invoking command in '/home/lxf/Desktop/ROS/12_Parameter_Python/build/face_interfaces': CMAKE_PREFIX_PATH=${CMAKE_PREFIX_PATH}:/home/lxf/Desktop/ROS/12_Parameter_Python/install/demo_python_service:/opt/ros/humble /usr/bin/cmake --build /home/lxf/Desktop/ROS/12_Parameter_Python/build/face_interfaces -- -j16 -l16
[0.229s] [35m[1mConsolidate compiler generated dependencies of target face_interfaces__rosidl_generator_c[0m
[0.272s] [  3%] Built target face_interfaces__cpp
[0.292s] [ 12%] Built target face_interfaces__rosidl_generator_c
[0.318s] [35m[1mConsolidate compiler generated dependencies of target face_interfaces__rosidl_typesupport_fastrtps_cpp[0m
[0.321s] [ 12%] Built target ament_cmake_python_copy_face_interfaces
[0.322s] [35m[1mConsolidate compiler generated dependencies of target face_interfaces__rosidl_typesupport_introspection_cpp[0m
[0.324s] [35m[1mConsolidate compiler generated dependencies of target face_interfaces__rosidl_typesupport_cpp[0m
[0.341s] [35m[1mConsolidate compiler generated dependencies of target face_interfaces__rosidl_typesupport_c[0m
[0.349s] [35m[1mConsolidate compiler generated dependencies of target face_interfaces__rosidl_typesupport_introspection_c[0m
[0.363s] [35m[1mConsolidate compiler generated dependencies of target face_interfaces__rosidl_typesupport_fastrtps_c[0m
[0.375s] [ 22%] Built target face_interfaces__rosidl_typesupport_introspection_cpp
[0.377s] [ 32%] Built target face_interfaces__rosidl_typesupport_fastrtps_cpp
[0.381s] [ 41%] Built target face_interfaces__rosidl_typesupport_cpp
[0.387s] [ 51%] Built target face_interfaces__rosidl_typesupport_c
[0.395s] [ 61%] Built target face_interfaces__rosidl_typesupport_introspection_c
[0.417s] [ 70%] Built target face_interfaces__rosidl_typesupport_fastrtps_c
[0.460s] [ 70%] Built target face_interfaces
[0.490s] [ 74%] Built target face_interfaces__py
[0.505s] [35m[1mConsolidate compiler generated dependencies of target face_interfaces__rosidl_generator_py[0m
[0.525s] [ 80%] Built target face_interfaces__rosidl_generator_py
[0.540s] [35m[1mConsolidate compiler generated dependencies of target face_interfaces__rosidl_typesupport_fastrtps_c__pyext[0m
[0.540s] [35m[1mConsolidate compiler generated dependencies of target face_interfaces__rosidl_typesupport_introspection_c__pyext[0m
[0.543s] [35m[1mConsolidate compiler generated dependencies of target face_interfaces__rosidl_typesupport_c__pyext[0m
[0.559s] [ 87%] Built target face_interfaces__rosidl_typesupport_fastrtps_c__pyext
[0.559s] [ 93%] Built target face_interfaces__rosidl_typesupport_introspection_c__pyext
[0.560s] [100%] Built target face_interfaces__rosidl_typesupport_c__pyext
[0.790s] running egg_info
[0.791s] writing face_interfaces.egg-info/PKG-INFO
[0.792s] writing dependency_links to face_interfaces.egg-info/dependency_links.txt
[0.792s] writing top-level names to face_interfaces.egg-info/top_level.txt
[0.798s] reading manifest file 'face_interfaces.egg-info/SOURCES.txt'
[0.800s] writing manifest file 'face_interfaces.egg-info/SOURCES.txt'
[0.881s] [100%] Built target ament_cmake_python_build_face_interfaces_egg
[0.934s] Invoked command in '/home/lxf/Desktop/ROS/12_Parameter_Python/build/face_interfaces' returned '0': CMAKE_PREFIX_PATH=${CMAKE_PREFIX_PATH}:/home/lxf/Desktop/ROS/12_Parameter_Python/install/demo_python_service:/opt/ros/humble /usr/bin/cmake --build /home/lxf/Desktop/ROS/12_Parameter_Python/build/face_interfaces -- -j16 -l16
[0.976s] Invoking command in '/home/lxf/Desktop/ROS/12_Parameter_Python/build/face_interfaces': CMAKE_PREFIX_PATH=${CMAKE_PREFIX_PATH}:/home/lxf/Desktop/ROS/12_Parameter_Python/install/demo_python_service:/opt/ros/humble /usr/bin/cmake --install /home/lxf/Desktop/ROS/12_Parameter_Python/build/face_interfaces
[1.016s] -- Install configuration: ""
[1.017s] -- Up-to-date: /home/lxf/Desktop/ROS/12_Parameter_Python/install/face_interfaces/share/ament_index/resource_index/rosidl_interfaces/face_interfaces
[1.018s] -- Up-to-date: /home/lxf/Desktop/ROS/12_Parameter_Python/install/face_interfaces/include/face_interfaces/face_interfaces
[1.019s] -- Up-to-date: /home/lxf/Desktop/ROS/12_Parameter_Python/install/face_interfaces/include/face_interfaces/face_interfaces/srv
[1.020s] -- Up-to-date: /home/lxf/Desktop/ROS/12_Parameter_Python/install/face_interfaces/include/face_interfaces/face_interfaces/srv/detail
[1.020s] -- Up-to-date: /home/lxf/Desktop/ROS/12_Parameter_Python/install/face_interfaces/include/face_interfaces/face_interfaces/srv/detail/face_detector__struct.h
[1.020s] -- Up-to-date: /home/lxf/Desktop/ROS/12_Parameter_Python/install/face_interfaces/include/face_interfaces/face_interfaces/srv/detail/face_detector__functions.c
[1.021s] -- Up-to-date: /home/lxf/Desktop/ROS/12_Parameter_Python/install/face_interfaces/include/face_interfaces/face_interfaces/srv/detail/face_detector__type_support.h
[1.021s] -- Up-to-date: /home/lxf/Desktop/ROS/12_Parameter_Python/install/face_interfaces/include/face_interfaces/face_interfaces/srv/detail/face_detector__functions.h
[1.022s] -- Up-to-date: /home/lxf/Desktop/ROS/12_Parameter_Python/install/face_interfaces/include/face_interfaces/face_interfaces/srv/face_detector.h
[1.022s] -- Up-to-date: /home/lxf/Desktop/ROS/12_Parameter_Python/install/face_interfaces/include/face_interfaces/face_interfaces/msg
[1.022s] -- Up-to-date: /home/lxf/Desktop/ROS/12_Parameter_Python/install/face_interfaces/include/face_interfaces/face_interfaces/msg/rosidl_generator_c__visibility_control.h
[1.023s] -- Up-to-date: /home/lxf/Desktop/ROS/12_Parameter_Python/install/face_interfaces/share/face_interfaces/environment/library_path.sh
[1.023s] -- Up-to-date: /home/lxf/Desktop/ROS/12_Parameter_Python/install/face_interfaces/share/face_interfaces/environment/library_path.dsv
[1.023s] -- Up-to-date: /home/lxf/Desktop/ROS/12_Parameter_Python/install/face_interfaces/lib/libface_interfaces__rosidl_generator_c.so
[1.023s] -- Up-to-date: /home/lxf/Desktop/ROS/12_Parameter_Python/install/face_interfaces/include/face_interfaces/face_interfaces
[1.024s] -- Up-to-date: /home/lxf/Desktop/ROS/12_Parameter_Python/install/face_interfaces/include/face_interfaces/face_interfaces/srv
[1.024s] -- Up-to-date: /home/lxf/Desktop/ROS/12_Parameter_Python/install/face_interfaces/include/face_interfaces/face_interfaces/srv/detail
[1.024s] -- Up-to-date: /home/lxf/Desktop/ROS/12_Parameter_Python/install/face_interfaces/include/face_interfaces/face_interfaces/srv/detail/face_detector__rosidl_typesupport_fastrtps_c.h
[1.025s] -- Up-to-date: /home/lxf/Desktop/ROS/12_Parameter_Python/install/face_interfaces/include/face_interfaces/face_interfaces/msg
[1.025s] -- Up-to-date: /home/lxf/Desktop/ROS/12_Parameter_Python/install/face_interfaces/include/face_interfaces/face_interfaces/msg/rosidl_typesupport_fastrtps_c__visibility_control.h
[1.025s] -- Up-to-date: /home/lxf/Desktop/ROS/12_Parameter_Python/install/face_interfaces/lib/libface_interfaces__rosidl_typesupport_fastrtps_c.so
[1.025s] -- Up-to-date: /home/lxf/Desktop/ROS/12_Parameter_Python/install/face_interfaces/include/face_interfaces/face_interfaces
[1.026s] -- Up-to-date: /home/lxf/Desktop/ROS/12_Parameter_Python/install/face_interfaces/include/face_interfaces/face_interfaces/srv
[1.026s] -- Up-to-date: /home/lxf/Desktop/ROS/12_Parameter_Python/install/face_interfaces/include/face_interfaces/face_interfaces/srv/detail
[1.026s] -- Up-to-date: /home/lxf/Desktop/ROS/12_Parameter_Python/install/face_interfaces/include/face_interfaces/face_interfaces/srv/detail/face_detector__traits.hpp
[1.026s] -- Up-to-date: /home/lxf/Desktop/ROS/12_Parameter_Python/install/face_interfaces/include/face_interfaces/face_interfaces/srv/detail/face_detector__type_support.hpp
[1.026s] -- Up-to-date: /home/lxf/Desktop/ROS/12_Parameter_Python/install/face_interfaces/include/face_interfaces/face_interfaces/srv/detail/face_detector__struct.hpp
[1.027s] -- Up-to-date: /home/lxf/Desktop/ROS/12_Parameter_Python/install/face_interfaces/include/face_interfaces/face_interfaces/srv/detail/face_detector__builder.hpp
[1.028s] -- Up-to-date: /home/lxf/Desktop/ROS/12_Parameter_Python/install/face_interfaces/include/face_interfaces/face_interfaces/srv/face_detector.hpp
[1.029s] -- Up-to-date: /home/lxf/Desktop/ROS/12_Parameter_Python/install/face_interfaces/include/face_interfaces/face_interfaces/msg
[1.029s] -- Up-to-date: /home/lxf/Desktop/ROS/12_Parameter_Python/install/face_interfaces/include/face_interfaces/face_interfaces/msg/rosidl_generator_cpp__visibility_control.hpp
[1.030s] -- Up-to-date: /home/lxf/Desktop/ROS/12_Parameter_Python/install/face_interfaces/include/face_interfaces/face_interfaces
[1.030s] -- Up-to-date: /home/lxf/Desktop/ROS/12_Parameter_Python/install/face_interfaces/include/face_interfaces/face_interfaces/srv
[1.031s] -- Up-to-date: /home/lxf/Desktop/ROS/12_Parameter_Python/install/face_interfaces/include/face_interfaces/face_interfaces/srv/detail
[1.031s] -- Up-to-date: /home/lxf/Desktop/ROS/12_Parameter_Python/install/face_interfaces/include/face_interfaces/face_interfaces/srv/detail/face_detector__rosidl_typesupport_fastrtps_cpp.hpp
[1.031s] -- Up-to-date: /home/lxf/Desktop/ROS/12_Parameter_Python/install/face_interfaces/include/face_interfaces/face_interfaces/srv/detail/dds_fastrtps
[1.032s] -- Up-to-date: /home/lxf/Desktop/ROS/12_Parameter_Python/install/face_interfaces/include/face_interfaces/face_interfaces/msg
[1.032s] -- Up-to-date: /home/lxf/Desktop/ROS/12_Parameter_Python/install/face_interfaces/include/face_interfaces/face_interfaces/msg/rosidl_typesupport_fastrtps_cpp__visibility_control.h
[1.032s] -- Up-to-date: /home/lxf/Desktop/ROS/12_Parameter_Python/install/face_interfaces/lib/libface_interfaces__rosidl_typesupport_fastrtps_cpp.so
[1.033s] -- Up-to-date: /home/lxf/Desktop/ROS/12_Parameter_Python/install/face_interfaces/include/face_interfaces/face_interfaces
[1.034s] -- Up-to-date: /home/lxf/Desktop/ROS/12_Parameter_Python/install/face_interfaces/include/face_interfaces/face_interfaces/srv
[1.034s] -- Up-to-date: /home/lxf/Desktop/ROS/12_Parameter_Python/install/face_interfaces/include/face_interfaces/face_interfaces/srv/detail
[1.035s] -- Up-to-date: /home/lxf/Desktop/ROS/12_Parameter_Python/install/face_interfaces/include/face_interfaces/face_interfaces/srv/detail/face_detector__rosidl_typesupport_introspection_c.h
[1.035s] -- Up-to-date: /home/lxf/Desktop/ROS/12_Parameter_Python/install/face_interfaces/include/face_interfaces/face_interfaces/srv/detail/face_detector__type_support.c
[1.035s] -- Up-to-date: /home/lxf/Desktop/ROS/12_Parameter_Python/install/face_interfaces/include/face_interfaces/face_interfaces/msg
[1.035s] -- Up-to-date: /home/lxf/Desktop/ROS/12_Parameter_Python/install/face_interfaces/include/face_interfaces/face_interfaces/msg/rosidl_typesupport_introspection_c__visibility_control.h
[1.035s] -- Up-to-date: /home/lxf/Desktop/ROS/12_Parameter_Python/install/face_interfaces/lib/libface_interfaces__rosidl_typesupport_introspection_c.so
[1.036s] -- Up-to-date: /home/lxf/Desktop/ROS/12_Parameter_Python/install/face_interfaces/lib/libface_interfaces__rosidl_typesupport_c.so
[1.036s] -- Up-to-date: /home/lxf/Desktop/ROS/12_Parameter_Python/install/face_interfaces/include/face_interfaces/face_interfaces
[1.036s] -- Up-to-date: /home/lxf/Desktop/ROS/12_Parameter_Python/install/face_interfaces/include/face_interfaces/face_interfaces/srv
[1.037s] -- Up-to-date: /home/lxf/Desktop/ROS/12_Parameter_Python/install/face_interfaces/include/face_interfaces/face_interfaces/srv/detail
[1.037s] -- Up-to-date: /home/lxf/Desktop/ROS/12_Parameter_Python/install/face_interfaces/include/face_interfaces/face_interfaces/srv/detail/face_detector__type_support.cpp
[1.037s] -- Up-to-date: /home/lxf/Desktop/ROS/12_Parameter_Python/install/face_interfaces/include/face_interfaces/face_interfaces/srv/detail/face_detector__rosidl_typesupport_introspection_cpp.hpp
[1.037s] -- Up-to-date: /home/lxf/Desktop/ROS/12_Parameter_Python/install/face_interfaces/lib/libface_interfaces__rosidl_typesupport_introspection_cpp.so
[1.038s] -- Up-to-date: /home/lxf/Desktop/ROS/12_Parameter_Python/install/face_interfaces/lib/libface_interfaces__rosidl_typesupport_cpp.so
[1.038s] -- Up-to-date: /home/lxf/Desktop/ROS/12_Parameter_Python/install/face_interfaces/share/face_interfaces/environment/pythonpath.sh
[1.039s] -- Up-to-date: /home/lxf/Desktop/ROS/12_Parameter_Python/install/face_interfaces/share/face_interfaces/environment/pythonpath.dsv
[1.039s] -- Up-to-date: /home/lxf/Desktop/ROS/12_Parameter_Python/install/face_interfaces/local/lib/python3.10/dist-packages/face_interfaces-0.0.0-py3.10.egg-info
[1.039s] -- Installing: /home/lxf/Desktop/ROS/12_Parameter_Python/install/face_interfaces/local/lib/python3.10/dist-packages/face_interfaces-0.0.0-py3.10.egg-info/PKG-INFO
[1.040s] -- Installing: /home/lxf/Desktop/ROS/12_Parameter_Python/install/face_interfaces/local/lib/python3.10/dist-packages/face_interfaces-0.0.0-py3.10.egg-info/top_level.txt
[1.040s] -- Installing: /home/lxf/Desktop/ROS/12_Parameter_Python/install/face_interfaces/local/lib/python3.10/dist-packages/face_interfaces-0.0.0-py3.10.egg-info/SOURCES.txt
[1.040s] -- Installing: /home/lxf/Desktop/ROS/12_Parameter_Python/install/face_interfaces/local/lib/python3.10/dist-packages/face_interfaces-0.0.0-py3.10.egg-info/dependency_links.txt
[1.040s] -- Up-to-date: /home/lxf/Desktop/ROS/12_Parameter_Python/install/face_interfaces/local/lib/python3.10/dist-packages/face_interfaces
[1.041s] -- Up-to-date: /home/lxf/Desktop/ROS/12_Parameter_Python/install/face_interfaces/local/lib/python3.10/dist-packages/face_interfaces/_face_interfaces_s.ep.rosidl_typesupport_fastrtps_c.c
[1.041s] -- Up-to-date: /home/lxf/Desktop/ROS/12_Parameter_Python/install/face_interfaces/local/lib/python3.10/dist-packages/face_interfaces/srv
[1.041s] -- Up-to-date: /home/lxf/Desktop/ROS/12_Parameter_Python/install/face_interfaces/local/lib/python3.10/dist-packages/face_interfaces/srv/_face_detector_s.c
[1.041s] -- Up-to-date: /home/lxf/Desktop/ROS/12_Parameter_Python/install/face_interfaces/local/lib/python3.10/dist-packages/face_interfaces/srv/_face_detector.py
[1.042s] -- Up-to-date: /home/lxf/Desktop/ROS/12_Parameter_Python/install/face_interfaces/local/lib/python3.10/dist-packages/face_interfaces/srv/__init__.py
[1.042s] -- Up-to-date: /home/lxf/Desktop/ROS/12_Parameter_Python/install/face_interfaces/local/lib/python3.10/dist-packages/face_interfaces/face_interfaces_s__rosidl_typesupport_c.cpython-310-x86_64-linux-gnu.so
[1.042s] -- Up-to-date: /home/lxf/Desktop/ROS/12_Parameter_Python/install/face_interfaces/local/lib/python3.10/dist-packages/face_interfaces/face_interfaces_s__rosidl_typesupport_fastrtps_c.cpython-310-x86_64-linux-gnu.so
[1.042s] -- Up-to-date: /home/lxf/Desktop/ROS/12_Parameter_Python/install/face_interfaces/local/lib/python3.10/dist-packages/face_interfaces/_face_interfaces_s.ep.rosidl_typesupport_c.c
[1.043s] -- Up-to-date: /home/lxf/Desktop/ROS/12_Parameter_Python/install/face_interfaces/local/lib/python3.10/dist-packages/face_interfaces/_face_interfaces_s.ep.rosidl_typesupport_introspection_c.c
[1.043s] -- Up-to-date: /home/lxf/Desktop/ROS/12_Parameter_Python/install/face_interfaces/local/lib/python3.10/dist-packages/face_interfaces/libface_interfaces__rosidl_generator_py.so
[1.043s] -- Up-to-date: /home/lxf/Desktop/ROS/12_Parameter_Python/install/face_interfaces/local/lib/python3.10/dist-packages/face_interfaces/face_interfaces_s__rosidl_typesupport_introspection_c.cpython-310-x86_64-linux-gnu.so
[1.043s] -- Up-to-date: /home/lxf/Desktop/ROS/12_Parameter_Python/install/face_interfaces/local/lib/python3.10/dist-packages/face_interfaces/__init__.py
[1.146s] Listing '/home/lxf/Desktop/ROS/12_Parameter_Python/install/face_interfaces/local/lib/python3.10/dist-packages/face_interfaces'...
[1.146s] Listing '/home/lxf/Desktop/ROS/12_Parameter_Python/install/face_interfaces/local/lib/python3.10/dist-packages/face_interfaces/srv'...
[1.153s] -- Up-to-date: /home/lxf/Desktop/ROS/12_Parameter_Python/install/face_interfaces/local/lib/python3.10/dist-packages/face_interfaces/face_interfaces_s__rosidl_typesupport_fastrtps_c.cpython-310-x86_64-linux-gnu.so
[1.154s] -- Up-to-date: /home/lxf/Desktop/ROS/12_Parameter_Python/install/face_interfaces/local/lib/python3.10/dist-packages/face_interfaces/face_interfaces_s__rosidl_typesupport_introspection_c.cpython-310-x86_64-linux-gnu.so
[1.154s] -- Up-to-date: /home/lxf/Desktop/ROS/12_Parameter_Python/install/face_interfaces/local/lib/python3.10/dist-packages/face_interfaces/face_interfaces_s__rosidl_typesupport_c.cpython-310-x86_64-linux-gnu.so
[1.154s] -- Up-to-date: /home/lxf/Desktop/ROS/12_Parameter_Python/install/face_interfaces/lib/libface_interfaces__rosidl_generator_py.so
[1.154s] -- Up-to-date: /home/lxf/Desktop/ROS/12_Parameter_Python/install/face_interfaces/share/face_interfaces/srv/FaceDetector.idl
[1.154s] -- Up-to-date: /home/lxf/Desktop/ROS/12_Parameter_Python/install/face_interfaces/share/face_interfaces/srv/FaceDetector.srv
[1.155s] -- Up-to-date: /home/lxf/Desktop/ROS/12_Parameter_Python/install/face_interfaces/share/face_interfaces/srv/FaceDetector_Request.msg
[1.155s] -- Up-to-date: /home/lxf/Desktop/ROS/12_Parameter_Python/install/face_interfaces/share/face_interfaces/srv/FaceDetector_Response.msg
[1.155s] -- Up-to-date: /home/lxf/Desktop/ROS/12_Parameter_Python/install/face_interfaces/share/ament_index/resource_index/package_run_dependencies/face_interfaces
[1.155s] -- Up-to-date: /home/lxf/Desktop/ROS/12_Parameter_Python/install/face_interfaces/share/ament_index/resource_index/parent_prefix_path/face_interfaces
[1.155s] -- Up-to-date: /home/lxf/Desktop/ROS/12_Parameter_Python/install/face_interfaces/share/face_interfaces/environment/ament_prefix_path.sh
[1.155s] -- Up-to-date: /home/lxf/Desktop/ROS/12_Parameter_Python/install/face_interfaces/share/face_interfaces/environment/ament_prefix_path.dsv
[1.155s] -- Up-to-date: /home/lxf/Desktop/ROS/12_Parameter_Python/install/face_interfaces/share/face_interfaces/environment/path.sh
[1.155s] -- Up-to-date: /home/lxf/Desktop/ROS/12_Parameter_Python/install/face_interfaces/share/face_interfaces/environment/path.dsv
[1.155s] -- Up-to-date: /home/lxf/Desktop/ROS/12_Parameter_Python/install/face_interfaces/share/face_interfaces/local_setup.bash
[1.155s] -- Up-to-date: /home/lxf/Desktop/ROS/12_Parameter_Python/install/face_interfaces/share/face_interfaces/local_setup.sh
[1.156s] -- Up-to-date: /home/lxf/Desktop/ROS/12_Parameter_Python/install/face_interfaces/share/face_interfaces/local_setup.zsh
[1.156s] -- Up-to-date: /home/lxf/Desktop/ROS/12_Parameter_Python/install/face_interfaces/share/face_interfaces/local_setup.dsv
[1.156s] -- Installing: /home/lxf/Desktop/ROS/12_Parameter_Python/install/face_interfaces/share/face_interfaces/package.dsv
[1.156s] -- Up-to-date: /home/lxf/Desktop/ROS/12_Parameter_Python/install/face_interfaces/share/ament_index/resource_index/packages/face_interfaces
[1.156s] -- Up-to-date: /home/lxf/Desktop/ROS/12_Parameter_Python/install/face_interfaces/share/face_interfaces/cmake/export_face_interfaces__rosidl_generator_cExport.cmake
[1.156s] -- Up-to-date: /home/lxf/Desktop/ROS/12_Parameter_Python/install/face_interfaces/share/face_interfaces/cmake/export_face_interfaces__rosidl_generator_cExport-noconfig.cmake
[1.156s] -- Up-to-date: /home/lxf/Desktop/ROS/12_Parameter_Python/install/face_interfaces/share/face_interfaces/cmake/export_face_interfaces__rosidl_typesupport_fastrtps_cExport.cmake
[1.156s] -- Up-to-date: /home/lxf/Desktop/ROS/12_Parameter_Python/install/face_interfaces/share/face_interfaces/cmake/export_face_interfaces__rosidl_typesupport_fastrtps_cExport-noconfig.cmake
[1.156s] -- Up-to-date: /home/lxf/Desktop/ROS/12_Parameter_Python/install/face_interfaces/share/face_interfaces/cmake/export_face_interfaces__rosidl_generator_cppExport.cmake
[1.156s] -- Up-to-date: /home/lxf/Desktop/ROS/12_Parameter_Python/install/face_interfaces/share/face_interfaces/cmake/export_face_interfaces__rosidl_typesupport_fastrtps_cppExport.cmake
[1.156s] -- Up-to-date: /home/lxf/Desktop/ROS/12_Parameter_Python/install/face_interfaces/share/face_interfaces/cmake/export_face_interfaces__rosidl_typesupport_fastrtps_cppExport-noconfig.cmake
[1.156s] -- Up-to-date: /home/lxf/Desktop/ROS/12_Parameter_Python/install/face_interfaces/share/face_interfaces/cmake/face_interfaces__rosidl_typesupport_introspection_cExport.cmake
[1.157s] -- Up-to-date: /home/lxf/Desktop/ROS/12_Parameter_Python/install/face_interfaces/share/face_interfaces/cmake/face_interfaces__rosidl_typesupport_introspection_cExport-noconfig.cmake
[1.157s] -- Up-to-date: /home/lxf/Desktop/ROS/12_Parameter_Python/install/face_interfaces/share/face_interfaces/cmake/face_interfaces__rosidl_typesupport_cExport.cmake
[1.157s] -- Up-to-date: /home/lxf/Desktop/ROS/12_Parameter_Python/install/face_interfaces/share/face_interfaces/cmake/face_interfaces__rosidl_typesupport_cExport-noconfig.cmake
[1.157s] -- Up-to-date: /home/lxf/Desktop/ROS/12_Parameter_Python/install/face_interfaces/share/face_interfaces/cmake/face_interfaces__rosidl_typesupport_introspection_cppExport.cmake
[1.157s] -- Up-to-date: /home/lxf/Desktop/ROS/12_Parameter_Python/install/face_interfaces/share/face_interfaces/cmake/face_interfaces__rosidl_typesupport_introspection_cppExport-noconfig.cmake
[1.157s] -- Up-to-date: /home/lxf/Desktop/ROS/12_Parameter_Python/install/face_interfaces/share/face_interfaces/cmake/face_interfaces__rosidl_typesupport_cppExport.cmake
[1.157s] -- Up-to-date: /home/lxf/Desktop/ROS/12_Parameter_Python/install/face_interfaces/share/face_interfaces/cmake/face_interfaces__rosidl_typesupport_cppExport-noconfig.cmake
[1.157s] -- Up-to-date: /home/lxf/Desktop/ROS/12_Parameter_Python/install/face_interfaces/share/face_interfaces/cmake/export_face_interfaces__rosidl_generator_pyExport.cmake
[1.157s] -- Up-to-date: /home/lxf/Desktop/ROS/12_Parameter_Python/install/face_interfaces/share/face_interfaces/cmake/export_face_interfaces__rosidl_generator_pyExport-noconfig.cmake
[1.157s] -- Up-to-date: /home/lxf/Desktop/ROS/12_Parameter_Python/install/face_interfaces/share/face_interfaces/cmake/rosidl_cmake-extras.cmake
[1.157s] -- Up-to-date: /home/lxf/Desktop/ROS/12_Parameter_Python/install/face_interfaces/share/face_interfaces/cmake/ament_cmake_export_dependencies-extras.cmake
[1.157s] -- Up-to-date: /home/lxf/Desktop/ROS/12_Parameter_Python/install/face_interfaces/share/face_interfaces/cmake/ament_cmake_export_include_directories-extras.cmake
[1.157s] -- Up-to-date: /home/lxf/Desktop/ROS/12_Parameter_Python/install/face_interfaces/share/face_interfaces/cmake/ament_cmake_export_libraries-extras.cmake
[1.157s] -- Up-to-date: /home/lxf/Desktop/ROS/12_Parameter_Python/install/face_interfaces/share/face_interfaces/cmake/ament_cmake_export_targets-extras.cmake
[1.157s] -- Up-to-date: /home/lxf/Desktop/ROS/12_Parameter_Python/install/face_interfaces/share/face_interfaces/cmake/rosidl_cmake_export_typesupport_targets-extras.cmake
[1.158s] -- Up-to-date: /home/lxf/Desktop/ROS/12_Parameter_Python/install/face_interfaces/share/face_interfaces/cmake/rosidl_cmake_export_typesupport_libraries-extras.cmake
[1.158s] -- Up-to-date: /home/lxf/Desktop/ROS/12_Parameter_Python/install/face_interfaces/share/face_interfaces/cmake/face_interfacesConfig.cmake
[1.158s] -- Up-to-date: /home/lxf/Desktop/ROS/12_Parameter_Python/install/face_interfaces/share/face_interfaces/cmake/face_interfacesConfig-version.cmake
[1.158s] -- Up-to-date: /home/lxf/Desktop/ROS/12_Parameter_Python/install/face_interfaces/share/face_interfaces/package.xml
[1.160s] Invoked command in '/home/lxf/Desktop/ROS/12_Parameter_Python/build/face_interfaces' returned '0': CMAKE_PREFIX_PATH=${CMAKE_PREFIX_PATH}:/home/lxf/Desktop/ROS/12_Parameter_Python/install/demo_python_service:/opt/ros/humble /usr/bin/cmake --install /home/lxf/Desktop/ROS/12_Parameter_Python/build/face_interfaces
