[0.008s] Invoking command in '/home/lxf/ROS/11.Face_Recognition/build/face_interfaces': CMAKE_PREFIX_PATH=/opt/ros/humble /usr/bin/cmake /home/lxf/ROS/11.Face_Recognition/src/face_interfaces -DCMAKE_INSTALL_PREFIX=/home/lxf/ROS/11.Face_Recognition/install/face_interfaces
[0.012s] [0mCMake Deprecation Warning at CMakeLists.txt:1 (cmake_minimum_required):
[0.012s]   Compatibility with CMake < 3.10 will be removed from a future version of
[0.012s]   CMake.
[0.012s] 
[0.012s]   Update the VERSION argument <min> value.  Or, use the <min>...<max> syntax
[0.013s]   to tell CMake that the project requires at least <min> but has been updated
[0.013s]   to work with policies introduced by <max> or earlier.
[0.013s] 
[0.013s] [0m
[0.017s] -- Found ament_cmake: 1.3.12 (/opt/ros/humble/share/ament_cmake/cmake)
[0.164s] -- Found sensor_msgs: 4.9.0 (/opt/ros/humble/share/sensor_msgs/cmake)
[0.182s] -- Found rosidl_generator_c: 3.1.7 (/opt/ros/humble/share/rosidl_generator_c/cmake)
[0.184s] -- Found rosidl_adapter: 3.1.7 (/opt/ros/humble/share/rosidl_adapter/cmake)
[0.188s] -- Found rosidl_generator_cpp: 3.1.7 (/opt/ros/humble/share/rosidl_generator_cpp/cmake)
[0.195s] -- Using all available rosidl_typesupport_c: rosidl_typesupport_fastrtps_c;rosidl_typesupport_introspection_c
[0.204s] -- Using all available rosidl_typesupport_cpp: rosidl_typesupport_fastrtps_cpp;rosidl_typesupport_introspection_cpp
[0.252s] -- Found rosidl_default_generators: 1.2.0 (/opt/ros/humble/share/rosidl_default_generators/cmake)
[0.257s] [31mCMake Error at /opt/ros/humble/share/rosidl_cmake/cmake/rosidl_generate_interfaces.cmake:93 (message):
[0.257s]   rosidl_generate_interfaces() the passed file 'srv/FaceDetector' doesn't
[0.257s]   exist relative to the CMAKE_CURRENT_SOURCE_DIR
[0.257s]   '/home/lxf/ROS/11.Face_Recognition/src/face_interfaces'
[0.257s] Call Stack (most recent call first):
[0.257s]   CMakeLists.txt:16 (rosidl_generate_interfaces)
[0.257s] 
[0.257s] [0m
[0.257s] -- Configuring incomplete, errors occurred!
[0.260s] Invoked command in '/home/lxf/ROS/11.Face_Recognition/build/face_interfaces' returned '1': CMAKE_PREFIX_PATH=/opt/ros/humble /usr/bin/cmake /home/lxf/ROS/11.Face_Recognition/src/face_interfaces -DCMAKE_INSTALL_PREFIX=/home/lxf/ROS/11.Face_Recognition/install/face_interfaces
