[0.009s] Invoking command in '/home/lxf/Desktop/ROS/19.Modeling/build/fishbot_description': CMAKE_PREFIX_PATH=${CMAKE_PREFIX_PATH}:/opt/ros/humble /usr/bin/cmake --build /home/lxf/Desktop/ROS/19.Modeling/build/fishbot_description -- -j16 -l16
[0.063s] Invoked command in '/home/lxf/Desktop/ROS/19.Modeling/build/fishbot_description' returned '0': CMAKE_PREFIX_PATH=${CMAKE_PREFIX_PATH}:/opt/ros/humble /usr/bin/cmake --build /home/lxf/Desktop/ROS/19.Modeling/build/fishbot_description -- -j16 -l16
[0.078s] Invoking command in '/home/lxf/Desktop/ROS/19.Modeling/build/fishbot_description': CMAKE_PREFIX_PATH=${CMAKE_PREFIX_PATH}:/opt/ros/humble /usr/bin/cmake --install /home/lxf/Desktop/ROS/19.Modeling/build/fishbot_description
[0.091s] -- Install configuration: ""
[0.091s] -- Up-to-date: /home/lxf/Desktop/ROS/19.Modeling/install/fishbot_description/share/fishbot_description/urdf
[0.091s] -- Up-to-date: /home/lxf/Desktop/ROS/19.Modeling/install/fishbot_description/share/fishbot_description/urdf/first_robot.pdf
[0.092s] -- Up-to-date: /home/lxf/Desktop/ROS/19.Modeling/install/fishbot_description/share/fishbot_description/urdf/first_robot.gv
[0.092s] -- Up-to-date: /home/lxf/Desktop/ROS/19.Modeling/install/fishbot_description/share/fishbot_description/urdf/first_robot.urdf
[0.092s] -- Up-to-date: /home/lxf/Desktop/ROS/19.Modeling/install/fishbot_description/share/fishbot_description/urdf/first_robot.urdf.xacro
[0.092s] -- Up-to-date: /home/lxf/Desktop/ROS/19.Modeling/install/fishbot_description/share/fishbot_description/urdf/fishbot
[0.092s] -- Installing: /home/lxf/Desktop/ROS/19.Modeling/install/fishbot_description/share/fishbot_description/urdf/fishbot/base.urdf.xacro
[0.093s] -- Up-to-date: /home/lxf/Desktop/ROS/19.Modeling/install/fishbot_description/share/fishbot_description/urdf/fishbot/actuator
[0.094s] -- Installing: /home/lxf/Desktop/ROS/19.Modeling/install/fishbot_description/share/fishbot_description/urdf/fishbot/actuator/caster.urdf.xacro
[0.094s] -- Installing: /home/lxf/Desktop/ROS/19.Modeling/install/fishbot_description/share/fishbot_description/urdf/fishbot/actuator/wheel.urdf.xacro
[0.094s] -- Up-to-date: /home/lxf/Desktop/ROS/19.Modeling/install/fishbot_description/share/fishbot_description/urdf/fishbot/sensor
[0.095s] -- Up-to-date: /home/lxf/Desktop/ROS/19.Modeling/install/fishbot_description/share/fishbot_description/urdf/fishbot/sensor/imu.urdf.xacro
[0.095s] -- Up-to-date: /home/lxf/Desktop/ROS/19.Modeling/install/fishbot_description/share/fishbot_description/urdf/fishbot/sensor/laser.urdf.xacro
[0.095s] -- Up-to-date: /home/lxf/Desktop/ROS/19.Modeling/install/fishbot_description/share/fishbot_description/urdf/fishbot/sensor/camera.urdf.xacro
[0.095s] -- Up-to-date: /home/lxf/Desktop/ROS/19.Modeling/install/fishbot_description/share/fishbot_description/urdf/fishbot/common_inertia.xacro
[0.095s] -- Installing: /home/lxf/Desktop/ROS/19.Modeling/install/fishbot_description/share/fishbot_description/urdf/fishbot/fish.urdf.xacro
[0.095s] -- Up-to-date: /home/lxf/Desktop/ROS/19.Modeling/install/fishbot_description/share/fishbot_description/urdf/fishbot/plugins
[0.095s] -- Installing: /home/lxf/Desktop/ROS/19.Modeling/install/fishbot_description/share/fishbot_description/urdf/fishbot/plugins/gazebo_control_plugin.xacro
[0.095s] -- Up-to-date: /home/lxf/Desktop/ROS/19.Modeling/install/fishbot_description/share/fishbot_description/launch
[0.096s] -- Up-to-date: /home/lxf/Desktop/ROS/19.Modeling/install/fishbot_description/share/fishbot_description/launch/display_robot.launch.py
[0.096s] -- Up-to-date: /home/lxf/Desktop/ROS/19.Modeling/install/fishbot_description/share/fishbot_description/launch/gazebo_sim.launch.py
[0.096s] -- Up-to-date: /home/lxf/Desktop/ROS/19.Modeling/install/fishbot_description/share/fishbot_description/launch/fishbot.launch.py
[0.096s] -- Up-to-date: /home/lxf/Desktop/ROS/19.Modeling/install/fishbot_description/share/fishbot_description/launch/__pycache__
[0.096s] -- Up-to-date: /home/lxf/Desktop/ROS/19.Modeling/install/fishbot_description/share/fishbot_description/launch/__pycache__/gazebo_sim.launch.cpython-310.pyc
[0.096s] -- Up-to-date: /home/lxf/Desktop/ROS/19.Modeling/install/fishbot_description/share/fishbot_description/launch/__pycache__/fishbot.launch.cpython-310.pyc
[0.096s] -- Up-to-date: /home/lxf/Desktop/ROS/19.Modeling/install/fishbot_description/share/fishbot_description/launch/display_robot_1.launch.py
[0.096s] -- Up-to-date: /home/lxf/Desktop/ROS/19.Modeling/install/fishbot_description/share/fishbot_description/config
[0.097s] -- Up-to-date: /home/lxf/Desktop/ROS/19.Modeling/install/fishbot_description/share/fishbot_description/config/rviz
[0.097s] -- Up-to-date: /home/lxf/Desktop/ROS/19.Modeling/install/fishbot_description/share/fishbot_description/config/rviz/display_model.rviz
[0.097s] -- Up-to-date: /home/lxf/Desktop/ROS/19.Modeling/install/fishbot_description/share/fishbot_description/config/rviz/fishbot_model.rviz
[0.097s] -- Up-to-date: /home/lxf/Desktop/ROS/19.Modeling/install/fishbot_description/share/fishbot_description/world
[0.097s] -- Up-to-date: /home/lxf/Desktop/ROS/19.Modeling/install/fishbot_description/share/fishbot_description/world/room
[0.097s] -- Up-to-date: /home/lxf/Desktop/ROS/19.Modeling/install/fishbot_description/share/fishbot_description/world/room/model.sdf
[0.097s] -- Up-to-date: /home/lxf/Desktop/ROS/19.Modeling/install/fishbot_description/share/fishbot_description/world/room/model.config
[0.097s] -- Up-to-date: /home/lxf/Desktop/ROS/19.Modeling/install/fishbot_description/share/fishbot_description/world/custom_room.world
[0.097s] -- Up-to-date: /home/lxf/Desktop/ROS/19.Modeling/install/fishbot_description/share/ament_index/resource_index/package_run_dependencies/fishbot_description
[0.098s] -- Up-to-date: /home/lxf/Desktop/ROS/19.Modeling/install/fishbot_description/share/ament_index/resource_index/parent_prefix_path/fishbot_description
[0.098s] -- Up-to-date: /home/lxf/Desktop/ROS/19.Modeling/install/fishbot_description/share/fishbot_description/environment/ament_prefix_path.sh
[0.098s] -- Up-to-date: /home/lxf/Desktop/ROS/19.Modeling/install/fishbot_description/share/fishbot_description/environment/ament_prefix_path.dsv
[0.098s] -- Up-to-date: /home/lxf/Desktop/ROS/19.Modeling/install/fishbot_description/share/fishbot_description/environment/path.sh
[0.098s] -- Up-to-date: /home/lxf/Desktop/ROS/19.Modeling/install/fishbot_description/share/fishbot_description/environment/path.dsv
[0.098s] -- Up-to-date: /home/lxf/Desktop/ROS/19.Modeling/install/fishbot_description/share/fishbot_description/local_setup.bash
[0.099s] -- Up-to-date: /home/lxf/Desktop/ROS/19.Modeling/install/fishbot_description/share/fishbot_description/local_setup.sh
[0.099s] -- Up-to-date: /home/lxf/Desktop/ROS/19.Modeling/install/fishbot_description/share/fishbot_description/local_setup.zsh
[0.099s] -- Up-to-date: /home/lxf/Desktop/ROS/19.Modeling/install/fishbot_description/share/fishbot_description/local_setup.dsv
[0.100s] -- Up-to-date: /home/lxf/Desktop/ROS/19.Modeling/install/fishbot_description/share/fishbot_description/package.dsv
[0.100s] -- Up-to-date: /home/lxf/Desktop/ROS/19.Modeling/install/fishbot_description/share/ament_index/resource_index/packages/fishbot_description
[0.101s] -- Up-to-date: /home/lxf/Desktop/ROS/19.Modeling/install/fishbot_description/share/fishbot_description/cmake/fishbot_descriptionConfig.cmake
[0.102s] -- Up-to-date: /home/lxf/Desktop/ROS/19.Modeling/install/fishbot_description/share/fishbot_description/cmake/fishbot_descriptionConfig-version.cmake
[0.102s] -- Up-to-date: /home/lxf/Desktop/ROS/19.Modeling/install/fishbot_description/share/fishbot_description/package.xml
[0.103s] Invoked command in '/home/lxf/Desktop/ROS/19.Modeling/build/fishbot_description' returned '0': CMAKE_PREFIX_PATH=${CMAKE_PREFIX_PATH}:/opt/ros/humble /usr/bin/cmake --install /home/lxf/Desktop/ROS/19.Modeling/build/fishbot_description
