[0.017s] Invoking command in '/home/lxf/Desktop/ROS/12.turtle_control/build/turtle_control_interfaces': CMAKE_PREFIX_PATH=/opt/ros/humble /usr/bin/cmake --build /home/lxf/Desktop/ROS/12.turtle_control/build/turtle_control_interfaces -- -j16 -l16
[0.094s] [  2%] Built target turtle_control_interfaces__cpp
[0.094s] [ 12%] Built target turtle_control_interfaces__rosidl_generator_c
[0.123s] [ 12%] Built target ament_cmake_python_copy_turtle_control_interfaces
[0.132s] [ 23%] Built target turtle_control_interfaces__rosidl_typesupport_fastrtps_cpp
[0.136s] [ 35%] Built target turtle_control_interfaces__rosidl_typesupport_cpp
[0.136s] [ 43%] Built target turtle_control_interfaces__rosidl_typesupport_introspection_cpp
[0.155s] [ 53%] Built target turtle_control_interfaces__rosidl_typesupport_c
[0.160s] [ 64%] Built target turtle_control_interfaces__rosidl_typesupport_introspection_c
[0.171s] [ 74%] Built target turtle_control_interfaces__rosidl_typesupport_fastrtps_c
[0.208s] [ 74%] Built target turtle_control_interfaces
[0.245s] [ 76%] Built target turtle_control_interfaces__py
[0.283s] [ 84%] Built target turtle_control_interfaces__rosidl_generator_py
[0.317s] [ 89%] Built target turtle_control_interfaces__rosidl_typesupport_c__pyext
[0.321s] [ 94%] Built target turtle_control_interfaces__rosidl_typesupport_introspection_c__pyext
[0.326s] [100%] Built target turtle_control_interfaces__rosidl_typesupport_fastrtps_c__pyext
[0.482s] running egg_info
[0.483s] writing turtle_control_interfaces.egg-info/PKG-INFO
[0.483s] writing dependency_links to turtle_control_interfaces.egg-info/dependency_links.txt
[0.484s] writing top-level names to turtle_control_interfaces.egg-info/top_level.txt
[0.487s] reading manifest file 'turtle_control_interfaces.egg-info/SOURCES.txt'
[0.488s] writing manifest file 'turtle_control_interfaces.egg-info/SOURCES.txt'
[0.537s] [100%] Built target ament_cmake_python_build_turtle_control_interfaces_egg
[0.553s] Invoked command in '/home/lxf/Desktop/ROS/12.turtle_control/build/turtle_control_interfaces' returned '0': CMAKE_PREFIX_PATH=/opt/ros/humble /usr/bin/cmake --build /home/lxf/Desktop/ROS/12.turtle_control/build/turtle_control_interfaces -- -j16 -l16
[0.568s] Invoking command in '/home/lxf/Desktop/ROS/12.turtle_control/build/turtle_control_interfaces': CMAKE_PREFIX_PATH=/opt/ros/humble /usr/bin/cmake --install /home/lxf/Desktop/ROS/12.turtle_control/build/turtle_control_interfaces
[0.580s] -- Install configuration: ""
[0.580s] -- Up-to-date: /home/lxf/Desktop/ROS/12.turtle_control/install/turtle_control_interfaces/share/ament_index/resource_index/rosidl_interfaces/turtle_control_interfaces
[0.580s] -- Up-to-date: /home/lxf/Desktop/ROS/12.turtle_control/install/turtle_control_interfaces/include/turtle_control_interfaces/turtle_control_interfaces
[0.580s] -- Up-to-date: /home/lxf/Desktop/ROS/12.turtle_control/install/turtle_control_interfaces/include/turtle_control_interfaces/turtle_control_interfaces/srv
[0.580s] -- Up-to-date: /home/lxf/Desktop/ROS/12.turtle_control/install/turtle_control_interfaces/include/turtle_control_interfaces/turtle_control_interfaces/srv/patrol.h
[0.580s] -- Up-to-date: /home/lxf/Desktop/ROS/12.turtle_control/install/turtle_control_interfaces/include/turtle_control_interfaces/turtle_control_interfaces/srv/detail
[0.580s] -- Up-to-date: /home/lxf/Desktop/ROS/12.turtle_control/install/turtle_control_interfaces/include/turtle_control_interfaces/turtle_control_interfaces/srv/detail/patrol__struct.h
[0.580s] -- Up-to-date: /home/lxf/Desktop/ROS/12.turtle_control/install/turtle_control_interfaces/include/turtle_control_interfaces/turtle_control_interfaces/srv/detail/face_detector__struct.h
[0.580s] -- Up-to-date: /home/lxf/Desktop/ROS/12.turtle_control/install/turtle_control_interfaces/include/turtle_control_interfaces/turtle_control_interfaces/srv/detail/patrol__type_support.h
[0.580s] -- Up-to-date: /home/lxf/Desktop/ROS/12.turtle_control/install/turtle_control_interfaces/include/turtle_control_interfaces/turtle_control_interfaces/srv/detail/patrol__functions.c
[0.580s] -- Up-to-date: /home/lxf/Desktop/ROS/12.turtle_control/install/turtle_control_interfaces/include/turtle_control_interfaces/turtle_control_interfaces/srv/detail/face_detector__functions.c
[0.581s] -- Up-to-date: /home/lxf/Desktop/ROS/12.turtle_control/install/turtle_control_interfaces/include/turtle_control_interfaces/turtle_control_interfaces/srv/detail/face_detector__type_support.h
[0.581s] -- Up-to-date: /home/lxf/Desktop/ROS/12.turtle_control/install/turtle_control_interfaces/include/turtle_control_interfaces/turtle_control_interfaces/srv/detail/patrol__functions.h
[0.581s] -- Up-to-date: /home/lxf/Desktop/ROS/12.turtle_control/install/turtle_control_interfaces/include/turtle_control_interfaces/turtle_control_interfaces/srv/detail/face_detector__functions.h
[0.581s] -- Up-to-date: /home/lxf/Desktop/ROS/12.turtle_control/install/turtle_control_interfaces/include/turtle_control_interfaces/turtle_control_interfaces/srv/face_detector.h
[0.581s] -- Up-to-date: /home/lxf/Desktop/ROS/12.turtle_control/install/turtle_control_interfaces/include/turtle_control_interfaces/turtle_control_interfaces/msg
[0.581s] -- Up-to-date: /home/lxf/Desktop/ROS/12.turtle_control/install/turtle_control_interfaces/include/turtle_control_interfaces/turtle_control_interfaces/msg/rosidl_generator_c__visibility_control.h
[0.581s] -- Up-to-date: /home/lxf/Desktop/ROS/12.turtle_control/install/turtle_control_interfaces/share/turtle_control_interfaces/environment/library_path.sh
[0.581s] -- Up-to-date: /home/lxf/Desktop/ROS/12.turtle_control/install/turtle_control_interfaces/share/turtle_control_interfaces/environment/library_path.dsv
[0.581s] -- Up-to-date: /home/lxf/Desktop/ROS/12.turtle_control/install/turtle_control_interfaces/lib/libturtle_control_interfaces__rosidl_generator_c.so
[0.581s] -- Up-to-date: /home/lxf/Desktop/ROS/12.turtle_control/install/turtle_control_interfaces/include/turtle_control_interfaces/turtle_control_interfaces
[0.581s] -- Up-to-date: /home/lxf/Desktop/ROS/12.turtle_control/install/turtle_control_interfaces/include/turtle_control_interfaces/turtle_control_interfaces/srv
[0.581s] -- Up-to-date: /home/lxf/Desktop/ROS/12.turtle_control/install/turtle_control_interfaces/include/turtle_control_interfaces/turtle_control_interfaces/srv/detail
[0.581s] -- Up-to-date: /home/lxf/Desktop/ROS/12.turtle_control/install/turtle_control_interfaces/include/turtle_control_interfaces/turtle_control_interfaces/srv/detail/patrol__rosidl_typesupport_fastrtps_c.h
[0.581s] -- Up-to-date: /home/lxf/Desktop/ROS/12.turtle_control/install/turtle_control_interfaces/include/turtle_control_interfaces/turtle_control_interfaces/srv/detail/face_detector__rosidl_typesupport_fastrtps_c.h
[0.582s] -- Up-to-date: /home/lxf/Desktop/ROS/12.turtle_control/install/turtle_control_interfaces/include/turtle_control_interfaces/turtle_control_interfaces/msg
[0.582s] -- Up-to-date: /home/lxf/Desktop/ROS/12.turtle_control/install/turtle_control_interfaces/include/turtle_control_interfaces/turtle_control_interfaces/msg/rosidl_typesupport_fastrtps_c__visibility_control.h
[0.582s] -- Up-to-date: /home/lxf/Desktop/ROS/12.turtle_control/install/turtle_control_interfaces/lib/libturtle_control_interfaces__rosidl_typesupport_fastrtps_c.so
[0.582s] -- Up-to-date: /home/lxf/Desktop/ROS/12.turtle_control/install/turtle_control_interfaces/include/turtle_control_interfaces/turtle_control_interfaces
[0.582s] -- Up-to-date: /home/lxf/Desktop/ROS/12.turtle_control/install/turtle_control_interfaces/include/turtle_control_interfaces/turtle_control_interfaces/srv
[0.582s] -- Up-to-date: /home/lxf/Desktop/ROS/12.turtle_control/install/turtle_control_interfaces/include/turtle_control_interfaces/turtle_control_interfaces/srv/detail
[0.582s] -- Up-to-date: /home/lxf/Desktop/ROS/12.turtle_control/install/turtle_control_interfaces/include/turtle_control_interfaces/turtle_control_interfaces/srv/detail/face_detector__rosidl_typesupport_introspection_c.h
[0.582s] -- Up-to-date: /home/lxf/Desktop/ROS/12.turtle_control/install/turtle_control_interfaces/include/turtle_control_interfaces/turtle_control_interfaces/srv/detail/face_detector__type_support.c
[0.582s] -- Up-to-date: /home/lxf/Desktop/ROS/12.turtle_control/install/turtle_control_interfaces/include/turtle_control_interfaces/turtle_control_interfaces/srv/detail/patrol__rosidl_typesupport_introspection_c.h
[0.582s] -- Up-to-date: /home/lxf/Desktop/ROS/12.turtle_control/install/turtle_control_interfaces/include/turtle_control_interfaces/turtle_control_interfaces/srv/detail/patrol__type_support.c
[0.582s] -- Up-to-date: /home/lxf/Desktop/ROS/12.turtle_control/install/turtle_control_interfaces/include/turtle_control_interfaces/turtle_control_interfaces/msg
[0.582s] -- Up-to-date: /home/lxf/Desktop/ROS/12.turtle_control/install/turtle_control_interfaces/include/turtle_control_interfaces/turtle_control_interfaces/msg/rosidl_typesupport_introspection_c__visibility_control.h
[0.583s] -- Up-to-date: /home/lxf/Desktop/ROS/12.turtle_control/install/turtle_control_interfaces/lib/libturtle_control_interfaces__rosidl_typesupport_introspection_c.so
[0.583s] -- Up-to-date: /home/lxf/Desktop/ROS/12.turtle_control/install/turtle_control_interfaces/lib/libturtle_control_interfaces__rosidl_typesupport_c.so
[0.583s] -- Up-to-date: /home/lxf/Desktop/ROS/12.turtle_control/install/turtle_control_interfaces/include/turtle_control_interfaces/turtle_control_interfaces
[0.583s] -- Up-to-date: /home/lxf/Desktop/ROS/12.turtle_control/install/turtle_control_interfaces/include/turtle_control_interfaces/turtle_control_interfaces/srv
[0.583s] -- Up-to-date: /home/lxf/Desktop/ROS/12.turtle_control/install/turtle_control_interfaces/include/turtle_control_interfaces/turtle_control_interfaces/srv/patrol.hpp
[0.583s] -- Up-to-date: /home/lxf/Desktop/ROS/12.turtle_control/install/turtle_control_interfaces/include/turtle_control_interfaces/turtle_control_interfaces/srv/detail
[0.583s] -- Up-to-date: /home/lxf/Desktop/ROS/12.turtle_control/install/turtle_control_interfaces/include/turtle_control_interfaces/turtle_control_interfaces/srv/detail/face_detector__traits.hpp
[0.583s] -- Up-to-date: /home/lxf/Desktop/ROS/12.turtle_control/install/turtle_control_interfaces/include/turtle_control_interfaces/turtle_control_interfaces/srv/detail/patrol__builder.hpp
[0.583s] -- Up-to-date: /home/lxf/Desktop/ROS/12.turtle_control/install/turtle_control_interfaces/include/turtle_control_interfaces/turtle_control_interfaces/srv/detail/patrol__struct.hpp
[0.583s] -- Up-to-date: /home/lxf/Desktop/ROS/12.turtle_control/install/turtle_control_interfaces/include/turtle_control_interfaces/turtle_control_interfaces/srv/detail/face_detector__type_support.hpp
[0.583s] -- Up-to-date: /home/lxf/Desktop/ROS/12.turtle_control/install/turtle_control_interfaces/include/turtle_control_interfaces/turtle_control_interfaces/srv/detail/face_detector__struct.hpp
[0.583s] -- Up-to-date: /home/lxf/Desktop/ROS/12.turtle_control/install/turtle_control_interfaces/include/turtle_control_interfaces/turtle_control_interfaces/srv/detail/face_detector__builder.hpp
[0.583s] -- Up-to-date: /home/lxf/Desktop/ROS/12.turtle_control/install/turtle_control_interfaces/include/turtle_control_interfaces/turtle_control_interfaces/srv/detail/patrol__type_support.hpp
[0.583s] -- Up-to-date: /home/lxf/Desktop/ROS/12.turtle_control/install/turtle_control_interfaces/include/turtle_control_interfaces/turtle_control_interfaces/srv/detail/patrol__traits.hpp
[0.584s] -- Up-to-date: /home/lxf/Desktop/ROS/12.turtle_control/install/turtle_control_interfaces/include/turtle_control_interfaces/turtle_control_interfaces/srv/face_detector.hpp
[0.584s] -- Up-to-date: /home/lxf/Desktop/ROS/12.turtle_control/install/turtle_control_interfaces/include/turtle_control_interfaces/turtle_control_interfaces/msg
[0.584s] -- Up-to-date: /home/lxf/Desktop/ROS/12.turtle_control/install/turtle_control_interfaces/include/turtle_control_interfaces/turtle_control_interfaces/msg/rosidl_generator_cpp__visibility_control.hpp
[0.584s] -- Up-to-date: /home/lxf/Desktop/ROS/12.turtle_control/install/turtle_control_interfaces/include/turtle_control_interfaces/turtle_control_interfaces
[0.584s] -- Up-to-date: /home/lxf/Desktop/ROS/12.turtle_control/install/turtle_control_interfaces/include/turtle_control_interfaces/turtle_control_interfaces/srv
[0.584s] -- Up-to-date: /home/lxf/Desktop/ROS/12.turtle_control/install/turtle_control_interfaces/include/turtle_control_interfaces/turtle_control_interfaces/srv/detail
[0.584s] -- Up-to-date: /home/lxf/Desktop/ROS/12.turtle_control/install/turtle_control_interfaces/include/turtle_control_interfaces/turtle_control_interfaces/srv/detail/face_detector__rosidl_typesupport_fastrtps_cpp.hpp
[0.584s] -- Up-to-date: /home/lxf/Desktop/ROS/12.turtle_control/install/turtle_control_interfaces/include/turtle_control_interfaces/turtle_control_interfaces/srv/detail/dds_fastrtps
[0.584s] -- Up-to-date: /home/lxf/Desktop/ROS/12.turtle_control/install/turtle_control_interfaces/include/turtle_control_interfaces/turtle_control_interfaces/srv/detail/patrol__rosidl_typesupport_fastrtps_cpp.hpp
[0.584s] -- Up-to-date: /home/lxf/Desktop/ROS/12.turtle_control/install/turtle_control_interfaces/include/turtle_control_interfaces/turtle_control_interfaces/msg
[0.584s] -- Up-to-date: /home/lxf/Desktop/ROS/12.turtle_control/install/turtle_control_interfaces/include/turtle_control_interfaces/turtle_control_interfaces/msg/rosidl_typesupport_fastrtps_cpp__visibility_control.h
[0.584s] -- Up-to-date: /home/lxf/Desktop/ROS/12.turtle_control/install/turtle_control_interfaces/lib/libturtle_control_interfaces__rosidl_typesupport_fastrtps_cpp.so
[0.584s] -- Up-to-date: /home/lxf/Desktop/ROS/12.turtle_control/install/turtle_control_interfaces/include/turtle_control_interfaces/turtle_control_interfaces
[0.584s] -- Up-to-date: /home/lxf/Desktop/ROS/12.turtle_control/install/turtle_control_interfaces/include/turtle_control_interfaces/turtle_control_interfaces/srv
[0.585s] -- Up-to-date: /home/lxf/Desktop/ROS/12.turtle_control/install/turtle_control_interfaces/include/turtle_control_interfaces/turtle_control_interfaces/srv/detail
[0.585s] -- Up-to-date: /home/lxf/Desktop/ROS/12.turtle_control/install/turtle_control_interfaces/include/turtle_control_interfaces/turtle_control_interfaces/srv/detail/patrol__rosidl_typesupport_introspection_cpp.hpp
[0.585s] -- Up-to-date: /home/lxf/Desktop/ROS/12.turtle_control/install/turtle_control_interfaces/include/turtle_control_interfaces/turtle_control_interfaces/srv/detail/face_detector__type_support.cpp
[0.585s] -- Up-to-date: /home/lxf/Desktop/ROS/12.turtle_control/install/turtle_control_interfaces/include/turtle_control_interfaces/turtle_control_interfaces/srv/detail/patrol__type_support.cpp
[0.585s] -- Up-to-date: /home/lxf/Desktop/ROS/12.turtle_control/install/turtle_control_interfaces/include/turtle_control_interfaces/turtle_control_interfaces/srv/detail/face_detector__rosidl_typesupport_introspection_cpp.hpp
[0.585s] -- Up-to-date: /home/lxf/Desktop/ROS/12.turtle_control/install/turtle_control_interfaces/lib/libturtle_control_interfaces__rosidl_typesupport_introspection_cpp.so
[0.585s] -- Up-to-date: /home/lxf/Desktop/ROS/12.turtle_control/install/turtle_control_interfaces/lib/libturtle_control_interfaces__rosidl_typesupport_cpp.so
[0.585s] -- Up-to-date: /home/lxf/Desktop/ROS/12.turtle_control/install/turtle_control_interfaces/share/turtle_control_interfaces/environment/pythonpath.sh
[0.585s] -- Up-to-date: /home/lxf/Desktop/ROS/12.turtle_control/install/turtle_control_interfaces/share/turtle_control_interfaces/environment/pythonpath.dsv
[0.585s] -- Up-to-date: /home/lxf/Desktop/ROS/12.turtle_control/install/turtle_control_interfaces/local/lib/python3.10/dist-packages/turtle_control_interfaces-0.0.0-py3.10.egg-info
[0.586s] -- Installing: /home/lxf/Desktop/ROS/12.turtle_control/install/turtle_control_interfaces/local/lib/python3.10/dist-packages/turtle_control_interfaces-0.0.0-py3.10.egg-info/PKG-INFO
[0.586s] -- Installing: /home/lxf/Desktop/ROS/12.turtle_control/install/turtle_control_interfaces/local/lib/python3.10/dist-packages/turtle_control_interfaces-0.0.0-py3.10.egg-info/top_level.txt
[0.586s] -- Installing: /home/lxf/Desktop/ROS/12.turtle_control/install/turtle_control_interfaces/local/lib/python3.10/dist-packages/turtle_control_interfaces-0.0.0-py3.10.egg-info/SOURCES.txt
[0.586s] -- Installing: /home/lxf/Desktop/ROS/12.turtle_control/install/turtle_control_interfaces/local/lib/python3.10/dist-packages/turtle_control_interfaces-0.0.0-py3.10.egg-info/dependency_links.txt
[0.586s] -- Up-to-date: /home/lxf/Desktop/ROS/12.turtle_control/install/turtle_control_interfaces/local/lib/python3.10/dist-packages/turtle_control_interfaces
[0.586s] -- Up-to-date: /home/lxf/Desktop/ROS/12.turtle_control/install/turtle_control_interfaces/local/lib/python3.10/dist-packages/turtle_control_interfaces/turtle_control_interfaces_s__rosidl_typesupport_introspection_c.cpython-310-x86_64-linux-gnu.so
[0.586s] -- Up-to-date: /home/lxf/Desktop/ROS/12.turtle_control/install/turtle_control_interfaces/local/lib/python3.10/dist-packages/turtle_control_interfaces/libturtle_control_interfaces__rosidl_generator_py.so
[0.586s] -- Up-to-date: /home/lxf/Desktop/ROS/12.turtle_control/install/turtle_control_interfaces/local/lib/python3.10/dist-packages/turtle_control_interfaces/srv
[0.586s] -- Up-to-date: /home/lxf/Desktop/ROS/12.turtle_control/install/turtle_control_interfaces/local/lib/python3.10/dist-packages/turtle_control_interfaces/srv/_face_detector_s.c
[0.586s] -- Up-to-date: /home/lxf/Desktop/ROS/12.turtle_control/install/turtle_control_interfaces/local/lib/python3.10/dist-packages/turtle_control_interfaces/srv/_patrol_s.c
[0.586s] -- Up-to-date: /home/lxf/Desktop/ROS/12.turtle_control/install/turtle_control_interfaces/local/lib/python3.10/dist-packages/turtle_control_interfaces/srv/_face_detector.py
[0.586s] -- Up-to-date: /home/lxf/Desktop/ROS/12.turtle_control/install/turtle_control_interfaces/local/lib/python3.10/dist-packages/turtle_control_interfaces/srv/_patrol.py
[0.586s] -- Up-to-date: /home/lxf/Desktop/ROS/12.turtle_control/install/turtle_control_interfaces/local/lib/python3.10/dist-packages/turtle_control_interfaces/srv/__init__.py
[0.586s] -- Up-to-date: /home/lxf/Desktop/ROS/12.turtle_control/install/turtle_control_interfaces/local/lib/python3.10/dist-packages/turtle_control_interfaces/_turtle_control_interfaces_s.ep.rosidl_typesupport_introspection_c.c
[0.587s] -- Up-to-date: /home/lxf/Desktop/ROS/12.turtle_control/install/turtle_control_interfaces/local/lib/python3.10/dist-packages/turtle_control_interfaces/turtle_control_interfaces_s__rosidl_typesupport_fastrtps_c.cpython-310-x86_64-linux-gnu.so
[0.587s] -- Up-to-date: /home/lxf/Desktop/ROS/12.turtle_control/install/turtle_control_interfaces/local/lib/python3.10/dist-packages/turtle_control_interfaces/turtle_control_interfaces_s__rosidl_typesupport_c.cpython-310-x86_64-linux-gnu.so
[0.587s] -- Up-to-date: /home/lxf/Desktop/ROS/12.turtle_control/install/turtle_control_interfaces/local/lib/python3.10/dist-packages/turtle_control_interfaces/_turtle_control_interfaces_s.ep.rosidl_typesupport_fastrtps_c.c
[0.587s] -- Up-to-date: /home/lxf/Desktop/ROS/12.turtle_control/install/turtle_control_interfaces/local/lib/python3.10/dist-packages/turtle_control_interfaces/_turtle_control_interfaces_s.ep.rosidl_typesupport_c.c
[0.587s] -- Up-to-date: /home/lxf/Desktop/ROS/12.turtle_control/install/turtle_control_interfaces/local/lib/python3.10/dist-packages/turtle_control_interfaces/__init__.py
[0.633s] Listing '/home/lxf/Desktop/ROS/12.turtle_control/install/turtle_control_interfaces/local/lib/python3.10/dist-packages/turtle_control_interfaces'...
[0.633s] Listing '/home/lxf/Desktop/ROS/12.turtle_control/install/turtle_control_interfaces/local/lib/python3.10/dist-packages/turtle_control_interfaces/srv'...
[0.640s] -- Up-to-date: /home/lxf/Desktop/ROS/12.turtle_control/install/turtle_control_interfaces/local/lib/python3.10/dist-packages/turtle_control_interfaces/turtle_control_interfaces_s__rosidl_typesupport_fastrtps_c.cpython-310-x86_64-linux-gnu.so
[0.640s] -- Up-to-date: /home/lxf/Desktop/ROS/12.turtle_control/install/turtle_control_interfaces/local/lib/python3.10/dist-packages/turtle_control_interfaces/turtle_control_interfaces_s__rosidl_typesupport_introspection_c.cpython-310-x86_64-linux-gnu.so
[0.641s] -- Up-to-date: /home/lxf/Desktop/ROS/12.turtle_control/install/turtle_control_interfaces/local/lib/python3.10/dist-packages/turtle_control_interfaces/turtle_control_interfaces_s__rosidl_typesupport_c.cpython-310-x86_64-linux-gnu.so
[0.641s] -- Up-to-date: /home/lxf/Desktop/ROS/12.turtle_control/install/turtle_control_interfaces/lib/libturtle_control_interfaces__rosidl_generator_py.so
[0.642s] -- Up-to-date: /home/lxf/Desktop/ROS/12.turtle_control/install/turtle_control_interfaces/share/turtle_control_interfaces/srv/FaceDetector.idl
[0.642s] -- Up-to-date: /home/lxf/Desktop/ROS/12.turtle_control/install/turtle_control_interfaces/share/turtle_control_interfaces/srv/Patrol.idl
[0.642s] -- Up-to-date: /home/lxf/Desktop/ROS/12.turtle_control/install/turtle_control_interfaces/share/turtle_control_interfaces/srv/FaceDetector.srv
[0.642s] -- Up-to-date: /home/lxf/Desktop/ROS/12.turtle_control/install/turtle_control_interfaces/share/turtle_control_interfaces/srv/FaceDetector_Request.msg
[0.642s] -- Up-to-date: /home/lxf/Desktop/ROS/12.turtle_control/install/turtle_control_interfaces/share/turtle_control_interfaces/srv/FaceDetector_Response.msg
[0.642s] -- Up-to-date: /home/lxf/Desktop/ROS/12.turtle_control/install/turtle_control_interfaces/share/turtle_control_interfaces/srv/Patrol.srv
[0.643s] -- Up-to-date: /home/lxf/Desktop/ROS/12.turtle_control/install/turtle_control_interfaces/share/turtle_control_interfaces/srv/Patrol_Request.msg
[0.643s] -- Up-to-date: /home/lxf/Desktop/ROS/12.turtle_control/install/turtle_control_interfaces/share/turtle_control_interfaces/srv/Patrol_Response.msg
[0.643s] -- Up-to-date: /home/lxf/Desktop/ROS/12.turtle_control/install/turtle_control_interfaces/share/ament_index/resource_index/package_run_dependencies/turtle_control_interfaces
[0.643s] -- Up-to-date: /home/lxf/Desktop/ROS/12.turtle_control/install/turtle_control_interfaces/share/ament_index/resource_index/parent_prefix_path/turtle_control_interfaces
[0.643s] -- Up-to-date: /home/lxf/Desktop/ROS/12.turtle_control/install/turtle_control_interfaces/share/turtle_control_interfaces/environment/ament_prefix_path.sh
[0.643s] -- Up-to-date: /home/lxf/Desktop/ROS/12.turtle_control/install/turtle_control_interfaces/share/turtle_control_interfaces/environment/ament_prefix_path.dsv
[0.643s] -- Up-to-date: /home/lxf/Desktop/ROS/12.turtle_control/install/turtle_control_interfaces/share/turtle_control_interfaces/environment/path.sh
[0.643s] -- Up-to-date: /home/lxf/Desktop/ROS/12.turtle_control/install/turtle_control_interfaces/share/turtle_control_interfaces/environment/path.dsv
[0.643s] -- Up-to-date: /home/lxf/Desktop/ROS/12.turtle_control/install/turtle_control_interfaces/share/turtle_control_interfaces/local_setup.bash
[0.643s] -- Up-to-date: /home/lxf/Desktop/ROS/12.turtle_control/install/turtle_control_interfaces/share/turtle_control_interfaces/local_setup.sh
[0.644s] -- Up-to-date: /home/lxf/Desktop/ROS/12.turtle_control/install/turtle_control_interfaces/share/turtle_control_interfaces/local_setup.zsh
[0.644s] -- Up-to-date: /home/lxf/Desktop/ROS/12.turtle_control/install/turtle_control_interfaces/share/turtle_control_interfaces/local_setup.dsv
[0.644s] -- Installing: /home/lxf/Desktop/ROS/12.turtle_control/install/turtle_control_interfaces/share/turtle_control_interfaces/package.dsv
[0.644s] -- Up-to-date: /home/lxf/Desktop/ROS/12.turtle_control/install/turtle_control_interfaces/share/ament_index/resource_index/packages/turtle_control_interfaces
[0.644s] -- Up-to-date: /home/lxf/Desktop/ROS/12.turtle_control/install/turtle_control_interfaces/share/turtle_control_interfaces/cmake/export_turtle_control_interfaces__rosidl_generator_cExport.cmake
[0.644s] -- Up-to-date: /home/lxf/Desktop/ROS/12.turtle_control/install/turtle_control_interfaces/share/turtle_control_interfaces/cmake/export_turtle_control_interfaces__rosidl_generator_cExport-noconfig.cmake
[0.645s] -- Up-to-date: /home/lxf/Desktop/ROS/12.turtle_control/install/turtle_control_interfaces/share/turtle_control_interfaces/cmake/export_turtle_control_interfaces__rosidl_typesupport_fastrtps_cExport.cmake
[0.645s] -- Up-to-date: /home/lxf/Desktop/ROS/12.turtle_control/install/turtle_control_interfaces/share/turtle_control_interfaces/cmake/export_turtle_control_interfaces__rosidl_typesupport_fastrtps_cExport-noconfig.cmake
[0.645s] -- Up-to-date: /home/lxf/Desktop/ROS/12.turtle_control/install/turtle_control_interfaces/share/turtle_control_interfaces/cmake/turtle_control_interfaces__rosidl_typesupport_introspection_cExport.cmake
[0.645s] -- Up-to-date: /home/lxf/Desktop/ROS/12.turtle_control/install/turtle_control_interfaces/share/turtle_control_interfaces/cmake/turtle_control_interfaces__rosidl_typesupport_introspection_cExport-noconfig.cmake
[0.645s] -- Up-to-date: /home/lxf/Desktop/ROS/12.turtle_control/install/turtle_control_interfaces/share/turtle_control_interfaces/cmake/turtle_control_interfaces__rosidl_typesupport_cExport.cmake
[0.645s] -- Up-to-date: /home/lxf/Desktop/ROS/12.turtle_control/install/turtle_control_interfaces/share/turtle_control_interfaces/cmake/turtle_control_interfaces__rosidl_typesupport_cExport-noconfig.cmake
[0.645s] -- Up-to-date: /home/lxf/Desktop/ROS/12.turtle_control/install/turtle_control_interfaces/share/turtle_control_interfaces/cmake/export_turtle_control_interfaces__rosidl_generator_cppExport.cmake
[0.645s] -- Up-to-date: /home/lxf/Desktop/ROS/12.turtle_control/install/turtle_control_interfaces/share/turtle_control_interfaces/cmake/export_turtle_control_interfaces__rosidl_typesupport_fastrtps_cppExport.cmake
[0.645s] -- Up-to-date: /home/lxf/Desktop/ROS/12.turtle_control/install/turtle_control_interfaces/share/turtle_control_interfaces/cmake/export_turtle_control_interfaces__rosidl_typesupport_fastrtps_cppExport-noconfig.cmake
[0.646s] -- Up-to-date: /home/lxf/Desktop/ROS/12.turtle_control/install/turtle_control_interfaces/share/turtle_control_interfaces/cmake/turtle_control_interfaces__rosidl_typesupport_introspection_cppExport.cmake
[0.646s] -- Up-to-date: /home/lxf/Desktop/ROS/12.turtle_control/install/turtle_control_interfaces/share/turtle_control_interfaces/cmake/turtle_control_interfaces__rosidl_typesupport_introspection_cppExport-noconfig.cmake
[0.646s] -- Up-to-date: /home/lxf/Desktop/ROS/12.turtle_control/install/turtle_control_interfaces/share/turtle_control_interfaces/cmake/turtle_control_interfaces__rosidl_typesupport_cppExport.cmake
[0.646s] -- Up-to-date: /home/lxf/Desktop/ROS/12.turtle_control/install/turtle_control_interfaces/share/turtle_control_interfaces/cmake/turtle_control_interfaces__rosidl_typesupport_cppExport-noconfig.cmake
[0.646s] -- Up-to-date: /home/lxf/Desktop/ROS/12.turtle_control/install/turtle_control_interfaces/share/turtle_control_interfaces/cmake/export_turtle_control_interfaces__rosidl_generator_pyExport.cmake
[0.646s] -- Up-to-date: /home/lxf/Desktop/ROS/12.turtle_control/install/turtle_control_interfaces/share/turtle_control_interfaces/cmake/export_turtle_control_interfaces__rosidl_generator_pyExport-noconfig.cmake
[0.646s] -- Up-to-date: /home/lxf/Desktop/ROS/12.turtle_control/install/turtle_control_interfaces/share/turtle_control_interfaces/cmake/rosidl_cmake-extras.cmake
[0.646s] -- Up-to-date: /home/lxf/Desktop/ROS/12.turtle_control/install/turtle_control_interfaces/share/turtle_control_interfaces/cmake/ament_cmake_export_dependencies-extras.cmake
[0.646s] -- Up-to-date: /home/lxf/Desktop/ROS/12.turtle_control/install/turtle_control_interfaces/share/turtle_control_interfaces/cmake/ament_cmake_export_include_directories-extras.cmake
[0.646s] -- Up-to-date: /home/lxf/Desktop/ROS/12.turtle_control/install/turtle_control_interfaces/share/turtle_control_interfaces/cmake/ament_cmake_export_libraries-extras.cmake
[0.646s] -- Up-to-date: /home/lxf/Desktop/ROS/12.turtle_control/install/turtle_control_interfaces/share/turtle_control_interfaces/cmake/ament_cmake_export_targets-extras.cmake
[0.646s] -- Up-to-date: /home/lxf/Desktop/ROS/12.turtle_control/install/turtle_control_interfaces/share/turtle_control_interfaces/cmake/rosidl_cmake_export_typesupport_targets-extras.cmake
[0.646s] -- Up-to-date: /home/lxf/Desktop/ROS/12.turtle_control/install/turtle_control_interfaces/share/turtle_control_interfaces/cmake/rosidl_cmake_export_typesupport_libraries-extras.cmake
[0.646s] -- Up-to-date: /home/lxf/Desktop/ROS/12.turtle_control/install/turtle_control_interfaces/share/turtle_control_interfaces/cmake/turtle_control_interfacesConfig.cmake
[0.647s] -- Up-to-date: /home/lxf/Desktop/ROS/12.turtle_control/install/turtle_control_interfaces/share/turtle_control_interfaces/cmake/turtle_control_interfacesConfig-version.cmake
[0.647s] -- Up-to-date: /home/lxf/Desktop/ROS/12.turtle_control/install/turtle_control_interfaces/share/turtle_control_interfaces/package.xml
[0.650s] Invoked command in '/home/lxf/Desktop/ROS/12.turtle_control/build/turtle_control_interfaces' returned '0': CMAKE_PREFIX_PATH=/opt/ros/humble /usr/bin/cmake --install /home/lxf/Desktop/ROS/12.turtle_control/build/turtle_control_interfaces
