[0.008s] Invoking command in '/home/lxf/桌面/ROS/8.海龟控制画园/build/cpp_topic': CMAKE_PREFIX_PATH=${CMAKE_PREFIX_PATH}:/opt/ros/humble /usr/bin/cmake --build /home/lxf/桌面/ROS/8.海龟控制画园/build/cpp_topic -- -j16 -l16
[0.040s] [100%] Built target turtle_circle
[0.044s] Invoked command in '/home/lxf/桌面/ROS/8.海龟控制画园/build/cpp_topic' returned '0': CMAKE_PREFIX_PATH=${CMAKE_PREFIX_PATH}:/opt/ros/humble /usr/bin/cmake --build /home/lxf/桌面/ROS/8.海龟控制画园/build/cpp_topic -- -j16 -l16
[0.047s] Invoking command in '/home/lxf/桌面/ROS/8.海龟控制画园/build/cpp_topic': CMAKE_PREFIX_PATH=${CMAKE_PREFIX_PATH}:/opt/ros/humble /usr/bin/cmake --install /home/lxf/桌面/ROS/8.海龟控制画园/build/cpp_topic
[0.049s] -- Install configuration: ""
[0.049s] -- Up-to-date: /home/lxf/桌面/ROS/8.海龟控制画园/install/cpp_topic/lib/cpp_topic/turtle_circle
[0.049s] -- Up-to-date: /home/lxf/桌面/ROS/8.海龟控制画园/install/cpp_topic/share/ament_index/resource_index/package_run_dependencies/cpp_topic
[0.049s] -- Up-to-date: /home/lxf/桌面/ROS/8.海龟控制画园/install/cpp_topic/share/ament_index/resource_index/parent_prefix_path/cpp_topic
[0.050s] -- Up-to-date: /home/lxf/桌面/ROS/8.海龟控制画园/install/cpp_topic/share/cpp_topic/environment/ament_prefix_path.sh
[0.050s] -- Up-to-date: /home/lxf/桌面/ROS/8.海龟控制画园/install/cpp_topic/share/cpp_topic/environment/ament_prefix_path.dsv
[0.050s] -- Up-to-date: /home/lxf/桌面/ROS/8.海龟控制画园/install/cpp_topic/share/cpp_topic/environment/path.sh
[0.050s] -- Up-to-date: /home/lxf/桌面/ROS/8.海龟控制画园/install/cpp_topic/share/cpp_topic/environment/path.dsv
[0.050s] -- Up-to-date: /home/lxf/桌面/ROS/8.海龟控制画园/install/cpp_topic/share/cpp_topic/local_setup.bash
[0.050s] -- Up-to-date: /home/lxf/桌面/ROS/8.海龟控制画园/install/cpp_topic/share/cpp_topic/local_setup.sh
[0.050s] -- Up-to-date: /home/lxf/桌面/ROS/8.海龟控制画园/install/cpp_topic/share/cpp_topic/local_setup.zsh
[0.050s] -- Up-to-date: /home/lxf/桌面/ROS/8.海龟控制画园/install/cpp_topic/share/cpp_topic/local_setup.dsv
[0.050s] -- Installing: /home/lxf/桌面/ROS/8.海龟控制画园/install/cpp_topic/share/cpp_topic/package.dsv
[0.050s] -- Up-to-date: /home/lxf/桌面/ROS/8.海龟控制画园/install/cpp_topic/share/ament_index/resource_index/packages/cpp_topic
[0.050s] -- Up-to-date: /home/lxf/桌面/ROS/8.海龟控制画园/install/cpp_topic/share/cpp_topic/cmake/cpp_topicConfig.cmake
[0.050s] -- Up-to-date: /home/lxf/桌面/ROS/8.海龟控制画园/install/cpp_topic/share/cpp_topic/cmake/cpp_topicConfig-version.cmake
[0.050s] -- Up-to-date: /home/lxf/桌面/ROS/8.海龟控制画园/install/cpp_topic/share/cpp_topic/package.xml
[0.051s] Invoked command in '/home/lxf/桌面/ROS/8.海龟控制画园/build/cpp_topic' returned '0': CMAKE_PREFIX_PATH=${CMAKE_PREFIX_PATH}:/opt/ros/humble /usr/bin/cmake --install /home/lxf/桌面/ROS/8.海龟控制画园/build/cpp_topic
