[0.007s] Invoking command in '/home/lxf/Desktop/ROS/18.demo_cpp_tf/build/demo_cpp_tf': CMAKE_PREFIX_PATH=/opt/ros/humble /usr/bin/cmake /home/lxf/Desktop/ROS/18.demo_cpp_tf/src/demo_cpp_tf -DCMAKE_INSTALL_PREFIX=/home/lxf/Desktop/ROS/18.demo_cpp_tf/install/demo_cpp_tf
[0.170s] -- The C compiler identification is GNU 11.4.0
[0.293s] -- The CXX compiler identification is GNU 11.4.0
[0.302s] -- Detecting C compiler ABI info
[0.417s] -- Detecting C compiler ABI info - done
[0.423s] -- Check for working C compiler: /usr/bin/cc - skipped
[0.423s] -- Detecting C compile features
[0.424s] -- Detecting C compile features - done
[0.426s] -- Detecting CXX compiler ABI info
[0.524s] -- Detecting CXX compiler ABI info - done
[0.531s] -- Check for working CXX compiler: /usr/bin/c++ - skipped
[0.531s] -- Detecting CXX compile features
[0.531s] -- Detecting CXX compile features - done
[0.536s] -- Found ament_cmake: 1.3.12 (/opt/ros/humble/share/ament_cmake/cmake)
[0.709s] -- Found Python3: /usr/bin/python3 (found version "3.10.12") found components: Interpreter 
[0.781s] -- Found rclcpp: 16.0.17 (/opt/ros/humble/share/rclcpp/cmake)
[0.823s] -- Found rosidl_generator_c: 3.1.8 (/opt/ros/humble/share/rosidl_generator_c/cmake)
[0.829s] -- Found rosidl_adapter: 3.1.8 (/opt/ros/humble/share/rosidl_adapter/cmake)
[0.837s] -- Found rosidl_generator_cpp: 3.1.8 (/opt/ros/humble/share/rosidl_generator_cpp/cmake)
[0.849s] -- Using all available rosidl_typesupport_c: rosidl_typesupport_fastrtps_c;rosidl_typesupport_introspection_c
[0.863s] -- Using all available rosidl_typesupport_cpp: rosidl_typesupport_fastrtps_cpp;rosidl_typesupport_introspection_cpp
[0.897s] -- Found rmw_implementation_cmake: 6.1.2 (/opt/ros/humble/share/rmw_implementation_cmake/cmake)
[0.899s] -- Found rmw_fastrtps_cpp: 6.2.9 (/opt/ros/humble/share/rmw_fastrtps_cpp/cmake)
[1.047s] -- Found OpenSSL: /usr/lib/x86_64-linux-gnu/libcrypto.so (found version "3.0.2")  
[1.105s] -- Found FastRTPS: /opt/ros/humble/include  
[1.149s] -- Using RMW implementation 'rmw_fastrtps_cpp' as default
[1.159s] -- Looking for pthread.h
[1.260s] -- Looking for pthread.h - found
[1.260s] -- Performing Test CMAKE_HAVE_LIBC_PTHREAD
[1.337s] -- Performing Test CMAKE_HAVE_LIBC_PTHREAD - Success
[1.338s] -- Found Threads: TRUE  
[1.381s] -- Found tf2: 0.25.18 (/opt/ros/humble/share/tf2/cmake)
[1.400s] -- Found tf2_ros: 0.25.18 (/opt/ros/humble/share/tf2_ros/cmake)
[1.481s] -- Found tf2_geometry_msgs: 0.25.18 (/opt/ros/humble/share/tf2_geometry_msgs/cmake)
[1.490s] -- Found eigen3_cmake_module: 0.1.1 (/opt/ros/humble/share/eigen3_cmake_module/cmake)
[1.491s] -- Found Eigen3: TRUE (found version "3.4.0") 
[1.492s] -- Ensuring Eigen3 include directory is part of orocos-kdl CMake target
[1.494s] -- Found ament_lint_auto: 0.12.14 (/opt/ros/humble/share/ament_lint_auto/cmake)
[1.560s] -- Added test 'cppcheck' to perform static code analysis on C / C++ code
[1.560s] -- Configured cppcheck include dirs: 
[1.561s] -- Configured cppcheck exclude dirs and/or files: 
[1.561s] -- Added test 'lint_cmake' to check CMake code style
[1.562s] -- Added test 'uncrustify' to check C / C++ code style
[1.562s] -- Configured uncrustify additional arguments: 
[1.563s] -- Added test 'xmllint' to check XML markup files
[1.564s] -- Configuring done
[1.572s] -- Generating done
[1.575s] -- Build files have been written to: /home/lxf/Desktop/ROS/18.demo_cpp_tf/build/demo_cpp_tf
[1.582s] Invoked command in '/home/lxf/Desktop/ROS/18.demo_cpp_tf/build/demo_cpp_tf' returned '0': CMAKE_PREFIX_PATH=/opt/ros/humble /usr/bin/cmake /home/lxf/Desktop/ROS/18.demo_cpp_tf/src/demo_cpp_tf -DCMAKE_INSTALL_PREFIX=/home/lxf/Desktop/ROS/18.demo_cpp_tf/install/demo_cpp_tf
[1.583s] Invoking command in '/home/lxf/Desktop/ROS/18.demo_cpp_tf/build/demo_cpp_tf': CMAKE_PREFIX_PATH=/opt/ros/humble /usr/bin/cmake --build /home/lxf/Desktop/ROS/18.demo_cpp_tf/build/demo_cpp_tf -- -j16 -l16
[1.631s] [ 50%] [32mBuilding CXX object CMakeFiles/demo_cpp_tf.dir/src/static_tf_broadcaster.cpp.o[0m
[4.289s] [100%] [32m[1mLinking CXX executable demo_cpp_tf[0m
[4.484s] [100%] Built target demo_cpp_tf
[4.494s] Invoked command in '/home/lxf/Desktop/ROS/18.demo_cpp_tf/build/demo_cpp_tf' returned '0': CMAKE_PREFIX_PATH=/opt/ros/humble /usr/bin/cmake --build /home/lxf/Desktop/ROS/18.demo_cpp_tf/build/demo_cpp_tf -- -j16 -l16
[4.504s] Invoking command in '/home/lxf/Desktop/ROS/18.demo_cpp_tf/build/demo_cpp_tf': CMAKE_PREFIX_PATH=/opt/ros/humble /usr/bin/cmake --install /home/lxf/Desktop/ROS/18.demo_cpp_tf/build/demo_cpp_tf
[4.514s] -- Install configuration: ""
[4.514s] -- Installing: /home/lxf/Desktop/ROS/18.demo_cpp_tf/install/demo_cpp_tf/lib/demo_cpp_tf/demo_cpp_tf
[4.515s] -- Set runtime path of "/home/lxf/Desktop/ROS/18.demo_cpp_tf/install/demo_cpp_tf/lib/demo_cpp_tf/demo_cpp_tf" to ""
[4.515s] -- Installing: /home/lxf/Desktop/ROS/18.demo_cpp_tf/install/demo_cpp_tf/share/ament_index/resource_index/package_run_dependencies/demo_cpp_tf
[4.515s] -- Installing: /home/lxf/Desktop/ROS/18.demo_cpp_tf/install/demo_cpp_tf/share/ament_index/resource_index/parent_prefix_path/demo_cpp_tf
[4.515s] -- Installing: /home/lxf/Desktop/ROS/18.demo_cpp_tf/install/demo_cpp_tf/share/demo_cpp_tf/environment/ament_prefix_path.sh
[4.515s] -- Installing: /home/lxf/Desktop/ROS/18.demo_cpp_tf/install/demo_cpp_tf/share/demo_cpp_tf/environment/ament_prefix_path.dsv
[4.516s] -- Installing: /home/lxf/Desktop/ROS/18.demo_cpp_tf/install/demo_cpp_tf/share/demo_cpp_tf/environment/path.sh
[4.516s] -- Installing: /home/lxf/Desktop/ROS/18.demo_cpp_tf/install/demo_cpp_tf/share/demo_cpp_tf/environment/path.dsv
[4.516s] -- Installing: /home/lxf/Desktop/ROS/18.demo_cpp_tf/install/demo_cpp_tf/share/demo_cpp_tf/local_setup.bash
[4.516s] -- Installing: /home/lxf/Desktop/ROS/18.demo_cpp_tf/install/demo_cpp_tf/share/demo_cpp_tf/local_setup.sh
[4.516s] -- Installing: /home/lxf/Desktop/ROS/18.demo_cpp_tf/install/demo_cpp_tf/share/demo_cpp_tf/local_setup.zsh
[4.516s] -- Installing: /home/lxf/Desktop/ROS/18.demo_cpp_tf/install/demo_cpp_tf/share/demo_cpp_tf/local_setup.dsv
[4.516s] -- Installing: /home/lxf/Desktop/ROS/18.demo_cpp_tf/install/demo_cpp_tf/share/demo_cpp_tf/package.dsv
[4.517s] -- Installing: /home/lxf/Desktop/ROS/18.demo_cpp_tf/install/demo_cpp_tf/share/ament_index/resource_index/packages/demo_cpp_tf
[4.517s] -- Installing: /home/lxf/Desktop/ROS/18.demo_cpp_tf/install/demo_cpp_tf/share/demo_cpp_tf/cmake/demo_cpp_tfConfig.cmake
[4.517s] -- Installing: /home/lxf/Desktop/ROS/18.demo_cpp_tf/install/demo_cpp_tf/share/demo_cpp_tf/cmake/demo_cpp_tfConfig-version.cmake
[4.517s] -- Installing: /home/lxf/Desktop/ROS/18.demo_cpp_tf/install/demo_cpp_tf/share/demo_cpp_tf/package.xml
[4.520s] Invoked command in '/home/lxf/Desktop/ROS/18.demo_cpp_tf/build/demo_cpp_tf' returned '0': CMAKE_PREFIX_PATH=/opt/ros/humble /usr/bin/cmake --install /home/lxf/Desktop/ROS/18.demo_cpp_tf/build/demo_cpp_tf
