[0.008s] Invoking command in '/home/lxf/Desktop/ROS/18.demo_cpp_tf/build/demo_cpp_tf': CMAKE_PREFIX_PATH=/opt/ros/humble /usr/bin/cmake --build /home/lxf/Desktop/ROS/18.demo_cpp_tf/build/demo_cpp_tf -- -j16 -l16
[0.067s] [35m[1mConsolidate compiler generated dependencies of target dynamic_tf_broadcaster[0m
[0.068s] [35m[1mConsolidate compiler generated dependencies of target static_tf_broadcaster[0m
[0.080s] [ 25%] [32mBuilding CXX object CMakeFiles/dynamic_tf_broadcaster.dir/src/dynamic_tf_broadcaster.cpp.o[0m
[0.083s] [ 75%] Built target static_tf_broadcaster
[2.749s] [100%] [32m[1mLinking CXX executable dynamic_tf_broadcaster[0m
[2.970s] [100%] Built target dynamic_tf_broadcaster
[2.980s] Invoked command in '/home/lxf/Desktop/ROS/18.demo_cpp_tf/build/demo_cpp_tf' returned '0': CMAKE_PREFIX_PATH=/opt/ros/humble /usr/bin/cmake --build /home/lxf/Desktop/ROS/18.demo_cpp_tf/build/demo_cpp_tf -- -j16 -l16
[2.986s] Invoking command in '/home/lxf/Desktop/ROS/18.demo_cpp_tf/build/demo_cpp_tf': CMAKE_PREFIX_PATH=/opt/ros/humble /usr/bin/cmake --install /home/lxf/Desktop/ROS/18.demo_cpp_tf/build/demo_cpp_tf
[2.992s] -- Install configuration: ""
[2.993s] -- Up-to-date: /home/lxf/Desktop/ROS/18.demo_cpp_tf/install/demo_cpp_tf/lib/demo_cpp_tf/static_tf_broadcaster
[2.994s] -- Installing: /home/lxf/Desktop/ROS/18.demo_cpp_tf/install/demo_cpp_tf/lib/demo_cpp_tf/dynamic_tf_broadcaster
[2.995s] -- Set runtime path of "/home/lxf/Desktop/ROS/18.demo_cpp_tf/install/demo_cpp_tf/lib/demo_cpp_tf/dynamic_tf_broadcaster" to ""
[2.995s] -- Up-to-date: /home/lxf/Desktop/ROS/18.demo_cpp_tf/install/demo_cpp_tf/share/ament_index/resource_index/package_run_dependencies/demo_cpp_tf
[2.995s] -- Up-to-date: /home/lxf/Desktop/ROS/18.demo_cpp_tf/install/demo_cpp_tf/share/ament_index/resource_index/parent_prefix_path/demo_cpp_tf
[2.995s] -- Up-to-date: /home/lxf/Desktop/ROS/18.demo_cpp_tf/install/demo_cpp_tf/share/demo_cpp_tf/environment/ament_prefix_path.sh
[2.995s] -- Up-to-date: /home/lxf/Desktop/ROS/18.demo_cpp_tf/install/demo_cpp_tf/share/demo_cpp_tf/environment/ament_prefix_path.dsv
[2.995s] -- Up-to-date: /home/lxf/Desktop/ROS/18.demo_cpp_tf/install/demo_cpp_tf/share/demo_cpp_tf/environment/path.sh
[2.995s] -- Up-to-date: /home/lxf/Desktop/ROS/18.demo_cpp_tf/install/demo_cpp_tf/share/demo_cpp_tf/environment/path.dsv
[2.995s] -- Up-to-date: /home/lxf/Desktop/ROS/18.demo_cpp_tf/install/demo_cpp_tf/share/demo_cpp_tf/local_setup.bash
[2.995s] -- Up-to-date: /home/lxf/Desktop/ROS/18.demo_cpp_tf/install/demo_cpp_tf/share/demo_cpp_tf/local_setup.sh
[2.995s] -- Up-to-date: /home/lxf/Desktop/ROS/18.demo_cpp_tf/install/demo_cpp_tf/share/demo_cpp_tf/local_setup.zsh
[2.995s] -- Up-to-date: /home/lxf/Desktop/ROS/18.demo_cpp_tf/install/demo_cpp_tf/share/demo_cpp_tf/local_setup.dsv
[2.995s] -- Installing: /home/lxf/Desktop/ROS/18.demo_cpp_tf/install/demo_cpp_tf/share/demo_cpp_tf/package.dsv
[2.995s] -- Up-to-date: /home/lxf/Desktop/ROS/18.demo_cpp_tf/install/demo_cpp_tf/share/ament_index/resource_index/packages/demo_cpp_tf
[2.995s] -- Up-to-date: /home/lxf/Desktop/ROS/18.demo_cpp_tf/install/demo_cpp_tf/share/demo_cpp_tf/cmake/demo_cpp_tfConfig.cmake
[2.995s] -- Up-to-date: /home/lxf/Desktop/ROS/18.demo_cpp_tf/install/demo_cpp_tf/share/demo_cpp_tf/cmake/demo_cpp_tfConfig-version.cmake
[2.995s] -- Up-to-date: /home/lxf/Desktop/ROS/18.demo_cpp_tf/install/demo_cpp_tf/share/demo_cpp_tf/package.xml
[2.997s] Invoked command in '/home/lxf/Desktop/ROS/18.demo_cpp_tf/build/demo_cpp_tf' returned '0': CMAKE_PREFIX_PATH=/opt/ros/humble /usr/bin/cmake --install /home/lxf/Desktop/ROS/18.demo_cpp_tf/build/demo_cpp_tf
