[0.008s] Invoking command in '/home/lxf/Desktop/ROS/13.Parameter_Python/build/face_interfaces': CMAKE_PREFIX_PATH=/opt/ros/humble /usr/bin/cmake --build /home/lxf/Desktop/ROS/13.Parameter_Python/build/face_interfaces -- -j16 -l16
[0.060s] [  9%] Built target face_interfaces__rosidl_generator_c
[0.061s] [ 12%] Built target face_interfaces__cpp
[0.079s] [ 12%] Built target ament_cmake_python_copy_face_interfaces
[0.108s] [ 22%] Built target face_interfaces__rosidl_typesupport_c
[0.108s] [ 32%] Built target face_interfaces__rosidl_typesupport_introspection_c
[0.113s] [ 41%] Built target face_interfaces__rosidl_typesupport_cpp
[0.114s] [ 51%] Built target face_interfaces__rosidl_typesupport_introspection_cpp
[0.121s] [ 61%] Built target face_interfaces__rosidl_typesupport_fastrtps_cpp
[0.123s] [ 70%] Built target face_interfaces__rosidl_typesupport_fastrtps_c
[0.140s] [ 70%] Built target face_interfaces
[0.161s] [ 74%] Built target face_interfaces__py
[0.183s] [ 80%] Built target face_interfaces__rosidl_generator_py
[0.201s] [ 96%] Built target face_interfaces__rosidl_typesupport_c__pyext
[0.201s] [ 96%] Built target face_interfaces__rosidl_typesupport_introspection_c__pyext
[0.201s] [100%] Built target face_interfaces__rosidl_typesupport_fastrtps_c__pyext
[0.260s] running egg_info
[0.261s] writing face_interfaces.egg-info/PKG-INFO
[0.261s] writing dependency_links to face_interfaces.egg-info/dependency_links.txt
[0.261s] writing top-level names to face_interfaces.egg-info/top_level.txt
[0.262s] reading manifest file 'face_interfaces.egg-info/SOURCES.txt'
[0.263s] writing manifest file 'face_interfaces.egg-info/SOURCES.txt'
[0.283s] [100%] Built target ament_cmake_python_build_face_interfaces_egg
[0.293s] Invoked command in '/home/lxf/Desktop/ROS/13.Parameter_Python/build/face_interfaces' returned '0': CMAKE_PREFIX_PATH=/opt/ros/humble /usr/bin/cmake --build /home/lxf/Desktop/ROS/13.Parameter_Python/build/face_interfaces -- -j16 -l16
[0.306s] Invoking command in '/home/lxf/Desktop/ROS/13.Parameter_Python/build/face_interfaces': CMAKE_PREFIX_PATH=/opt/ros/humble /usr/bin/cmake --install /home/lxf/Desktop/ROS/13.Parameter_Python/build/face_interfaces
[0.316s] -- Install configuration: ""
[0.316s] -- Up-to-date: /home/lxf/Desktop/ROS/13.Parameter_Python/install/face_interfaces/share/ament_index/resource_index/rosidl_interfaces/face_interfaces
[0.316s] -- Up-to-date: /home/lxf/Desktop/ROS/13.Parameter_Python/install/face_interfaces/include/face_interfaces/face_interfaces
[0.316s] -- Up-to-date: /home/lxf/Desktop/ROS/13.Parameter_Python/install/face_interfaces/include/face_interfaces/face_interfaces/srv
[0.317s] -- Up-to-date: /home/lxf/Desktop/ROS/13.Parameter_Python/install/face_interfaces/include/face_interfaces/face_interfaces/srv/detail
[0.317s] -- Up-to-date: /home/lxf/Desktop/ROS/13.Parameter_Python/install/face_interfaces/include/face_interfaces/face_interfaces/srv/detail/face_detector__struct.h
[0.317s] -- Up-to-date: /home/lxf/Desktop/ROS/13.Parameter_Python/install/face_interfaces/include/face_interfaces/face_interfaces/srv/detail/face_detector__functions.c
[0.318s] -- Up-to-date: /home/lxf/Desktop/ROS/13.Parameter_Python/install/face_interfaces/include/face_interfaces/face_interfaces/srv/detail/face_detector__type_support.h
[0.318s] -- Up-to-date: /home/lxf/Desktop/ROS/13.Parameter_Python/install/face_interfaces/include/face_interfaces/face_interfaces/srv/detail/face_detector__functions.h
[0.319s] -- Up-to-date: /home/lxf/Desktop/ROS/13.Parameter_Python/install/face_interfaces/include/face_interfaces/face_interfaces/srv/face_detector.h
[0.320s] -- Up-to-date: /home/lxf/Desktop/ROS/13.Parameter_Python/install/face_interfaces/include/face_interfaces/face_interfaces/msg
[0.320s] -- Up-to-date: /home/lxf/Desktop/ROS/13.Parameter_Python/install/face_interfaces/include/face_interfaces/face_interfaces/msg/rosidl_generator_c__visibility_control.h
[0.321s] -- Up-to-date: /home/lxf/Desktop/ROS/13.Parameter_Python/install/face_interfaces/share/face_interfaces/environment/library_path.sh
[0.321s] -- Up-to-date: /home/lxf/Desktop/ROS/13.Parameter_Python/install/face_interfaces/share/face_interfaces/environment/library_path.dsv
[0.321s] -- Up-to-date: /home/lxf/Desktop/ROS/13.Parameter_Python/install/face_interfaces/lib/libface_interfaces__rosidl_generator_c.so
[0.321s] -- Up-to-date: /home/lxf/Desktop/ROS/13.Parameter_Python/install/face_interfaces/include/face_interfaces/face_interfaces
[0.322s] -- Up-to-date: /home/lxf/Desktop/ROS/13.Parameter_Python/install/face_interfaces/include/face_interfaces/face_interfaces/srv
[0.322s] -- Up-to-date: /home/lxf/Desktop/ROS/13.Parameter_Python/install/face_interfaces/include/face_interfaces/face_interfaces/srv/detail
[0.322s] -- Up-to-date: /home/lxf/Desktop/ROS/13.Parameter_Python/install/face_interfaces/include/face_interfaces/face_interfaces/srv/detail/face_detector__rosidl_typesupport_fastrtps_c.h
[0.323s] -- Up-to-date: /home/lxf/Desktop/ROS/13.Parameter_Python/install/face_interfaces/include/face_interfaces/face_interfaces/msg
[0.323s] -- Up-to-date: /home/lxf/Desktop/ROS/13.Parameter_Python/install/face_interfaces/include/face_interfaces/face_interfaces/msg/rosidl_typesupport_fastrtps_c__visibility_control.h
[0.323s] -- Up-to-date: /home/lxf/Desktop/ROS/13.Parameter_Python/install/face_interfaces/lib/libface_interfaces__rosidl_typesupport_fastrtps_c.so
[0.324s] -- Up-to-date: /home/lxf/Desktop/ROS/13.Parameter_Python/install/face_interfaces/include/face_interfaces/face_interfaces
[0.324s] -- Up-to-date: /home/lxf/Desktop/ROS/13.Parameter_Python/install/face_interfaces/include/face_interfaces/face_interfaces/srv
[0.324s] -- Up-to-date: /home/lxf/Desktop/ROS/13.Parameter_Python/install/face_interfaces/include/face_interfaces/face_interfaces/srv/detail
[0.324s] -- Up-to-date: /home/lxf/Desktop/ROS/13.Parameter_Python/install/face_interfaces/include/face_interfaces/face_interfaces/srv/detail/face_detector__traits.hpp
[0.325s] -- Up-to-date: /home/lxf/Desktop/ROS/13.Parameter_Python/install/face_interfaces/include/face_interfaces/face_interfaces/srv/detail/face_detector__type_support.hpp
[0.325s] -- Up-to-date: /home/lxf/Desktop/ROS/13.Parameter_Python/install/face_interfaces/include/face_interfaces/face_interfaces/srv/detail/face_detector__struct.hpp
[0.325s] -- Up-to-date: /home/lxf/Desktop/ROS/13.Parameter_Python/install/face_interfaces/include/face_interfaces/face_interfaces/srv/detail/face_detector__builder.hpp
[0.325s] -- Up-to-date: /home/lxf/Desktop/ROS/13.Parameter_Python/install/face_interfaces/include/face_interfaces/face_interfaces/srv/face_detector.hpp
[0.326s] -- Up-to-date: /home/lxf/Desktop/ROS/13.Parameter_Python/install/face_interfaces/include/face_interfaces/face_interfaces/msg
[0.326s] -- Up-to-date: /home/lxf/Desktop/ROS/13.Parameter_Python/install/face_interfaces/include/face_interfaces/face_interfaces/msg/rosidl_generator_cpp__visibility_control.hpp
[0.326s] -- Up-to-date: /home/lxf/Desktop/ROS/13.Parameter_Python/install/face_interfaces/include/face_interfaces/face_interfaces
[0.326s] -- Up-to-date: /home/lxf/Desktop/ROS/13.Parameter_Python/install/face_interfaces/include/face_interfaces/face_interfaces/srv
[0.327s] -- Up-to-date: /home/lxf/Desktop/ROS/13.Parameter_Python/install/face_interfaces/include/face_interfaces/face_interfaces/srv/detail
[0.327s] -- Up-to-date: /home/lxf/Desktop/ROS/13.Parameter_Python/install/face_interfaces/include/face_interfaces/face_interfaces/srv/detail/face_detector__rosidl_typesupport_fastrtps_cpp.hpp
[0.327s] -- Up-to-date: /home/lxf/Desktop/ROS/13.Parameter_Python/install/face_interfaces/include/face_interfaces/face_interfaces/srv/detail/dds_fastrtps
[0.327s] -- Up-to-date: /home/lxf/Desktop/ROS/13.Parameter_Python/install/face_interfaces/include/face_interfaces/face_interfaces/msg
[0.328s] -- Up-to-date: /home/lxf/Desktop/ROS/13.Parameter_Python/install/face_interfaces/include/face_interfaces/face_interfaces/msg/rosidl_typesupport_fastrtps_cpp__visibility_control.h
[0.328s] -- Up-to-date: /home/lxf/Desktop/ROS/13.Parameter_Python/install/face_interfaces/lib/libface_interfaces__rosidl_typesupport_fastrtps_cpp.so
[0.328s] -- Up-to-date: /home/lxf/Desktop/ROS/13.Parameter_Python/install/face_interfaces/include/face_interfaces/face_interfaces
[0.329s] -- Up-to-date: /home/lxf/Desktop/ROS/13.Parameter_Python/install/face_interfaces/include/face_interfaces/face_interfaces/srv
[0.329s] -- Up-to-date: /home/lxf/Desktop/ROS/13.Parameter_Python/install/face_interfaces/include/face_interfaces/face_interfaces/srv/detail
[0.329s] -- Up-to-date: /home/lxf/Desktop/ROS/13.Parameter_Python/install/face_interfaces/include/face_interfaces/face_interfaces/srv/detail/face_detector__rosidl_typesupport_introspection_c.h
[0.330s] -- Up-to-date: /home/lxf/Desktop/ROS/13.Parameter_Python/install/face_interfaces/include/face_interfaces/face_interfaces/srv/detail/face_detector__type_support.c
[0.330s] -- Up-to-date: /home/lxf/Desktop/ROS/13.Parameter_Python/install/face_interfaces/include/face_interfaces/face_interfaces/msg
[0.331s] -- Up-to-date: /home/lxf/Desktop/ROS/13.Parameter_Python/install/face_interfaces/include/face_interfaces/face_interfaces/msg/rosidl_typesupport_introspection_c__visibility_control.h
[0.331s] -- Up-to-date: /home/lxf/Desktop/ROS/13.Parameter_Python/install/face_interfaces/lib/libface_interfaces__rosidl_typesupport_introspection_c.so
[0.331s] -- Up-to-date: /home/lxf/Desktop/ROS/13.Parameter_Python/install/face_interfaces/lib/libface_interfaces__rosidl_typesupport_c.so
[0.332s] -- Up-to-date: /home/lxf/Desktop/ROS/13.Parameter_Python/install/face_interfaces/include/face_interfaces/face_interfaces
[0.332s] -- Up-to-date: /home/lxf/Desktop/ROS/13.Parameter_Python/install/face_interfaces/include/face_interfaces/face_interfaces/srv
[0.332s] -- Up-to-date: /home/lxf/Desktop/ROS/13.Parameter_Python/install/face_interfaces/include/face_interfaces/face_interfaces/srv/detail
[0.332s] -- Up-to-date: /home/lxf/Desktop/ROS/13.Parameter_Python/install/face_interfaces/include/face_interfaces/face_interfaces/srv/detail/face_detector__type_support.cpp
[0.332s] -- Up-to-date: /home/lxf/Desktop/ROS/13.Parameter_Python/install/face_interfaces/include/face_interfaces/face_interfaces/srv/detail/face_detector__rosidl_typesupport_introspection_cpp.hpp
[0.333s] -- Up-to-date: /home/lxf/Desktop/ROS/13.Parameter_Python/install/face_interfaces/lib/libface_interfaces__rosidl_typesupport_introspection_cpp.so
[0.333s] -- Up-to-date: /home/lxf/Desktop/ROS/13.Parameter_Python/install/face_interfaces/lib/libface_interfaces__rosidl_typesupport_cpp.so
[0.333s] -- Up-to-date: /home/lxf/Desktop/ROS/13.Parameter_Python/install/face_interfaces/share/face_interfaces/environment/pythonpath.sh
[0.333s] -- Up-to-date: /home/lxf/Desktop/ROS/13.Parameter_Python/install/face_interfaces/share/face_interfaces/environment/pythonpath.dsv
[0.334s] -- Up-to-date: /home/lxf/Desktop/ROS/13.Parameter_Python/install/face_interfaces/local/lib/python3.10/dist-packages/face_interfaces-0.0.0-py3.10.egg-info
[0.334s] -- Installing: /home/lxf/Desktop/ROS/13.Parameter_Python/install/face_interfaces/local/lib/python3.10/dist-packages/face_interfaces-0.0.0-py3.10.egg-info/PKG-INFO
[0.334s] -- Installing: /home/lxf/Desktop/ROS/13.Parameter_Python/install/face_interfaces/local/lib/python3.10/dist-packages/face_interfaces-0.0.0-py3.10.egg-info/top_level.txt
[0.334s] -- Installing: /home/lxf/Desktop/ROS/13.Parameter_Python/install/face_interfaces/local/lib/python3.10/dist-packages/face_interfaces-0.0.0-py3.10.egg-info/SOURCES.txt
[0.334s] -- Installing: /home/lxf/Desktop/ROS/13.Parameter_Python/install/face_interfaces/local/lib/python3.10/dist-packages/face_interfaces-0.0.0-py3.10.egg-info/dependency_links.txt
[0.335s] -- Up-to-date: /home/lxf/Desktop/ROS/13.Parameter_Python/install/face_interfaces/local/lib/python3.10/dist-packages/face_interfaces
[0.335s] -- Up-to-date: /home/lxf/Desktop/ROS/13.Parameter_Python/install/face_interfaces/local/lib/python3.10/dist-packages/face_interfaces/_face_interfaces_s.ep.rosidl_typesupport_fastrtps_c.c
[0.335s] -- Up-to-date: /home/lxf/Desktop/ROS/13.Parameter_Python/install/face_interfaces/local/lib/python3.10/dist-packages/face_interfaces/srv
[0.335s] -- Up-to-date: /home/lxf/Desktop/ROS/13.Parameter_Python/install/face_interfaces/local/lib/python3.10/dist-packages/face_interfaces/srv/_face_detector_s.c
[0.335s] -- Up-to-date: /home/lxf/Desktop/ROS/13.Parameter_Python/install/face_interfaces/local/lib/python3.10/dist-packages/face_interfaces/srv/_face_detector.py
[0.336s] -- Up-to-date: /home/lxf/Desktop/ROS/13.Parameter_Python/install/face_interfaces/local/lib/python3.10/dist-packages/face_interfaces/srv/__init__.py
[0.336s] -- Up-to-date: /home/lxf/Desktop/ROS/13.Parameter_Python/install/face_interfaces/local/lib/python3.10/dist-packages/face_interfaces/face_interfaces_s__rosidl_typesupport_c.cpython-310-x86_64-linux-gnu.so
[0.336s] -- Up-to-date: /home/lxf/Desktop/ROS/13.Parameter_Python/install/face_interfaces/local/lib/python3.10/dist-packages/face_interfaces/face_interfaces_s__rosidl_typesupport_fastrtps_c.cpython-310-x86_64-linux-gnu.so
[0.336s] -- Up-to-date: /home/lxf/Desktop/ROS/13.Parameter_Python/install/face_interfaces/local/lib/python3.10/dist-packages/face_interfaces/_face_interfaces_s.ep.rosidl_typesupport_c.c
[0.337s] -- Up-to-date: /home/lxf/Desktop/ROS/13.Parameter_Python/install/face_interfaces/local/lib/python3.10/dist-packages/face_interfaces/_face_interfaces_s.ep.rosidl_typesupport_introspection_c.c
[0.337s] -- Up-to-date: /home/lxf/Desktop/ROS/13.Parameter_Python/install/face_interfaces/local/lib/python3.10/dist-packages/face_interfaces/libface_interfaces__rosidl_generator_py.so
[0.337s] -- Up-to-date: /home/lxf/Desktop/ROS/13.Parameter_Python/install/face_interfaces/local/lib/python3.10/dist-packages/face_interfaces/face_interfaces_s__rosidl_typesupport_introspection_c.cpython-310-x86_64-linux-gnu.so
[0.337s] -- Up-to-date: /home/lxf/Desktop/ROS/13.Parameter_Python/install/face_interfaces/local/lib/python3.10/dist-packages/face_interfaces/__init__.py
[0.408s] Listing '/home/lxf/Desktop/ROS/13.Parameter_Python/install/face_interfaces/local/lib/python3.10/dist-packages/face_interfaces'...
[0.408s] Listing '/home/lxf/Desktop/ROS/13.Parameter_Python/install/face_interfaces/local/lib/python3.10/dist-packages/face_interfaces/srv'...
[0.412s] -- Up-to-date: /home/lxf/Desktop/ROS/13.Parameter_Python/install/face_interfaces/local/lib/python3.10/dist-packages/face_interfaces/face_interfaces_s__rosidl_typesupport_fastrtps_c.cpython-310-x86_64-linux-gnu.so
[0.412s] -- Up-to-date: /home/lxf/Desktop/ROS/13.Parameter_Python/install/face_interfaces/local/lib/python3.10/dist-packages/face_interfaces/face_interfaces_s__rosidl_typesupport_introspection_c.cpython-310-x86_64-linux-gnu.so
[0.412s] -- Up-to-date: /home/lxf/Desktop/ROS/13.Parameter_Python/install/face_interfaces/local/lib/python3.10/dist-packages/face_interfaces/face_interfaces_s__rosidl_typesupport_c.cpython-310-x86_64-linux-gnu.so
[0.412s] -- Up-to-date: /home/lxf/Desktop/ROS/13.Parameter_Python/install/face_interfaces/lib/libface_interfaces__rosidl_generator_py.so
[0.413s] -- Up-to-date: /home/lxf/Desktop/ROS/13.Parameter_Python/install/face_interfaces/share/face_interfaces/srv/FaceDetector.idl
[0.413s] -- Up-to-date: /home/lxf/Desktop/ROS/13.Parameter_Python/install/face_interfaces/share/face_interfaces/srv/FaceDetector.srv
[0.413s] -- Up-to-date: /home/lxf/Desktop/ROS/13.Parameter_Python/install/face_interfaces/share/face_interfaces/srv/FaceDetector_Request.msg
[0.413s] -- Up-to-date: /home/lxf/Desktop/ROS/13.Parameter_Python/install/face_interfaces/share/face_interfaces/srv/FaceDetector_Response.msg
[0.413s] -- Up-to-date: /home/lxf/Desktop/ROS/13.Parameter_Python/install/face_interfaces/share/ament_index/resource_index/package_run_dependencies/face_interfaces
[0.413s] -- Up-to-date: /home/lxf/Desktop/ROS/13.Parameter_Python/install/face_interfaces/share/ament_index/resource_index/parent_prefix_path/face_interfaces
[0.413s] -- Up-to-date: /home/lxf/Desktop/ROS/13.Parameter_Python/install/face_interfaces/share/face_interfaces/environment/ament_prefix_path.sh
[0.413s] -- Up-to-date: /home/lxf/Desktop/ROS/13.Parameter_Python/install/face_interfaces/share/face_interfaces/environment/ament_prefix_path.dsv
[0.413s] -- Up-to-date: /home/lxf/Desktop/ROS/13.Parameter_Python/install/face_interfaces/share/face_interfaces/environment/path.sh
[0.413s] -- Up-to-date: /home/lxf/Desktop/ROS/13.Parameter_Python/install/face_interfaces/share/face_interfaces/environment/path.dsv
[0.413s] -- Up-to-date: /home/lxf/Desktop/ROS/13.Parameter_Python/install/face_interfaces/share/face_interfaces/local_setup.bash
[0.413s] -- Up-to-date: /home/lxf/Desktop/ROS/13.Parameter_Python/install/face_interfaces/share/face_interfaces/local_setup.sh
[0.413s] -- Up-to-date: /home/lxf/Desktop/ROS/13.Parameter_Python/install/face_interfaces/share/face_interfaces/local_setup.zsh
[0.413s] -- Up-to-date: /home/lxf/Desktop/ROS/13.Parameter_Python/install/face_interfaces/share/face_interfaces/local_setup.dsv
[0.413s] -- Installing: /home/lxf/Desktop/ROS/13.Parameter_Python/install/face_interfaces/share/face_interfaces/package.dsv
[0.413s] -- Up-to-date: /home/lxf/Desktop/ROS/13.Parameter_Python/install/face_interfaces/share/ament_index/resource_index/packages/face_interfaces
[0.413s] -- Up-to-date: /home/lxf/Desktop/ROS/13.Parameter_Python/install/face_interfaces/share/face_interfaces/cmake/export_face_interfaces__rosidl_generator_cExport.cmake
[0.413s] -- Up-to-date: /home/lxf/Desktop/ROS/13.Parameter_Python/install/face_interfaces/share/face_interfaces/cmake/export_face_interfaces__rosidl_generator_cExport-noconfig.cmake
[0.414s] -- Up-to-date: /home/lxf/Desktop/ROS/13.Parameter_Python/install/face_interfaces/share/face_interfaces/cmake/export_face_interfaces__rosidl_typesupport_fastrtps_cExport.cmake
[0.414s] -- Up-to-date: /home/lxf/Desktop/ROS/13.Parameter_Python/install/face_interfaces/share/face_interfaces/cmake/export_face_interfaces__rosidl_typesupport_fastrtps_cExport-noconfig.cmake
[0.414s] -- Up-to-date: /home/lxf/Desktop/ROS/13.Parameter_Python/install/face_interfaces/share/face_interfaces/cmake/export_face_interfaces__rosidl_generator_cppExport.cmake
[0.414s] -- Up-to-date: /home/lxf/Desktop/ROS/13.Parameter_Python/install/face_interfaces/share/face_interfaces/cmake/export_face_interfaces__rosidl_typesupport_fastrtps_cppExport.cmake
[0.414s] -- Up-to-date: /home/lxf/Desktop/ROS/13.Parameter_Python/install/face_interfaces/share/face_interfaces/cmake/export_face_interfaces__rosidl_typesupport_fastrtps_cppExport-noconfig.cmake
[0.414s] -- Up-to-date: /home/lxf/Desktop/ROS/13.Parameter_Python/install/face_interfaces/share/face_interfaces/cmake/face_interfaces__rosidl_typesupport_introspection_cExport.cmake
[0.414s] -- Up-to-date: /home/lxf/Desktop/ROS/13.Parameter_Python/install/face_interfaces/share/face_interfaces/cmake/face_interfaces__rosidl_typesupport_introspection_cExport-noconfig.cmake
[0.414s] -- Up-to-date: /home/lxf/Desktop/ROS/13.Parameter_Python/install/face_interfaces/share/face_interfaces/cmake/face_interfaces__rosidl_typesupport_cExport.cmake
[0.414s] -- Up-to-date: /home/lxf/Desktop/ROS/13.Parameter_Python/install/face_interfaces/share/face_interfaces/cmake/face_interfaces__rosidl_typesupport_cExport-noconfig.cmake
[0.414s] -- Up-to-date: /home/lxf/Desktop/ROS/13.Parameter_Python/install/face_interfaces/share/face_interfaces/cmake/face_interfaces__rosidl_typesupport_introspection_cppExport.cmake
[0.414s] -- Up-to-date: /home/lxf/Desktop/ROS/13.Parameter_Python/install/face_interfaces/share/face_interfaces/cmake/face_interfaces__rosidl_typesupport_introspection_cppExport-noconfig.cmake
[0.414s] -- Up-to-date: /home/lxf/Desktop/ROS/13.Parameter_Python/install/face_interfaces/share/face_interfaces/cmake/face_interfaces__rosidl_typesupport_cppExport.cmake
[0.414s] -- Up-to-date: /home/lxf/Desktop/ROS/13.Parameter_Python/install/face_interfaces/share/face_interfaces/cmake/face_interfaces__rosidl_typesupport_cppExport-noconfig.cmake
[0.414s] -- Up-to-date: /home/lxf/Desktop/ROS/13.Parameter_Python/install/face_interfaces/share/face_interfaces/cmake/export_face_interfaces__rosidl_generator_pyExport.cmake
[0.414s] -- Up-to-date: /home/lxf/Desktop/ROS/13.Parameter_Python/install/face_interfaces/share/face_interfaces/cmake/export_face_interfaces__rosidl_generator_pyExport-noconfig.cmake
[0.414s] -- Up-to-date: /home/lxf/Desktop/ROS/13.Parameter_Python/install/face_interfaces/share/face_interfaces/cmake/rosidl_cmake-extras.cmake
[0.414s] -- Up-to-date: /home/lxf/Desktop/ROS/13.Parameter_Python/install/face_interfaces/share/face_interfaces/cmake/ament_cmake_export_dependencies-extras.cmake
[0.415s] -- Up-to-date: /home/lxf/Desktop/ROS/13.Parameter_Python/install/face_interfaces/share/face_interfaces/cmake/ament_cmake_export_include_directories-extras.cmake
[0.415s] -- Up-to-date: /home/lxf/Desktop/ROS/13.Parameter_Python/install/face_interfaces/share/face_interfaces/cmake/ament_cmake_export_libraries-extras.cmake
[0.415s] -- Up-to-date: /home/lxf/Desktop/ROS/13.Parameter_Python/install/face_interfaces/share/face_interfaces/cmake/ament_cmake_export_targets-extras.cmake
[0.415s] -- Up-to-date: /home/lxf/Desktop/ROS/13.Parameter_Python/install/face_interfaces/share/face_interfaces/cmake/rosidl_cmake_export_typesupport_targets-extras.cmake
[0.415s] -- Up-to-date: /home/lxf/Desktop/ROS/13.Parameter_Python/install/face_interfaces/share/face_interfaces/cmake/rosidl_cmake_export_typesupport_libraries-extras.cmake
[0.415s] -- Up-to-date: /home/lxf/Desktop/ROS/13.Parameter_Python/install/face_interfaces/share/face_interfaces/cmake/face_interfacesConfig.cmake
[0.415s] -- Up-to-date: /home/lxf/Desktop/ROS/13.Parameter_Python/install/face_interfaces/share/face_interfaces/cmake/face_interfacesConfig-version.cmake
[0.415s] -- Up-to-date: /home/lxf/Desktop/ROS/13.Parameter_Python/install/face_interfaces/share/face_interfaces/package.xml
[0.416s] Invoked command in '/home/lxf/Desktop/ROS/13.Parameter_Python/build/face_interfaces' returned '0': CMAKE_PREFIX_PATH=/opt/ros/humble /usr/bin/cmake --install /home/lxf/Desktop/ROS/13.Parameter_Python/build/face_interfaces
