[0.010s] Invoking command in '/home/lxf/Desktop/ROS/12.turtle_control/build/demo_cpp_turtle_control_service': AMENT_PREFIX_PATH=/home/lxf/Desktop/ROS/12.turtle_control/install/turtle_control_interfaces:${AMENT_PREFIX_PATH} CMAKE_PREFIX_PATH=/home/lxf/Desktop/ROS/12.turtle_control/install/turtle_control_interfaces:/opt/ros/humble LD_LIBRARY_PATH=/home/lxf/Desktop/ROS/12.turtle_control/install/turtle_control_interfaces/lib:${LD_LIBRARY_PATH} PYTHONPATH=/home/lxf/Desktop/ROS/12.turtle_control/install/turtle_control_interfaces/local/lib/python3.10/dist-packages:${PYTHONPATH} /usr/bin/cmake --build /home/lxf/Desktop/ROS/12.turtle_control/build/demo_cpp_turtle_control_service -- -j16 -l16
[0.042s] -- Found ament_cmake: 1.3.12 (/opt/ros/humble/share/ament_cmake/cmake)
[0.163s] -- Found rclcpp: 16.0.16 (/opt/ros/humble/share/rclcpp/cmake)
[0.194s] -- Found rosidl_generator_c: 3.1.7 (/opt/ros/humble/share/rosidl_generator_c/cmake)
[0.196s] -- Found rosidl_adapter: 3.1.7 (/opt/ros/humble/share/rosidl_adapter/cmake)
[0.201s] -- Found rosidl_generator_cpp: 3.1.7 (/opt/ros/humble/share/rosidl_generator_cpp/cmake)
[0.208s] -- Using all available rosidl_typesupport_c: rosidl_typesupport_fastrtps_c;rosidl_typesupport_introspection_c
[0.218s] -- Using all available rosidl_typesupport_cpp: rosidl_typesupport_fastrtps_cpp;rosidl_typesupport_introspection_cpp
[0.245s] -- Found rmw_implementation_cmake: 6.1.2 (/opt/ros/humble/share/rmw_implementation_cmake/cmake)
[0.246s] -- Found rmw_fastrtps_cpp: 6.2.9 (/opt/ros/humble/share/rmw_fastrtps_cpp/cmake)
[0.337s] -- Using RMW implementation 'rmw_fastrtps_cpp' as default
[0.374s] -- Found geometry_msgs: 4.9.0 (/opt/ros/humble/share/geometry_msgs/cmake)
[0.388s] -- Found turtlesim: 1.4.3 (/opt/ros/humble/share/turtlesim/cmake)
[0.418s] -- Found turtle_control_interfaces: 0.0.0 (/home/lxf/Desktop/ROS/12.turtle_control/install/turtle_control_interfaces/share/turtle_control_interfaces/cmake)
[0.447s] -- Found ament_lint_auto: 0.12.14 (/opt/ros/humble/share/ament_lint_auto/cmake)
[0.514s] -- Added test 'cppcheck' to perform static code analysis on C / C++ code
[0.515s] -- Configured cppcheck include dirs: /home/lxf/Desktop/ROS/12.turtle_control/src/demo_cpp_turtle_control_service/include
[0.515s] -- Configured cppcheck exclude dirs and/or files: 
[0.515s] -- Added test 'lint_cmake' to check CMake code style
[0.516s] -- Added test 'uncrustify' to check C / C++ code style
[0.516s] -- Configured uncrustify additional arguments: 
[0.516s] -- Added test 'xmllint' to check XML markup files
[0.516s] -- Configuring done
[0.532s] -- Generating done
[0.537s] -- Build files have been written to: /home/lxf/Desktop/ROS/12.turtle_control/build/demo_cpp_turtle_control_service
[0.567s] [35m[1mConsolidate compiler generated dependencies of target turtle_control_service[0m
[0.574s] [ 25%] [32mBuilding CXX object CMakeFiles/patrol_client.dir/src/patrol_client.cpp.o[0m
[0.589s] [ 50%] [32mBuilding CXX object CMakeFiles/turtle_control_service.dir/src/turtle_control_service.cpp.o[0m
[3.555s] [ 75%] [32m[1mLinking CXX executable patrol_client[0m
[3.774s] [ 75%] Built target patrol_client
[7.191s] [100%] [32m[1mLinking CXX executable turtle_control_service[0m
[7.535s] [100%] Built target turtle_control_service
[7.543s] Invoked command in '/home/lxf/Desktop/ROS/12.turtle_control/build/demo_cpp_turtle_control_service' returned '0': AMENT_PREFIX_PATH=/home/lxf/Desktop/ROS/12.turtle_control/install/turtle_control_interfaces:${AMENT_PREFIX_PATH} CMAKE_PREFIX_PATH=/home/lxf/Desktop/ROS/12.turtle_control/install/turtle_control_interfaces:/opt/ros/humble LD_LIBRARY_PATH=/home/lxf/Desktop/ROS/12.turtle_control/install/turtle_control_interfaces/lib:${LD_LIBRARY_PATH} PYTHONPATH=/home/lxf/Desktop/ROS/12.turtle_control/install/turtle_control_interfaces/local/lib/python3.10/dist-packages:${PYTHONPATH} /usr/bin/cmake --build /home/lxf/Desktop/ROS/12.turtle_control/build/demo_cpp_turtle_control_service -- -j16 -l16
[7.545s] Invoking command in '/home/lxf/Desktop/ROS/12.turtle_control/build/demo_cpp_turtle_control_service': AMENT_PREFIX_PATH=/home/lxf/Desktop/ROS/12.turtle_control/install/turtle_control_interfaces:${AMENT_PREFIX_PATH} CMAKE_PREFIX_PATH=/home/lxf/Desktop/ROS/12.turtle_control/install/turtle_control_interfaces:/opt/ros/humble LD_LIBRARY_PATH=/home/lxf/Desktop/ROS/12.turtle_control/install/turtle_control_interfaces/lib:${LD_LIBRARY_PATH} PYTHONPATH=/home/lxf/Desktop/ROS/12.turtle_control/install/turtle_control_interfaces/local/lib/python3.10/dist-packages:${PYTHONPATH} /usr/bin/cmake --install /home/lxf/Desktop/ROS/12.turtle_control/build/demo_cpp_turtle_control_service
[7.557s] -- Install configuration: ""
[7.558s] -- Installing: /home/lxf/Desktop/ROS/12.turtle_control/install/demo_cpp_turtle_control_service/lib/demo_cpp_turtle_control_service/turtle_control_service
[7.563s] -- Set runtime path of "/home/lxf/Desktop/ROS/12.turtle_control/install/demo_cpp_turtle_control_service/lib/demo_cpp_turtle_control_service/turtle_control_service" to ""
[7.563s] -- Installing: /home/lxf/Desktop/ROS/12.turtle_control/install/demo_cpp_turtle_control_service/lib/demo_cpp_turtle_control_service/patrol_client
[7.564s] -- Set runtime path of "/home/lxf/Desktop/ROS/12.turtle_control/install/demo_cpp_turtle_control_service/lib/demo_cpp_turtle_control_service/patrol_client" to ""
[7.564s] -- Up-to-date: /home/lxf/Desktop/ROS/12.turtle_control/install/demo_cpp_turtle_control_service/share/ament_index/resource_index/package_run_dependencies/demo_cpp_turtle_control_service
[7.564s] -- Up-to-date: /home/lxf/Desktop/ROS/12.turtle_control/install/demo_cpp_turtle_control_service/share/ament_index/resource_index/parent_prefix_path/demo_cpp_turtle_control_service
[7.564s] -- Up-to-date: /home/lxf/Desktop/ROS/12.turtle_control/install/demo_cpp_turtle_control_service/share/demo_cpp_turtle_control_service/environment/ament_prefix_path.sh
[7.564s] -- Installing: /home/lxf/Desktop/ROS/12.turtle_control/install/demo_cpp_turtle_control_service/share/demo_cpp_turtle_control_service/environment/ament_prefix_path.dsv
[7.565s] -- Up-to-date: /home/lxf/Desktop/ROS/12.turtle_control/install/demo_cpp_turtle_control_service/share/demo_cpp_turtle_control_service/environment/path.sh
[7.565s] -- Installing: /home/lxf/Desktop/ROS/12.turtle_control/install/demo_cpp_turtle_control_service/share/demo_cpp_turtle_control_service/environment/path.dsv
[7.565s] -- Up-to-date: /home/lxf/Desktop/ROS/12.turtle_control/install/demo_cpp_turtle_control_service/share/demo_cpp_turtle_control_service/local_setup.bash
[7.565s] -- Up-to-date: /home/lxf/Desktop/ROS/12.turtle_control/install/demo_cpp_turtle_control_service/share/demo_cpp_turtle_control_service/local_setup.sh
[7.565s] -- Up-to-date: /home/lxf/Desktop/ROS/12.turtle_control/install/demo_cpp_turtle_control_service/share/demo_cpp_turtle_control_service/local_setup.zsh
[7.565s] -- Installing: /home/lxf/Desktop/ROS/12.turtle_control/install/demo_cpp_turtle_control_service/share/demo_cpp_turtle_control_service/local_setup.dsv
[7.565s] -- Installing: /home/lxf/Desktop/ROS/12.turtle_control/install/demo_cpp_turtle_control_service/share/demo_cpp_turtle_control_service/package.dsv
[7.565s] -- Up-to-date: /home/lxf/Desktop/ROS/12.turtle_control/install/demo_cpp_turtle_control_service/share/ament_index/resource_index/packages/demo_cpp_turtle_control_service
[7.565s] -- Up-to-date: /home/lxf/Desktop/ROS/12.turtle_control/install/demo_cpp_turtle_control_service/share/demo_cpp_turtle_control_service/cmake/demo_cpp_turtle_control_serviceConfig.cmake
[7.565s] -- Up-to-date: /home/lxf/Desktop/ROS/12.turtle_control/install/demo_cpp_turtle_control_service/share/demo_cpp_turtle_control_service/cmake/demo_cpp_turtle_control_serviceConfig-version.cmake
[7.565s] -- Up-to-date: /home/lxf/Desktop/ROS/12.turtle_control/install/demo_cpp_turtle_control_service/share/demo_cpp_turtle_control_service/package.xml
[7.567s] Invoked command in '/home/lxf/Desktop/ROS/12.turtle_control/build/demo_cpp_turtle_control_service' returned '0': AMENT_PREFIX_PATH=/home/lxf/Desktop/ROS/12.turtle_control/install/turtle_control_interfaces:${AMENT_PREFIX_PATH} CMAKE_PREFIX_PATH=/home/lxf/Desktop/ROS/12.turtle_control/install/turtle_control_interfaces:/opt/ros/humble LD_LIBRARY_PATH=/home/lxf/Desktop/ROS/12.turtle_control/install/turtle_control_interfaces/lib:${LD_LIBRARY_PATH} PYTHONPATH=/home/lxf/Desktop/ROS/12.turtle_control/install/turtle_control_interfaces/local/lib/python3.10/dist-packages:${PYTHONPATH} /usr/bin/cmake --install /home/lxf/Desktop/ROS/12.turtle_control/build/demo_cpp_turtle_control_service
