[0.008s] Invoking command in '/home/lxf/桌面/ROS/8.海龟控制画园/build/cpp_topic': CMAKE_PREFIX_PATH=/opt/ros/humble /usr/bin/cmake --build /home/lxf/桌面/ROS/8.海龟控制画园/build/cpp_topic -- -j16 -l16
[0.021s] [0mCMake Deprecation Warning at CMakeLists.txt:1 (cmake_minimum_required):
[0.021s]   Compatibility with CMake < 3.10 will be removed from a future version of
[0.021s]   CMake.
[0.021s] 
[0.021s]   Update the VERSION argument <min> value.  Or, use the <min>...<max> syntax
[0.021s]   to tell CMake that the project requires at least <min> but has been updated
[0.021s]   to work with policies introduced by <max> or earlier.
[0.021s] 
[0.021s] [0m
[0.025s] -- Found ament_cmake: 1.3.12 (/opt/ros/humble/share/ament_cmake/cmake)
[0.192s] -- Found rclcpp: 16.0.15 (/opt/ros/humble/share/rclcpp/cmake)
[0.214s] -- Found rosidl_generator_c: 3.1.7 (/opt/ros/humble/share/rosidl_generator_c/cmake)
[0.216s] -- Found rosidl_adapter: 3.1.7 (/opt/ros/humble/share/rosidl_adapter/cmake)
[0.220s] -- Found rosidl_generator_cpp: 3.1.7 (/opt/ros/humble/share/rosidl_generator_cpp/cmake)
[0.229s] -- Using all available rosidl_typesupport_c: rosidl_typesupport_fastrtps_c;rosidl_typesupport_introspection_c
[0.238s] -- Using all available rosidl_typesupport_cpp: rosidl_typesupport_fastrtps_cpp;rosidl_typesupport_introspection_cpp
[0.263s] -- Found rmw_implementation_cmake: 6.1.2 (/opt/ros/humble/share/rmw_implementation_cmake/cmake)
[0.264s] -- Found rmw_fastrtps_cpp: 6.2.9 (/opt/ros/humble/share/rmw_fastrtps_cpp/cmake)
[0.341s] -- Using RMW implementation 'rmw_fastrtps_cpp' as default
[0.404s] -- Found geometry_msgs: 4.9.0 (/opt/ros/humble/share/geometry_msgs/cmake)
[0.415s] -- Found turtlesim: 1.4.3 (/opt/ros/humble/share/turtlesim/cmake)
[0.449s] -- Found ament_lint_auto: 0.12.14 (/opt/ros/humble/share/ament_lint_auto/cmake)
[0.514s] -- Added test 'cppcheck' to perform static code analysis on C / C++ code
[0.515s] -- Configured cppcheck include dirs: /home/lxf/桌面/ROS/8.海龟控制画园/cpp_topic/include
[0.515s] -- Configured cppcheck exclude dirs and/or files: 
[0.515s] -- Added test 'lint_cmake' to check CMake code style
[0.515s] -- Added test 'uncrustify' to check C / C++ code style
[0.515s] -- Configured uncrustify additional arguments: 
[0.515s] -- Added test 'xmllint' to check XML markup files
[0.516s] -- Configuring done (0.5s)
[0.524s] -- Generating done (0.0s)
[0.526s] -- Build files have been written to: /home/lxf/桌面/ROS/8.海龟控制画园/build/cpp_topic
[0.545s] [ 50%] [32mBuilding CXX object CMakeFiles/turtle_circle.dir/src/turtle_circle.cpp.o[0m
[3.334s] [100%] [1m[32mLinking CXX executable turtle_circle[0m
[3.477s] [100%] Built target turtle_circle
[3.481s] Invoked command in '/home/lxf/桌面/ROS/8.海龟控制画园/build/cpp_topic' returned '0': CMAKE_PREFIX_PATH=/opt/ros/humble /usr/bin/cmake --build /home/lxf/桌面/ROS/8.海龟控制画园/build/cpp_topic -- -j16 -l16
[3.485s] Invoking command in '/home/lxf/桌面/ROS/8.海龟控制画园/build/cpp_topic': CMAKE_PREFIX_PATH=/opt/ros/humble /usr/bin/cmake --install /home/lxf/桌面/ROS/8.海龟控制画园/build/cpp_topic
[3.488s] -- Install configuration: ""
[3.488s] -- Installing: /home/lxf/桌面/ROS/8.海龟控制画园/install/cpp_topic/lib/cpp_topic/turtle_circle
[3.488s] -- Set non-toolchain portion of runtime path of "/home/lxf/桌面/ROS/8.海龟控制画园/install/cpp_topic/lib/cpp_topic/turtle_circle" to ""
[3.489s] -- Up-to-date: /home/lxf/桌面/ROS/8.海龟控制画园/install/cpp_topic/share/ament_index/resource_index/package_run_dependencies/cpp_topic
[3.489s] -- Up-to-date: /home/lxf/桌面/ROS/8.海龟控制画园/install/cpp_topic/share/ament_index/resource_index/parent_prefix_path/cpp_topic
[3.489s] -- Up-to-date: /home/lxf/桌面/ROS/8.海龟控制画园/install/cpp_topic/share/cpp_topic/environment/ament_prefix_path.sh
[3.489s] -- Installing: /home/lxf/桌面/ROS/8.海龟控制画园/install/cpp_topic/share/cpp_topic/environment/ament_prefix_path.dsv
[3.489s] -- Up-to-date: /home/lxf/桌面/ROS/8.海龟控制画园/install/cpp_topic/share/cpp_topic/environment/path.sh
[3.489s] -- Installing: /home/lxf/桌面/ROS/8.海龟控制画园/install/cpp_topic/share/cpp_topic/environment/path.dsv
[3.489s] -- Up-to-date: /home/lxf/桌面/ROS/8.海龟控制画园/install/cpp_topic/share/cpp_topic/local_setup.bash
[3.489s] -- Up-to-date: /home/lxf/桌面/ROS/8.海龟控制画园/install/cpp_topic/share/cpp_topic/local_setup.sh
[3.489s] -- Up-to-date: /home/lxf/桌面/ROS/8.海龟控制画园/install/cpp_topic/share/cpp_topic/local_setup.zsh
[3.489s] -- Installing: /home/lxf/桌面/ROS/8.海龟控制画园/install/cpp_topic/share/cpp_topic/local_setup.dsv
[3.489s] -- Installing: /home/lxf/桌面/ROS/8.海龟控制画园/install/cpp_topic/share/cpp_topic/package.dsv
[3.489s] -- Up-to-date: /home/lxf/桌面/ROS/8.海龟控制画园/install/cpp_topic/share/ament_index/resource_index/packages/cpp_topic
[3.489s] -- Up-to-date: /home/lxf/桌面/ROS/8.海龟控制画园/install/cpp_topic/share/cpp_topic/cmake/cpp_topicConfig.cmake
[3.489s] -- Up-to-date: /home/lxf/桌面/ROS/8.海龟控制画园/install/cpp_topic/share/cpp_topic/cmake/cpp_topicConfig-version.cmake
[3.489s] -- Up-to-date: /home/lxf/桌面/ROS/8.海龟控制画园/install/cpp_topic/share/cpp_topic/package.xml
[3.490s] Invoked command in '/home/lxf/桌面/ROS/8.海龟控制画园/build/cpp_topic' returned '0': CMAKE_PREFIX_PATH=/opt/ros/humble /usr/bin/cmake --install /home/lxf/桌面/ROS/8.海龟控制画园/build/cpp_topic
