[0.007s] Invoking command in '/home/lxf/桌面/ROS/9.订阅Pose实现闭环控制/build/cpp_pose_topic': CMAKE_PREFIX_PATH=/opt/ros/humble /usr/bin/cmake --build /home/lxf/桌面/ROS/9.订阅Pose实现闭环控制/build/cpp_pose_topic -- -j16 -l16
[0.020s] [0mCMake Deprecation Warning at CMakeLists.txt:1 (cmake_minimum_required):
[0.020s]   Compatibility with CMake < 3.10 will be removed from a future version of
[0.020s]   CMake.
[0.020s] 
[0.020s]   Update the VERSION argument <min> value.  Or, use the <min>...<max> syntax
[0.020s]   to tell CMake that the project requires at least <min> but has been updated
[0.020s]   to work with policies introduced by <max> or earlier.
[0.020s] 
[0.020s] [0m
[0.024s] -- Found ament_cmake: 1.3.12 (/opt/ros/humble/share/ament_cmake/cmake)
[0.209s] -- Found rclcpp: 16.0.15 (/opt/ros/humble/share/rclcpp/cmake)
[0.230s] -- Found rosidl_generator_c: 3.1.7 (/opt/ros/humble/share/rosidl_generator_c/cmake)
[0.232s] -- Found rosidl_adapter: 3.1.7 (/opt/ros/humble/share/rosidl_adapter/cmake)
[0.236s] -- Found rosidl_generator_cpp: 3.1.7 (/opt/ros/humble/share/rosidl_generator_cpp/cmake)
[0.243s] -- Using all available rosidl_typesupport_c: rosidl_typesupport_fastrtps_c;rosidl_typesupport_introspection_c
[0.253s] -- Using all available rosidl_typesupport_cpp: rosidl_typesupport_fastrtps_cpp;rosidl_typesupport_introspection_cpp
[0.279s] -- Found rmw_implementation_cmake: 6.1.2 (/opt/ros/humble/share/rmw_implementation_cmake/cmake)
[0.280s] -- Found rmw_fastrtps_cpp: 6.2.9 (/opt/ros/humble/share/rmw_fastrtps_cpp/cmake)
[0.363s] -- Using RMW implementation 'rmw_fastrtps_cpp' as default
[0.414s] -- Found geometry_msgs: 4.9.0 (/opt/ros/humble/share/geometry_msgs/cmake)
[0.425s] -- Found turtlesim: 1.4.3 (/opt/ros/humble/share/turtlesim/cmake)
[0.459s] -- Found ament_lint_auto: 0.12.14 (/opt/ros/humble/share/ament_lint_auto/cmake)
[0.518s] -- Added test 'cppcheck' to perform static code analysis on C / C++ code
[0.518s] -- Configured cppcheck include dirs: /home/lxf/桌面/ROS/9.订阅Pose实现闭环控制/src/cpp_pose_topic/include
[0.519s] -- Configured cppcheck exclude dirs and/or files: 
[0.519s] -- Added test 'lint_cmake' to check CMake code style
[0.519s] -- Added test 'uncrustify' to check C / C++ code style
[0.519s] -- Configured uncrustify additional arguments: 
[0.519s] -- Added test 'xmllint' to check XML markup files
[0.520s] -- Configuring done (0.5s)
[0.530s] -- Generating done (0.0s)
[0.533s] -- Build files have been written to: /home/lxf/桌面/ROS/9.订阅Pose实现闭环控制/build/cpp_pose_topic
[0.551s] [ 25%] [32mBuilding CXX object CMakeFiles/turtle_control.dir/src/turtle_control.cpp.o[0m
[0.555s] [ 75%] Built target turtle_circle
[1.986s] [01m[K/home/lxf/桌面/ROS/9.订阅Pose实现闭环控制/src/cpp_pose_topic/src/turtle_control.cpp:[m[K In function ‘[01m[Kint main(int, char**)[m[K’:
[1.986s] [01m[K/home/lxf/桌面/ROS/9.订阅Pose实现闭环控制/src/cpp_pose_topic/src/turtle_control.cpp:64:13:[m[K [01;35m[Kwarning: [m[Kstatement is a reference, not call, to function ‘[01m[Krclcpp::shutdown[m[K’ [[01;35m[K]8;;https://gcc.gnu.org/onlinedocs/gcc/Warning-Options.html#index-Waddress-Waddress]8;;[m[K]
[1.986s]    64 |     [01;35m[Krclcpp::shutdown[m[K;
[1.986s]       |     [01;35m[K~~~~~~~~^~~~~~~~[m[K
[1.986s] [01m[K/home/lxf/桌面/ROS/9.订阅Pose实现闭环控制/src/cpp_pose_topic/src/turtle_control.cpp:64:13:[m[K [01;35m[Kwarning: [m[Kstatement has no effect [[01;35m[K]8;;https://gcc.gnu.org/onlinedocs/gcc/Warning-Options.html#index-Wunused-value-Wunused-value]8;;[m[K]
[5.857s] [100%] [1m[32mLinking CXX executable turtle_control[0m
[6.137s] [100%] Built target turtle_control
[6.142s] Invoked command in '/home/lxf/桌面/ROS/9.订阅Pose实现闭环控制/build/cpp_pose_topic' returned '0': CMAKE_PREFIX_PATH=/opt/ros/humble /usr/bin/cmake --build /home/lxf/桌面/ROS/9.订阅Pose实现闭环控制/build/cpp_pose_topic -- -j16 -l16
[6.147s] Invoking command in '/home/lxf/桌面/ROS/9.订阅Pose实现闭环控制/build/cpp_pose_topic': CMAKE_PREFIX_PATH=/opt/ros/humble /usr/bin/cmake --install /home/lxf/桌面/ROS/9.订阅Pose实现闭环控制/build/cpp_pose_topic
[6.150s] -- Install configuration: ""
[6.150s] -- Installing: /home/lxf/桌面/ROS/9.订阅Pose实现闭环控制/install/cpp_pose_topic/lib/cpp_pose_topic/turtle_circle
[6.150s] -- Set non-toolchain portion of runtime path of "/home/lxf/桌面/ROS/9.订阅Pose实现闭环控制/install/cpp_pose_topic/lib/cpp_pose_topic/turtle_circle" to ""
[6.150s] -- Installing: /home/lxf/桌面/ROS/9.订阅Pose实现闭环控制/install/cpp_pose_topic/lib/cpp_pose_topic/turtle_control
[6.152s] -- Set non-toolchain portion of runtime path of "/home/lxf/桌面/ROS/9.订阅Pose实现闭环控制/install/cpp_pose_topic/lib/cpp_pose_topic/turtle_control" to ""
[6.152s] -- Up-to-date: /home/lxf/桌面/ROS/9.订阅Pose实现闭环控制/install/cpp_pose_topic/share/ament_index/resource_index/package_run_dependencies/cpp_pose_topic
[6.152s] -- Installing: /home/lxf/桌面/ROS/9.订阅Pose实现闭环控制/install/cpp_pose_topic/share/ament_index/resource_index/parent_prefix_path/cpp_pose_topic
[6.152s] -- Up-to-date: /home/lxf/桌面/ROS/9.订阅Pose实现闭环控制/install/cpp_pose_topic/share/cpp_pose_topic/environment/ament_prefix_path.sh
[6.152s] -- Installing: /home/lxf/桌面/ROS/9.订阅Pose实现闭环控制/install/cpp_pose_topic/share/cpp_pose_topic/environment/ament_prefix_path.dsv
[6.152s] -- Up-to-date: /home/lxf/桌面/ROS/9.订阅Pose实现闭环控制/install/cpp_pose_topic/share/cpp_pose_topic/environment/path.sh
[6.152s] -- Installing: /home/lxf/桌面/ROS/9.订阅Pose实现闭环控制/install/cpp_pose_topic/share/cpp_pose_topic/environment/path.dsv
[6.152s] -- Up-to-date: /home/lxf/桌面/ROS/9.订阅Pose实现闭环控制/install/cpp_pose_topic/share/cpp_pose_topic/local_setup.bash
[6.153s] -- Up-to-date: /home/lxf/桌面/ROS/9.订阅Pose实现闭环控制/install/cpp_pose_topic/share/cpp_pose_topic/local_setup.sh
[6.153s] -- Up-to-date: /home/lxf/桌面/ROS/9.订阅Pose实现闭环控制/install/cpp_pose_topic/share/cpp_pose_topic/local_setup.zsh
[6.153s] -- Installing: /home/lxf/桌面/ROS/9.订阅Pose实现闭环控制/install/cpp_pose_topic/share/cpp_pose_topic/local_setup.dsv
[6.153s] -- Installing: /home/lxf/桌面/ROS/9.订阅Pose实现闭环控制/install/cpp_pose_topic/share/cpp_pose_topic/package.dsv
[6.153s] -- Up-to-date: /home/lxf/桌面/ROS/9.订阅Pose实现闭环控制/install/cpp_pose_topic/share/ament_index/resource_index/packages/cpp_pose_topic
[6.153s] -- Up-to-date: /home/lxf/桌面/ROS/9.订阅Pose实现闭环控制/install/cpp_pose_topic/share/cpp_pose_topic/cmake/cpp_pose_topicConfig.cmake
[6.153s] -- Up-to-date: /home/lxf/桌面/ROS/9.订阅Pose实现闭环控制/install/cpp_pose_topic/share/cpp_pose_topic/cmake/cpp_pose_topicConfig-version.cmake
[6.153s] -- Up-to-date: /home/lxf/桌面/ROS/9.订阅Pose实现闭环控制/install/cpp_pose_topic/share/cpp_pose_topic/package.xml
[6.154s] Invoked command in '/home/lxf/桌面/ROS/9.订阅Pose实现闭环控制/build/cpp_pose_topic' returned '0': CMAKE_PREFIX_PATH=/opt/ros/humble /usr/bin/cmake --install /home/lxf/桌面/ROS/9.订阅Pose实现闭环控制/build/cpp_pose_topic
