[0.007s] Invoking command in '/home/lxf/ROS/10.topic_practice/build/status_display': AMENT_PREFIX_PATH=/home/lxf/ROS/10.topic_practice/install/status_interfaces:${AMENT_PREFIX_PATH} CMAKE_PREFIX_PATH=/home/lxf/ROS/10.topic_practice/install/status_interfaces:/opt/ros/humble LD_LIBRARY_PATH=/home/lxf/ROS/10.topic_practice/install/status_interfaces/lib:${LD_LIBRARY_PATH} PYTHONPATH=/home/lxf/ROS/10.topic_practice/install/status_interfaces/local/lib/python3.10/dist-packages:${PYTHONPATH} /usr/bin/cmake --build /home/lxf/ROS/10.topic_practice/build/status_display -- -j16 -l16
[0.014s] [0mCMake Deprecation Warning at CMakeLists.txt:1 (cmake_minimum_required):
[0.014s]   Compatibility with CMake < 3.10 will be removed from a future version of
[0.014s]   CMake.
[0.014s] 
[0.014s]   Update the VERSION argument <min> value.  Or, use the <min>...<max> syntax
[0.014s]   to tell CMake that the project requires at least <min> but has been updated
[0.015s]   to work with policies introduced by <max> or earlier.
[0.015s] 
[0.015s] [0m
[0.019s] -- Found ament_cmake: 1.3.12 (/opt/ros/humble/share/ament_cmake/cmake)
[0.178s] -- Found rclpy: 3.3.17 (/opt/ros/humble/share/rclpy/cmake)
[0.180s] -- Found rclcpp: 16.0.15 (/opt/ros/humble/share/rclcpp/cmake)
[0.207s] -- Found rosidl_generator_c: 3.1.7 (/opt/ros/humble/share/rosidl_generator_c/cmake)
[0.210s] -- Found rosidl_adapter: 3.1.7 (/opt/ros/humble/share/rosidl_adapter/cmake)
[0.213s] -- Found rosidl_generator_cpp: 3.1.7 (/opt/ros/humble/share/rosidl_generator_cpp/cmake)
[0.220s] -- Using all available rosidl_typesupport_c: rosidl_typesupport_fastrtps_c;rosidl_typesupport_introspection_c
[0.229s] -- Using all available rosidl_typesupport_cpp: rosidl_typesupport_fastrtps_cpp;rosidl_typesupport_introspection_cpp
[0.266s] -- Found rmw_implementation_cmake: 6.1.2 (/opt/ros/humble/share/rmw_implementation_cmake/cmake)
[0.268s] -- Found rmw_fastrtps_cpp: 6.2.9 (/opt/ros/humble/share/rmw_fastrtps_cpp/cmake)
[0.343s] -- Found OpenSSL: /usr/lib/x86_64-linux-gnu/libcrypto.so (found version "3.0.2")
[0.379s] -- Found FastRTPS: /opt/ros/humble/include
[0.415s] -- Using RMW implementation 'rmw_fastrtps_cpp' as default
[0.424s] -- Performing Test CMAKE_HAVE_LIBC_PTHREAD
[0.477s] -- Performing Test CMAKE_HAVE_LIBC_PTHREAD - Success
[0.479s] -- Found Threads: TRUE
[0.547s] -- Found status_interfaces: 0.0.0 (/home/lxf/ROS/10.topic_practice/install/status_interfaces/share/status_interfaces/cmake)
[0.564s] -- Found ament_lint_auto: 0.12.14 (/opt/ros/humble/share/ament_lint_auto/cmake)
[0.628s] -- Added test 'cppcheck' to perform static code analysis on C / C++ code
[0.628s] -- Configured cppcheck include dirs: 
[0.628s] -- Configured cppcheck exclude dirs and/or files: 
[0.629s] -- Added test 'lint_cmake' to check CMake code style
[0.629s] -- Added test 'uncrustify' to check C / C++ code style
[0.629s] -- Configured uncrustify additional arguments: 
[0.629s] -- Added test 'xmllint' to check XML markup files
[0.630s] -- Configuring done (0.6s)
[0.643s] -- Generating done (0.0s)
[0.645s] -- Build files have been written to: /home/lxf/ROS/10.topic_practice/build/status_display
[0.666s] [ 25%] [32mBuilding CXX object CMakeFiles/sys_status_display.dir/src/sys_status_display.cpp.o[0m
[0.667s] [ 50%] [32mBuilding CXX object CMakeFiles/hello_qt.dir/src/hello_qt.cpp.o[0m
[0.674s] [01m[K/home/lxf/ROS/10.topic_practice/src/status_display/src/sys_status_display.cpp:1:10:[m[K [01;31m[Kfatal error: [m[KQApplication: 没有那个文件或目录
[0.674s]     1 | #include [01;31m[K<QApplication>[m[K //Qt应用程序的核心
[0.674s]       |          [01;31m[K^~~~~~~~~~~~~~[m[K
[0.674s] compilation terminated.
[0.674s] gmake[2]: *** [CMakeFiles/sys_status_display.dir/build.make:79：CMakeFiles/sys_status_display.dir/src/sys_status_display.cpp.o] 错误 1
[0.674s] gmake[1]: *** [CMakeFiles/Makefile2:188：CMakeFiles/sys_status_display.dir/all] 错误 2
[0.674s] gmake[1]: *** 正在等待未完成的任务....
[1.323s] [ 75%] [1m[32mLinking CXX executable hello_qt[0m
[1.507s] [ 75%] Built target hello_qt
[1.507s] gmake: *** [Makefile:146：all] 错误 2
[1.508s] Invoked command in '/home/lxf/ROS/10.topic_practice/build/status_display' returned '2': AMENT_PREFIX_PATH=/home/lxf/ROS/10.topic_practice/install/status_interfaces:${AMENT_PREFIX_PATH} CMAKE_PREFIX_PATH=/home/lxf/ROS/10.topic_practice/install/status_interfaces:/opt/ros/humble LD_LIBRARY_PATH=/home/lxf/ROS/10.topic_practice/install/status_interfaces/lib:${LD_LIBRARY_PATH} PYTHONPATH=/home/lxf/ROS/10.topic_practice/install/status_interfaces/local/lib/python3.10/dist-packages:${PYTHONPATH} /usr/bin/cmake --build /home/lxf/ROS/10.topic_practice/build/status_display -- -j16 -l16
