[0.007s] Invoking command in '/home/lxf/桌面/ROS/9.订阅Pose实现闭环控制/build/cpp_pose_topic': CMAKE_PREFIX_PATH=/opt/ros/humble /usr/bin/cmake --build /home/lxf/桌面/ROS/9.订阅Pose实现闭环控制/build/cpp_pose_topic -- -j16 -l16
[0.020s] [0mCMake Deprecation Warning at CMakeLists.txt:1 (cmake_minimum_required):
[0.020s]   Compatibility with CMake < 3.10 will be removed from a future version of
[0.020s]   CMake.
[0.020s] 
[0.020s]   Update the VERSION argument <min> value.  Or, use the <min>...<max> syntax
[0.020s]   to tell CMake that the project requires at least <min> but has been updated
[0.020s]   to work with policies introduced by <max> or earlier.
[0.020s] 
[0.020s] [0m
[0.026s] -- Found ament_cmake: 1.3.12 (/opt/ros/humble/share/ament_cmake/cmake)
[0.200s] -- Found rclcpp: 16.0.15 (/opt/ros/humble/share/rclcpp/cmake)
[0.221s] -- Found rosidl_generator_c: 3.1.7 (/opt/ros/humble/share/rosidl_generator_c/cmake)
[0.223s] -- Found rosidl_adapter: 3.1.7 (/opt/ros/humble/share/rosidl_adapter/cmake)
[0.227s] -- Found rosidl_generator_cpp: 3.1.7 (/opt/ros/humble/share/rosidl_generator_cpp/cmake)
[0.234s] -- Using all available rosidl_typesupport_c: rosidl_typesupport_fastrtps_c;rosidl_typesupport_introspection_c
[0.243s] -- Using all available rosidl_typesupport_cpp: rosidl_typesupport_fastrtps_cpp;rosidl_typesupport_introspection_cpp
[0.269s] -- Found rmw_implementation_cmake: 6.1.2 (/opt/ros/humble/share/rmw_implementation_cmake/cmake)
[0.270s] -- Found rmw_fastrtps_cpp: 6.2.9 (/opt/ros/humble/share/rmw_fastrtps_cpp/cmake)
[0.347s] -- Using RMW implementation 'rmw_fastrtps_cpp' as default
[0.390s] -- Found geometry_msgs: 4.9.0 (/opt/ros/humble/share/geometry_msgs/cmake)
[0.401s] -- Found turtlesim: 1.4.3 (/opt/ros/humble/share/turtlesim/cmake)
[0.434s] [31mCMake Error at /opt/ros/humble/share/ament_cmake_target_dependencies/cmake/ament_target_dependencies.cmake:77 (message):
[0.434s]   ament_target_dependencies() the passed package name 'turtle_control' was
[0.434s]   not found before
[0.434s] Call Stack (most recent call first):
[0.434s]   CMakeLists.txt:22 (ament_target_dependencies)
[0.434s] 
[0.434s] [0m
[0.434s] -- Configuring incomplete, errors occurred!
[0.438s] gmake: *** [Makefile:308：cmake_check_build_system] 错误 1
[0.440s] Invoked command in '/home/lxf/桌面/ROS/9.订阅Pose实现闭环控制/build/cpp_pose_topic' returned '2': CMAKE_PREFIX_PATH=/opt/ros/humble /usr/bin/cmake --build /home/lxf/桌面/ROS/9.订阅Pose实现闭环控制/build/cpp_pose_topic -- -j16 -l16
