[0mCMake Deprecation Warning at CMakeLists.txt:1 (cmake_minimum_required):
  Compatibility with CMake < 3.10 will be removed from a future version of
  CMake.

  Update the VERSION argument <min> value.  Or, use the <min>...<max> syntax
  to tell CMake that the project requires at least <min> but has been updated
  to work with policies introduced by <max> or earlier.

[0m
-- Found ament_cmake: 1.3.12 (/opt/ros/humble/share/ament_cmake/cmake)
-- Found rclcpp: 16.0.15 (/opt/ros/humble/share/rclcpp/cmake)
-- Found rosidl_generator_c: 3.1.7 (/opt/ros/humble/share/rosidl_generator_c/cmake)
-- Found rosidl_adapter: 3.1.7 (/opt/ros/humble/share/rosidl_adapter/cmake)
-- Found rosidl_generator_cpp: 3.1.7 (/opt/ros/humble/share/rosidl_generator_cpp/cmake)
-- Using all available rosidl_typesupport_c: rosidl_typesupport_fastrtps_c;rosidl_typesupport_introspection_c
-- Using all available rosidl_typesupport_cpp: rosidl_typesupport_fastrtps_cpp;rosidl_typesupport_introspection_cpp
-- Found rmw_implementation_cmake: 6.1.2 (/opt/ros/humble/share/rmw_implementation_cmake/cmake)
-- Found rmw_fastrtps_cpp: 6.2.9 (/opt/ros/humble/share/rmw_fastrtps_cpp/cmake)
-- Using RMW implementation 'rmw_fastrtps_cpp' as default
-- Found geometry_msgs: 4.9.0 (/opt/ros/humble/share/geometry_msgs/cmake)
-- Found turtlesim: 1.4.3 (/opt/ros/humble/share/turtlesim/cmake)
-- Found ament_lint_auto: 0.12.14 (/opt/ros/humble/share/ament_lint_auto/cmake)
-- Added test 'cppcheck' to perform static code analysis on C / C++ code
-- Configured cppcheck include dirs: /home/lxf/桌面/ROS/8.海龟控制画园/cpp_topic/include
-- Configured cppcheck exclude dirs and/or files: 
-- Added test 'lint_cmake' to check CMake code style
-- Added test 'uncrustify' to check C / C++ code style
-- Configured uncrustify additional arguments: 
-- Added test 'xmllint' to check XML markup files
-- Configuring done (1.5s)
-- Generating done (0.0s)
-- Build files have been written to: /home/lxf/桌面/ROS/8.海龟控制画园/build/cpp_topic
[ 50%] [32mBuilding CXX object CMakeFiles/turtle_circle.dir/src/turtle_circle.cpp.o[0m
[100%] [1m[32mLinking CXX executable turtle_circle[0m
[100%] Built target turtle_circle
-- Install configuration: ""
-- Installing: /home/lxf/桌面/ROS/8.海龟控制画园/install/cpp_topic/lib/cpp_topic/turtle_circle
-- Set non-toolchain portion of runtime path of "/home/lxf/桌面/ROS/8.海龟控制画园/install/cpp_topic/lib/cpp_topic/turtle_circle" to ""
-- Up-to-date: /home/lxf/桌面/ROS/8.海龟控制画园/install/cpp_topic/share/ament_index/resource_index/package_run_dependencies/cpp_topic
-- Up-to-date: /home/lxf/桌面/ROS/8.海龟控制画园/install/cpp_topic/share/ament_index/resource_index/parent_prefix_path/cpp_topic
-- Up-to-date: /home/lxf/桌面/ROS/8.海龟控制画园/install/cpp_topic/share/cpp_topic/environment/ament_prefix_path.sh
-- Installing: /home/lxf/桌面/ROS/8.海龟控制画园/install/cpp_topic/share/cpp_topic/environment/ament_prefix_path.dsv
-- Up-to-date: /home/lxf/桌面/ROS/8.海龟控制画园/install/cpp_topic/share/cpp_topic/environment/path.sh
-- Installing: /home/lxf/桌面/ROS/8.海龟控制画园/install/cpp_topic/share/cpp_topic/environment/path.dsv
-- Up-to-date: /home/lxf/桌面/ROS/8.海龟控制画园/install/cpp_topic/share/cpp_topic/local_setup.bash
-- Up-to-date: /home/lxf/桌面/ROS/8.海龟控制画园/install/cpp_topic/share/cpp_topic/local_setup.sh
-- Up-to-date: /home/lxf/桌面/ROS/8.海龟控制画园/install/cpp_topic/share/cpp_topic/local_setup.zsh
-- Installing: /home/lxf/桌面/ROS/8.海龟控制画园/install/cpp_topic/share/cpp_topic/local_setup.dsv
-- Installing: /home/lxf/桌面/ROS/8.海龟控制画园/install/cpp_topic/share/cpp_topic/package.dsv
-- Up-to-date: /home/lxf/桌面/ROS/8.海龟控制画园/install/cpp_topic/share/ament_index/resource_index/packages/cpp_topic
-- Up-to-date: /home/lxf/桌面/ROS/8.海龟控制画园/install/cpp_topic/share/cpp_topic/cmake/cpp_topicConfig.cmake
-- Up-to-date: /home/lxf/桌面/ROS/8.海龟控制画园/install/cpp_topic/share/cpp_topic/cmake/cpp_topicConfig-version.cmake
-- Up-to-date: /home/lxf/桌面/ROS/8.海龟控制画园/install/cpp_topic/share/cpp_topic/package.xml
