[0.049s] Invoking command in '/home/lxf/桌面/ROS/8.海龟控制画园/build/cpp_topic': CMAKE_PREFIX_PATH=/opt/ros/humble /usr/bin/cmake --build /home/lxf/桌面/ROS/8.海龟控制画园/build/cpp_topic -- -j16 -l16
[0.154s] [0mCMake Deprecation Warning at CMakeLists.txt:1 (cmake_minimum_required):
[0.154s]   Compatibility with CMake < 3.10 will be removed from a future version of
[0.154s]   CMake.
[0.154s] 
[0.154s]   Update the VERSION argument <min> value.  Or, use the <min>...<max> syntax
[0.154s]   to tell CMake that the project requires at least <min> but has been updated
[0.154s]   to work with policies introduced by <max> or earlier.
[0.154s] 
[0.154s] [0m
[0.165s] -- Found ament_cmake: 1.3.12 (/opt/ros/humble/share/ament_cmake/cmake)
[0.632s] -- Found rclcpp: 16.0.15 (/opt/ros/humble/share/rclcpp/cmake)
[0.862s] -- Found rosidl_generator_c: 3.1.7 (/opt/ros/humble/share/rosidl_generator_c/cmake)
[0.878s] -- Found rosidl_adapter: 3.1.7 (/opt/ros/humble/share/rosidl_adapter/cmake)
[0.922s] -- Found rosidl_generator_cpp: 3.1.7 (/opt/ros/humble/share/rosidl_generator_cpp/cmake)
[0.982s] -- Using all available rosidl_typesupport_c: rosidl_typesupport_fastrtps_c;rosidl_typesupport_introspection_c
[1.049s] -- Using all available rosidl_typesupport_cpp: rosidl_typesupport_fastrtps_cpp;rosidl_typesupport_introspection_cpp
[1.116s] -- Found rmw_implementation_cmake: 6.1.2 (/opt/ros/humble/share/rmw_implementation_cmake/cmake)
[1.119s] -- Found rmw_fastrtps_cpp: 6.2.9 (/opt/ros/humble/share/rmw_fastrtps_cpp/cmake)
[1.287s] -- Using RMW implementation 'rmw_fastrtps_cpp' as default
[1.395s] -- Found geometry_msgs: 4.9.0 (/opt/ros/humble/share/geometry_msgs/cmake)
[1.416s] -- Found turtlesim: 1.4.3 (/opt/ros/humble/share/turtlesim/cmake)
[1.492s] -- Found ament_lint_auto: 0.12.14 (/opt/ros/humble/share/ament_lint_auto/cmake)
[1.606s] -- Added test 'cppcheck' to perform static code analysis on C / C++ code
[1.606s] -- Configured cppcheck include dirs: /home/lxf/桌面/ROS/8.海龟控制画园/cpp_topic/include
[1.606s] -- Configured cppcheck exclude dirs and/or files: 
[1.607s] -- Added test 'lint_cmake' to check CMake code style
[1.608s] -- Added test 'uncrustify' to check C / C++ code style
[1.608s] -- Configured uncrustify additional arguments: 
[1.608s] -- Added test 'xmllint' to check XML markup files
[1.609s] -- Configuring done (1.5s)
[1.625s] -- Generating done (0.0s)
[1.628s] -- Build files have been written to: /home/lxf/桌面/ROS/8.海龟控制画园/build/cpp_topic
[1.680s] [ 50%] [32mBuilding CXX object CMakeFiles/turtle_circle.dir/src/turtle_circle.cpp.o[0m
[6.457s] [100%] [1m[32mLinking CXX executable turtle_circle[0m
[7.117s] [100%] Built target turtle_circle
[7.124s] Invoked command in '/home/lxf/桌面/ROS/8.海龟控制画园/build/cpp_topic' returned '0': CMAKE_PREFIX_PATH=/opt/ros/humble /usr/bin/cmake --build /home/lxf/桌面/ROS/8.海龟控制画园/build/cpp_topic -- -j16 -l16
[7.131s] Invoking command in '/home/lxf/桌面/ROS/8.海龟控制画园/build/cpp_topic': CMAKE_PREFIX_PATH=/opt/ros/humble /usr/bin/cmake --install /home/lxf/桌面/ROS/8.海龟控制画园/build/cpp_topic
[7.136s] -- Install configuration: ""
[7.136s] -- Installing: /home/lxf/桌面/ROS/8.海龟控制画园/install/cpp_topic/lib/cpp_topic/turtle_circle
[7.138s] -- Set non-toolchain portion of runtime path of "/home/lxf/桌面/ROS/8.海龟控制画园/install/cpp_topic/lib/cpp_topic/turtle_circle" to ""
[7.138s] -- Up-to-date: /home/lxf/桌面/ROS/8.海龟控制画园/install/cpp_topic/share/ament_index/resource_index/package_run_dependencies/cpp_topic
[7.138s] -- Up-to-date: /home/lxf/桌面/ROS/8.海龟控制画园/install/cpp_topic/share/ament_index/resource_index/parent_prefix_path/cpp_topic
[7.138s] -- Up-to-date: /home/lxf/桌面/ROS/8.海龟控制画园/install/cpp_topic/share/cpp_topic/environment/ament_prefix_path.sh
[7.138s] -- Installing: /home/lxf/桌面/ROS/8.海龟控制画园/install/cpp_topic/share/cpp_topic/environment/ament_prefix_path.dsv
[7.138s] -- Up-to-date: /home/lxf/桌面/ROS/8.海龟控制画园/install/cpp_topic/share/cpp_topic/environment/path.sh
[7.138s] -- Installing: /home/lxf/桌面/ROS/8.海龟控制画园/install/cpp_topic/share/cpp_topic/environment/path.dsv
[7.138s] -- Up-to-date: /home/lxf/桌面/ROS/8.海龟控制画园/install/cpp_topic/share/cpp_topic/local_setup.bash
[7.138s] -- Up-to-date: /home/lxf/桌面/ROS/8.海龟控制画园/install/cpp_topic/share/cpp_topic/local_setup.sh
[7.138s] -- Up-to-date: /home/lxf/桌面/ROS/8.海龟控制画园/install/cpp_topic/share/cpp_topic/local_setup.zsh
[7.138s] -- Installing: /home/lxf/桌面/ROS/8.海龟控制画园/install/cpp_topic/share/cpp_topic/local_setup.dsv
[7.139s] -- Installing: /home/lxf/桌面/ROS/8.海龟控制画园/install/cpp_topic/share/cpp_topic/package.dsv
[7.139s] -- Up-to-date: /home/lxf/桌面/ROS/8.海龟控制画园/install/cpp_topic/share/ament_index/resource_index/packages/cpp_topic
[7.139s] -- Up-to-date: /home/lxf/桌面/ROS/8.海龟控制画园/install/cpp_topic/share/cpp_topic/cmake/cpp_topicConfig.cmake
[7.139s] -- Up-to-date: /home/lxf/桌面/ROS/8.海龟控制画园/install/cpp_topic/share/cpp_topic/cmake/cpp_topicConfig-version.cmake
[7.139s] -- Up-to-date: /home/lxf/桌面/ROS/8.海龟控制画园/install/cpp_topic/share/cpp_topic/package.xml
[7.141s] Invoked command in '/home/lxf/桌面/ROS/8.海龟控制画园/build/cpp_topic' returned '0': CMAKE_PREFIX_PATH=/opt/ros/humble /usr/bin/cmake --install /home/lxf/桌面/ROS/8.海龟控制画园/build/cpp_topic
