[0.007s] Invoking command in '/home/lxf/ROS/11.Face_Recognition/build/face_interfaces': CMAKE_PREFIX_PATH=${CMAKE_PREFIX_PATH}:/home/lxf/ROS/11.Face_Recognition/install/demo_python_service:/opt/ros/humble /usr/bin/cmake --build /home/lxf/ROS/11.Face_Recognition/build/face_interfaces -- -j16 -l16
[0.029s] [  3%] Built target face_interfaces__cpp
[0.030s] [ 12%] Built target face_interfaces__rosidl_generator_c
[0.033s] [ 12%] Built target ament_cmake_python_copy_face_interfaces
[0.038s] [ 22%] Built target face_interfaces__rosidl_typesupport_introspection_cpp
[0.038s] [ 38%] Built target face_interfaces__rosidl_typesupport_fastrtps_c
[0.038s] [ 41%] Built target face_interfaces__rosidl_typesupport_introspection_c
[0.038s] [ 51%] Built target face_interfaces__rosidl_typesupport_cpp
[0.039s] [ 61%] Built target face_interfaces__rosidl_typesupport_c
[0.040s] [ 70%] Built target face_interfaces__rosidl_typesupport_fastrtps_cpp
[0.049s] [ 70%] Built target face_interfaces
[0.056s] [ 74%] Built target face_interfaces__py
[0.067s] [ 80%] Built target face_interfaces__rosidl_generator_py
[0.076s] [ 87%] Built target face_interfaces__rosidl_typesupport_fastrtps_c__pyext
[0.076s] [ 93%] Built target face_interfaces__rosidl_typesupport_c__pyext
[0.077s] [100%] Built target face_interfaces__rosidl_typesupport_introspection_c__pyext
[0.172s] running egg_info
[0.172s] writing face_interfaces.egg-info/PKG-INFO
[0.172s] writing dependency_links to face_interfaces.egg-info/dependency_links.txt
[0.172s] writing top-level names to face_interfaces.egg-info/top_level.txt
[0.174s] reading manifest file 'face_interfaces.egg-info/SOURCES.txt'
[0.174s] writing manifest file 'face_interfaces.egg-info/SOURCES.txt'
[0.189s] [100%] Built target ament_cmake_python_build_face_interfaces_egg
[0.194s] Invoked command in '/home/lxf/ROS/11.Face_Recognition/build/face_interfaces' returned '0': CMAKE_PREFIX_PATH=${CMAKE_PREFIX_PATH}:/home/lxf/ROS/11.Face_Recognition/install/demo_python_service:/opt/ros/humble /usr/bin/cmake --build /home/lxf/ROS/11.Face_Recognition/build/face_interfaces -- -j16 -l16
[0.199s] Invoking command in '/home/lxf/ROS/11.Face_Recognition/build/face_interfaces': CMAKE_PREFIX_PATH=${CMAKE_PREFIX_PATH}:/home/lxf/ROS/11.Face_Recognition/install/demo_python_service:/opt/ros/humble /usr/bin/cmake --install /home/lxf/ROS/11.Face_Recognition/build/face_interfaces
[0.201s] -- Install configuration: ""
[0.202s] -- Up-to-date: /home/lxf/ROS/11.Face_Recognition/install/face_interfaces/share/ament_index/resource_index/rosidl_interfaces/face_interfaces
[0.202s] -- Up-to-date: /home/lxf/ROS/11.Face_Recognition/install/face_interfaces/include/face_interfaces/face_interfaces
[0.202s] -- Up-to-date: /home/lxf/ROS/11.Face_Recognition/install/face_interfaces/include/face_interfaces/face_interfaces/srv
[0.202s] -- Up-to-date: /home/lxf/ROS/11.Face_Recognition/install/face_interfaces/include/face_interfaces/face_interfaces/srv/detail
[0.202s] -- Up-to-date: /home/lxf/ROS/11.Face_Recognition/install/face_interfaces/include/face_interfaces/face_interfaces/srv/detail/face_detector__functions.c
[0.202s] -- Up-to-date: /home/lxf/ROS/11.Face_Recognition/install/face_interfaces/include/face_interfaces/face_interfaces/srv/detail/face_detector__functions.h
[0.202s] -- Up-to-date: /home/lxf/ROS/11.Face_Recognition/install/face_interfaces/include/face_interfaces/face_interfaces/srv/detail/face_detector__type_support.h
[0.202s] -- Up-to-date: /home/lxf/ROS/11.Face_Recognition/install/face_interfaces/include/face_interfaces/face_interfaces/srv/detail/face_detector__struct.h
[0.202s] -- Up-to-date: /home/lxf/ROS/11.Face_Recognition/install/face_interfaces/include/face_interfaces/face_interfaces/srv/face_detector.h
[0.203s] -- Up-to-date: /home/lxf/ROS/11.Face_Recognition/install/face_interfaces/include/face_interfaces/face_interfaces/msg
[0.203s] -- Up-to-date: /home/lxf/ROS/11.Face_Recognition/install/face_interfaces/include/face_interfaces/face_interfaces/msg/rosidl_generator_c__visibility_control.h
[0.203s] -- Up-to-date: /home/lxf/ROS/11.Face_Recognition/install/face_interfaces/share/face_interfaces/environment/library_path.sh
[0.203s] -- Up-to-date: /home/lxf/ROS/11.Face_Recognition/install/face_interfaces/share/face_interfaces/environment/library_path.dsv
[0.203s] -- Up-to-date: /home/lxf/ROS/11.Face_Recognition/install/face_interfaces/lib/libface_interfaces__rosidl_generator_c.so
[0.203s] -- Up-to-date: /home/lxf/ROS/11.Face_Recognition/install/face_interfaces/include/face_interfaces/face_interfaces
[0.203s] -- Up-to-date: /home/lxf/ROS/11.Face_Recognition/install/face_interfaces/include/face_interfaces/face_interfaces/srv
[0.203s] -- Up-to-date: /home/lxf/ROS/11.Face_Recognition/install/face_interfaces/include/face_interfaces/face_interfaces/srv/detail
[0.203s] -- Up-to-date: /home/lxf/ROS/11.Face_Recognition/install/face_interfaces/include/face_interfaces/face_interfaces/srv/detail/face_detector__rosidl_typesupport_fastrtps_c.h
[0.203s] -- Up-to-date: /home/lxf/ROS/11.Face_Recognition/install/face_interfaces/include/face_interfaces/face_interfaces/msg
[0.203s] -- Up-to-date: /home/lxf/ROS/11.Face_Recognition/install/face_interfaces/include/face_interfaces/face_interfaces/msg/rosidl_typesupport_fastrtps_c__visibility_control.h
[0.204s] -- Up-to-date: /home/lxf/ROS/11.Face_Recognition/install/face_interfaces/lib/libface_interfaces__rosidl_typesupport_fastrtps_c.so
[0.204s] -- Up-to-date: /home/lxf/ROS/11.Face_Recognition/install/face_interfaces/include/face_interfaces/face_interfaces
[0.204s] -- Up-to-date: /home/lxf/ROS/11.Face_Recognition/install/face_interfaces/include/face_interfaces/face_interfaces/srv
[0.204s] -- Up-to-date: /home/lxf/ROS/11.Face_Recognition/install/face_interfaces/include/face_interfaces/face_interfaces/srv/detail
[0.204s] -- Up-to-date: /home/lxf/ROS/11.Face_Recognition/install/face_interfaces/include/face_interfaces/face_interfaces/srv/detail/face_detector__traits.hpp
[0.204s] -- Up-to-date: /home/lxf/ROS/11.Face_Recognition/install/face_interfaces/include/face_interfaces/face_interfaces/srv/detail/face_detector__builder.hpp
[0.204s] -- Up-to-date: /home/lxf/ROS/11.Face_Recognition/install/face_interfaces/include/face_interfaces/face_interfaces/srv/detail/face_detector__type_support.hpp
[0.204s] -- Up-to-date: /home/lxf/ROS/11.Face_Recognition/install/face_interfaces/include/face_interfaces/face_interfaces/srv/detail/face_detector__struct.hpp
[0.204s] -- Up-to-date: /home/lxf/ROS/11.Face_Recognition/install/face_interfaces/include/face_interfaces/face_interfaces/srv/face_detector.hpp
[0.204s] -- Up-to-date: /home/lxf/ROS/11.Face_Recognition/install/face_interfaces/include/face_interfaces/face_interfaces/msg
[0.204s] -- Up-to-date: /home/lxf/ROS/11.Face_Recognition/install/face_interfaces/include/face_interfaces/face_interfaces/msg/rosidl_generator_cpp__visibility_control.hpp
[0.204s] -- Up-to-date: /home/lxf/ROS/11.Face_Recognition/install/face_interfaces/include/face_interfaces/face_interfaces
[0.204s] -- Up-to-date: /home/lxf/ROS/11.Face_Recognition/install/face_interfaces/include/face_interfaces/face_interfaces/srv
[0.205s] -- Up-to-date: /home/lxf/ROS/11.Face_Recognition/install/face_interfaces/include/face_interfaces/face_interfaces/srv/detail
[0.205s] -- Up-to-date: /home/lxf/ROS/11.Face_Recognition/install/face_interfaces/include/face_interfaces/face_interfaces/srv/detail/face_detector__rosidl_typesupport_fastrtps_cpp.hpp
[0.205s] -- Up-to-date: /home/lxf/ROS/11.Face_Recognition/install/face_interfaces/include/face_interfaces/face_interfaces/srv/detail/dds_fastrtps
[0.205s] -- Up-to-date: /home/lxf/ROS/11.Face_Recognition/install/face_interfaces/include/face_interfaces/face_interfaces/msg
[0.205s] -- Up-to-date: /home/lxf/ROS/11.Face_Recognition/install/face_interfaces/include/face_interfaces/face_interfaces/msg/rosidl_typesupport_fastrtps_cpp__visibility_control.h
[0.205s] -- Up-to-date: /home/lxf/ROS/11.Face_Recognition/install/face_interfaces/lib/libface_interfaces__rosidl_typesupport_fastrtps_cpp.so
[0.205s] -- Up-to-date: /home/lxf/ROS/11.Face_Recognition/install/face_interfaces/include/face_interfaces/face_interfaces
[0.205s] -- Up-to-date: /home/lxf/ROS/11.Face_Recognition/install/face_interfaces/include/face_interfaces/face_interfaces/srv
[0.205s] -- Up-to-date: /home/lxf/ROS/11.Face_Recognition/install/face_interfaces/include/face_interfaces/face_interfaces/srv/detail
[0.205s] -- Up-to-date: /home/lxf/ROS/11.Face_Recognition/install/face_interfaces/include/face_interfaces/face_interfaces/srv/detail/face_detector__rosidl_typesupport_introspection_c.h
[0.205s] -- Up-to-date: /home/lxf/ROS/11.Face_Recognition/install/face_interfaces/include/face_interfaces/face_interfaces/srv/detail/face_detector__type_support.c
[0.205s] -- Up-to-date: /home/lxf/ROS/11.Face_Recognition/install/face_interfaces/include/face_interfaces/face_interfaces/msg
[0.205s] -- Up-to-date: /home/lxf/ROS/11.Face_Recognition/install/face_interfaces/include/face_interfaces/face_interfaces/msg/rosidl_typesupport_introspection_c__visibility_control.h
[0.205s] -- Up-to-date: /home/lxf/ROS/11.Face_Recognition/install/face_interfaces/lib/libface_interfaces__rosidl_typesupport_introspection_c.so
[0.206s] -- Up-to-date: /home/lxf/ROS/11.Face_Recognition/install/face_interfaces/lib/libface_interfaces__rosidl_typesupport_c.so
[0.206s] -- Up-to-date: /home/lxf/ROS/11.Face_Recognition/install/face_interfaces/include/face_interfaces/face_interfaces
[0.206s] -- Up-to-date: /home/lxf/ROS/11.Face_Recognition/install/face_interfaces/include/face_interfaces/face_interfaces/srv
[0.206s] -- Up-to-date: /home/lxf/ROS/11.Face_Recognition/install/face_interfaces/include/face_interfaces/face_interfaces/srv/detail
[0.206s] -- Up-to-date: /home/lxf/ROS/11.Face_Recognition/install/face_interfaces/include/face_interfaces/face_interfaces/srv/detail/face_detector__type_support.cpp
[0.206s] -- Up-to-date: /home/lxf/ROS/11.Face_Recognition/install/face_interfaces/include/face_interfaces/face_interfaces/srv/detail/face_detector__rosidl_typesupport_introspection_cpp.hpp
[0.206s] -- Up-to-date: /home/lxf/ROS/11.Face_Recognition/install/face_interfaces/lib/libface_interfaces__rosidl_typesupport_introspection_cpp.so
[0.206s] -- Up-to-date: /home/lxf/ROS/11.Face_Recognition/install/face_interfaces/lib/libface_interfaces__rosidl_typesupport_cpp.so
[0.206s] -- Up-to-date: /home/lxf/ROS/11.Face_Recognition/install/face_interfaces/share/face_interfaces/environment/pythonpath.sh
[0.206s] -- Up-to-date: /home/lxf/ROS/11.Face_Recognition/install/face_interfaces/share/face_interfaces/environment/pythonpath.dsv
[0.206s] -- Up-to-date: /home/lxf/ROS/11.Face_Recognition/install/face_interfaces/local/lib/python3.10/dist-packages/face_interfaces-0.0.0-py3.10.egg-info
[0.206s] -- Installing: /home/lxf/ROS/11.Face_Recognition/install/face_interfaces/local/lib/python3.10/dist-packages/face_interfaces-0.0.0-py3.10.egg-info/top_level.txt
[0.206s] -- Installing: /home/lxf/ROS/11.Face_Recognition/install/face_interfaces/local/lib/python3.10/dist-packages/face_interfaces-0.0.0-py3.10.egg-info/SOURCES.txt
[0.207s] -- Installing: /home/lxf/ROS/11.Face_Recognition/install/face_interfaces/local/lib/python3.10/dist-packages/face_interfaces-0.0.0-py3.10.egg-info/dependency_links.txt
[0.207s] -- Installing: /home/lxf/ROS/11.Face_Recognition/install/face_interfaces/local/lib/python3.10/dist-packages/face_interfaces-0.0.0-py3.10.egg-info/PKG-INFO
[0.207s] -- Up-to-date: /home/lxf/ROS/11.Face_Recognition/install/face_interfaces/local/lib/python3.10/dist-packages/face_interfaces
[0.207s] -- Up-to-date: /home/lxf/ROS/11.Face_Recognition/install/face_interfaces/local/lib/python3.10/dist-packages/face_interfaces/srv
[0.207s] -- Up-to-date: /home/lxf/ROS/11.Face_Recognition/install/face_interfaces/local/lib/python3.10/dist-packages/face_interfaces/srv/_face_detector.py
[0.207s] -- Up-to-date: /home/lxf/ROS/11.Face_Recognition/install/face_interfaces/local/lib/python3.10/dist-packages/face_interfaces/srv/_face_detector_s.c
[0.207s] -- Up-to-date: /home/lxf/ROS/11.Face_Recognition/install/face_interfaces/local/lib/python3.10/dist-packages/face_interfaces/srv/__init__.py
[0.207s] -- Up-to-date: /home/lxf/ROS/11.Face_Recognition/install/face_interfaces/local/lib/python3.10/dist-packages/face_interfaces/face_interfaces_s__rosidl_typesupport_introspection_c.cpython-310-x86_64-linux-gnu.so
[0.207s] -- Up-to-date: /home/lxf/ROS/11.Face_Recognition/install/face_interfaces/local/lib/python3.10/dist-packages/face_interfaces/face_interfaces_s__rosidl_typesupport_fastrtps_c.cpython-310-x86_64-linux-gnu.so
[0.207s] -- Up-to-date: /home/lxf/ROS/11.Face_Recognition/install/face_interfaces/local/lib/python3.10/dist-packages/face_interfaces/face_interfaces_s__rosidl_typesupport_c.cpython-310-x86_64-linux-gnu.so
[0.207s] -- Up-to-date: /home/lxf/ROS/11.Face_Recognition/install/face_interfaces/local/lib/python3.10/dist-packages/face_interfaces/_face_interfaces_s.ep.rosidl_typesupport_c.c
[0.207s] -- Up-to-date: /home/lxf/ROS/11.Face_Recognition/install/face_interfaces/local/lib/python3.10/dist-packages/face_interfaces/_face_interfaces_s.ep.rosidl_typesupport_fastrtps_c.c
[0.207s] -- Up-to-date: /home/lxf/ROS/11.Face_Recognition/install/face_interfaces/local/lib/python3.10/dist-packages/face_interfaces/_face_interfaces_s.ep.rosidl_typesupport_introspection_c.c
[0.208s] -- Up-to-date: /home/lxf/ROS/11.Face_Recognition/install/face_interfaces/local/lib/python3.10/dist-packages/face_interfaces/__init__.py
[0.208s] -- Up-to-date: /home/lxf/ROS/11.Face_Recognition/install/face_interfaces/local/lib/python3.10/dist-packages/face_interfaces/libface_interfaces__rosidl_generator_py.so
[0.224s] Listing '/home/lxf/ROS/11.Face_Recognition/install/face_interfaces/local/lib/python3.10/dist-packages/face_interfaces'...
[0.225s] Listing '/home/lxf/ROS/11.Face_Recognition/install/face_interfaces/local/lib/python3.10/dist-packages/face_interfaces/srv'...
[0.227s] -- Up-to-date: /home/lxf/ROS/11.Face_Recognition/install/face_interfaces/local/lib/python3.10/dist-packages/face_interfaces/face_interfaces_s__rosidl_typesupport_fastrtps_c.cpython-310-x86_64-linux-gnu.so
[0.227s] -- Up-to-date: /home/lxf/ROS/11.Face_Recognition/install/face_interfaces/local/lib/python3.10/dist-packages/face_interfaces/face_interfaces_s__rosidl_typesupport_introspection_c.cpython-310-x86_64-linux-gnu.so
[0.227s] -- Up-to-date: /home/lxf/ROS/11.Face_Recognition/install/face_interfaces/local/lib/python3.10/dist-packages/face_interfaces/face_interfaces_s__rosidl_typesupport_c.cpython-310-x86_64-linux-gnu.so
[0.227s] -- Up-to-date: /home/lxf/ROS/11.Face_Recognition/install/face_interfaces/lib/libface_interfaces__rosidl_generator_py.so
[0.228s] -- Up-to-date: /home/lxf/ROS/11.Face_Recognition/install/face_interfaces/share/face_interfaces/srv/FaceDetector.idl
[0.228s] -- Up-to-date: /home/lxf/ROS/11.Face_Recognition/install/face_interfaces/share/face_interfaces/srv/FaceDetector.srv
[0.228s] -- Up-to-date: /home/lxf/ROS/11.Face_Recognition/install/face_interfaces/share/face_interfaces/srv/FaceDetector_Request.msg
[0.228s] -- Up-to-date: /home/lxf/ROS/11.Face_Recognition/install/face_interfaces/share/face_interfaces/srv/FaceDetector_Response.msg
[0.228s] -- Up-to-date: /home/lxf/ROS/11.Face_Recognition/install/face_interfaces/share/ament_index/resource_index/package_run_dependencies/face_interfaces
[0.228s] -- Up-to-date: /home/lxf/ROS/11.Face_Recognition/install/face_interfaces/share/ament_index/resource_index/parent_prefix_path/face_interfaces
[0.228s] -- Up-to-date: /home/lxf/ROS/11.Face_Recognition/install/face_interfaces/share/face_interfaces/environment/ament_prefix_path.sh
[0.228s] -- Up-to-date: /home/lxf/ROS/11.Face_Recognition/install/face_interfaces/share/face_interfaces/environment/ament_prefix_path.dsv
[0.228s] -- Up-to-date: /home/lxf/ROS/11.Face_Recognition/install/face_interfaces/share/face_interfaces/environment/path.sh
[0.228s] -- Up-to-date: /home/lxf/ROS/11.Face_Recognition/install/face_interfaces/share/face_interfaces/environment/path.dsv
[0.228s] -- Up-to-date: /home/lxf/ROS/11.Face_Recognition/install/face_interfaces/share/face_interfaces/local_setup.bash
[0.228s] -- Up-to-date: /home/lxf/ROS/11.Face_Recognition/install/face_interfaces/share/face_interfaces/local_setup.sh
[0.228s] -- Up-to-date: /home/lxf/ROS/11.Face_Recognition/install/face_interfaces/share/face_interfaces/local_setup.zsh
[0.228s] -- Up-to-date: /home/lxf/ROS/11.Face_Recognition/install/face_interfaces/share/face_interfaces/local_setup.dsv
[0.228s] -- Installing: /home/lxf/ROS/11.Face_Recognition/install/face_interfaces/share/face_interfaces/package.dsv
[0.228s] -- Up-to-date: /home/lxf/ROS/11.Face_Recognition/install/face_interfaces/share/ament_index/resource_index/packages/face_interfaces
[0.228s] -- Up-to-date: /home/lxf/ROS/11.Face_Recognition/install/face_interfaces/share/face_interfaces/cmake/export_face_interfaces__rosidl_generator_cExport.cmake
[0.229s] -- Up-to-date: /home/lxf/ROS/11.Face_Recognition/install/face_interfaces/share/face_interfaces/cmake/export_face_interfaces__rosidl_generator_cExport-noconfig.cmake
[0.229s] -- Up-to-date: /home/lxf/ROS/11.Face_Recognition/install/face_interfaces/share/face_interfaces/cmake/export_face_interfaces__rosidl_typesupport_fastrtps_cExport.cmake
[0.229s] -- Up-to-date: /home/lxf/ROS/11.Face_Recognition/install/face_interfaces/share/face_interfaces/cmake/export_face_interfaces__rosidl_typesupport_fastrtps_cExport-noconfig.cmake
[0.229s] -- Up-to-date: /home/lxf/ROS/11.Face_Recognition/install/face_interfaces/share/face_interfaces/cmake/export_face_interfaces__rosidl_generator_cppExport.cmake
[0.229s] -- Up-to-date: /home/lxf/ROS/11.Face_Recognition/install/face_interfaces/share/face_interfaces/cmake/export_face_interfaces__rosidl_typesupport_fastrtps_cppExport.cmake
[0.229s] -- Up-to-date: /home/lxf/ROS/11.Face_Recognition/install/face_interfaces/share/face_interfaces/cmake/export_face_interfaces__rosidl_typesupport_fastrtps_cppExport-noconfig.cmake
[0.229s] -- Up-to-date: /home/lxf/ROS/11.Face_Recognition/install/face_interfaces/share/face_interfaces/cmake/face_interfaces__rosidl_typesupport_introspection_cExport.cmake
[0.229s] -- Up-to-date: /home/lxf/ROS/11.Face_Recognition/install/face_interfaces/share/face_interfaces/cmake/face_interfaces__rosidl_typesupport_introspection_cExport-noconfig.cmake
[0.229s] -- Up-to-date: /home/lxf/ROS/11.Face_Recognition/install/face_interfaces/share/face_interfaces/cmake/face_interfaces__rosidl_typesupport_cExport.cmake
[0.229s] -- Up-to-date: /home/lxf/ROS/11.Face_Recognition/install/face_interfaces/share/face_interfaces/cmake/face_interfaces__rosidl_typesupport_cExport-noconfig.cmake
[0.229s] -- Up-to-date: /home/lxf/ROS/11.Face_Recognition/install/face_interfaces/share/face_interfaces/cmake/face_interfaces__rosidl_typesupport_introspection_cppExport.cmake
[0.229s] -- Up-to-date: /home/lxf/ROS/11.Face_Recognition/install/face_interfaces/share/face_interfaces/cmake/face_interfaces__rosidl_typesupport_introspection_cppExport-noconfig.cmake
[0.229s] -- Up-to-date: /home/lxf/ROS/11.Face_Recognition/install/face_interfaces/share/face_interfaces/cmake/face_interfaces__rosidl_typesupport_cppExport.cmake
[0.229s] -- Up-to-date: /home/lxf/ROS/11.Face_Recognition/install/face_interfaces/share/face_interfaces/cmake/face_interfaces__rosidl_typesupport_cppExport-noconfig.cmake
[0.229s] -- Up-to-date: /home/lxf/ROS/11.Face_Recognition/install/face_interfaces/share/face_interfaces/cmake/export_face_interfaces__rosidl_generator_pyExport.cmake
[0.229s] -- Up-to-date: /home/lxf/ROS/11.Face_Recognition/install/face_interfaces/share/face_interfaces/cmake/export_face_interfaces__rosidl_generator_pyExport-noconfig.cmake
[0.229s] -- Up-to-date: /home/lxf/ROS/11.Face_Recognition/install/face_interfaces/share/face_interfaces/cmake/rosidl_cmake-extras.cmake
[0.229s] -- Up-to-date: /home/lxf/ROS/11.Face_Recognition/install/face_interfaces/share/face_interfaces/cmake/ament_cmake_export_dependencies-extras.cmake
[0.229s] -- Up-to-date: /home/lxf/ROS/11.Face_Recognition/install/face_interfaces/share/face_interfaces/cmake/ament_cmake_export_include_directories-extras.cmake
[0.229s] -- Up-to-date: /home/lxf/ROS/11.Face_Recognition/install/face_interfaces/share/face_interfaces/cmake/ament_cmake_export_libraries-extras.cmake
[0.230s] -- Up-to-date: /home/lxf/ROS/11.Face_Recognition/install/face_interfaces/share/face_interfaces/cmake/ament_cmake_export_targets-extras.cmake
[0.230s] -- Up-to-date: /home/lxf/ROS/11.Face_Recognition/install/face_interfaces/share/face_interfaces/cmake/rosidl_cmake_export_typesupport_targets-extras.cmake
[0.230s] -- Up-to-date: /home/lxf/ROS/11.Face_Recognition/install/face_interfaces/share/face_interfaces/cmake/rosidl_cmake_export_typesupport_libraries-extras.cmake
[0.230s] -- Up-to-date: /home/lxf/ROS/11.Face_Recognition/install/face_interfaces/share/face_interfaces/cmake/face_interfacesConfig.cmake
[0.230s] -- Up-to-date: /home/lxf/ROS/11.Face_Recognition/install/face_interfaces/share/face_interfaces/cmake/face_interfacesConfig-version.cmake
[0.230s] -- Up-to-date: /home/lxf/ROS/11.Face_Recognition/install/face_interfaces/share/face_interfaces/package.xml
[0.230s] Invoked command in '/home/lxf/ROS/11.Face_Recognition/build/face_interfaces' returned '0': CMAKE_PREFIX_PATH=${CMAKE_PREFIX_PATH}:/home/lxf/ROS/11.Face_Recognition/install/demo_python_service:/opt/ros/humble /usr/bin/cmake --install /home/lxf/ROS/11.Face_Recognition/build/face_interfaces
