[0.006s] Invoking command in '/home/lxf/桌面/ROS/9.订阅Pose实现闭环控制/build/cpp_pose_topic': CMAKE_PREFIX_PATH=${CMAKE_PREFIX_PATH}:/opt/ros/humble /usr/bin/cmake /home/lxf/桌面/ROS/9.订阅Pose实现闭环控制/src/cpp_pose_topic -DCMAKE_INSTALL_PREFIX=/home/lxf/桌面/ROS/9.订阅Pose实现闭环控制/install/cpp_pose_topic
[0.013s] [0mCMake Deprecation Warning at CMakeLists.txt:1 (cmake_minimum_required):
[0.013s]   Compatibility with CMake < 3.10 will be removed from a future version of
[0.014s]   CMake.
[0.014s] 
[0.014s]   Update the VERSION argument <min> value.  Or, use the <min>...<max> syntax
[0.014s]   to tell CMake that the project requires at least <min> but has been updated
[0.014s]   to work with policies introduced by <max> or earlier.
[0.014s] 
[0.014s] [0m
[0.065s] -- The C compiler identification is GNU 11.4.0
[0.130s] -- The CXX compiler identification is GNU 11.4.0
[0.144s] -- Detecting C compiler ABI info
[0.240s] -- Detecting C compiler ABI info - done
[0.254s] -- Check for working C compiler: /usr/bin/cc - skipped
[0.254s] -- Detecting C compile features
[0.254s] -- Detecting C compile features - done
[0.265s] -- Detecting CXX compiler ABI info
[0.344s] -- Detecting CXX compiler ABI info - done
[0.362s] -- Check for working CXX compiler: /usr/bin/c++ - skipped
[0.362s] -- Detecting CXX compile features
[0.363s] -- Detecting CXX compile features - done
[0.375s] -- Found ament_cmake: 1.3.12 (/opt/ros/humble/share/ament_cmake/cmake)
[0.509s] -- Found Python3: /usr/bin/python3 (found version "3.10.12") found components: Interpreter
[0.572s] -- Found rclcpp: 16.0.15 (/opt/ros/humble/share/rclcpp/cmake)
[0.603s] -- Found rosidl_generator_c: 3.1.7 (/opt/ros/humble/share/rosidl_generator_c/cmake)
[0.606s] -- Found rosidl_adapter: 3.1.7 (/opt/ros/humble/share/rosidl_adapter/cmake)
[0.612s] -- Found rosidl_generator_cpp: 3.1.7 (/opt/ros/humble/share/rosidl_generator_cpp/cmake)
[0.621s] -- Using all available rosidl_typesupport_c: rosidl_typesupport_fastrtps_c;rosidl_typesupport_introspection_c
[0.633s] -- Using all available rosidl_typesupport_cpp: rosidl_typesupport_fastrtps_cpp;rosidl_typesupport_introspection_cpp
[0.669s] -- Found rmw_implementation_cmake: 6.1.2 (/opt/ros/humble/share/rmw_implementation_cmake/cmake)
[0.671s] -- Found rmw_fastrtps_cpp: 6.2.9 (/opt/ros/humble/share/rmw_fastrtps_cpp/cmake)
[0.769s] -- Found OpenSSL: /usr/lib/x86_64-linux-gnu/libcrypto.so (found version "3.0.2")
[0.820s] -- Found FastRTPS: /opt/ros/humble/include
[0.854s] -- Using RMW implementation 'rmw_fastrtps_cpp' as default
[0.863s] -- Performing Test CMAKE_HAVE_LIBC_PTHREAD
[0.943s] -- Performing Test CMAKE_HAVE_LIBC_PTHREAD - Success
[0.944s] -- Found Threads: TRUE
[0.997s] [31mCMake Error at CMakeLists.txt:11 (find_package):
[0.997s]   By not providing "Findgeometry.cmake" in CMAKE_MODULE_PATH this project has
[0.997s]   asked CMake to find a package configuration file provided by "geometry",
[0.997s]   but CMake did not find one.
[0.997s] 
[0.997s]   Could not find a package configuration file provided by "geometry" with any
[0.997s]   of the following names:
[0.997s] 
[0.998s]     geometryConfig.cmake
[0.998s]     geometry-config.cmake
[0.998s] 
[0.998s]   Add the installation prefix of "geometry" to CMAKE_PREFIX_PATH or set
[0.998s]   "geometry_DIR" to a directory containing one of the above files.  If
[0.998s]   "geometry" provides a separate development package or SDK, be sure it has
[0.998s]   been installed.
[0.998s] 
[0.998s] [0m
[0.998s] -- Configuring incomplete, errors occurred!
[1.004s] Invoked command in '/home/lxf/桌面/ROS/9.订阅Pose实现闭环控制/build/cpp_pose_topic' returned '1': CMAKE_PREFIX_PATH=${CMAKE_PREFIX_PATH}:/opt/ros/humble /usr/bin/cmake /home/lxf/桌面/ROS/9.订阅Pose实现闭环控制/src/cpp_pose_topic -DCMAKE_INSTALL_PREFIX=/home/lxf/桌面/ROS/9.订阅Pose实现闭环控制/install/cpp_pose_topic
