[2.136s] DEBUG:colcon:Command line arguments: ['/usr/bin/colcon', 'build']
[2.136s] DEBUG:colcon:Parsed command line arguments: Namespace(log_base=None, log_level=None, verb_name='build', build_base='build', install_base='install', merge_install=False, symlink_install=False, test_result_base=None, continue_on_error=False, executor='parallel', parallel_workers=16, event_handlers=None, ignore_user_meta=False, metas=['./colcon.meta'], base_paths=['.'], packages_ignore=None, packages_ignore_regex=None, paths=None, packages_up_to=None, packages_up_to_regex=None, packages_above=None, packages_above_and_dependencies=None, packages_above_depth=None, packages_select_by_dep=None, packages_skip_by_dep=None, packages_skip_up_to=None, packages_select_build_failed=False, packages_skip_build_finished=False, packages_select_test_failures=False, packages_skip_test_passed=False, packages_select=None, packages_skip=None, packages_select_regex=None, packages_skip_regex=None, packages_start=None, packages_end=None, allow_overriding=[], cmake_args=None, cmake_target=None, cmake_target_skip_unavailable=False, cmake_clean_cache=False, cmake_clean_first=False, cmake_force_configure=False, ament_cmake_args=None, catkin_cmake_args=None, catkin_skip_building_tests=False, verb_parser=<colcon_defaults.argument_parser.defaults.DefaultArgumentsDecorator object at 0x7bd7f6e740a0>, verb_extension=<colcon_core.verb.build.BuildVerb object at 0x7bd7f6f71b70>, main=<bound method BuildVerb.main of <colcon_core.verb.build.BuildVerb object at 0x7bd7f6f71b70>>)
[2.847s] Level 1:colcon.colcon_core.package_discovery:discover_packages(colcon_meta) check parameters
[2.848s] Level 1:colcon.colcon_core.package_discovery:discover_packages(recursive) check parameters
[2.848s] Level 1:colcon.colcon_core.package_discovery:discover_packages(ignore) check parameters
[2.848s] Level 1:colcon.colcon_core.package_discovery:discover_packages(path) check parameters
[2.848s] Level 1:colcon.colcon_core.package_discovery:discover_packages(colcon_meta) discover
[2.848s] Level 1:colcon.colcon_core.package_discovery:discover_packages(recursive) discover
[2.848s] INFO:colcon.colcon_core.package_discovery:Crawling recursively for packages in '/home/lxf/桌面/ROS/8.海龟控制画园'
[2.848s] Level 1:colcon.colcon_core.package_identification:_identify(.) by extensions ['ignore', 'ignore_ament_install']
[2.849s] Level 1:colcon.colcon_core.package_identification:_identify(.) by extension 'ignore'
[2.849s] Level 1:colcon.colcon_core.package_identification:_identify(.) by extension 'ignore_ament_install'
[2.849s] Level 1:colcon.colcon_core.package_identification:_identify(.) by extensions ['colcon_pkg']
[2.849s] Level 1:colcon.colcon_core.package_identification:_identify(.) by extension 'colcon_pkg'
[2.849s] Level 1:colcon.colcon_core.package_identification:_identify(.) by extensions ['colcon_meta']
[2.849s] Level 1:colcon.colcon_core.package_identification:_identify(.) by extension 'colcon_meta'
[2.849s] Level 1:colcon.colcon_core.package_identification:_identify(.) by extensions ['ros']
[2.849s] Level 1:colcon.colcon_core.package_identification:_identify(.) by extension 'ros'
[2.883s] Level 1:colcon.colcon_core.package_identification:_identify(.) by extensions ['cmake', 'python']
[2.883s] Level 1:colcon.colcon_core.package_identification:_identify(.) by extension 'cmake'
[2.883s] Level 1:colcon.colcon_core.package_identification:_identify(.) by extension 'python'
[2.884s] Level 1:colcon.colcon_core.package_identification:_identify(.) by extensions ['python_setup_py']
[2.884s] Level 1:colcon.colcon_core.package_identification:_identify(.) by extension 'python_setup_py'
[2.884s] Level 1:colcon.colcon_core.package_identification:_identify(build) by extensions ['ignore', 'ignore_ament_install']
[2.884s] Level 1:colcon.colcon_core.package_identification:_identify(build) by extension 'ignore'
[2.884s] Level 1:colcon.colcon_core.package_identification:_identify(build) ignored
[2.884s] Level 1:colcon.colcon_core.package_identification:_identify(cpp_topic) by extensions ['ignore', 'ignore_ament_install']
[2.884s] Level 1:colcon.colcon_core.package_identification:_identify(cpp_topic) by extension 'ignore'
[2.884s] Level 1:colcon.colcon_core.package_identification:_identify(cpp_topic) by extension 'ignore_ament_install'
[2.884s] Level 1:colcon.colcon_core.package_identification:_identify(cpp_topic) by extensions ['colcon_pkg']
[2.884s] Level 1:colcon.colcon_core.package_identification:_identify(cpp_topic) by extension 'colcon_pkg'
[2.884s] Level 1:colcon.colcon_core.package_identification:_identify(cpp_topic) by extensions ['colcon_meta']
[2.884s] Level 1:colcon.colcon_core.package_identification:_identify(cpp_topic) by extension 'colcon_meta'
[2.884s] Level 1:colcon.colcon_core.package_identification:_identify(cpp_topic) by extensions ['ros']
[2.884s] Level 1:colcon.colcon_core.package_identification:_identify(cpp_topic) by extension 'ros'
[2.910s] DEBUG:colcon.colcon_core.package_identification:Package 'cpp_topic' with type 'ros.ament_cmake' and name 'cpp_topic'
[2.910s] Level 1:colcon.colcon_core.package_identification:_identify(install) by extensions ['ignore', 'ignore_ament_install']
[2.910s] Level 1:colcon.colcon_core.package_identification:_identify(install) by extension 'ignore'
[2.910s] Level 1:colcon.colcon_core.package_identification:_identify(install) ignored
[2.910s] Level 1:colcon.colcon_core.package_identification:_identify(log) by extensions ['ignore', 'ignore_ament_install']
[2.911s] Level 1:colcon.colcon_core.package_identification:_identify(log) by extension 'ignore'
[2.911s] Level 1:colcon.colcon_core.package_identification:_identify(log) ignored
[2.911s] Level 1:colcon.colcon_core.package_discovery:discover_packages(recursive) using defaults
[2.911s] Level 1:colcon.colcon_core.package_discovery:discover_packages(ignore) discover
[2.911s] Level 1:colcon.colcon_core.package_discovery:discover_packages(ignore) using defaults
[2.911s] Level 1:colcon.colcon_core.package_discovery:discover_packages(path) discover
[2.911s] Level 1:colcon.colcon_core.package_discovery:discover_packages(path) using defaults
[3.010s] Level 1:colcon.colcon_core.package_discovery:discover_packages(prefix_path) check parameters
[3.010s] Level 1:colcon.colcon_core.package_discovery:discover_packages(prefix_path) discover
[3.023s] DEBUG:colcon.colcon_installed_package_information.package_discovery:Found 271 installed packages in /opt/ros/humble
[3.025s] Level 1:colcon.colcon_core.package_discovery:discover_packages(prefix_path) using defaults
[3.081s] Level 5:colcon.colcon_core.verb:set package 'cpp_topic' build argument 'cmake_args' from command line to 'None'
[3.082s] Level 5:colcon.colcon_core.verb:set package 'cpp_topic' build argument 'cmake_target' from command line to 'None'
[3.082s] Level 5:colcon.colcon_core.verb:set package 'cpp_topic' build argument 'cmake_target_skip_unavailable' from command line to 'False'
[3.082s] Level 5:colcon.colcon_core.verb:set package 'cpp_topic' build argument 'cmake_clean_cache' from command line to 'False'
[3.082s] Level 5:colcon.colcon_core.verb:set package 'cpp_topic' build argument 'cmake_clean_first' from command line to 'False'
[3.082s] Level 5:colcon.colcon_core.verb:set package 'cpp_topic' build argument 'cmake_force_configure' from command line to 'False'
[3.082s] Level 5:colcon.colcon_core.verb:set package 'cpp_topic' build argument 'ament_cmake_args' from command line to 'None'
[3.082s] Level 5:colcon.colcon_core.verb:set package 'cpp_topic' build argument 'catkin_cmake_args' from command line to 'None'
[3.082s] Level 5:colcon.colcon_core.verb:set package 'cpp_topic' build argument 'catkin_skip_building_tests' from command line to 'False'
[3.082s] DEBUG:colcon.colcon_core.verb:Building package 'cpp_topic' with the following arguments: {'ament_cmake_args': None, 'build_base': '/home/lxf/桌面/ROS/8.海龟控制画园/build/cpp_topic', 'catkin_cmake_args': None, 'catkin_skip_building_tests': False, 'cmake_args': None, 'cmake_clean_cache': False, 'cmake_clean_first': False, 'cmake_force_configure': False, 'cmake_target': None, 'cmake_target_skip_unavailable': False, 'install_base': '/home/lxf/桌面/ROS/8.海龟控制画园/install/cpp_topic', 'merge_install': False, 'path': '/home/lxf/桌面/ROS/8.海龟控制画园/cpp_topic', 'symlink_install': False, 'test_result_base': None}
[3.082s] INFO:colcon.colcon_core.executor:Executing jobs using 'parallel' executor
[3.083s] DEBUG:colcon.colcon_parallel_executor.executor.parallel:run_until_complete
[3.084s] INFO:colcon.colcon_ros.task.ament_cmake.build:Building ROS package in '/home/lxf/桌面/ROS/8.海龟控制画园/cpp_topic' with build type 'ament_cmake'
[3.084s] INFO:colcon.colcon_cmake.task.cmake.build:Building CMake package in '/home/lxf/桌面/ROS/8.海龟控制画园/cpp_topic'
[3.114s] INFO:colcon.colcon_core.plugin_system:Skipping extension 'colcon_core.shell.bat': Not used on non-Windows systems
[3.115s] INFO:colcon.colcon_core.shell:Skip shell extension 'powershell' for command environment: Not usable outside of PowerShell
[3.115s] DEBUG:colcon.colcon_core.shell:Skip shell extension 'dsv' for command environment
[3.134s] DEBUG:colcon.colcon_core.event_handler.log_command:Invoking command in '/home/lxf/桌面/ROS/8.海龟控制画园/build/cpp_topic': CMAKE_PREFIX_PATH=/opt/ros/humble /usr/bin/cmake --build /home/lxf/桌面/ROS/8.海龟控制画园/build/cpp_topic -- -j16 -l16
[10.209s] DEBUG:colcon.colcon_core.event_handler.log_command:Invoked command in '/home/lxf/桌面/ROS/8.海龟控制画园/build/cpp_topic' returned '0': CMAKE_PREFIX_PATH=/opt/ros/humble /usr/bin/cmake --build /home/lxf/桌面/ROS/8.海龟控制画园/build/cpp_topic -- -j16 -l16
[10.216s] DEBUG:colcon.colcon_core.event_handler.log_command:Invoking command in '/home/lxf/桌面/ROS/8.海龟控制画园/build/cpp_topic': CMAKE_PREFIX_PATH=/opt/ros/humble /usr/bin/cmake --install /home/lxf/桌面/ROS/8.海龟控制画园/build/cpp_topic
[10.224s] Level 1:colcon.colcon_core.environment:create_environment_scripts_only(cpp_topic)
[10.225s] DEBUG:colcon.colcon_core.event_handler.log_command:Invoked command in '/home/lxf/桌面/ROS/8.海龟控制画园/build/cpp_topic' returned '0': CMAKE_PREFIX_PATH=/opt/ros/humble /usr/bin/cmake --install /home/lxf/桌面/ROS/8.海龟控制画园/build/cpp_topic
[10.266s] Level 1:colcon.colcon_core.environment:checking '/home/lxf/桌面/ROS/8.海龟控制画园/install/cpp_topic' for CMake module files
[10.267s] Level 1:colcon.colcon_core.environment:checking '/home/lxf/桌面/ROS/8.海龟控制画园/install/cpp_topic' for CMake config files
[10.268s] Level 1:colcon.colcon_core.shell:create_environment_hook('cpp_topic', 'cmake_prefix_path')
[10.268s] INFO:colcon.colcon_core.shell:Creating environment hook '/home/lxf/桌面/ROS/8.海龟控制画园/install/cpp_topic/share/cpp_topic/hook/cmake_prefix_path.ps1'
[10.270s] INFO:colcon.colcon_core.shell:Creating environment descriptor '/home/lxf/桌面/ROS/8.海龟控制画园/install/cpp_topic/share/cpp_topic/hook/cmake_prefix_path.dsv'
[10.273s] INFO:colcon.colcon_core.shell:Creating environment hook '/home/lxf/桌面/ROS/8.海龟控制画园/install/cpp_topic/share/cpp_topic/hook/cmake_prefix_path.sh'
[10.278s] Level 1:colcon.colcon_core.environment:checking '/home/lxf/桌面/ROS/8.海龟控制画园/install/cpp_topic/lib'
[10.278s] Level 1:colcon.colcon_core.environment:checking '/home/lxf/桌面/ROS/8.海龟控制画园/install/cpp_topic/bin'
[10.279s] Level 1:colcon.colcon_core.environment:checking '/home/lxf/桌面/ROS/8.海龟控制画园/install/cpp_topic/lib/pkgconfig/cpp_topic.pc'
[10.279s] Level 1:colcon.colcon_core.environment:checking '/home/lxf/桌面/ROS/8.海龟控制画园/install/cpp_topic/lib/python3.10/site-packages'
[10.279s] Level 1:colcon.colcon_core.environment:checking '/home/lxf/桌面/ROS/8.海龟控制画园/install/cpp_topic/bin'
[10.280s] INFO:colcon.colcon_core.shell:Creating package script '/home/lxf/桌面/ROS/8.海龟控制画园/install/cpp_topic/share/cpp_topic/package.ps1'
[10.282s] INFO:colcon.colcon_core.shell:Creating package descriptor '/home/lxf/桌面/ROS/8.海龟控制画园/install/cpp_topic/share/cpp_topic/package.dsv'
[10.286s] INFO:colcon.colcon_core.shell:Creating package script '/home/lxf/桌面/ROS/8.海龟控制画园/install/cpp_topic/share/cpp_topic/package.sh'
[10.291s] INFO:colcon.colcon_core.shell:Creating package script '/home/lxf/桌面/ROS/8.海龟控制画园/install/cpp_topic/share/cpp_topic/package.bash'
[10.295s] INFO:colcon.colcon_core.shell:Creating package script '/home/lxf/桌面/ROS/8.海龟控制画园/install/cpp_topic/share/cpp_topic/package.zsh'
[10.299s] Level 1:colcon.colcon_core.environment:create_file_with_runtime_dependencies(/home/lxf/桌面/ROS/8.海龟控制画园/install/cpp_topic/share/colcon-core/packages/cpp_topic)
[10.300s] Level 1:colcon.colcon_core.environment:create_environment_scripts_only(cpp_topic)
[10.300s] Level 1:colcon.colcon_core.environment:checking '/home/lxf/桌面/ROS/8.海龟控制画园/install/cpp_topic' for CMake module files
[10.301s] Level 1:colcon.colcon_core.environment:checking '/home/lxf/桌面/ROS/8.海龟控制画园/install/cpp_topic' for CMake config files
[10.301s] Level 1:colcon.colcon_core.shell:create_environment_hook('cpp_topic', 'cmake_prefix_path')
[10.302s] INFO:colcon.colcon_core.shell:Creating environment hook '/home/lxf/桌面/ROS/8.海龟控制画园/install/cpp_topic/share/cpp_topic/hook/cmake_prefix_path.ps1'
[10.303s] INFO:colcon.colcon_core.shell:Creating environment descriptor '/home/lxf/桌面/ROS/8.海龟控制画园/install/cpp_topic/share/cpp_topic/hook/cmake_prefix_path.dsv'
[10.303s] INFO:colcon.colcon_core.shell:Creating environment hook '/home/lxf/桌面/ROS/8.海龟控制画园/install/cpp_topic/share/cpp_topic/hook/cmake_prefix_path.sh'
[10.304s] Level 1:colcon.colcon_core.environment:checking '/home/lxf/桌面/ROS/8.海龟控制画园/install/cpp_topic/lib'
[10.304s] Level 1:colcon.colcon_core.environment:checking '/home/lxf/桌面/ROS/8.海龟控制画园/install/cpp_topic/bin'
[10.304s] Level 1:colcon.colcon_core.environment:checking '/home/lxf/桌面/ROS/8.海龟控制画园/install/cpp_topic/lib/pkgconfig/cpp_topic.pc'
[10.304s] Level 1:colcon.colcon_core.environment:checking '/home/lxf/桌面/ROS/8.海龟控制画园/install/cpp_topic/lib/python3.10/site-packages'
[10.305s] Level 1:colcon.colcon_core.environment:checking '/home/lxf/桌面/ROS/8.海龟控制画园/install/cpp_topic/bin'
[10.305s] INFO:colcon.colcon_core.shell:Creating package script '/home/lxf/桌面/ROS/8.海龟控制画园/install/cpp_topic/share/cpp_topic/package.ps1'
[10.306s] INFO:colcon.colcon_core.shell:Creating package descriptor '/home/lxf/桌面/ROS/8.海龟控制画园/install/cpp_topic/share/cpp_topic/package.dsv'
[10.307s] INFO:colcon.colcon_core.shell:Creating package script '/home/lxf/桌面/ROS/8.海龟控制画园/install/cpp_topic/share/cpp_topic/package.sh'
[10.307s] INFO:colcon.colcon_core.shell:Creating package script '/home/lxf/桌面/ROS/8.海龟控制画园/install/cpp_topic/share/cpp_topic/package.bash'
[10.308s] INFO:colcon.colcon_core.shell:Creating package script '/home/lxf/桌面/ROS/8.海龟控制画园/install/cpp_topic/share/cpp_topic/package.zsh'
[10.308s] Level 1:colcon.colcon_core.environment:create_file_with_runtime_dependencies(/home/lxf/桌面/ROS/8.海龟控制画园/install/cpp_topic/share/colcon-core/packages/cpp_topic)
[10.309s] DEBUG:colcon.colcon_parallel_executor.executor.parallel:closing loop
[10.309s] DEBUG:colcon.colcon_parallel_executor.executor.parallel:loop closed
[10.309s] DEBUG:colcon.colcon_parallel_executor.executor.parallel:run_until_complete finished with '0'
[10.309s] DEBUG:colcon.colcon_core.event_reactor:joining thread
[10.327s] INFO:colcon.colcon_core.plugin_system:Skipping extension 'colcon_notification.desktop_notification.terminal_notifier': Not used on non-Darwin systems
[10.327s] INFO:colcon.colcon_core.plugin_system:Skipping extension 'colcon_notification.desktop_notification.win32': Not used on non-Windows systems
[10.327s] INFO:colcon.colcon_notification.desktop_notification:Sending desktop notification using 'notify2'
[10.358s] DEBUG:colcon.colcon_core.event_reactor:joined thread
[10.359s] INFO:colcon.colcon_core.shell:Creating prefix script '/home/lxf/桌面/ROS/8.海龟控制画园/install/local_setup.ps1'
[10.364s] INFO:colcon.colcon_core.shell:Creating prefix util module '/home/lxf/桌面/ROS/8.海龟控制画园/install/_local_setup_util_ps1.py'
[10.369s] INFO:colcon.colcon_core.shell:Creating prefix chain script '/home/lxf/桌面/ROS/8.海龟控制画园/install/setup.ps1'
[10.373s] INFO:colcon.colcon_core.shell:Creating prefix script '/home/lxf/桌面/ROS/8.海龟控制画园/install/local_setup.sh'
[10.378s] INFO:colcon.colcon_core.shell:Creating prefix util module '/home/lxf/桌面/ROS/8.海龟控制画园/install/_local_setup_util_sh.py'
[10.379s] INFO:colcon.colcon_core.shell:Creating prefix chain script '/home/lxf/桌面/ROS/8.海龟控制画园/install/setup.sh'
[10.383s] INFO:colcon.colcon_core.shell:Creating prefix script '/home/lxf/桌面/ROS/8.海龟控制画园/install/local_setup.bash'
[10.387s] INFO:colcon.colcon_core.shell:Creating prefix chain script '/home/lxf/桌面/ROS/8.海龟控制画园/install/setup.bash'
[10.392s] INFO:colcon.colcon_core.shell:Creating prefix script '/home/lxf/桌面/ROS/8.海龟控制画园/install/local_setup.zsh'
[10.396s] INFO:colcon.colcon_core.shell:Creating prefix chain script '/home/lxf/桌面/ROS/8.海龟控制画园/install/setup.zsh'
