[0.086s] DEBUG:colcon:Command line arguments: ['/usr/bin/colcon', 'build']
[0.086s] DEBUG:colcon:Parsed command line arguments: Namespace(log_base=None, log_level=None, verb_name='build', build_base='build', install_base='install', merge_install=False, symlink_install=False, test_result_base=None, continue_on_error=False, executor='parallel', parallel_workers=16, event_handlers=None, ignore_user_meta=False, metas=['./colcon.meta'], base_paths=['.'], packages_ignore=None, packages_ignore_regex=None, paths=None, packages_up_to=None, packages_up_to_regex=None, packages_above=None, packages_above_and_dependencies=None, packages_above_depth=None, packages_select_by_dep=None, packages_skip_by_dep=None, packages_skip_up_to=None, packages_select_build_failed=False, packages_skip_build_finished=False, packages_select_test_failures=False, packages_skip_test_passed=False, packages_select=None, packages_skip=None, packages_select_regex=None, packages_skip_regex=None, packages_start=None, packages_end=None, allow_overriding=[], cmake_args=None, cmake_target=None, cmake_target_skip_unavailable=False, cmake_clean_cache=False, cmake_clean_first=False, cmake_force_configure=False, ament_cmake_args=None, catkin_cmake_args=None, catkin_skip_building_tests=False, verb_parser=<colcon_defaults.argument_parser.defaults.DefaultArgumentsDecorator object at 0x7ac9e64680a0>, verb_extension=<colcon_core.verb.build.BuildVerb object at 0x7ac9e6561b70>, main=<bound method BuildVerb.main of <colcon_core.verb.build.BuildVerb object at 0x7ac9e6561b70>>)
[0.181s] Level 1:colcon.colcon_core.package_discovery:discover_packages(colcon_meta) check parameters
[0.181s] Level 1:colcon.colcon_core.package_discovery:discover_packages(recursive) check parameters
[0.181s] Level 1:colcon.colcon_core.package_discovery:discover_packages(ignore) check parameters
[0.182s] Level 1:colcon.colcon_core.package_discovery:discover_packages(path) check parameters
[0.182s] Level 1:colcon.colcon_core.package_discovery:discover_packages(colcon_meta) discover
[0.182s] Level 1:colcon.colcon_core.package_discovery:discover_packages(recursive) discover
[0.182s] INFO:colcon.colcon_core.package_discovery:Crawling recursively for packages in '/home/lxf/桌面/ROS/9.订阅Pose实现闭环控制'
[0.182s] Level 1:colcon.colcon_core.package_identification:_identify(.) by extensions ['ignore', 'ignore_ament_install']
[0.182s] Level 1:colcon.colcon_core.package_identification:_identify(.) by extension 'ignore'
[0.182s] Level 1:colcon.colcon_core.package_identification:_identify(.) by extension 'ignore_ament_install'
[0.182s] Level 1:colcon.colcon_core.package_identification:_identify(.) by extensions ['colcon_pkg']
[0.182s] Level 1:colcon.colcon_core.package_identification:_identify(.) by extension 'colcon_pkg'
[0.182s] Level 1:colcon.colcon_core.package_identification:_identify(.) by extensions ['colcon_meta']
[0.182s] Level 1:colcon.colcon_core.package_identification:_identify(.) by extension 'colcon_meta'
[0.182s] Level 1:colcon.colcon_core.package_identification:_identify(.) by extensions ['ros']
[0.182s] Level 1:colcon.colcon_core.package_identification:_identify(.) by extension 'ros'
[0.198s] Level 1:colcon.colcon_core.package_identification:_identify(.) by extensions ['cmake', 'python']
[0.198s] Level 1:colcon.colcon_core.package_identification:_identify(.) by extension 'cmake'
[0.198s] Level 1:colcon.colcon_core.package_identification:_identify(.) by extension 'python'
[0.198s] Level 1:colcon.colcon_core.package_identification:_identify(.) by extensions ['python_setup_py']
[0.198s] Level 1:colcon.colcon_core.package_identification:_identify(.) by extension 'python_setup_py'
[0.198s] Level 1:colcon.colcon_core.package_identification:_identify(build) by extensions ['ignore', 'ignore_ament_install']
[0.198s] Level 1:colcon.colcon_core.package_identification:_identify(build) by extension 'ignore'
[0.198s] Level 1:colcon.colcon_core.package_identification:_identify(build) ignored
[0.198s] Level 1:colcon.colcon_core.package_identification:_identify(install) by extensions ['ignore', 'ignore_ament_install']
[0.198s] Level 1:colcon.colcon_core.package_identification:_identify(install) by extension 'ignore'
[0.198s] Level 1:colcon.colcon_core.package_identification:_identify(install) ignored
[0.198s] Level 1:colcon.colcon_core.package_identification:_identify(log) by extensions ['ignore', 'ignore_ament_install']
[0.199s] Level 1:colcon.colcon_core.package_identification:_identify(log) by extension 'ignore'
[0.199s] Level 1:colcon.colcon_core.package_identification:_identify(log) ignored
[0.199s] Level 1:colcon.colcon_core.package_identification:_identify(src) by extensions ['ignore', 'ignore_ament_install']
[0.199s] Level 1:colcon.colcon_core.package_identification:_identify(src) by extension 'ignore'
[0.199s] Level 1:colcon.colcon_core.package_identification:_identify(src) by extension 'ignore_ament_install'
[0.199s] Level 1:colcon.colcon_core.package_identification:_identify(src) by extensions ['colcon_pkg']
[0.199s] Level 1:colcon.colcon_core.package_identification:_identify(src) by extension 'colcon_pkg'
[0.199s] Level 1:colcon.colcon_core.package_identification:_identify(src) by extensions ['colcon_meta']
[0.199s] Level 1:colcon.colcon_core.package_identification:_identify(src) by extension 'colcon_meta'
[0.199s] Level 1:colcon.colcon_core.package_identification:_identify(src) by extensions ['ros']
[0.199s] Level 1:colcon.colcon_core.package_identification:_identify(src) by extension 'ros'
[0.199s] Level 1:colcon.colcon_core.package_identification:_identify(src) by extensions ['cmake', 'python']
[0.199s] Level 1:colcon.colcon_core.package_identification:_identify(src) by extension 'cmake'
[0.199s] Level 1:colcon.colcon_core.package_identification:_identify(src) by extension 'python'
[0.199s] Level 1:colcon.colcon_core.package_identification:_identify(src) by extensions ['python_setup_py']
[0.199s] Level 1:colcon.colcon_core.package_identification:_identify(src) by extension 'python_setup_py'
[0.199s] Level 1:colcon.colcon_core.package_identification:_identify(src/cpp_pose_topic) by extensions ['ignore', 'ignore_ament_install']
[0.199s] Level 1:colcon.colcon_core.package_identification:_identify(src/cpp_pose_topic) by extension 'ignore'
[0.199s] Level 1:colcon.colcon_core.package_identification:_identify(src/cpp_pose_topic) by extension 'ignore_ament_install'
[0.199s] Level 1:colcon.colcon_core.package_identification:_identify(src/cpp_pose_topic) by extensions ['colcon_pkg']
[0.199s] Level 1:colcon.colcon_core.package_identification:_identify(src/cpp_pose_topic) by extension 'colcon_pkg'
[0.199s] Level 1:colcon.colcon_core.package_identification:_identify(src/cpp_pose_topic) by extensions ['colcon_meta']
[0.199s] Level 1:colcon.colcon_core.package_identification:_identify(src/cpp_pose_topic) by extension 'colcon_meta'
[0.199s] Level 1:colcon.colcon_core.package_identification:_identify(src/cpp_pose_topic) by extensions ['ros']
[0.199s] Level 1:colcon.colcon_core.package_identification:_identify(src/cpp_pose_topic) by extension 'ros'
[0.207s] DEBUG:colcon.colcon_core.package_identification:Package 'src/cpp_pose_topic' with type 'ros.ament_cmake' and name 'cpp_pose_topic'
[0.207s] Level 1:colcon.colcon_core.package_discovery:discover_packages(recursive) using defaults
[0.207s] Level 1:colcon.colcon_core.package_discovery:discover_packages(ignore) discover
[0.207s] Level 1:colcon.colcon_core.package_discovery:discover_packages(ignore) using defaults
[0.207s] Level 1:colcon.colcon_core.package_discovery:discover_packages(path) discover
[0.207s] Level 1:colcon.colcon_core.package_discovery:discover_packages(path) using defaults
[0.219s] Level 1:colcon.colcon_core.package_discovery:discover_packages(prefix_path) check parameters
[0.219s] Level 1:colcon.colcon_core.package_discovery:discover_packages(prefix_path) discover
[0.220s] DEBUG:colcon.colcon_installed_package_information.package_discovery:Found 271 installed packages in /opt/ros/humble
[0.221s] Level 1:colcon.colcon_core.package_discovery:discover_packages(prefix_path) using defaults
[0.242s] Level 5:colcon.colcon_core.verb:set package 'cpp_pose_topic' build argument 'cmake_args' from command line to 'None'
[0.242s] Level 5:colcon.colcon_core.verb:set package 'cpp_pose_topic' build argument 'cmake_target' from command line to 'None'
[0.242s] Level 5:colcon.colcon_core.verb:set package 'cpp_pose_topic' build argument 'cmake_target_skip_unavailable' from command line to 'False'
[0.242s] Level 5:colcon.colcon_core.verb:set package 'cpp_pose_topic' build argument 'cmake_clean_cache' from command line to 'False'
[0.242s] Level 5:colcon.colcon_core.verb:set package 'cpp_pose_topic' build argument 'cmake_clean_first' from command line to 'False'
[0.242s] Level 5:colcon.colcon_core.verb:set package 'cpp_pose_topic' build argument 'cmake_force_configure' from command line to 'False'
[0.242s] Level 5:colcon.colcon_core.verb:set package 'cpp_pose_topic' build argument 'ament_cmake_args' from command line to 'None'
[0.242s] Level 5:colcon.colcon_core.verb:set package 'cpp_pose_topic' build argument 'catkin_cmake_args' from command line to 'None'
[0.242s] Level 5:colcon.colcon_core.verb:set package 'cpp_pose_topic' build argument 'catkin_skip_building_tests' from command line to 'False'
[0.242s] DEBUG:colcon.colcon_core.verb:Building package 'cpp_pose_topic' with the following arguments: {'ament_cmake_args': None, 'build_base': '/home/lxf/桌面/ROS/9.订阅Pose实现闭环控制/build/cpp_pose_topic', 'catkin_cmake_args': None, 'catkin_skip_building_tests': False, 'cmake_args': None, 'cmake_clean_cache': False, 'cmake_clean_first': False, 'cmake_force_configure': False, 'cmake_target': None, 'cmake_target_skip_unavailable': False, 'install_base': '/home/lxf/桌面/ROS/9.订阅Pose实现闭环控制/install/cpp_pose_topic', 'merge_install': False, 'path': '/home/lxf/桌面/ROS/9.订阅Pose实现闭环控制/src/cpp_pose_topic', 'symlink_install': False, 'test_result_base': None}
[0.242s] INFO:colcon.colcon_core.executor:Executing jobs using 'parallel' executor
[0.243s] DEBUG:colcon.colcon_parallel_executor.executor.parallel:run_until_complete
[0.243s] INFO:colcon.colcon_ros.task.ament_cmake.build:Building ROS package in '/home/lxf/桌面/ROS/9.订阅Pose实现闭环控制/src/cpp_pose_topic' with build type 'ament_cmake'
[0.244s] INFO:colcon.colcon_cmake.task.cmake.build:Building CMake package in '/home/lxf/桌面/ROS/9.订阅Pose实现闭环控制/src/cpp_pose_topic'
[0.245s] INFO:colcon.colcon_core.plugin_system:Skipping extension 'colcon_core.shell.bat': Not used on non-Windows systems
[0.245s] INFO:colcon.colcon_core.shell:Skip shell extension 'powershell' for command environment: Not usable outside of PowerShell
[0.245s] DEBUG:colcon.colcon_core.shell:Skip shell extension 'dsv' for command environment
[0.252s] DEBUG:colcon.colcon_core.event_handler.log_command:Invoking command in '/home/lxf/桌面/ROS/9.订阅Pose实现闭环控制/build/cpp_pose_topic': CMAKE_PREFIX_PATH=/opt/ros/humble /usr/bin/cmake --build /home/lxf/桌面/ROS/9.订阅Pose实现闭环控制/build/cpp_pose_topic -- -j16 -l16
[6.161s] DEBUG:colcon.colcon_core.event_handler.log_command:Invoked command in '/home/lxf/桌面/ROS/9.订阅Pose实现闭环控制/build/cpp_pose_topic' returned '0': CMAKE_PREFIX_PATH=/opt/ros/humble /usr/bin/cmake --build /home/lxf/桌面/ROS/9.订阅Pose实现闭环控制/build/cpp_pose_topic -- -j16 -l16
[6.168s] DEBUG:colcon.colcon_core.event_handler.log_command:Invoking command in '/home/lxf/桌面/ROS/9.订阅Pose实现闭环控制/build/cpp_pose_topic': CMAKE_PREFIX_PATH=/opt/ros/humble /usr/bin/cmake --install /home/lxf/桌面/ROS/9.订阅Pose实现闭环控制/build/cpp_pose_topic
[6.192s] Level 1:colcon.colcon_core.environment:create_environment_scripts_only(cpp_pose_topic)
[6.192s] DEBUG:colcon.colcon_core.event_handler.log_command:Invoked command in '/home/lxf/桌面/ROS/9.订阅Pose实现闭环控制/build/cpp_pose_topic' returned '0': CMAKE_PREFIX_PATH=/opt/ros/humble /usr/bin/cmake --install /home/lxf/桌面/ROS/9.订阅Pose实现闭环控制/build/cpp_pose_topic
[6.194s] Level 1:colcon.colcon_core.environment:checking '/home/lxf/桌面/ROS/9.订阅Pose实现闭环控制/install/cpp_pose_topic' for CMake module files
[6.195s] Level 1:colcon.colcon_core.environment:checking '/home/lxf/桌面/ROS/9.订阅Pose实现闭环控制/install/cpp_pose_topic' for CMake config files
[6.195s] Level 1:colcon.colcon_core.shell:create_environment_hook('cpp_pose_topic', 'cmake_prefix_path')
[6.196s] INFO:colcon.colcon_core.shell:Creating environment hook '/home/lxf/桌面/ROS/9.订阅Pose实现闭环控制/install/cpp_pose_topic/share/cpp_pose_topic/hook/cmake_prefix_path.ps1'
[6.198s] INFO:colcon.colcon_core.shell:Creating environment descriptor '/home/lxf/桌面/ROS/9.订阅Pose实现闭环控制/install/cpp_pose_topic/share/cpp_pose_topic/hook/cmake_prefix_path.dsv'
[6.199s] INFO:colcon.colcon_core.shell:Creating environment hook '/home/lxf/桌面/ROS/9.订阅Pose实现闭环控制/install/cpp_pose_topic/share/cpp_pose_topic/hook/cmake_prefix_path.sh'
[6.202s] Level 1:colcon.colcon_core.environment:checking '/home/lxf/桌面/ROS/9.订阅Pose实现闭环控制/install/cpp_pose_topic/lib'
[6.202s] Level 1:colcon.colcon_core.environment:checking '/home/lxf/桌面/ROS/9.订阅Pose实现闭环控制/install/cpp_pose_topic/bin'
[6.203s] Level 1:colcon.colcon_core.environment:checking '/home/lxf/桌面/ROS/9.订阅Pose实现闭环控制/install/cpp_pose_topic/lib/pkgconfig/cpp_pose_topic.pc'
[6.203s] Level 1:colcon.colcon_core.environment:checking '/home/lxf/桌面/ROS/9.订阅Pose实现闭环控制/install/cpp_pose_topic/lib/python3.10/site-packages'
[6.204s] Level 1:colcon.colcon_core.environment:checking '/home/lxf/桌面/ROS/9.订阅Pose实现闭环控制/install/cpp_pose_topic/bin'
[6.205s] INFO:colcon.colcon_core.shell:Creating package script '/home/lxf/桌面/ROS/9.订阅Pose实现闭环控制/install/cpp_pose_topic/share/cpp_pose_topic/package.ps1'
[6.206s] INFO:colcon.colcon_core.shell:Creating package descriptor '/home/lxf/桌面/ROS/9.订阅Pose实现闭环控制/install/cpp_pose_topic/share/cpp_pose_topic/package.dsv'
[6.207s] INFO:colcon.colcon_core.shell:Creating package script '/home/lxf/桌面/ROS/9.订阅Pose实现闭环控制/install/cpp_pose_topic/share/cpp_pose_topic/package.sh'
[6.208s] INFO:colcon.colcon_core.shell:Creating package script '/home/lxf/桌面/ROS/9.订阅Pose实现闭环控制/install/cpp_pose_topic/share/cpp_pose_topic/package.bash'
[6.210s] INFO:colcon.colcon_core.shell:Creating package script '/home/lxf/桌面/ROS/9.订阅Pose实现闭环控制/install/cpp_pose_topic/share/cpp_pose_topic/package.zsh'
[6.210s] Level 1:colcon.colcon_core.environment:create_file_with_runtime_dependencies(/home/lxf/桌面/ROS/9.订阅Pose实现闭环控制/install/cpp_pose_topic/share/colcon-core/packages/cpp_pose_topic)
[6.211s] Level 1:colcon.colcon_core.environment:create_environment_scripts_only(cpp_pose_topic)
[6.211s] Level 1:colcon.colcon_core.environment:checking '/home/lxf/桌面/ROS/9.订阅Pose实现闭环控制/install/cpp_pose_topic' for CMake module files
[6.211s] Level 1:colcon.colcon_core.environment:checking '/home/lxf/桌面/ROS/9.订阅Pose实现闭环控制/install/cpp_pose_topic' for CMake config files
[6.212s] Level 1:colcon.colcon_core.shell:create_environment_hook('cpp_pose_topic', 'cmake_prefix_path')
[6.212s] INFO:colcon.colcon_core.shell:Creating environment hook '/home/lxf/桌面/ROS/9.订阅Pose实现闭环控制/install/cpp_pose_topic/share/cpp_pose_topic/hook/cmake_prefix_path.ps1'
[6.212s] INFO:colcon.colcon_core.shell:Creating environment descriptor '/home/lxf/桌面/ROS/9.订阅Pose实现闭环控制/install/cpp_pose_topic/share/cpp_pose_topic/hook/cmake_prefix_path.dsv'
[6.213s] INFO:colcon.colcon_core.shell:Creating environment hook '/home/lxf/桌面/ROS/9.订阅Pose实现闭环控制/install/cpp_pose_topic/share/cpp_pose_topic/hook/cmake_prefix_path.sh'
[6.213s] Level 1:colcon.colcon_core.environment:checking '/home/lxf/桌面/ROS/9.订阅Pose实现闭环控制/install/cpp_pose_topic/lib'
[6.213s] Level 1:colcon.colcon_core.environment:checking '/home/lxf/桌面/ROS/9.订阅Pose实现闭环控制/install/cpp_pose_topic/bin'
[6.213s] Level 1:colcon.colcon_core.environment:checking '/home/lxf/桌面/ROS/9.订阅Pose实现闭环控制/install/cpp_pose_topic/lib/pkgconfig/cpp_pose_topic.pc'
[6.213s] Level 1:colcon.colcon_core.environment:checking '/home/lxf/桌面/ROS/9.订阅Pose实现闭环控制/install/cpp_pose_topic/lib/python3.10/site-packages'
[6.214s] Level 1:colcon.colcon_core.environment:checking '/home/lxf/桌面/ROS/9.订阅Pose实现闭环控制/install/cpp_pose_topic/bin'
[6.214s] INFO:colcon.colcon_core.shell:Creating package script '/home/lxf/桌面/ROS/9.订阅Pose实现闭环控制/install/cpp_pose_topic/share/cpp_pose_topic/package.ps1'
[6.215s] INFO:colcon.colcon_core.shell:Creating package descriptor '/home/lxf/桌面/ROS/9.订阅Pose实现闭环控制/install/cpp_pose_topic/share/cpp_pose_topic/package.dsv'
[6.215s] INFO:colcon.colcon_core.shell:Creating package script '/home/lxf/桌面/ROS/9.订阅Pose实现闭环控制/install/cpp_pose_topic/share/cpp_pose_topic/package.sh'
[6.216s] INFO:colcon.colcon_core.shell:Creating package script '/home/lxf/桌面/ROS/9.订阅Pose实现闭环控制/install/cpp_pose_topic/share/cpp_pose_topic/package.bash'
[6.216s] INFO:colcon.colcon_core.shell:Creating package script '/home/lxf/桌面/ROS/9.订阅Pose实现闭环控制/install/cpp_pose_topic/share/cpp_pose_topic/package.zsh'
[6.217s] Level 1:colcon.colcon_core.environment:create_file_with_runtime_dependencies(/home/lxf/桌面/ROS/9.订阅Pose实现闭环控制/install/cpp_pose_topic/share/colcon-core/packages/cpp_pose_topic)
[6.217s] DEBUG:colcon.colcon_parallel_executor.executor.parallel:closing loop
[6.218s] DEBUG:colcon.colcon_parallel_executor.executor.parallel:loop closed
[6.218s] DEBUG:colcon.colcon_parallel_executor.executor.parallel:run_until_complete finished with '0'
[6.218s] DEBUG:colcon.colcon_core.event_reactor:joining thread
[6.222s] INFO:colcon.colcon_core.plugin_system:Skipping extension 'colcon_notification.desktop_notification.terminal_notifier': Not used on non-Darwin systems
[6.222s] INFO:colcon.colcon_core.plugin_system:Skipping extension 'colcon_notification.desktop_notification.win32': Not used on non-Windows systems
[6.222s] INFO:colcon.colcon_notification.desktop_notification:Sending desktop notification using 'notify2'
[6.238s] DEBUG:colcon.colcon_core.event_reactor:joined thread
[6.238s] INFO:colcon.colcon_core.shell:Creating prefix script '/home/lxf/桌面/ROS/9.订阅Pose实现闭环控制/install/local_setup.ps1'
[6.239s] INFO:colcon.colcon_core.shell:Creating prefix util module '/home/lxf/桌面/ROS/9.订阅Pose实现闭环控制/install/_local_setup_util_ps1.py'
[6.240s] INFO:colcon.colcon_core.shell:Creating prefix chain script '/home/lxf/桌面/ROS/9.订阅Pose实现闭环控制/install/setup.ps1'
[6.240s] INFO:colcon.colcon_core.shell:Creating prefix script '/home/lxf/桌面/ROS/9.订阅Pose实现闭环控制/install/local_setup.sh'
[6.241s] INFO:colcon.colcon_core.shell:Creating prefix util module '/home/lxf/桌面/ROS/9.订阅Pose实现闭环控制/install/_local_setup_util_sh.py'
[6.241s] INFO:colcon.colcon_core.shell:Creating prefix chain script '/home/lxf/桌面/ROS/9.订阅Pose实现闭环控制/install/setup.sh'
[6.242s] INFO:colcon.colcon_core.shell:Creating prefix script '/home/lxf/桌面/ROS/9.订阅Pose实现闭环控制/install/local_setup.bash'
[6.242s] INFO:colcon.colcon_core.shell:Creating prefix chain script '/home/lxf/桌面/ROS/9.订阅Pose实现闭环控制/install/setup.bash'
[6.243s] INFO:colcon.colcon_core.shell:Creating prefix script '/home/lxf/桌面/ROS/9.订阅Pose实现闭环控制/install/local_setup.zsh'
[6.243s] INFO:colcon.colcon_core.shell:Creating prefix chain script '/home/lxf/桌面/ROS/9.订阅Pose实现闭环控制/install/setup.zsh'
