[0.186s] Invoking command in '/home/lxf/ROS/10.topic_practice/build/status_display': AMENT_PREFIX_PATH=/home/lxf/ROS/10.topic_practice/install/status_interfaces:${AMENT_PREFIX_PATH} CMAKE_PREFIX_PATH=/home/lxf/ROS/10.topic_practice/install/status_interfaces:/opt/ros/humble LD_LIBRARY_PATH=/home/lxf/ROS/10.topic_practice/install/status_interfaces/lib:${LD_LIBRARY_PATH} PYTHONPATH=/home/lxf/ROS/10.topic_practice/install/status_interfaces/local/lib/python3.10/dist-packages:${PYTHONPATH} /usr/bin/cmake /home/lxf/ROS/10.topic_practice/src/status_display -DCMAKE_INSTALL_PREFIX=/home/lxf/ROS/10.topic_practice/install/status_display
[0.189s] [0mCMake Deprecation Warning at CMakeLists.txt:1 (cmake_minimum_required):
[0.189s]   Compatibility with CMake < 3.10 will be removed from a future version of
[0.189s]   CMake.
[0.189s] 
[0.189s]   Update the VERSION argument <min> value.  Or, use the <min>...<max> syntax
[0.189s]   to tell CMake that the project requires at least <min> but has been updated
[0.189s]   to work with policies introduced by <max> or earlier.
[0.189s] 
[0.189s] [0m
[0.224s] -- The C compiler identification is GNU 11.4.0
[0.276s] -- The CXX compiler identification is GNU 11.4.0
[0.283s] -- Detecting C compiler ABI info
[0.331s] -- Detecting C compiler ABI info - done
[0.342s] -- Check for working C compiler: /usr/bin/cc - skipped
[0.342s] -- Detecting C compile features
[0.343s] -- Detecting C compile features - done
[0.353s] -- Detecting CXX compiler ABI info
[0.427s] -- Detecting CXX compiler ABI info - done
[0.488s] -- Check for working CXX compiler: /usr/bin/c++ - skipped
[0.489s] -- Detecting CXX compile features
[0.489s] -- Detecting CXX compile features - done
[0.501s] -- Found ament_cmake: 1.3.12 (/opt/ros/humble/share/ament_cmake/cmake)
[0.640s] -- Found Python3: /usr/bin/python3 (found version "3.10.12") found components: Interpreter
[0.848s] -- Found rclpy: 3.3.17 (/opt/ros/humble/share/rclpy/cmake)
[0.852s] -- Found status_interfaces: 0.0.0 (/home/lxf/ROS/10.topic_practice/install/status_interfaces/share/status_interfaces/cmake)
[0.990s] -- Found rosidl_generator_c: 3.1.7 (/opt/ros/humble/share/rosidl_generator_c/cmake)
[1.009s] -- Found rosidl_adapter: 3.1.7 (/opt/ros/humble/share/rosidl_adapter/cmake)
[1.055s] -- Found rosidl_generator_cpp: 3.1.7 (/opt/ros/humble/share/rosidl_generator_cpp/cmake)
[1.113s] -- Using all available rosidl_typesupport_c: rosidl_typesupport_fastrtps_c;rosidl_typesupport_introspection_c
[1.206s] -- Using all available rosidl_typesupport_cpp: rosidl_typesupport_fastrtps_cpp;rosidl_typesupport_introspection_cpp
[1.459s] -- Found ament_lint_auto: 0.12.14 (/opt/ros/humble/share/ament_lint_auto/cmake)
[1.623s] -- Added test 'cppcheck' to perform static code analysis on C / C++ code
[1.624s] -- Configured cppcheck include dirs: 
[1.624s] -- Configured cppcheck exclude dirs and/or files: 
[1.626s] -- Added test 'lint_cmake' to check CMake code style
[1.630s] -- Added test 'uncrustify' to check C / C++ code style
[1.630s] -- Configured uncrustify additional arguments: 
[1.634s] -- Added test 'xmllint' to check XML markup files
[1.640s] -- Configuring done (1.5s)
[1.649s] -- Generating done (0.0s)
[1.652s] -- Build files have been written to: /home/lxf/ROS/10.topic_practice/build/status_display
[1.656s] Invoked command in '/home/lxf/ROS/10.topic_practice/build/status_display' returned '0': AMENT_PREFIX_PATH=/home/lxf/ROS/10.topic_practice/install/status_interfaces:${AMENT_PREFIX_PATH} CMAKE_PREFIX_PATH=/home/lxf/ROS/10.topic_practice/install/status_interfaces:/opt/ros/humble LD_LIBRARY_PATH=/home/lxf/ROS/10.topic_practice/install/status_interfaces/lib:${LD_LIBRARY_PATH} PYTHONPATH=/home/lxf/ROS/10.topic_practice/install/status_interfaces/local/lib/python3.10/dist-packages:${PYTHONPATH} /usr/bin/cmake /home/lxf/ROS/10.topic_practice/src/status_display -DCMAKE_INSTALL_PREFIX=/home/lxf/ROS/10.topic_practice/install/status_display
[1.657s] Invoking command in '/home/lxf/ROS/10.topic_practice/build/status_display': AMENT_PREFIX_PATH=/home/lxf/ROS/10.topic_practice/install/status_interfaces:${AMENT_PREFIX_PATH} CMAKE_PREFIX_PATH=/home/lxf/ROS/10.topic_practice/install/status_interfaces:/opt/ros/humble LD_LIBRARY_PATH=/home/lxf/ROS/10.topic_practice/install/status_interfaces/lib:${LD_LIBRARY_PATH} PYTHONPATH=/home/lxf/ROS/10.topic_practice/install/status_interfaces/local/lib/python3.10/dist-packages:${PYTHONPATH} /usr/bin/cmake --build /home/lxf/ROS/10.topic_practice/build/status_display -- -j16 -l16
[1.690s] [ 50%] [32mBuilding CXX object CMakeFiles/hello_qt.dir/src/hello_qt.cpp.o[0m
[3.017s] [100%] [1m[32mLinking CXX executable hello_qt[0m
[3.189s] /usr/bin/ld: /usr/lib/gcc/x86_64-linux-gnu/11/../../../x86_64-linux-gnu/Scrt1.o: in function `_start':
[3.189s] (.text+0x1b): undefined reference to `main'
[3.195s] collect2: error: ld returned 1 exit status
[3.196s] gmake[2]: *** [CMakeFiles/hello_qt.dir/build.make:103：hello_qt] 错误 1
[3.196s] gmake[1]: *** [CMakeFiles/Makefile2:153：CMakeFiles/hello_qt.dir/all] 错误 2
[3.196s] gmake: *** [Makefile:146：all] 错误 2
[3.198s] Invoked command in '/home/lxf/ROS/10.topic_practice/build/status_display' returned '2': AMENT_PREFIX_PATH=/home/lxf/ROS/10.topic_practice/install/status_interfaces:${AMENT_PREFIX_PATH} CMAKE_PREFIX_PATH=/home/lxf/ROS/10.topic_practice/install/status_interfaces:/opt/ros/humble LD_LIBRARY_PATH=/home/lxf/ROS/10.topic_practice/install/status_interfaces/lib:${LD_LIBRARY_PATH} PYTHONPATH=/home/lxf/ROS/10.topic_practice/install/status_interfaces/local/lib/python3.10/dist-packages:${PYTHONPATH} /usr/bin/cmake --build /home/lxf/ROS/10.topic_practice/build/status_display -- -j16 -l16
