[0.006s] Invoking command in '/home/lxf/Desktop/ROS/14.Parameter_CPP/build/cpp_pose_topic': CMAKE_PREFIX_PATH=/opt/ros/humble /usr/bin/cmake /home/lxf/Desktop/ROS/14.Parameter_CPP/src/cpp_pose_topic -DCMAKE_INSTALL_PREFIX=/home/lxf/Desktop/ROS/14.Parameter_CPP/install/cpp_pose_topic
[0.069s] -- The C compiler identification is GNU 11.4.0
[0.149s] -- The CXX compiler identification is GNU 11.4.0
[0.155s] -- Detecting C compiler ABI info
[0.249s] -- Detecting C compiler ABI info - done
[0.257s] -- Check for working C compiler: /usr/bin/cc - skipped
[0.257s] -- Detecting C compile features
[0.258s] -- Detecting C compile features - done
[0.264s] -- Detecting CXX compiler ABI info
[0.404s] -- Detecting CXX compiler ABI info - done
[0.413s] -- Check for working CXX compiler: /usr/bin/c++ - skipped
[0.413s] -- Detecting CXX compile features
[0.413s] -- Detecting CXX compile features - done
[0.416s] -- Found ament_cmake: 1.3.12 (/opt/ros/humble/share/ament_cmake/cmake)
[0.569s] -- Found Python3: /usr/bin/python3 (found version "3.10.12") found components: Interpreter 
[0.666s] -- Found rclcpp: 16.0.16 (/opt/ros/humble/share/rclcpp/cmake)
[0.713s] -- Found rosidl_generator_c: 3.1.7 (/opt/ros/humble/share/rosidl_generator_c/cmake)
[0.717s] -- Found rosidl_adapter: 3.1.7 (/opt/ros/humble/share/rosidl_adapter/cmake)
[0.725s] -- Found rosidl_generator_cpp: 3.1.7 (/opt/ros/humble/share/rosidl_generator_cpp/cmake)
[0.737s] -- Using all available rosidl_typesupport_c: rosidl_typesupport_fastrtps_c;rosidl_typesupport_introspection_c
[0.750s] -- Using all available rosidl_typesupport_cpp: rosidl_typesupport_fastrtps_cpp;rosidl_typesupport_introspection_cpp
[0.790s] -- Found rmw_implementation_cmake: 6.1.2 (/opt/ros/humble/share/rmw_implementation_cmake/cmake)
[0.793s] -- Found rmw_fastrtps_cpp: 6.2.9 (/opt/ros/humble/share/rmw_fastrtps_cpp/cmake)
[0.949s] -- Found OpenSSL: /usr/lib/x86_64-linux-gnu/libcrypto.so (found version "3.0.2")  
[0.971s] -- Found FastRTPS: /opt/ros/humble/include  
[1.009s] -- Using RMW implementation 'rmw_fastrtps_cpp' as default
[1.028s] -- Looking for pthread.h
[1.130s] -- Looking for pthread.h - found
[1.130s] -- Performing Test CMAKE_HAVE_LIBC_PTHREAD
[1.219s] -- Performing Test CMAKE_HAVE_LIBC_PTHREAD - Success
[1.221s] -- Found Threads: TRUE  
[1.280s] -- Found geometry_msgs: 4.9.0 (/opt/ros/humble/share/geometry_msgs/cmake)
[1.293s] -- Found turtlesim: 1.4.3 (/opt/ros/humble/share/turtlesim/cmake)
[1.338s] -- Found ament_lint_auto: 0.12.14 (/opt/ros/humble/share/ament_lint_auto/cmake)
[1.400s] -- Added test 'cppcheck' to perform static code analysis on C / C++ code
[1.400s] -- Configured cppcheck include dirs: /home/lxf/Desktop/ROS/14.Parameter_CPP/src/cpp_pose_topic/include
[1.400s] -- Configured cppcheck exclude dirs and/or files: 
[1.401s] -- Added test 'lint_cmake' to check CMake code style
[1.402s] -- Added test 'uncrustify' to check C / C++ code style
[1.402s] -- Configured uncrustify additional arguments: 
[1.403s] -- Added test 'xmllint' to check XML markup files
[1.404s] -- Configuring done
[1.423s] -- Generating done
[1.427s] -- Build files have been written to: /home/lxf/Desktop/ROS/14.Parameter_CPP/build/cpp_pose_topic
[1.434s] Invoked command in '/home/lxf/Desktop/ROS/14.Parameter_CPP/build/cpp_pose_topic' returned '0': CMAKE_PREFIX_PATH=/opt/ros/humble /usr/bin/cmake /home/lxf/Desktop/ROS/14.Parameter_CPP/src/cpp_pose_topic -DCMAKE_INSTALL_PREFIX=/home/lxf/Desktop/ROS/14.Parameter_CPP/install/cpp_pose_topic
[1.436s] Invoking command in '/home/lxf/Desktop/ROS/14.Parameter_CPP/build/cpp_pose_topic': CMAKE_PREFIX_PATH=/opt/ros/humble /usr/bin/cmake --build /home/lxf/Desktop/ROS/14.Parameter_CPP/build/cpp_pose_topic -- -j16 -l16
[1.506s] [ 25%] [32mBuilding CXX object CMakeFiles/turtle_circle.dir/src/turtle_circle.cpp.o[0m
[1.510s] [ 50%] [32mBuilding CXX object CMakeFiles/turtle_control.dir/src/turtle_control.cpp.o[0m
[4.358s] [ 75%] [32m[1mLinking CXX executable turtle_circle[0m
[4.530s] [ 75%] Built target turtle_circle
[7.028s] [100%] [32m[1mLinking CXX executable turtle_control[0m
[7.314s] [100%] Built target turtle_control
[7.326s] Invoked command in '/home/lxf/Desktop/ROS/14.Parameter_CPP/build/cpp_pose_topic' returned '0': CMAKE_PREFIX_PATH=/opt/ros/humble /usr/bin/cmake --build /home/lxf/Desktop/ROS/14.Parameter_CPP/build/cpp_pose_topic -- -j16 -l16
[7.333s] Invoking command in '/home/lxf/Desktop/ROS/14.Parameter_CPP/build/cpp_pose_topic': CMAKE_PREFIX_PATH=/opt/ros/humble /usr/bin/cmake --install /home/lxf/Desktop/ROS/14.Parameter_CPP/build/cpp_pose_topic
[7.339s] -- Install configuration: ""
[7.339s] -- Installing: /home/lxf/Desktop/ROS/14.Parameter_CPP/install/cpp_pose_topic/lib/cpp_pose_topic/turtle_circle
[7.340s] -- Set runtime path of "/home/lxf/Desktop/ROS/14.Parameter_CPP/install/cpp_pose_topic/lib/cpp_pose_topic/turtle_circle" to ""
[7.340s] -- Installing: /home/lxf/Desktop/ROS/14.Parameter_CPP/install/cpp_pose_topic/lib/cpp_pose_topic/turtle_control
[7.342s] -- Set runtime path of "/home/lxf/Desktop/ROS/14.Parameter_CPP/install/cpp_pose_topic/lib/cpp_pose_topic/turtle_control" to ""
[7.342s] -- Installing: /home/lxf/Desktop/ROS/14.Parameter_CPP/install/cpp_pose_topic/share/ament_index/resource_index/package_run_dependencies/cpp_pose_topic
[7.342s] -- Installing: /home/lxf/Desktop/ROS/14.Parameter_CPP/install/cpp_pose_topic/share/ament_index/resource_index/parent_prefix_path/cpp_pose_topic
[7.342s] -- Installing: /home/lxf/Desktop/ROS/14.Parameter_CPP/install/cpp_pose_topic/share/cpp_pose_topic/environment/ament_prefix_path.sh
[7.342s] -- Installing: /home/lxf/Desktop/ROS/14.Parameter_CPP/install/cpp_pose_topic/share/cpp_pose_topic/environment/ament_prefix_path.dsv
[7.342s] -- Installing: /home/lxf/Desktop/ROS/14.Parameter_CPP/install/cpp_pose_topic/share/cpp_pose_topic/environment/path.sh
[7.343s] -- Installing: /home/lxf/Desktop/ROS/14.Parameter_CPP/install/cpp_pose_topic/share/cpp_pose_topic/environment/path.dsv
[7.343s] -- Installing: /home/lxf/Desktop/ROS/14.Parameter_CPP/install/cpp_pose_topic/share/cpp_pose_topic/local_setup.bash
[7.343s] -- Installing: /home/lxf/Desktop/ROS/14.Parameter_CPP/install/cpp_pose_topic/share/cpp_pose_topic/local_setup.sh
[7.343s] -- Installing: /home/lxf/Desktop/ROS/14.Parameter_CPP/install/cpp_pose_topic/share/cpp_pose_topic/local_setup.zsh
[7.343s] -- Installing: /home/lxf/Desktop/ROS/14.Parameter_CPP/install/cpp_pose_topic/share/cpp_pose_topic/local_setup.dsv
[7.343s] -- Installing: /home/lxf/Desktop/ROS/14.Parameter_CPP/install/cpp_pose_topic/share/cpp_pose_topic/package.dsv
[7.343s] -- Installing: /home/lxf/Desktop/ROS/14.Parameter_CPP/install/cpp_pose_topic/share/ament_index/resource_index/packages/cpp_pose_topic
[7.343s] -- Installing: /home/lxf/Desktop/ROS/14.Parameter_CPP/install/cpp_pose_topic/share/cpp_pose_topic/cmake/cpp_pose_topicConfig.cmake
[7.343s] -- Installing: /home/lxf/Desktop/ROS/14.Parameter_CPP/install/cpp_pose_topic/share/cpp_pose_topic/cmake/cpp_pose_topicConfig-version.cmake
[7.343s] -- Installing: /home/lxf/Desktop/ROS/14.Parameter_CPP/install/cpp_pose_topic/share/cpp_pose_topic/package.xml
[7.345s] Invoked command in '/home/lxf/Desktop/ROS/14.Parameter_CPP/build/cpp_pose_topic' returned '0': CMAKE_PREFIX_PATH=/opt/ros/humble /usr/bin/cmake --install /home/lxf/Desktop/ROS/14.Parameter_CPP/build/cpp_pose_topic
