[0.008s] Invoking command in '/home/lxf/ROS/11.Face_Recognition/build/face_interfaces': CMAKE_PREFIX_PATH=/opt/ros/humble /usr/bin/cmake /home/lxf/ROS/11.Face_Recognition/src/face_interfaces -DCMAKE_INSTALL_PREFIX=/home/lxf/ROS/11.Face_Recognition/install/face_interfaces
[0.011s] [0mCMake Deprecation Warning at CMakeLists.txt:1 (cmake_minimum_required):
[0.011s]   Compatibility with CMake < 3.10 will be removed from a future version of
[0.011s]   CMake.
[0.011s] 
[0.011s]   Update the VERSION argument <min> value.  Or, use the <min>...<max> syntax
[0.011s]   to tell CMake that the project requires at least <min> but has been updated
[0.011s]   to work with policies introduced by <max> or earlier.
[0.011s] 
[0.011s] [0m
[0.015s] -- Found ament_cmake: 1.3.12 (/opt/ros/humble/share/ament_cmake/cmake)
[0.155s] -- Found sensor_msgs: 4.9.0 (/opt/ros/humble/share/sensor_msgs/cmake)
[0.172s] -- Found rosidl_generator_c: 3.1.7 (/opt/ros/humble/share/rosidl_generator_c/cmake)
[0.174s] -- Found rosidl_adapter: 3.1.7 (/opt/ros/humble/share/rosidl_adapter/cmake)
[0.178s] -- Found rosidl_generator_cpp: 3.1.7 (/opt/ros/humble/share/rosidl_generator_cpp/cmake)
[0.185s] -- Using all available rosidl_typesupport_c: rosidl_typesupport_fastrtps_c;rosidl_typesupport_introspection_c
[0.193s] -- Using all available rosidl_typesupport_cpp: rosidl_typesupport_fastrtps_cpp;rosidl_typesupport_introspection_cpp
[0.241s] -- Found rosidl_default_generators: 1.2.0 (/opt/ros/humble/share/rosidl_default_generators/cmake)
[0.575s] -- Found ament_cmake_ros: 0.10.0 (/opt/ros/humble/share/ament_cmake_ros/cmake)
[1.170s] -- Using all available rosidl_typesupport_c: rosidl_typesupport_fastrtps_c;rosidl_typesupport_introspection_c
[1.419s] -- Using all available rosidl_typesupport_cpp: rosidl_typesupport_fastrtps_cpp;rosidl_typesupport_introspection_cpp
[1.421s] [33mCMake Warning (dev) at /opt/ros/humble/share/rosidl_generator_py/cmake/rosidl_generator_py_generate_interfaces.cmake:20 (find_package):
[1.422s]   Policy CMP0148 is not set: The FindPythonInterp and FindPythonLibs modules
[1.422s]   are removed.  Run "cmake --help-policy CMP0148" for policy details.  Use
[1.422s]   the cmake_policy command to set the policy and suppress this warning.
[1.422s] 
[1.422s] Call Stack (most recent call first):
[1.422s]   /opt/ros/humble/share/ament_cmake_core/cmake/core/ament_execute_extensions.cmake:48 (include)
[1.422s]   /opt/ros/humble/share/rosidl_cmake/cmake/rosidl_generate_interfaces.cmake:286 (ament_execute_extensions)
[1.422s]   CMakeLists.txt:16 (rosidl_generate_interfaces)
[1.422s] This warning is for project developers.  Use -Wno-dev to suppress it.
[1.422s] [0m
[1.439s] -- Found PythonInterp: /usr/bin/python3 (found suitable version "3.10.12", minimum required is "3.6")
[1.440s] -- Found python_cmake_module: 0.10.0 (/opt/ros/humble/share/python_cmake_module/cmake)
[1.441s] [33mCMake Warning (dev) at /opt/ros/humble/share/python_cmake_module/cmake/Modules/FindPythonExtra.cmake:52 (find_package):
[1.442s]   Policy CMP0148 is not set: The FindPythonInterp and FindPythonLibs modules
[1.442s]   are removed.  Run "cmake --help-policy CMP0148" for policy details.  Use
[1.442s]   the cmake_policy command to set the policy and suppress this warning.
[1.442s] 
[1.442s] Call Stack (most recent call first):
[1.442s]   /opt/ros/humble/share/rosidl_generator_py/cmake/rosidl_generator_py_generate_interfaces.cmake:23 (find_package)
[1.442s]   /opt/ros/humble/share/ament_cmake_core/cmake/core/ament_execute_extensions.cmake:48 (include)
[1.442s]   /opt/ros/humble/share/rosidl_cmake/cmake/rosidl_generate_interfaces.cmake:286 (ament_execute_extensions)
[1.442s]   CMakeLists.txt:16 (rosidl_generate_interfaces)
[1.442s] This warning is for project developers.  Use -Wno-dev to suppress it.
[1.442s] [0m
[1.459s] [33mCMake Warning (dev) at /opt/ros/humble/share/python_cmake_module/cmake/Modules/FindPythonExtra.cmake:140 (find_package):
[1.459s]   Policy CMP0148 is not set: The FindPythonInterp and FindPythonLibs modules
[1.459s]   are removed.  Run "cmake --help-policy CMP0148" for policy details.  Use
[1.459s]   the cmake_policy command to set the policy and suppress this warning.
[1.459s] 
[1.459s] Call Stack (most recent call first):
[1.459s]   /opt/ros/humble/share/rosidl_generator_py/cmake/rosidl_generator_py_generate_interfaces.cmake:23 (find_package)
[1.459s]   /opt/ros/humble/share/ament_cmake_core/cmake/core/ament_execute_extensions.cmake:48 (include)
[1.459s]   /opt/ros/humble/share/rosidl_cmake/cmake/rosidl_generate_interfaces.cmake:286 (ament_execute_extensions)
[1.460s]   CMakeLists.txt:16 (rosidl_generate_interfaces)
[1.460s] This warning is for project developers.  Use -Wno-dev to suppress it.
[1.460s] [0m
[1.465s] -- Found PythonLibs: /usr/lib/x86_64-linux-gnu/libpython3.10.so (found suitable version "3.10.12", minimum required is "3.5")
[1.465s] -- Using PYTHON_EXECUTABLE: /usr/bin/python3
[1.465s] -- Using PYTHON_INCLUDE_DIRS: /usr/include/python3.10
[1.465s] -- Using PYTHON_LIBRARIES: /usr/lib/x86_64-linux-gnu/libpython3.10.so
[1.479s] -- Found PythonExtra: .so
[1.531s] -- Found ament_lint_auto: 0.12.14 (/opt/ros/humble/share/ament_lint_auto/cmake)
[1.546s] -- Added test 'lint_cmake' to check CMake code style
[1.546s] -- Added test 'xmllint' to check XML markup files
[1.548s] -- Configuring done (1.5s)
[1.576s] -- Generating done (0.0s)
[1.582s] -- Build files have been written to: /home/lxf/ROS/11.Face_Recognition/build/face_interfaces
[1.586s] Invoked command in '/home/lxf/ROS/11.Face_Recognition/build/face_interfaces' returned '0': CMAKE_PREFIX_PATH=/opt/ros/humble /usr/bin/cmake /home/lxf/ROS/11.Face_Recognition/src/face_interfaces -DCMAKE_INSTALL_PREFIX=/home/lxf/ROS/11.Face_Recognition/install/face_interfaces
[1.588s] Invoking command in '/home/lxf/ROS/11.Face_Recognition/build/face_interfaces': CMAKE_PREFIX_PATH=/opt/ros/humble /usr/bin/cmake --build /home/lxf/ROS/11.Face_Recognition/build/face_interfaces -- -j16 -l16
[1.608s] [  3%] [1m[34mGenerating C code for ROS interfaces[0m
[1.611s] [  6%] [1m[34mGenerating C++ code for ROS interfaces[0m
[1.613s] [  6%] Built target ament_cmake_python_copy_face_interfaces
[1.796s] running egg_info
[1.796s] creating face_interfaces.egg-info
[1.796s] writing face_interfaces.egg-info/PKG-INFO
[1.796s] writing dependency_links to face_interfaces.egg-info/dependency_links.txt
[1.797s] writing top-level names to face_interfaces.egg-info/top_level.txt
[1.797s] writing manifest file 'face_interfaces.egg-info/SOURCES.txt'
[1.799s] reading manifest file 'face_interfaces.egg-info/SOURCES.txt'
[1.799s] writing manifest file 'face_interfaces.egg-info/SOURCES.txt'
[1.839s] [  6%] Built target ament_cmake_python_build_face_interfaces_egg
[1.879s] [  9%] [32mBuilding C object CMakeFiles/face_interfaces__rosidl_generator_c.dir/rosidl_generator_c/face_interfaces/srv/detail/face_detector__functions.c.o[0m
[1.897s] [  9%] Built target face_interfaces__cpp
[1.901s] [ 12%] [1m[34mGenerating C++ introspection for ROS interfaces[0m
[1.902s] [ 16%] [1m[34mGenerating C++ type support for eProsima Fast-RTPS[0m
[1.902s] [ 19%] [1m[34mGenerating C++ type support dispatch for ROS interfaces[0m
[1.935s] [ 22%] [1m[32mLinking C shared library libface_interfaces__rosidl_generator_c.so[0m
[1.957s] [ 22%] Built target face_interfaces__rosidl_generator_c
[1.962s] [ 25%] [1m[34mGenerating C type support for eProsima Fast-RTPS[0m
[1.963s] [ 32%] [1m[34mGenerating C introspection for ROS interfaces[0m
[1.963s] [ 32%] [1m[34mGenerating C type support dispatch for ROS interfaces[0m
[2.847s] [ 35%] [32mBuilding CXX object CMakeFiles/face_interfaces__rosidl_typesupport_cpp.dir/rosidl_typesupport_cpp/face_interfaces/srv/face_detector__type_support.cpp.o[0m
[3.019s] [ 38%] [32mBuilding CXX object CMakeFiles/face_interfaces__rosidl_typesupport_fastrtps_cpp.dir/rosidl_typesupport_fastrtps_cpp/face_interfaces/srv/detail/dds_fastrtps/face_detector__type_support.cpp.o[0m
[3.044s] [ 41%] [32mBuilding CXX object CMakeFiles/face_interfaces__rosidl_typesupport_introspection_cpp.dir/rosidl_typesupport_introspection_cpp/face_interfaces/srv/detail/face_detector__type_support.cpp.o[0m
[3.404s] [ 45%] [32mBuilding CXX object CMakeFiles/face_interfaces__rosidl_typesupport_c.dir/rosidl_typesupport_c/face_interfaces/srv/face_detector__type_support.cpp.o[0m
[3.416s] [ 48%] [32mBuilding C object CMakeFiles/face_interfaces__rosidl_typesupport_introspection_c.dir/rosidl_typesupport_introspection_c/face_interfaces/srv/detail/face_detector__type_support.c.o[0m
[3.418s] [ 51%] [32mBuilding CXX object CMakeFiles/face_interfaces__rosidl_typesupport_fastrtps_c.dir/rosidl_typesupport_fastrtps_c/face_interfaces/srv/detail/face_detector__type_support_c.cpp.o[0m
[3.428s] [ 54%] [1m[32mLinking CXX shared library libface_interfaces__rosidl_typesupport_c.so[0m
[3.492s] [ 58%] [1m[32mLinking C shared library libface_interfaces__rosidl_typesupport_introspection_c.so[0m
[3.495s] [ 58%] Built target face_interfaces__rosidl_typesupport_c
[3.507s] [ 58%] Built target face_interfaces__rosidl_typesupport_introspection_c
[3.582s] [ 61%] [1m[32mLinking CXX shared library libface_interfaces__rosidl_typesupport_cpp.so[0m
[3.605s] [ 61%] Built target face_interfaces__rosidl_typesupport_cpp
[3.706s] [ 64%] [1m[32mLinking CXX shared library libface_interfaces__rosidl_typesupport_introspection_cpp.so[0m
[3.708s] [ 67%] [1m[32mLinking CXX shared library libface_interfaces__rosidl_typesupport_fastrtps_cpp.so[0m
[3.749s] [ 70%] [1m[32mLinking CXX shared library libface_interfaces__rosidl_typesupport_fastrtps_c.so[0m
[3.759s] [ 70%] Built target face_interfaces__rosidl_typesupport_introspection_cpp
[3.759s] [ 70%] Built target face_interfaces__rosidl_typesupport_fastrtps_cpp
[3.801s] [ 70%] Built target face_interfaces__rosidl_typesupport_fastrtps_c
[3.809s] [ 70%] Built target face_interfaces
[3.819s] [ 74%] [1m[34mGenerating Python code for ROS interfaces[0m
[4.081s] [ 74%] Built target face_interfaces__py
[4.090s] [ 77%] [32mBuilding C object CMakeFiles/face_interfaces__rosidl_generator_py.dir/rosidl_generator_py/face_interfaces/srv/_face_detector_s.c.o[0m
[4.184s] [ 80%] [1m[32mLinking C shared library rosidl_generator_py/face_interfaces/libface_interfaces__rosidl_generator_py.so[0m
[4.218s] [ 80%] Built target face_interfaces__rosidl_generator_py
[4.224s] [ 83%] [32mBuilding C object CMakeFiles/face_interfaces__rosidl_typesupport_fastrtps_c__pyext.dir/rosidl_generator_py/face_interfaces/_face_interfaces_s.ep.rosidl_typesupport_fastrtps_c.c.o[0m
[4.226s] [ 87%] [32mBuilding C object CMakeFiles/face_interfaces__rosidl_typesupport_c__pyext.dir/rosidl_generator_py/face_interfaces/_face_interfaces_s.ep.rosidl_typesupport_c.c.o[0m
[4.227s] [ 90%] [32mBuilding C object CMakeFiles/face_interfaces__rosidl_typesupport_introspection_c__pyext.dir/rosidl_generator_py/face_interfaces/_face_interfaces_s.ep.rosidl_typesupport_introspection_c.c.o[0m
[4.285s] [ 93%] [1m[32mLinking C shared library rosidl_generator_py/face_interfaces/face_interfaces_s__rosidl_typesupport_c.cpython-310-x86_64-linux-gnu.so[0m
[4.287s] [ 96%] [1m[32mLinking C shared library rosidl_generator_py/face_interfaces/face_interfaces_s__rosidl_typesupport_fastrtps_c.cpython-310-x86_64-linux-gnu.so[0m
[4.291s] [100%] [1m[32mLinking C shared library rosidl_generator_py/face_interfaces/face_interfaces_s__rosidl_typesupport_introspection_c.cpython-310-x86_64-linux-gnu.so[0m
[4.310s] [100%] Built target face_interfaces__rosidl_typesupport_fastrtps_c__pyext
[4.310s] [100%] Built target face_interfaces__rosidl_typesupport_c__pyext
[4.311s] [100%] Built target face_interfaces__rosidl_typesupport_introspection_c__pyext
[4.316s] Invoked command in '/home/lxf/ROS/11.Face_Recognition/build/face_interfaces' returned '0': CMAKE_PREFIX_PATH=/opt/ros/humble /usr/bin/cmake --build /home/lxf/ROS/11.Face_Recognition/build/face_interfaces -- -j16 -l16
[4.320s] Invoking command in '/home/lxf/ROS/11.Face_Recognition/build/face_interfaces': CMAKE_PREFIX_PATH=/opt/ros/humble /usr/bin/cmake --install /home/lxf/ROS/11.Face_Recognition/build/face_interfaces
[4.323s] -- Install configuration: ""
[4.323s] -- Installing: /home/lxf/ROS/11.Face_Recognition/install/face_interfaces/share/ament_index/resource_index/rosidl_interfaces/face_interfaces
[4.323s] -- Installing: /home/lxf/ROS/11.Face_Recognition/install/face_interfaces/include/face_interfaces/face_interfaces
[4.323s] -- Installing: /home/lxf/ROS/11.Face_Recognition/install/face_interfaces/include/face_interfaces/face_interfaces/srv
[4.323s] -- Installing: /home/lxf/ROS/11.Face_Recognition/install/face_interfaces/include/face_interfaces/face_interfaces/srv/detail
[4.323s] -- Installing: /home/lxf/ROS/11.Face_Recognition/install/face_interfaces/include/face_interfaces/face_interfaces/srv/detail/face_detector__functions.c
[4.323s] -- Installing: /home/lxf/ROS/11.Face_Recognition/install/face_interfaces/include/face_interfaces/face_interfaces/srv/detail/face_detector__functions.h
[4.323s] -- Installing: /home/lxf/ROS/11.Face_Recognition/install/face_interfaces/include/face_interfaces/face_interfaces/srv/detail/face_detector__type_support.h
[4.323s] -- Installing: /home/lxf/ROS/11.Face_Recognition/install/face_interfaces/include/face_interfaces/face_interfaces/srv/detail/face_detector__struct.h
[4.323s] -- Installing: /home/lxf/ROS/11.Face_Recognition/install/face_interfaces/include/face_interfaces/face_interfaces/srv/face_detector.h
[4.323s] -- Installing: /home/lxf/ROS/11.Face_Recognition/install/face_interfaces/include/face_interfaces/face_interfaces/msg
[4.323s] -- Installing: /home/lxf/ROS/11.Face_Recognition/install/face_interfaces/include/face_interfaces/face_interfaces/msg/rosidl_generator_c__visibility_control.h
[4.323s] -- Installing: /home/lxf/ROS/11.Face_Recognition/install/face_interfaces/share/face_interfaces/environment/library_path.sh
[4.323s] -- Installing: /home/lxf/ROS/11.Face_Recognition/install/face_interfaces/share/face_interfaces/environment/library_path.dsv
[4.323s] -- Installing: /home/lxf/ROS/11.Face_Recognition/install/face_interfaces/lib/libface_interfaces__rosidl_generator_c.so
[4.323s] -- Set non-toolchain portion of runtime path of "/home/lxf/ROS/11.Face_Recognition/install/face_interfaces/lib/libface_interfaces__rosidl_generator_c.so" to ""
[4.323s] -- Up-to-date: /home/lxf/ROS/11.Face_Recognition/install/face_interfaces/include/face_interfaces/face_interfaces
[4.324s] -- Up-to-date: /home/lxf/ROS/11.Face_Recognition/install/face_interfaces/include/face_interfaces/face_interfaces/srv
[4.324s] -- Up-to-date: /home/lxf/ROS/11.Face_Recognition/install/face_interfaces/include/face_interfaces/face_interfaces/srv/detail
[4.324s] -- Installing: /home/lxf/ROS/11.Face_Recognition/install/face_interfaces/include/face_interfaces/face_interfaces/srv/detail/face_detector__rosidl_typesupport_fastrtps_c.h
[4.324s] -- Up-to-date: /home/lxf/ROS/11.Face_Recognition/install/face_interfaces/include/face_interfaces/face_interfaces/msg
[4.324s] -- Installing: /home/lxf/ROS/11.Face_Recognition/install/face_interfaces/include/face_interfaces/face_interfaces/msg/rosidl_typesupport_fastrtps_c__visibility_control.h
[4.324s] -- Installing: /home/lxf/ROS/11.Face_Recognition/install/face_interfaces/lib/libface_interfaces__rosidl_typesupport_fastrtps_c.so
[4.324s] -- Set non-toolchain portion of runtime path of "/home/lxf/ROS/11.Face_Recognition/install/face_interfaces/lib/libface_interfaces__rosidl_typesupport_fastrtps_c.so" to ""
[4.324s] -- Up-to-date: /home/lxf/ROS/11.Face_Recognition/install/face_interfaces/include/face_interfaces/face_interfaces
[4.324s] -- Up-to-date: /home/lxf/ROS/11.Face_Recognition/install/face_interfaces/include/face_interfaces/face_interfaces/srv
[4.324s] -- Up-to-date: /home/lxf/ROS/11.Face_Recognition/install/face_interfaces/include/face_interfaces/face_interfaces/srv/detail
[4.324s] -- Installing: /home/lxf/ROS/11.Face_Recognition/install/face_interfaces/include/face_interfaces/face_interfaces/srv/detail/face_detector__traits.hpp
[4.324s] -- Installing: /home/lxf/ROS/11.Face_Recognition/install/face_interfaces/include/face_interfaces/face_interfaces/srv/detail/face_detector__builder.hpp
[4.324s] -- Installing: /home/lxf/ROS/11.Face_Recognition/install/face_interfaces/include/face_interfaces/face_interfaces/srv/detail/face_detector__type_support.hpp
[4.324s] -- Installing: /home/lxf/ROS/11.Face_Recognition/install/face_interfaces/include/face_interfaces/face_interfaces/srv/detail/face_detector__struct.hpp
[4.324s] -- Installing: /home/lxf/ROS/11.Face_Recognition/install/face_interfaces/include/face_interfaces/face_interfaces/srv/face_detector.hpp
[4.324s] -- Up-to-date: /home/lxf/ROS/11.Face_Recognition/install/face_interfaces/include/face_interfaces/face_interfaces/msg
[4.324s] -- Installing: /home/lxf/ROS/11.Face_Recognition/install/face_interfaces/include/face_interfaces/face_interfaces/msg/rosidl_generator_cpp__visibility_control.hpp
[4.324s] -- Up-to-date: /home/lxf/ROS/11.Face_Recognition/install/face_interfaces/include/face_interfaces/face_interfaces
[4.324s] -- Up-to-date: /home/lxf/ROS/11.Face_Recognition/install/face_interfaces/include/face_interfaces/face_interfaces/srv
[4.324s] -- Up-to-date: /home/lxf/ROS/11.Face_Recognition/install/face_interfaces/include/face_interfaces/face_interfaces/srv/detail
[4.324s] -- Installing: /home/lxf/ROS/11.Face_Recognition/install/face_interfaces/include/face_interfaces/face_interfaces/srv/detail/face_detector__rosidl_typesupport_fastrtps_cpp.hpp
[4.324s] -- Installing: /home/lxf/ROS/11.Face_Recognition/install/face_interfaces/include/face_interfaces/face_interfaces/srv/detail/dds_fastrtps
[4.324s] -- Up-to-date: /home/lxf/ROS/11.Face_Recognition/install/face_interfaces/include/face_interfaces/face_interfaces/msg
[4.324s] -- Installing: /home/lxf/ROS/11.Face_Recognition/install/face_interfaces/include/face_interfaces/face_interfaces/msg/rosidl_typesupport_fastrtps_cpp__visibility_control.h
[4.325s] -- Installing: /home/lxf/ROS/11.Face_Recognition/install/face_interfaces/lib/libface_interfaces__rosidl_typesupport_fastrtps_cpp.so
[4.325s] -- Set non-toolchain portion of runtime path of "/home/lxf/ROS/11.Face_Recognition/install/face_interfaces/lib/libface_interfaces__rosidl_typesupport_fastrtps_cpp.so" to ""
[4.325s] -- Up-to-date: /home/lxf/ROS/11.Face_Recognition/install/face_interfaces/include/face_interfaces/face_interfaces
[4.325s] -- Up-to-date: /home/lxf/ROS/11.Face_Recognition/install/face_interfaces/include/face_interfaces/face_interfaces/srv
[4.325s] -- Up-to-date: /home/lxf/ROS/11.Face_Recognition/install/face_interfaces/include/face_interfaces/face_interfaces/srv/detail
[4.325s] -- Installing: /home/lxf/ROS/11.Face_Recognition/install/face_interfaces/include/face_interfaces/face_interfaces/srv/detail/face_detector__rosidl_typesupport_introspection_c.h
[4.325s] -- Installing: /home/lxf/ROS/11.Face_Recognition/install/face_interfaces/include/face_interfaces/face_interfaces/srv/detail/face_detector__type_support.c
[4.325s] -- Up-to-date: /home/lxf/ROS/11.Face_Recognition/install/face_interfaces/include/face_interfaces/face_interfaces/msg
[4.325s] -- Installing: /home/lxf/ROS/11.Face_Recognition/install/face_interfaces/include/face_interfaces/face_interfaces/msg/rosidl_typesupport_introspection_c__visibility_control.h
[4.325s] -- Installing: /home/lxf/ROS/11.Face_Recognition/install/face_interfaces/lib/libface_interfaces__rosidl_typesupport_introspection_c.so
[4.325s] -- Set non-toolchain portion of runtime path of "/home/lxf/ROS/11.Face_Recognition/install/face_interfaces/lib/libface_interfaces__rosidl_typesupport_introspection_c.so" to ""
[4.325s] -- Installing: /home/lxf/ROS/11.Face_Recognition/install/face_interfaces/lib/libface_interfaces__rosidl_typesupport_c.so
[4.325s] -- Set non-toolchain portion of runtime path of "/home/lxf/ROS/11.Face_Recognition/install/face_interfaces/lib/libface_interfaces__rosidl_typesupport_c.so" to ""
[4.325s] -- Up-to-date: /home/lxf/ROS/11.Face_Recognition/install/face_interfaces/include/face_interfaces/face_interfaces
[4.325s] -- Up-to-date: /home/lxf/ROS/11.Face_Recognition/install/face_interfaces/include/face_interfaces/face_interfaces/srv
[4.325s] -- Up-to-date: /home/lxf/ROS/11.Face_Recognition/install/face_interfaces/include/face_interfaces/face_interfaces/srv/detail
[4.325s] -- Installing: /home/lxf/ROS/11.Face_Recognition/install/face_interfaces/include/face_interfaces/face_interfaces/srv/detail/face_detector__type_support.cpp
[4.325s] -- Installing: /home/lxf/ROS/11.Face_Recognition/install/face_interfaces/include/face_interfaces/face_interfaces/srv/detail/face_detector__rosidl_typesupport_introspection_cpp.hpp
[4.325s] -- Installing: /home/lxf/ROS/11.Face_Recognition/install/face_interfaces/lib/libface_interfaces__rosidl_typesupport_introspection_cpp.so
[4.325s] -- Set non-toolchain portion of runtime path of "/home/lxf/ROS/11.Face_Recognition/install/face_interfaces/lib/libface_interfaces__rosidl_typesupport_introspection_cpp.so" to ""
[4.325s] -- Installing: /home/lxf/ROS/11.Face_Recognition/install/face_interfaces/lib/libface_interfaces__rosidl_typesupport_cpp.so
[4.326s] -- Set non-toolchain portion of runtime path of "/home/lxf/ROS/11.Face_Recognition/install/face_interfaces/lib/libface_interfaces__rosidl_typesupport_cpp.so" to ""
[4.326s] -- Installing: /home/lxf/ROS/11.Face_Recognition/install/face_interfaces/share/face_interfaces/environment/pythonpath.sh
[4.326s] -- Installing: /home/lxf/ROS/11.Face_Recognition/install/face_interfaces/share/face_interfaces/environment/pythonpath.dsv
[4.326s] -- Installing: /home/lxf/ROS/11.Face_Recognition/install/face_interfaces/local/lib/python3.10/dist-packages/face_interfaces-0.0.0-py3.10.egg-info
[4.326s] -- Installing: /home/lxf/ROS/11.Face_Recognition/install/face_interfaces/local/lib/python3.10/dist-packages/face_interfaces-0.0.0-py3.10.egg-info/top_level.txt
[4.326s] -- Installing: /home/lxf/ROS/11.Face_Recognition/install/face_interfaces/local/lib/python3.10/dist-packages/face_interfaces-0.0.0-py3.10.egg-info/SOURCES.txt
[4.326s] -- Installing: /home/lxf/ROS/11.Face_Recognition/install/face_interfaces/local/lib/python3.10/dist-packages/face_interfaces-0.0.0-py3.10.egg-info/dependency_links.txt
[4.326s] -- Installing: /home/lxf/ROS/11.Face_Recognition/install/face_interfaces/local/lib/python3.10/dist-packages/face_interfaces-0.0.0-py3.10.egg-info/PKG-INFO
[4.326s] -- Installing: /home/lxf/ROS/11.Face_Recognition/install/face_interfaces/local/lib/python3.10/dist-packages/face_interfaces
[4.326s] -- Installing: /home/lxf/ROS/11.Face_Recognition/install/face_interfaces/local/lib/python3.10/dist-packages/face_interfaces/srv
[4.326s] -- Installing: /home/lxf/ROS/11.Face_Recognition/install/face_interfaces/local/lib/python3.10/dist-packages/face_interfaces/srv/_face_detector.py
[4.326s] -- Installing: /home/lxf/ROS/11.Face_Recognition/install/face_interfaces/local/lib/python3.10/dist-packages/face_interfaces/srv/_face_detector_s.c
[4.326s] -- Installing: /home/lxf/ROS/11.Face_Recognition/install/face_interfaces/local/lib/python3.10/dist-packages/face_interfaces/srv/__init__.py
[4.326s] -- Installing: /home/lxf/ROS/11.Face_Recognition/install/face_interfaces/local/lib/python3.10/dist-packages/face_interfaces/face_interfaces_s__rosidl_typesupport_introspection_c.cpython-310-x86_64-linux-gnu.so
[4.326s] -- Installing: /home/lxf/ROS/11.Face_Recognition/install/face_interfaces/local/lib/python3.10/dist-packages/face_interfaces/face_interfaces_s__rosidl_typesupport_fastrtps_c.cpython-310-x86_64-linux-gnu.so
[4.326s] -- Installing: /home/lxf/ROS/11.Face_Recognition/install/face_interfaces/local/lib/python3.10/dist-packages/face_interfaces/face_interfaces_s__rosidl_typesupport_c.cpython-310-x86_64-linux-gnu.so
[4.326s] -- Installing: /home/lxf/ROS/11.Face_Recognition/install/face_interfaces/local/lib/python3.10/dist-packages/face_interfaces/_face_interfaces_s.ep.rosidl_typesupport_c.c
[4.326s] -- Installing: /home/lxf/ROS/11.Face_Recognition/install/face_interfaces/local/lib/python3.10/dist-packages/face_interfaces/_face_interfaces_s.ep.rosidl_typesupport_fastrtps_c.c
[4.326s] -- Installing: /home/lxf/ROS/11.Face_Recognition/install/face_interfaces/local/lib/python3.10/dist-packages/face_interfaces/_face_interfaces_s.ep.rosidl_typesupport_introspection_c.c
[4.326s] -- Installing: /home/lxf/ROS/11.Face_Recognition/install/face_interfaces/local/lib/python3.10/dist-packages/face_interfaces/__init__.py
[4.326s] -- Installing: /home/lxf/ROS/11.Face_Recognition/install/face_interfaces/local/lib/python3.10/dist-packages/face_interfaces/libface_interfaces__rosidl_generator_py.so
[4.351s] Listing '/home/lxf/ROS/11.Face_Recognition/install/face_interfaces/local/lib/python3.10/dist-packages/face_interfaces'...
[4.351s] Compiling '/home/lxf/ROS/11.Face_Recognition/install/face_interfaces/local/lib/python3.10/dist-packages/face_interfaces/__init__.py'...
[4.351s] Listing '/home/lxf/ROS/11.Face_Recognition/install/face_interfaces/local/lib/python3.10/dist-packages/face_interfaces/srv'...
[4.351s] Compiling '/home/lxf/ROS/11.Face_Recognition/install/face_interfaces/local/lib/python3.10/dist-packages/face_interfaces/srv/__init__.py'...
[4.351s] Compiling '/home/lxf/ROS/11.Face_Recognition/install/face_interfaces/local/lib/python3.10/dist-packages/face_interfaces/srv/_face_detector.py'...
[4.354s] -- Installing: /home/lxf/ROS/11.Face_Recognition/install/face_interfaces/local/lib/python3.10/dist-packages/face_interfaces/face_interfaces_s__rosidl_typesupport_fastrtps_c.cpython-310-x86_64-linux-gnu.so
[4.354s] -- Set non-toolchain portion of runtime path of "/home/lxf/ROS/11.Face_Recognition/install/face_interfaces/local/lib/python3.10/dist-packages/face_interfaces/face_interfaces_s__rosidl_typesupport_fastrtps_c.cpython-310-x86_64-linux-gnu.so" to ""
[4.354s] -- Installing: /home/lxf/ROS/11.Face_Recognition/install/face_interfaces/local/lib/python3.10/dist-packages/face_interfaces/face_interfaces_s__rosidl_typesupport_introspection_c.cpython-310-x86_64-linux-gnu.so
[4.355s] -- Set non-toolchain portion of runtime path of "/home/lxf/ROS/11.Face_Recognition/install/face_interfaces/local/lib/python3.10/dist-packages/face_interfaces/face_interfaces_s__rosidl_typesupport_introspection_c.cpython-310-x86_64-linux-gnu.so" to ""
[4.355s] -- Installing: /home/lxf/ROS/11.Face_Recognition/install/face_interfaces/local/lib/python3.10/dist-packages/face_interfaces/face_interfaces_s__rosidl_typesupport_c.cpython-310-x86_64-linux-gnu.so
[4.355s] -- Set non-toolchain portion of runtime path of "/home/lxf/ROS/11.Face_Recognition/install/face_interfaces/local/lib/python3.10/dist-packages/face_interfaces/face_interfaces_s__rosidl_typesupport_c.cpython-310-x86_64-linux-gnu.so" to ""
[4.355s] -- Installing: /home/lxf/ROS/11.Face_Recognition/install/face_interfaces/lib/libface_interfaces__rosidl_generator_py.so
[4.355s] -- Set non-toolchain portion of runtime path of "/home/lxf/ROS/11.Face_Recognition/install/face_interfaces/lib/libface_interfaces__rosidl_generator_py.so" to ""
[4.355s] -- Installing: /home/lxf/ROS/11.Face_Recognition/install/face_interfaces/share/face_interfaces/srv/FaceDetector.idl
[4.355s] -- Installing: /home/lxf/ROS/11.Face_Recognition/install/face_interfaces/share/face_interfaces/srv/FaceDetector.srv
[4.356s] -- Installing: /home/lxf/ROS/11.Face_Recognition/install/face_interfaces/share/face_interfaces/srv/FaceDetector_Request.msg
[4.356s] -- Installing: /home/lxf/ROS/11.Face_Recognition/install/face_interfaces/share/face_interfaces/srv/FaceDetector_Response.msg
[4.356s] -- Installing: /home/lxf/ROS/11.Face_Recognition/install/face_interfaces/share/ament_index/resource_index/package_run_dependencies/face_interfaces
[4.356s] -- Installing: /home/lxf/ROS/11.Face_Recognition/install/face_interfaces/share/ament_index/resource_index/parent_prefix_path/face_interfaces
[4.356s] -- Installing: /home/lxf/ROS/11.Face_Recognition/install/face_interfaces/share/face_interfaces/environment/ament_prefix_path.sh
[4.356s] -- Installing: /home/lxf/ROS/11.Face_Recognition/install/face_interfaces/share/face_interfaces/environment/ament_prefix_path.dsv
[4.356s] -- Installing: /home/lxf/ROS/11.Face_Recognition/install/face_interfaces/share/face_interfaces/environment/path.sh
[4.356s] -- Installing: /home/lxf/ROS/11.Face_Recognition/install/face_interfaces/share/face_interfaces/environment/path.dsv
[4.356s] -- Installing: /home/lxf/ROS/11.Face_Recognition/install/face_interfaces/share/face_interfaces/local_setup.bash
[4.357s] -- Installing: /home/lxf/ROS/11.Face_Recognition/install/face_interfaces/share/face_interfaces/local_setup.sh
[4.357s] -- Installing: /home/lxf/ROS/11.Face_Recognition/install/face_interfaces/share/face_interfaces/local_setup.zsh
[4.357s] -- Installing: /home/lxf/ROS/11.Face_Recognition/install/face_interfaces/share/face_interfaces/local_setup.dsv
[4.357s] -- Installing: /home/lxf/ROS/11.Face_Recognition/install/face_interfaces/share/face_interfaces/package.dsv
[4.357s] -- Installing: /home/lxf/ROS/11.Face_Recognition/install/face_interfaces/share/ament_index/resource_index/packages/face_interfaces
[4.357s] -- Installing: /home/lxf/ROS/11.Face_Recognition/install/face_interfaces/share/face_interfaces/cmake/export_face_interfaces__rosidl_generator_cExport.cmake
[4.357s] -- Installing: /home/lxf/ROS/11.Face_Recognition/install/face_interfaces/share/face_interfaces/cmake/export_face_interfaces__rosidl_generator_cExport-noconfig.cmake
[4.357s] -- Installing: /home/lxf/ROS/11.Face_Recognition/install/face_interfaces/share/face_interfaces/cmake/export_face_interfaces__rosidl_typesupport_fastrtps_cExport.cmake
[4.357s] -- Installing: /home/lxf/ROS/11.Face_Recognition/install/face_interfaces/share/face_interfaces/cmake/export_face_interfaces__rosidl_typesupport_fastrtps_cExport-noconfig.cmake
[4.357s] -- Installing: /home/lxf/ROS/11.Face_Recognition/install/face_interfaces/share/face_interfaces/cmake/export_face_interfaces__rosidl_generator_cppExport.cmake
[4.357s] -- Installing: /home/lxf/ROS/11.Face_Recognition/install/face_interfaces/share/face_interfaces/cmake/export_face_interfaces__rosidl_typesupport_fastrtps_cppExport.cmake
[4.357s] -- Installing: /home/lxf/ROS/11.Face_Recognition/install/face_interfaces/share/face_interfaces/cmake/export_face_interfaces__rosidl_typesupport_fastrtps_cppExport-noconfig.cmake
[4.357s] -- Installing: /home/lxf/ROS/11.Face_Recognition/install/face_interfaces/share/face_interfaces/cmake/face_interfaces__rosidl_typesupport_introspection_cExport.cmake
[4.357s] -- Installing: /home/lxf/ROS/11.Face_Recognition/install/face_interfaces/share/face_interfaces/cmake/face_interfaces__rosidl_typesupport_introspection_cExport-noconfig.cmake
[4.357s] -- Installing: /home/lxf/ROS/11.Face_Recognition/install/face_interfaces/share/face_interfaces/cmake/face_interfaces__rosidl_typesupport_cExport.cmake
[4.357s] -- Installing: /home/lxf/ROS/11.Face_Recognition/install/face_interfaces/share/face_interfaces/cmake/face_interfaces__rosidl_typesupport_cExport-noconfig.cmake
[4.357s] -- Installing: /home/lxf/ROS/11.Face_Recognition/install/face_interfaces/share/face_interfaces/cmake/face_interfaces__rosidl_typesupport_introspection_cppExport.cmake
[4.357s] -- Installing: /home/lxf/ROS/11.Face_Recognition/install/face_interfaces/share/face_interfaces/cmake/face_interfaces__rosidl_typesupport_introspection_cppExport-noconfig.cmake
[4.357s] -- Installing: /home/lxf/ROS/11.Face_Recognition/install/face_interfaces/share/face_interfaces/cmake/face_interfaces__rosidl_typesupport_cppExport.cmake
[4.357s] -- Installing: /home/lxf/ROS/11.Face_Recognition/install/face_interfaces/share/face_interfaces/cmake/face_interfaces__rosidl_typesupport_cppExport-noconfig.cmake
[4.357s] -- Installing: /home/lxf/ROS/11.Face_Recognition/install/face_interfaces/share/face_interfaces/cmake/export_face_interfaces__rosidl_generator_pyExport.cmake
[4.358s] -- Installing: /home/lxf/ROS/11.Face_Recognition/install/face_interfaces/share/face_interfaces/cmake/export_face_interfaces__rosidl_generator_pyExport-noconfig.cmake
[4.358s] -- Installing: /home/lxf/ROS/11.Face_Recognition/install/face_interfaces/share/face_interfaces/cmake/rosidl_cmake-extras.cmake
[4.358s] -- Installing: /home/lxf/ROS/11.Face_Recognition/install/face_interfaces/share/face_interfaces/cmake/ament_cmake_export_dependencies-extras.cmake
[4.358s] -- Installing: /home/lxf/ROS/11.Face_Recognition/install/face_interfaces/share/face_interfaces/cmake/ament_cmake_export_include_directories-extras.cmake
[4.358s] -- Installing: /home/lxf/ROS/11.Face_Recognition/install/face_interfaces/share/face_interfaces/cmake/ament_cmake_export_libraries-extras.cmake
[4.358s] -- Installing: /home/lxf/ROS/11.Face_Recognition/install/face_interfaces/share/face_interfaces/cmake/ament_cmake_export_targets-extras.cmake
[4.358s] -- Installing: /home/lxf/ROS/11.Face_Recognition/install/face_interfaces/share/face_interfaces/cmake/rosidl_cmake_export_typesupport_targets-extras.cmake
[4.358s] -- Installing: /home/lxf/ROS/11.Face_Recognition/install/face_interfaces/share/face_interfaces/cmake/rosidl_cmake_export_typesupport_libraries-extras.cmake
[4.358s] -- Installing: /home/lxf/ROS/11.Face_Recognition/install/face_interfaces/share/face_interfaces/cmake/face_interfacesConfig.cmake
[4.358s] -- Installing: /home/lxf/ROS/11.Face_Recognition/install/face_interfaces/share/face_interfaces/cmake/face_interfacesConfig-version.cmake
[4.358s] -- Installing: /home/lxf/ROS/11.Face_Recognition/install/face_interfaces/share/face_interfaces/package.xml
[4.359s] Invoked command in '/home/lxf/ROS/11.Face_Recognition/build/face_interfaces' returned '0': CMAKE_PREFIX_PATH=/opt/ros/humble /usr/bin/cmake --install /home/lxf/ROS/11.Face_Recognition/build/face_interfaces
