[0.008s] Invoking command in '/home/lxf/Desktop/ROS/16.Launch_parameter/build/turtle_control_interfaces': CMAKE_PREFIX_PATH=/opt/ros/humble /usr/bin/cmake --build /home/lxf/Desktop/ROS/16.Launch_parameter/build/turtle_control_interfaces -- -j16 -l16
[0.115s] [  2%] Built target turtle_control_interfaces__cpp
[0.128s] [ 12%] Built target turtle_control_interfaces__rosidl_generator_c
[0.140s] [ 12%] Built target ament_cmake_python_copy_turtle_control_interfaces
[0.148s] [ 23%] Built target turtle_control_interfaces__rosidl_typesupport_cpp
[0.149s] [ 33%] Built target turtle_control_interfaces__rosidl_typesupport_introspection_cpp
[0.153s] [ 43%] Built target turtle_control_interfaces__rosidl_typesupport_fastrtps_cpp
[0.154s] [ 53%] Built target turtle_control_interfaces__rosidl_typesupport_c
[0.155s] [ 66%] Built target turtle_control_interfaces__rosidl_typesupport_introspection_c
[0.155s] [ 74%] Built target turtle_control_interfaces__rosidl_typesupport_fastrtps_c
[0.170s] [ 74%] Built target turtle_control_interfaces
[0.189s] [ 76%] Built target turtle_control_interfaces__py
[0.208s] [ 84%] Built target turtle_control_interfaces__rosidl_generator_py
[0.226s] [ 92%] Built target turtle_control_interfaces__rosidl_typesupport_c__pyext
[0.226s] [ 94%] Built target turtle_control_interfaces__rosidl_typesupport_fastrtps_c__pyext
[0.228s] [100%] Built target turtle_control_interfaces__rosidl_typesupport_introspection_c__pyext
[0.298s] running egg_info
[0.298s] writing turtle_control_interfaces.egg-info/PKG-INFO
[0.298s] writing dependency_links to turtle_control_interfaces.egg-info/dependency_links.txt
[0.299s] writing top-level names to turtle_control_interfaces.egg-info/top_level.txt
[0.301s] reading manifest file 'turtle_control_interfaces.egg-info/SOURCES.txt'
[0.301s] writing manifest file 'turtle_control_interfaces.egg-info/SOURCES.txt'
[0.321s] [100%] Built target ament_cmake_python_build_turtle_control_interfaces_egg
[0.329s] Invoked command in '/home/lxf/Desktop/ROS/16.Launch_parameter/build/turtle_control_interfaces' returned '0': CMAKE_PREFIX_PATH=/opt/ros/humble /usr/bin/cmake --build /home/lxf/Desktop/ROS/16.Launch_parameter/build/turtle_control_interfaces -- -j16 -l16
[0.331s] Invoking command in '/home/lxf/Desktop/ROS/16.Launch_parameter/build/turtle_control_interfaces': CMAKE_PREFIX_PATH=/opt/ros/humble /usr/bin/cmake --install /home/lxf/Desktop/ROS/16.Launch_parameter/build/turtle_control_interfaces
[0.338s] -- Install configuration: ""
[0.338s] -- Up-to-date: /home/lxf/Desktop/ROS/16.Launch_parameter/install/turtle_control_interfaces/share/ament_index/resource_index/rosidl_interfaces/turtle_control_interfaces
[0.339s] -- Up-to-date: /home/lxf/Desktop/ROS/16.Launch_parameter/install/turtle_control_interfaces/include/turtle_control_interfaces/turtle_control_interfaces
[0.339s] -- Up-to-date: /home/lxf/Desktop/ROS/16.Launch_parameter/install/turtle_control_interfaces/include/turtle_control_interfaces/turtle_control_interfaces/srv
[0.339s] -- Up-to-date: /home/lxf/Desktop/ROS/16.Launch_parameter/install/turtle_control_interfaces/include/turtle_control_interfaces/turtle_control_interfaces/srv/patrol.h
[0.339s] -- Up-to-date: /home/lxf/Desktop/ROS/16.Launch_parameter/install/turtle_control_interfaces/include/turtle_control_interfaces/turtle_control_interfaces/srv/detail
[0.339s] -- Up-to-date: /home/lxf/Desktop/ROS/16.Launch_parameter/install/turtle_control_interfaces/include/turtle_control_interfaces/turtle_control_interfaces/srv/detail/patrol__struct.h
[0.339s] -- Up-to-date: /home/lxf/Desktop/ROS/16.Launch_parameter/install/turtle_control_interfaces/include/turtle_control_interfaces/turtle_control_interfaces/srv/detail/face_detector__struct.h
[0.339s] -- Up-to-date: /home/lxf/Desktop/ROS/16.Launch_parameter/install/turtle_control_interfaces/include/turtle_control_interfaces/turtle_control_interfaces/srv/detail/patrol__type_support.h
[0.339s] -- Up-to-date: /home/lxf/Desktop/ROS/16.Launch_parameter/install/turtle_control_interfaces/include/turtle_control_interfaces/turtle_control_interfaces/srv/detail/patrol__functions.c
[0.339s] -- Up-to-date: /home/lxf/Desktop/ROS/16.Launch_parameter/install/turtle_control_interfaces/include/turtle_control_interfaces/turtle_control_interfaces/srv/detail/face_detector__functions.c
[0.339s] -- Up-to-date: /home/lxf/Desktop/ROS/16.Launch_parameter/install/turtle_control_interfaces/include/turtle_control_interfaces/turtle_control_interfaces/srv/detail/face_detector__type_support.h
[0.339s] -- Up-to-date: /home/lxf/Desktop/ROS/16.Launch_parameter/install/turtle_control_interfaces/include/turtle_control_interfaces/turtle_control_interfaces/srv/detail/patrol__functions.h
[0.340s] -- Up-to-date: /home/lxf/Desktop/ROS/16.Launch_parameter/install/turtle_control_interfaces/include/turtle_control_interfaces/turtle_control_interfaces/srv/detail/face_detector__functions.h
[0.340s] -- Up-to-date: /home/lxf/Desktop/ROS/16.Launch_parameter/install/turtle_control_interfaces/include/turtle_control_interfaces/turtle_control_interfaces/srv/face_detector.h
[0.340s] -- Up-to-date: /home/lxf/Desktop/ROS/16.Launch_parameter/install/turtle_control_interfaces/include/turtle_control_interfaces/turtle_control_interfaces/msg
[0.340s] -- Up-to-date: /home/lxf/Desktop/ROS/16.Launch_parameter/install/turtle_control_interfaces/include/turtle_control_interfaces/turtle_control_interfaces/msg/rosidl_generator_c__visibility_control.h
[0.340s] -- Up-to-date: /home/lxf/Desktop/ROS/16.Launch_parameter/install/turtle_control_interfaces/share/turtle_control_interfaces/environment/library_path.sh
[0.340s] -- Up-to-date: /home/lxf/Desktop/ROS/16.Launch_parameter/install/turtle_control_interfaces/share/turtle_control_interfaces/environment/library_path.dsv
[0.340s] -- Up-to-date: /home/lxf/Desktop/ROS/16.Launch_parameter/install/turtle_control_interfaces/lib/libturtle_control_interfaces__rosidl_generator_c.so
[0.340s] -- Up-to-date: /home/lxf/Desktop/ROS/16.Launch_parameter/install/turtle_control_interfaces/include/turtle_control_interfaces/turtle_control_interfaces
[0.340s] -- Up-to-date: /home/lxf/Desktop/ROS/16.Launch_parameter/install/turtle_control_interfaces/include/turtle_control_interfaces/turtle_control_interfaces/srv
[0.340s] -- Up-to-date: /home/lxf/Desktop/ROS/16.Launch_parameter/install/turtle_control_interfaces/include/turtle_control_interfaces/turtle_control_interfaces/srv/detail
[0.340s] -- Up-to-date: /home/lxf/Desktop/ROS/16.Launch_parameter/install/turtle_control_interfaces/include/turtle_control_interfaces/turtle_control_interfaces/srv/detail/patrol__rosidl_typesupport_fastrtps_c.h
[0.340s] -- Up-to-date: /home/lxf/Desktop/ROS/16.Launch_parameter/install/turtle_control_interfaces/include/turtle_control_interfaces/turtle_control_interfaces/srv/detail/face_detector__rosidl_typesupport_fastrtps_c.h
[0.340s] -- Up-to-date: /home/lxf/Desktop/ROS/16.Launch_parameter/install/turtle_control_interfaces/include/turtle_control_interfaces/turtle_control_interfaces/msg
[0.340s] -- Up-to-date: /home/lxf/Desktop/ROS/16.Launch_parameter/install/turtle_control_interfaces/include/turtle_control_interfaces/turtle_control_interfaces/msg/rosidl_typesupport_fastrtps_c__visibility_control.h
[0.340s] -- Up-to-date: /home/lxf/Desktop/ROS/16.Launch_parameter/install/turtle_control_interfaces/lib/libturtle_control_interfaces__rosidl_typesupport_fastrtps_c.so
[0.340s] -- Up-to-date: /home/lxf/Desktop/ROS/16.Launch_parameter/install/turtle_control_interfaces/include/turtle_control_interfaces/turtle_control_interfaces
[0.340s] -- Up-to-date: /home/lxf/Desktop/ROS/16.Launch_parameter/install/turtle_control_interfaces/include/turtle_control_interfaces/turtle_control_interfaces/srv
[0.340s] -- Up-to-date: /home/lxf/Desktop/ROS/16.Launch_parameter/install/turtle_control_interfaces/include/turtle_control_interfaces/turtle_control_interfaces/srv/detail
[0.340s] -- Up-to-date: /home/lxf/Desktop/ROS/16.Launch_parameter/install/turtle_control_interfaces/include/turtle_control_interfaces/turtle_control_interfaces/srv/detail/face_detector__rosidl_typesupport_introspection_c.h
[0.340s] -- Up-to-date: /home/lxf/Desktop/ROS/16.Launch_parameter/install/turtle_control_interfaces/include/turtle_control_interfaces/turtle_control_interfaces/srv/detail/face_detector__type_support.c
[0.340s] -- Up-to-date: /home/lxf/Desktop/ROS/16.Launch_parameter/install/turtle_control_interfaces/include/turtle_control_interfaces/turtle_control_interfaces/srv/detail/patrol__rosidl_typesupport_introspection_c.h
[0.340s] -- Up-to-date: /home/lxf/Desktop/ROS/16.Launch_parameter/install/turtle_control_interfaces/include/turtle_control_interfaces/turtle_control_interfaces/srv/detail/patrol__type_support.c
[0.340s] -- Up-to-date: /home/lxf/Desktop/ROS/16.Launch_parameter/install/turtle_control_interfaces/include/turtle_control_interfaces/turtle_control_interfaces/msg
[0.340s] -- Up-to-date: /home/lxf/Desktop/ROS/16.Launch_parameter/install/turtle_control_interfaces/include/turtle_control_interfaces/turtle_control_interfaces/msg/rosidl_typesupport_introspection_c__visibility_control.h
[0.340s] -- Up-to-date: /home/lxf/Desktop/ROS/16.Launch_parameter/install/turtle_control_interfaces/lib/libturtle_control_interfaces__rosidl_typesupport_introspection_c.so
[0.341s] -- Up-to-date: /home/lxf/Desktop/ROS/16.Launch_parameter/install/turtle_control_interfaces/lib/libturtle_control_interfaces__rosidl_typesupport_c.so
[0.341s] -- Up-to-date: /home/lxf/Desktop/ROS/16.Launch_parameter/install/turtle_control_interfaces/include/turtle_control_interfaces/turtle_control_interfaces
[0.341s] -- Up-to-date: /home/lxf/Desktop/ROS/16.Launch_parameter/install/turtle_control_interfaces/include/turtle_control_interfaces/turtle_control_interfaces/srv
[0.341s] -- Up-to-date: /home/lxf/Desktop/ROS/16.Launch_parameter/install/turtle_control_interfaces/include/turtle_control_interfaces/turtle_control_interfaces/srv/patrol.hpp
[0.341s] -- Up-to-date: /home/lxf/Desktop/ROS/16.Launch_parameter/install/turtle_control_interfaces/include/turtle_control_interfaces/turtle_control_interfaces/srv/detail
[0.341s] -- Up-to-date: /home/lxf/Desktop/ROS/16.Launch_parameter/install/turtle_control_interfaces/include/turtle_control_interfaces/turtle_control_interfaces/srv/detail/face_detector__traits.hpp
[0.341s] -- Up-to-date: /home/lxf/Desktop/ROS/16.Launch_parameter/install/turtle_control_interfaces/include/turtle_control_interfaces/turtle_control_interfaces/srv/detail/patrol__builder.hpp
[0.341s] -- Up-to-date: /home/lxf/Desktop/ROS/16.Launch_parameter/install/turtle_control_interfaces/include/turtle_control_interfaces/turtle_control_interfaces/srv/detail/patrol__struct.hpp
[0.341s] -- Up-to-date: /home/lxf/Desktop/ROS/16.Launch_parameter/install/turtle_control_interfaces/include/turtle_control_interfaces/turtle_control_interfaces/srv/detail/face_detector__type_support.hpp
[0.341s] -- Up-to-date: /home/lxf/Desktop/ROS/16.Launch_parameter/install/turtle_control_interfaces/include/turtle_control_interfaces/turtle_control_interfaces/srv/detail/face_detector__struct.hpp
[0.341s] -- Up-to-date: /home/lxf/Desktop/ROS/16.Launch_parameter/install/turtle_control_interfaces/include/turtle_control_interfaces/turtle_control_interfaces/srv/detail/face_detector__builder.hpp
[0.341s] -- Up-to-date: /home/lxf/Desktop/ROS/16.Launch_parameter/install/turtle_control_interfaces/include/turtle_control_interfaces/turtle_control_interfaces/srv/detail/patrol__type_support.hpp
[0.341s] -- Up-to-date: /home/lxf/Desktop/ROS/16.Launch_parameter/install/turtle_control_interfaces/include/turtle_control_interfaces/turtle_control_interfaces/srv/detail/patrol__traits.hpp
[0.341s] -- Up-to-date: /home/lxf/Desktop/ROS/16.Launch_parameter/install/turtle_control_interfaces/include/turtle_control_interfaces/turtle_control_interfaces/srv/face_detector.hpp
[0.341s] -- Up-to-date: /home/lxf/Desktop/ROS/16.Launch_parameter/install/turtle_control_interfaces/include/turtle_control_interfaces/turtle_control_interfaces/msg
[0.341s] -- Up-to-date: /home/lxf/Desktop/ROS/16.Launch_parameter/install/turtle_control_interfaces/include/turtle_control_interfaces/turtle_control_interfaces/msg/rosidl_generator_cpp__visibility_control.hpp
[0.341s] -- Up-to-date: /home/lxf/Desktop/ROS/16.Launch_parameter/install/turtle_control_interfaces/include/turtle_control_interfaces/turtle_control_interfaces
[0.341s] -- Up-to-date: /home/lxf/Desktop/ROS/16.Launch_parameter/install/turtle_control_interfaces/include/turtle_control_interfaces/turtle_control_interfaces/srv
[0.341s] -- Up-to-date: /home/lxf/Desktop/ROS/16.Launch_parameter/install/turtle_control_interfaces/include/turtle_control_interfaces/turtle_control_interfaces/srv/detail
[0.341s] -- Up-to-date: /home/lxf/Desktop/ROS/16.Launch_parameter/install/turtle_control_interfaces/include/turtle_control_interfaces/turtle_control_interfaces/srv/detail/face_detector__rosidl_typesupport_fastrtps_cpp.hpp
[0.342s] -- Up-to-date: /home/lxf/Desktop/ROS/16.Launch_parameter/install/turtle_control_interfaces/include/turtle_control_interfaces/turtle_control_interfaces/srv/detail/dds_fastrtps
[0.342s] -- Up-to-date: /home/lxf/Desktop/ROS/16.Launch_parameter/install/turtle_control_interfaces/include/turtle_control_interfaces/turtle_control_interfaces/srv/detail/patrol__rosidl_typesupport_fastrtps_cpp.hpp
[0.342s] -- Up-to-date: /home/lxf/Desktop/ROS/16.Launch_parameter/install/turtle_control_interfaces/include/turtle_control_interfaces/turtle_control_interfaces/msg
[0.342s] -- Up-to-date: /home/lxf/Desktop/ROS/16.Launch_parameter/install/turtle_control_interfaces/include/turtle_control_interfaces/turtle_control_interfaces/msg/rosidl_typesupport_fastrtps_cpp__visibility_control.h
[0.342s] -- Up-to-date: /home/lxf/Desktop/ROS/16.Launch_parameter/install/turtle_control_interfaces/lib/libturtle_control_interfaces__rosidl_typesupport_fastrtps_cpp.so
[0.342s] -- Up-to-date: /home/lxf/Desktop/ROS/16.Launch_parameter/install/turtle_control_interfaces/include/turtle_control_interfaces/turtle_control_interfaces
[0.342s] -- Up-to-date: /home/lxf/Desktop/ROS/16.Launch_parameter/install/turtle_control_interfaces/include/turtle_control_interfaces/turtle_control_interfaces/srv
[0.342s] -- Up-to-date: /home/lxf/Desktop/ROS/16.Launch_parameter/install/turtle_control_interfaces/include/turtle_control_interfaces/turtle_control_interfaces/srv/detail
[0.342s] -- Up-to-date: /home/lxf/Desktop/ROS/16.Launch_parameter/install/turtle_control_interfaces/include/turtle_control_interfaces/turtle_control_interfaces/srv/detail/patrol__rosidl_typesupport_introspection_cpp.hpp
[0.342s] -- Up-to-date: /home/lxf/Desktop/ROS/16.Launch_parameter/install/turtle_control_interfaces/include/turtle_control_interfaces/turtle_control_interfaces/srv/detail/face_detector__type_support.cpp
[0.342s] -- Up-to-date: /home/lxf/Desktop/ROS/16.Launch_parameter/install/turtle_control_interfaces/include/turtle_control_interfaces/turtle_control_interfaces/srv/detail/patrol__type_support.cpp
[0.342s] -- Up-to-date: /home/lxf/Desktop/ROS/16.Launch_parameter/install/turtle_control_interfaces/include/turtle_control_interfaces/turtle_control_interfaces/srv/detail/face_detector__rosidl_typesupport_introspection_cpp.hpp
[0.342s] -- Up-to-date: /home/lxf/Desktop/ROS/16.Launch_parameter/install/turtle_control_interfaces/lib/libturtle_control_interfaces__rosidl_typesupport_introspection_cpp.so
[0.343s] -- Up-to-date: /home/lxf/Desktop/ROS/16.Launch_parameter/install/turtle_control_interfaces/lib/libturtle_control_interfaces__rosidl_typesupport_cpp.so
[0.343s] -- Up-to-date: /home/lxf/Desktop/ROS/16.Launch_parameter/install/turtle_control_interfaces/share/turtle_control_interfaces/environment/pythonpath.sh
[0.343s] -- Up-to-date: /home/lxf/Desktop/ROS/16.Launch_parameter/install/turtle_control_interfaces/share/turtle_control_interfaces/environment/pythonpath.dsv
[0.343s] -- Up-to-date: /home/lxf/Desktop/ROS/16.Launch_parameter/install/turtle_control_interfaces/local/lib/python3.10/dist-packages/turtle_control_interfaces-0.0.0-py3.10.egg-info
[0.343s] -- Installing: /home/lxf/Desktop/ROS/16.Launch_parameter/install/turtle_control_interfaces/local/lib/python3.10/dist-packages/turtle_control_interfaces-0.0.0-py3.10.egg-info/PKG-INFO
[0.343s] -- Installing: /home/lxf/Desktop/ROS/16.Launch_parameter/install/turtle_control_interfaces/local/lib/python3.10/dist-packages/turtle_control_interfaces-0.0.0-py3.10.egg-info/top_level.txt
[0.343s] -- Installing: /home/lxf/Desktop/ROS/16.Launch_parameter/install/turtle_control_interfaces/local/lib/python3.10/dist-packages/turtle_control_interfaces-0.0.0-py3.10.egg-info/SOURCES.txt
[0.343s] -- Installing: /home/lxf/Desktop/ROS/16.Launch_parameter/install/turtle_control_interfaces/local/lib/python3.10/dist-packages/turtle_control_interfaces-0.0.0-py3.10.egg-info/dependency_links.txt
[0.343s] -- Up-to-date: /home/lxf/Desktop/ROS/16.Launch_parameter/install/turtle_control_interfaces/local/lib/python3.10/dist-packages/turtle_control_interfaces
[0.343s] -- Up-to-date: /home/lxf/Desktop/ROS/16.Launch_parameter/install/turtle_control_interfaces/local/lib/python3.10/dist-packages/turtle_control_interfaces/turtle_control_interfaces_s__rosidl_typesupport_introspection_c.cpython-310-x86_64-linux-gnu.so
[0.343s] -- Up-to-date: /home/lxf/Desktop/ROS/16.Launch_parameter/install/turtle_control_interfaces/local/lib/python3.10/dist-packages/turtle_control_interfaces/libturtle_control_interfaces__rosidl_generator_py.so
[0.343s] -- Up-to-date: /home/lxf/Desktop/ROS/16.Launch_parameter/install/turtle_control_interfaces/local/lib/python3.10/dist-packages/turtle_control_interfaces/srv
[0.344s] -- Up-to-date: /home/lxf/Desktop/ROS/16.Launch_parameter/install/turtle_control_interfaces/local/lib/python3.10/dist-packages/turtle_control_interfaces/srv/_face_detector_s.c
[0.344s] -- Up-to-date: /home/lxf/Desktop/ROS/16.Launch_parameter/install/turtle_control_interfaces/local/lib/python3.10/dist-packages/turtle_control_interfaces/srv/_patrol_s.c
[0.344s] -- Up-to-date: /home/lxf/Desktop/ROS/16.Launch_parameter/install/turtle_control_interfaces/local/lib/python3.10/dist-packages/turtle_control_interfaces/srv/_face_detector.py
[0.344s] -- Up-to-date: /home/lxf/Desktop/ROS/16.Launch_parameter/install/turtle_control_interfaces/local/lib/python3.10/dist-packages/turtle_control_interfaces/srv/_patrol.py
[0.344s] -- Up-to-date: /home/lxf/Desktop/ROS/16.Launch_parameter/install/turtle_control_interfaces/local/lib/python3.10/dist-packages/turtle_control_interfaces/srv/__init__.py
[0.344s] -- Up-to-date: /home/lxf/Desktop/ROS/16.Launch_parameter/install/turtle_control_interfaces/local/lib/python3.10/dist-packages/turtle_control_interfaces/_turtle_control_interfaces_s.ep.rosidl_typesupport_introspection_c.c
[0.344s] -- Up-to-date: /home/lxf/Desktop/ROS/16.Launch_parameter/install/turtle_control_interfaces/local/lib/python3.10/dist-packages/turtle_control_interfaces/turtle_control_interfaces_s__rosidl_typesupport_fastrtps_c.cpython-310-x86_64-linux-gnu.so
[0.344s] -- Up-to-date: /home/lxf/Desktop/ROS/16.Launch_parameter/install/turtle_control_interfaces/local/lib/python3.10/dist-packages/turtle_control_interfaces/turtle_control_interfaces_s__rosidl_typesupport_c.cpython-310-x86_64-linux-gnu.so
[0.344s] -- Up-to-date: /home/lxf/Desktop/ROS/16.Launch_parameter/install/turtle_control_interfaces/local/lib/python3.10/dist-packages/turtle_control_interfaces/_turtle_control_interfaces_s.ep.rosidl_typesupport_fastrtps_c.c
[0.344s] -- Up-to-date: /home/lxf/Desktop/ROS/16.Launch_parameter/install/turtle_control_interfaces/local/lib/python3.10/dist-packages/turtle_control_interfaces/_turtle_control_interfaces_s.ep.rosidl_typesupport_c.c
[0.344s] -- Up-to-date: /home/lxf/Desktop/ROS/16.Launch_parameter/install/turtle_control_interfaces/local/lib/python3.10/dist-packages/turtle_control_interfaces/__init__.py
[0.368s] Listing '/home/lxf/Desktop/ROS/16.Launch_parameter/install/turtle_control_interfaces/local/lib/python3.10/dist-packages/turtle_control_interfaces'...
[0.368s] Listing '/home/lxf/Desktop/ROS/16.Launch_parameter/install/turtle_control_interfaces/local/lib/python3.10/dist-packages/turtle_control_interfaces/srv'...
[0.373s] -- Up-to-date: /home/lxf/Desktop/ROS/16.Launch_parameter/install/turtle_control_interfaces/local/lib/python3.10/dist-packages/turtle_control_interfaces/turtle_control_interfaces_s__rosidl_typesupport_fastrtps_c.cpython-310-x86_64-linux-gnu.so
[0.374s] -- Up-to-date: /home/lxf/Desktop/ROS/16.Launch_parameter/install/turtle_control_interfaces/local/lib/python3.10/dist-packages/turtle_control_interfaces/turtle_control_interfaces_s__rosidl_typesupport_introspection_c.cpython-310-x86_64-linux-gnu.so
[0.374s] -- Up-to-date: /home/lxf/Desktop/ROS/16.Launch_parameter/install/turtle_control_interfaces/local/lib/python3.10/dist-packages/turtle_control_interfaces/turtle_control_interfaces_s__rosidl_typesupport_c.cpython-310-x86_64-linux-gnu.so
[0.375s] -- Up-to-date: /home/lxf/Desktop/ROS/16.Launch_parameter/install/turtle_control_interfaces/lib/libturtle_control_interfaces__rosidl_generator_py.so
[0.375s] -- Up-to-date: /home/lxf/Desktop/ROS/16.Launch_parameter/install/turtle_control_interfaces/share/turtle_control_interfaces/srv/FaceDetector.idl
[0.375s] -- Up-to-date: /home/lxf/Desktop/ROS/16.Launch_parameter/install/turtle_control_interfaces/share/turtle_control_interfaces/srv/Patrol.idl
[0.375s] -- Up-to-date: /home/lxf/Desktop/ROS/16.Launch_parameter/install/turtle_control_interfaces/share/turtle_control_interfaces/srv/FaceDetector.srv
[0.375s] -- Up-to-date: /home/lxf/Desktop/ROS/16.Launch_parameter/install/turtle_control_interfaces/share/turtle_control_interfaces/srv/FaceDetector_Request.msg
[0.375s] -- Up-to-date: /home/lxf/Desktop/ROS/16.Launch_parameter/install/turtle_control_interfaces/share/turtle_control_interfaces/srv/FaceDetector_Response.msg
[0.375s] -- Up-to-date: /home/lxf/Desktop/ROS/16.Launch_parameter/install/turtle_control_interfaces/share/turtle_control_interfaces/srv/Patrol.srv
[0.375s] -- Up-to-date: /home/lxf/Desktop/ROS/16.Launch_parameter/install/turtle_control_interfaces/share/turtle_control_interfaces/srv/Patrol_Request.msg
[0.375s] -- Up-to-date: /home/lxf/Desktop/ROS/16.Launch_parameter/install/turtle_control_interfaces/share/turtle_control_interfaces/srv/Patrol_Response.msg
[0.375s] -- Up-to-date: /home/lxf/Desktop/ROS/16.Launch_parameter/install/turtle_control_interfaces/share/ament_index/resource_index/package_run_dependencies/turtle_control_interfaces
[0.375s] -- Up-to-date: /home/lxf/Desktop/ROS/16.Launch_parameter/install/turtle_control_interfaces/share/ament_index/resource_index/parent_prefix_path/turtle_control_interfaces
[0.375s] -- Up-to-date: /home/lxf/Desktop/ROS/16.Launch_parameter/install/turtle_control_interfaces/share/turtle_control_interfaces/environment/ament_prefix_path.sh
[0.375s] -- Up-to-date: /home/lxf/Desktop/ROS/16.Launch_parameter/install/turtle_control_interfaces/share/turtle_control_interfaces/environment/ament_prefix_path.dsv
[0.375s] -- Up-to-date: /home/lxf/Desktop/ROS/16.Launch_parameter/install/turtle_control_interfaces/share/turtle_control_interfaces/environment/path.sh
[0.375s] -- Up-to-date: /home/lxf/Desktop/ROS/16.Launch_parameter/install/turtle_control_interfaces/share/turtle_control_interfaces/environment/path.dsv
[0.375s] -- Up-to-date: /home/lxf/Desktop/ROS/16.Launch_parameter/install/turtle_control_interfaces/share/turtle_control_interfaces/local_setup.bash
[0.375s] -- Up-to-date: /home/lxf/Desktop/ROS/16.Launch_parameter/install/turtle_control_interfaces/share/turtle_control_interfaces/local_setup.sh
[0.375s] -- Up-to-date: /home/lxf/Desktop/ROS/16.Launch_parameter/install/turtle_control_interfaces/share/turtle_control_interfaces/local_setup.zsh
[0.375s] -- Up-to-date: /home/lxf/Desktop/ROS/16.Launch_parameter/install/turtle_control_interfaces/share/turtle_control_interfaces/local_setup.dsv
[0.376s] -- Installing: /home/lxf/Desktop/ROS/16.Launch_parameter/install/turtle_control_interfaces/share/turtle_control_interfaces/package.dsv
[0.376s] -- Up-to-date: /home/lxf/Desktop/ROS/16.Launch_parameter/install/turtle_control_interfaces/share/ament_index/resource_index/packages/turtle_control_interfaces
[0.376s] -- Up-to-date: /home/lxf/Desktop/ROS/16.Launch_parameter/install/turtle_control_interfaces/share/turtle_control_interfaces/cmake/export_turtle_control_interfaces__rosidl_generator_cExport.cmake
[0.376s] -- Up-to-date: /home/lxf/Desktop/ROS/16.Launch_parameter/install/turtle_control_interfaces/share/turtle_control_interfaces/cmake/export_turtle_control_interfaces__rosidl_generator_cExport-noconfig.cmake
[0.376s] -- Up-to-date: /home/lxf/Desktop/ROS/16.Launch_parameter/install/turtle_control_interfaces/share/turtle_control_interfaces/cmake/export_turtle_control_interfaces__rosidl_typesupport_fastrtps_cExport.cmake
[0.376s] -- Up-to-date: /home/lxf/Desktop/ROS/16.Launch_parameter/install/turtle_control_interfaces/share/turtle_control_interfaces/cmake/export_turtle_control_interfaces__rosidl_typesupport_fastrtps_cExport-noconfig.cmake
[0.376s] -- Up-to-date: /home/lxf/Desktop/ROS/16.Launch_parameter/install/turtle_control_interfaces/share/turtle_control_interfaces/cmake/turtle_control_interfaces__rosidl_typesupport_introspection_cExport.cmake
[0.377s] -- Up-to-date: /home/lxf/Desktop/ROS/16.Launch_parameter/install/turtle_control_interfaces/share/turtle_control_interfaces/cmake/turtle_control_interfaces__rosidl_typesupport_introspection_cExport-noconfig.cmake
[0.377s] -- Up-to-date: /home/lxf/Desktop/ROS/16.Launch_parameter/install/turtle_control_interfaces/share/turtle_control_interfaces/cmake/turtle_control_interfaces__rosidl_typesupport_cExport.cmake
[0.377s] -- Up-to-date: /home/lxf/Desktop/ROS/16.Launch_parameter/install/turtle_control_interfaces/share/turtle_control_interfaces/cmake/turtle_control_interfaces__rosidl_typesupport_cExport-noconfig.cmake
[0.377s] -- Up-to-date: /home/lxf/Desktop/ROS/16.Launch_parameter/install/turtle_control_interfaces/share/turtle_control_interfaces/cmake/export_turtle_control_interfaces__rosidl_generator_cppExport.cmake
[0.377s] -- Up-to-date: /home/lxf/Desktop/ROS/16.Launch_parameter/install/turtle_control_interfaces/share/turtle_control_interfaces/cmake/export_turtle_control_interfaces__rosidl_typesupport_fastrtps_cppExport.cmake
[0.377s] -- Up-to-date: /home/lxf/Desktop/ROS/16.Launch_parameter/install/turtle_control_interfaces/share/turtle_control_interfaces/cmake/export_turtle_control_interfaces__rosidl_typesupport_fastrtps_cppExport-noconfig.cmake
[0.378s] -- Up-to-date: /home/lxf/Desktop/ROS/16.Launch_parameter/install/turtle_control_interfaces/share/turtle_control_interfaces/cmake/turtle_control_interfaces__rosidl_typesupport_introspection_cppExport.cmake
[0.378s] -- Up-to-date: /home/lxf/Desktop/ROS/16.Launch_parameter/install/turtle_control_interfaces/share/turtle_control_interfaces/cmake/turtle_control_interfaces__rosidl_typesupport_introspection_cppExport-noconfig.cmake
[0.378s] -- Up-to-date: /home/lxf/Desktop/ROS/16.Launch_parameter/install/turtle_control_interfaces/share/turtle_control_interfaces/cmake/turtle_control_interfaces__rosidl_typesupport_cppExport.cmake
[0.378s] -- Up-to-date: /home/lxf/Desktop/ROS/16.Launch_parameter/install/turtle_control_interfaces/share/turtle_control_interfaces/cmake/turtle_control_interfaces__rosidl_typesupport_cppExport-noconfig.cmake
[0.379s] -- Up-to-date: /home/lxf/Desktop/ROS/16.Launch_parameter/install/turtle_control_interfaces/share/turtle_control_interfaces/cmake/export_turtle_control_interfaces__rosidl_generator_pyExport.cmake
[0.379s] -- Up-to-date: /home/lxf/Desktop/ROS/16.Launch_parameter/install/turtle_control_interfaces/share/turtle_control_interfaces/cmake/export_turtle_control_interfaces__rosidl_generator_pyExport-noconfig.cmake
[0.379s] -- Up-to-date: /home/lxf/Desktop/ROS/16.Launch_parameter/install/turtle_control_interfaces/share/turtle_control_interfaces/cmake/rosidl_cmake-extras.cmake
[0.379s] -- Up-to-date: /home/lxf/Desktop/ROS/16.Launch_parameter/install/turtle_control_interfaces/share/turtle_control_interfaces/cmake/ament_cmake_export_dependencies-extras.cmake
[0.379s] -- Up-to-date: /home/lxf/Desktop/ROS/16.Launch_parameter/install/turtle_control_interfaces/share/turtle_control_interfaces/cmake/ament_cmake_export_include_directories-extras.cmake
[0.379s] -- Up-to-date: /home/lxf/Desktop/ROS/16.Launch_parameter/install/turtle_control_interfaces/share/turtle_control_interfaces/cmake/ament_cmake_export_libraries-extras.cmake
[0.379s] -- Up-to-date: /home/lxf/Desktop/ROS/16.Launch_parameter/install/turtle_control_interfaces/share/turtle_control_interfaces/cmake/ament_cmake_export_targets-extras.cmake
[0.379s] -- Up-to-date: /home/lxf/Desktop/ROS/16.Launch_parameter/install/turtle_control_interfaces/share/turtle_control_interfaces/cmake/rosidl_cmake_export_typesupport_targets-extras.cmake
[0.379s] -- Up-to-date: /home/lxf/Desktop/ROS/16.Launch_parameter/install/turtle_control_interfaces/share/turtle_control_interfaces/cmake/rosidl_cmake_export_typesupport_libraries-extras.cmake
[0.379s] -- Up-to-date: /home/lxf/Desktop/ROS/16.Launch_parameter/install/turtle_control_interfaces/share/turtle_control_interfaces/cmake/turtle_control_interfacesConfig.cmake
[0.379s] -- Up-to-date: /home/lxf/Desktop/ROS/16.Launch_parameter/install/turtle_control_interfaces/share/turtle_control_interfaces/cmake/turtle_control_interfacesConfig-version.cmake
[0.379s] -- Up-to-date: /home/lxf/Desktop/ROS/16.Launch_parameter/install/turtle_control_interfaces/share/turtle_control_interfaces/package.xml
[0.381s] Invoked command in '/home/lxf/Desktop/ROS/16.Launch_parameter/build/turtle_control_interfaces' returned '0': CMAKE_PREFIX_PATH=/opt/ros/humble /usr/bin/cmake --install /home/lxf/Desktop/ROS/16.Launch_parameter/build/turtle_control_interfaces
