[0.064s] DEBUG:colcon:Command line arguments: ['/usr/bin/colcon', 'build']
[0.064s] DEBUG:colcon:Parsed command line arguments: Namespace(log_base=None, log_level=None, verb_name='build', build_base='build', install_base='install', merge_install=False, symlink_install=False, test_result_base=None, continue_on_error=False, executor='parallel', parallel_workers=16, event_handlers=None, ignore_user_meta=False, metas=['./colcon.meta'], base_paths=['.'], packages_ignore=None, packages_ignore_regex=None, paths=None, packages_up_to=None, packages_up_to_regex=None, packages_above=None, packages_above_and_dependencies=None, packages_above_depth=None, packages_select_by_dep=None, packages_skip_by_dep=None, packages_skip_up_to=None, packages_select_build_failed=False, packages_skip_build_finished=False, packages_select_test_failures=False, packages_skip_test_passed=False, packages_select=None, packages_skip=None, packages_select_regex=None, packages_skip_regex=None, packages_start=None, packages_end=None, allow_overriding=[], cmake_args=None, cmake_target=None, cmake_target_skip_unavailable=False, cmake_clean_cache=False, cmake_clean_first=False, cmake_force_configure=False, ament_cmake_args=None, catkin_cmake_args=None, catkin_skip_building_tests=False, verb_parser=<colcon_defaults.argument_parser.defaults.DefaultArgumentsDecorator object at 0x7de0fb2040d0>, verb_extension=<colcon_core.verb.build.BuildVerb object at 0x7de0fb359ba0>, main=<bound method BuildVerb.main of <colcon_core.verb.build.BuildVerb object at 0x7de0fb359ba0>>)
[0.159s] Level 1:colcon.colcon_core.package_discovery:discover_packages(colcon_meta) check parameters
[0.159s] Level 1:colcon.colcon_core.package_discovery:discover_packages(recursive) check parameters
[0.159s] Level 1:colcon.colcon_core.package_discovery:discover_packages(ignore) check parameters
[0.159s] Level 1:colcon.colcon_core.package_discovery:discover_packages(path) check parameters
[0.159s] Level 1:colcon.colcon_core.package_discovery:discover_packages(colcon_meta) discover
[0.159s] Level 1:colcon.colcon_core.package_discovery:discover_packages(recursive) discover
[0.159s] INFO:colcon.colcon_core.package_discovery:Crawling recursively for packages in '/home/lxf/ROS/10.topic_practice'
[0.159s] Level 1:colcon.colcon_core.package_identification:_identify(.) by extensions ['ignore', 'ignore_ament_install']
[0.159s] Level 1:colcon.colcon_core.package_identification:_identify(.) by extension 'ignore'
[0.159s] Level 1:colcon.colcon_core.package_identification:_identify(.) by extension 'ignore_ament_install'
[0.159s] Level 1:colcon.colcon_core.package_identification:_identify(.) by extensions ['colcon_pkg']
[0.159s] Level 1:colcon.colcon_core.package_identification:_identify(.) by extension 'colcon_pkg'
[0.159s] Level 1:colcon.colcon_core.package_identification:_identify(.) by extensions ['colcon_meta']
[0.159s] Level 1:colcon.colcon_core.package_identification:_identify(.) by extension 'colcon_meta'
[0.159s] Level 1:colcon.colcon_core.package_identification:_identify(.) by extensions ['ros']
[0.159s] Level 1:colcon.colcon_core.package_identification:_identify(.) by extension 'ros'
[0.176s] Level 1:colcon.colcon_core.package_identification:_identify(.) by extensions ['cmake', 'python']
[0.176s] Level 1:colcon.colcon_core.package_identification:_identify(.) by extension 'cmake'
[0.176s] Level 1:colcon.colcon_core.package_identification:_identify(.) by extension 'python'
[0.176s] Level 1:colcon.colcon_core.package_identification:_identify(.) by extensions ['python_setup_py']
[0.176s] Level 1:colcon.colcon_core.package_identification:_identify(.) by extension 'python_setup_py'
[0.176s] Level 1:colcon.colcon_core.package_identification:_identify(build) by extensions ['ignore', 'ignore_ament_install']
[0.176s] Level 1:colcon.colcon_core.package_identification:_identify(build) by extension 'ignore'
[0.176s] Level 1:colcon.colcon_core.package_identification:_identify(build) ignored
[0.176s] Level 1:colcon.colcon_core.package_identification:_identify(install) by extensions ['ignore', 'ignore_ament_install']
[0.176s] Level 1:colcon.colcon_core.package_identification:_identify(install) by extension 'ignore'
[0.176s] Level 1:colcon.colcon_core.package_identification:_identify(install) ignored
[0.177s] Level 1:colcon.colcon_core.package_identification:_identify(log) by extensions ['ignore', 'ignore_ament_install']
[0.177s] Level 1:colcon.colcon_core.package_identification:_identify(log) by extension 'ignore'
[0.177s] Level 1:colcon.colcon_core.package_identification:_identify(log) ignored
[0.177s] Level 1:colcon.colcon_core.package_identification:_identify(src) by extensions ['ignore', 'ignore_ament_install']
[0.177s] Level 1:colcon.colcon_core.package_identification:_identify(src) by extension 'ignore'
[0.177s] Level 1:colcon.colcon_core.package_identification:_identify(src) by extension 'ignore_ament_install'
[0.177s] Level 1:colcon.colcon_core.package_identification:_identify(src) by extensions ['colcon_pkg']
[0.177s] Level 1:colcon.colcon_core.package_identification:_identify(src) by extension 'colcon_pkg'
[0.177s] Level 1:colcon.colcon_core.package_identification:_identify(src) by extensions ['colcon_meta']
[0.177s] Level 1:colcon.colcon_core.package_identification:_identify(src) by extension 'colcon_meta'
[0.177s] Level 1:colcon.colcon_core.package_identification:_identify(src) by extensions ['ros']
[0.177s] Level 1:colcon.colcon_core.package_identification:_identify(src) by extension 'ros'
[0.177s] Level 1:colcon.colcon_core.package_identification:_identify(src) by extensions ['cmake', 'python']
[0.177s] Level 1:colcon.colcon_core.package_identification:_identify(src) by extension 'cmake'
[0.177s] Level 1:colcon.colcon_core.package_identification:_identify(src) by extension 'python'
[0.177s] Level 1:colcon.colcon_core.package_identification:_identify(src) by extensions ['python_setup_py']
[0.177s] Level 1:colcon.colcon_core.package_identification:_identify(src) by extension 'python_setup_py'
[0.177s] Level 1:colcon.colcon_core.package_identification:_identify(src/status_display) by extensions ['ignore', 'ignore_ament_install']
[0.177s] Level 1:colcon.colcon_core.package_identification:_identify(src/status_display) by extension 'ignore'
[0.177s] Level 1:colcon.colcon_core.package_identification:_identify(src/status_display) by extension 'ignore_ament_install'
[0.177s] Level 1:colcon.colcon_core.package_identification:_identify(src/status_display) by extensions ['colcon_pkg']
[0.177s] Level 1:colcon.colcon_core.package_identification:_identify(src/status_display) by extension 'colcon_pkg'
[0.177s] Level 1:colcon.colcon_core.package_identification:_identify(src/status_display) by extensions ['colcon_meta']
[0.177s] Level 1:colcon.colcon_core.package_identification:_identify(src/status_display) by extension 'colcon_meta'
[0.177s] Level 1:colcon.colcon_core.package_identification:_identify(src/status_display) by extensions ['ros']
[0.177s] Level 1:colcon.colcon_core.package_identification:_identify(src/status_display) by extension 'ros'
[0.184s] DEBUG:colcon.colcon_core.package_identification:Package 'src/status_display' with type 'ros.ament_cmake' and name 'status_display'
[0.184s] Level 1:colcon.colcon_core.package_identification:_identify(src/status_interfaces) by extensions ['ignore', 'ignore_ament_install']
[0.185s] Level 1:colcon.colcon_core.package_identification:_identify(src/status_interfaces) by extension 'ignore'
[0.185s] Level 1:colcon.colcon_core.package_identification:_identify(src/status_interfaces) by extension 'ignore_ament_install'
[0.185s] Level 1:colcon.colcon_core.package_identification:_identify(src/status_interfaces) by extensions ['colcon_pkg']
[0.185s] Level 1:colcon.colcon_core.package_identification:_identify(src/status_interfaces) by extension 'colcon_pkg'
[0.185s] Level 1:colcon.colcon_core.package_identification:_identify(src/status_interfaces) by extensions ['colcon_meta']
[0.185s] Level 1:colcon.colcon_core.package_identification:_identify(src/status_interfaces) by extension 'colcon_meta'
[0.185s] Level 1:colcon.colcon_core.package_identification:_identify(src/status_interfaces) by extensions ['ros']
[0.185s] Level 1:colcon.colcon_core.package_identification:_identify(src/status_interfaces) by extension 'ros'
[0.185s] DEBUG:colcon.colcon_core.package_identification:Package 'src/status_interfaces' with type 'ros.ament_cmake' and name 'status_interfaces'
[0.185s] Level 1:colcon.colcon_core.package_identification:_identify(src/status_publisher) by extensions ['ignore', 'ignore_ament_install']
[0.185s] Level 1:colcon.colcon_core.package_identification:_identify(src/status_publisher) by extension 'ignore'
[0.185s] Level 1:colcon.colcon_core.package_identification:_identify(src/status_publisher) by extension 'ignore_ament_install'
[0.185s] Level 1:colcon.colcon_core.package_identification:_identify(src/status_publisher) by extensions ['colcon_pkg']
[0.185s] Level 1:colcon.colcon_core.package_identification:_identify(src/status_publisher) by extension 'colcon_pkg'
[0.185s] Level 1:colcon.colcon_core.package_identification:_identify(src/status_publisher) by extensions ['colcon_meta']
[0.185s] Level 1:colcon.colcon_core.package_identification:_identify(src/status_publisher) by extension 'colcon_meta'
[0.185s] Level 1:colcon.colcon_core.package_identification:_identify(src/status_publisher) by extensions ['ros']
[0.185s] Level 1:colcon.colcon_core.package_identification:_identify(src/status_publisher) by extension 'ros'
[0.186s] DEBUG:colcon.colcon_core.package_identification:Package 'src/status_publisher' with type 'ros.ament_python' and name 'status_publisher'
[0.186s] Level 1:colcon.colcon_core.package_discovery:discover_packages(recursive) using defaults
[0.186s] Level 1:colcon.colcon_core.package_discovery:discover_packages(ignore) discover
[0.186s] Level 1:colcon.colcon_core.package_discovery:discover_packages(ignore) using defaults
[0.186s] Level 1:colcon.colcon_core.package_discovery:discover_packages(path) discover
[0.186s] Level 1:colcon.colcon_core.package_discovery:discover_packages(path) using defaults
[0.198s] Level 1:colcon.colcon_core.package_discovery:discover_packages(prefix_path) check parameters
[0.198s] Level 1:colcon.colcon_core.package_discovery:discover_packages(prefix_path) discover
[0.200s] DEBUG:colcon.colcon_installed_package_information.package_discovery:Found 271 installed packages in /opt/ros/humble
[0.201s] Level 1:colcon.colcon_core.package_discovery:discover_packages(prefix_path) using defaults
[0.222s] Level 5:colcon.colcon_core.verb:set package 'status_interfaces' build argument 'cmake_args' from command line to 'None'
[0.222s] Level 5:colcon.colcon_core.verb:set package 'status_interfaces' build argument 'cmake_target' from command line to 'None'
[0.222s] Level 5:colcon.colcon_core.verb:set package 'status_interfaces' build argument 'cmake_target_skip_unavailable' from command line to 'False'
[0.222s] Level 5:colcon.colcon_core.verb:set package 'status_interfaces' build argument 'cmake_clean_cache' from command line to 'False'
[0.222s] Level 5:colcon.colcon_core.verb:set package 'status_interfaces' build argument 'cmake_clean_first' from command line to 'False'
[0.222s] Level 5:colcon.colcon_core.verb:set package 'status_interfaces' build argument 'cmake_force_configure' from command line to 'False'
[0.222s] Level 5:colcon.colcon_core.verb:set package 'status_interfaces' build argument 'ament_cmake_args' from command line to 'None'
[0.222s] Level 5:colcon.colcon_core.verb:set package 'status_interfaces' build argument 'catkin_cmake_args' from command line to 'None'
[0.222s] Level 5:colcon.colcon_core.verb:set package 'status_interfaces' build argument 'catkin_skip_building_tests' from command line to 'False'
[0.222s] DEBUG:colcon.colcon_core.verb:Building package 'status_interfaces' with the following arguments: {'ament_cmake_args': None, 'build_base': '/home/lxf/ROS/10.topic_practice/build/status_interfaces', 'catkin_cmake_args': None, 'catkin_skip_building_tests': False, 'cmake_args': None, 'cmake_clean_cache': False, 'cmake_clean_first': False, 'cmake_force_configure': False, 'cmake_target': None, 'cmake_target_skip_unavailable': False, 'install_base': '/home/lxf/ROS/10.topic_practice/install/status_interfaces', 'merge_install': False, 'path': '/home/lxf/ROS/10.topic_practice/src/status_interfaces', 'symlink_install': False, 'test_result_base': None}
[0.222s] Level 5:colcon.colcon_core.verb:set package 'status_display' build argument 'cmake_args' from command line to 'None'
[0.222s] Level 5:colcon.colcon_core.verb:set package 'status_display' build argument 'cmake_target' from command line to 'None'
[0.222s] Level 5:colcon.colcon_core.verb:set package 'status_display' build argument 'cmake_target_skip_unavailable' from command line to 'False'
[0.222s] Level 5:colcon.colcon_core.verb:set package 'status_display' build argument 'cmake_clean_cache' from command line to 'False'
[0.222s] Level 5:colcon.colcon_core.verb:set package 'status_display' build argument 'cmake_clean_first' from command line to 'False'
[0.222s] Level 5:colcon.colcon_core.verb:set package 'status_display' build argument 'cmake_force_configure' from command line to 'False'
[0.222s] Level 5:colcon.colcon_core.verb:set package 'status_display' build argument 'ament_cmake_args' from command line to 'None'
[0.222s] Level 5:colcon.colcon_core.verb:set package 'status_display' build argument 'catkin_cmake_args' from command line to 'None'
[0.222s] Level 5:colcon.colcon_core.verb:set package 'status_display' build argument 'catkin_skip_building_tests' from command line to 'False'
[0.222s] DEBUG:colcon.colcon_core.verb:Building package 'status_display' with the following arguments: {'ament_cmake_args': None, 'build_base': '/home/lxf/ROS/10.topic_practice/build/status_display', 'catkin_cmake_args': None, 'catkin_skip_building_tests': False, 'cmake_args': None, 'cmake_clean_cache': False, 'cmake_clean_first': False, 'cmake_force_configure': False, 'cmake_target': None, 'cmake_target_skip_unavailable': False, 'install_base': '/home/lxf/ROS/10.topic_practice/install/status_display', 'merge_install': False, 'path': '/home/lxf/ROS/10.topic_practice/src/status_display', 'symlink_install': False, 'test_result_base': None}
[0.223s] Level 5:colcon.colcon_core.verb:set package 'status_publisher' build argument 'cmake_args' from command line to 'None'
[0.223s] Level 5:colcon.colcon_core.verb:set package 'status_publisher' build argument 'cmake_target' from command line to 'None'
[0.223s] Level 5:colcon.colcon_core.verb:set package 'status_publisher' build argument 'cmake_target_skip_unavailable' from command line to 'False'
[0.223s] Level 5:colcon.colcon_core.verb:set package 'status_publisher' build argument 'cmake_clean_cache' from command line to 'False'
[0.223s] Level 5:colcon.colcon_core.verb:set package 'status_publisher' build argument 'cmake_clean_first' from command line to 'False'
[0.223s] Level 5:colcon.colcon_core.verb:set package 'status_publisher' build argument 'cmake_force_configure' from command line to 'False'
[0.223s] Level 5:colcon.colcon_core.verb:set package 'status_publisher' build argument 'ament_cmake_args' from command line to 'None'
[0.223s] Level 5:colcon.colcon_core.verb:set package 'status_publisher' build argument 'catkin_cmake_args' from command line to 'None'
[0.223s] Level 5:colcon.colcon_core.verb:set package 'status_publisher' build argument 'catkin_skip_building_tests' from command line to 'False'
[0.223s] DEBUG:colcon.colcon_core.verb:Building package 'status_publisher' with the following arguments: {'ament_cmake_args': None, 'build_base': '/home/lxf/ROS/10.topic_practice/build/status_publisher', 'catkin_cmake_args': None, 'catkin_skip_building_tests': False, 'cmake_args': None, 'cmake_clean_cache': False, 'cmake_clean_first': False, 'cmake_force_configure': False, 'cmake_target': None, 'cmake_target_skip_unavailable': False, 'install_base': '/home/lxf/ROS/10.topic_practice/install/status_publisher', 'merge_install': False, 'path': '/home/lxf/ROS/10.topic_practice/src/status_publisher', 'symlink_install': False, 'test_result_base': None}
[0.223s] INFO:colcon.colcon_core.executor:Executing jobs using 'parallel' executor
[0.223s] DEBUG:colcon.colcon_parallel_executor.executor.parallel:run_until_complete
[0.224s] INFO:colcon.colcon_ros.task.ament_cmake.build:Building ROS package in '/home/lxf/ROS/10.topic_practice/src/status_interfaces' with build type 'ament_cmake'
[0.224s] INFO:colcon.colcon_cmake.task.cmake.build:Building CMake package in '/home/lxf/ROS/10.topic_practice/src/status_interfaces'
[0.225s] INFO:colcon.colcon_core.plugin_system:Skipping extension 'colcon_core.shell.bat': Not used on non-Windows systems
[0.225s] INFO:colcon.colcon_core.shell:Skip shell extension 'powershell' for command environment: Not usable outside of PowerShell
[0.225s] DEBUG:colcon.colcon_core.shell:Skip shell extension 'dsv' for command environment
[0.232s] DEBUG:colcon.colcon_core.event_handler.log_command:Invoking command in '/home/lxf/ROS/10.topic_practice/build/status_interfaces': CMAKE_PREFIX_PATH=/opt/ros/humble /usr/bin/cmake --build /home/lxf/ROS/10.topic_practice/build/status_interfaces -- -j16 -l16
[0.432s] DEBUG:colcon.colcon_core.event_handler.log_command:Invoked command in '/home/lxf/ROS/10.topic_practice/build/status_interfaces' returned '0': CMAKE_PREFIX_PATH=/opt/ros/humble /usr/bin/cmake --build /home/lxf/ROS/10.topic_practice/build/status_interfaces -- -j16 -l16
[0.437s] DEBUG:colcon.colcon_core.event_handler.log_command:Invoking command in '/home/lxf/ROS/10.topic_practice/build/status_interfaces': CMAKE_PREFIX_PATH=/opt/ros/humble /usr/bin/cmake --install /home/lxf/ROS/10.topic_practice/build/status_interfaces
[0.470s] Level 1:colcon.colcon_core.environment:create_environment_scripts_only(status_interfaces)
[0.471s] DEBUG:colcon.colcon_core.event_handler.log_command:Invoked command in '/home/lxf/ROS/10.topic_practice/build/status_interfaces' returned '0': CMAKE_PREFIX_PATH=/opt/ros/humble /usr/bin/cmake --install /home/lxf/ROS/10.topic_practice/build/status_interfaces
[0.472s] Level 1:colcon.colcon_core.environment:checking '/home/lxf/ROS/10.topic_practice/install/status_interfaces' for CMake module files
[0.473s] Level 1:colcon.colcon_core.environment:checking '/home/lxf/ROS/10.topic_practice/install/status_interfaces' for CMake config files
[0.473s] Level 1:colcon.colcon_core.shell:create_environment_hook('status_interfaces', 'cmake_prefix_path')
[0.473s] INFO:colcon.colcon_core.shell:Creating environment hook '/home/lxf/ROS/10.topic_practice/install/status_interfaces/share/status_interfaces/hook/cmake_prefix_path.ps1'
[0.473s] INFO:colcon.colcon_core.shell:Creating environment descriptor '/home/lxf/ROS/10.topic_practice/install/status_interfaces/share/status_interfaces/hook/cmake_prefix_path.dsv'
[0.474s] INFO:colcon.colcon_core.shell:Creating environment hook '/home/lxf/ROS/10.topic_practice/install/status_interfaces/share/status_interfaces/hook/cmake_prefix_path.sh'
[0.474s] Level 1:colcon.colcon_core.environment:checking '/home/lxf/ROS/10.topic_practice/install/status_interfaces/lib'
[0.474s] Level 1:colcon.colcon_core.shell:create_environment_hook('status_interfaces', 'ld_library_path_lib')
[0.475s] INFO:colcon.colcon_core.shell:Creating environment hook '/home/lxf/ROS/10.topic_practice/install/status_interfaces/share/status_interfaces/hook/ld_library_path_lib.ps1'
[0.475s] INFO:colcon.colcon_core.shell:Creating environment descriptor '/home/lxf/ROS/10.topic_practice/install/status_interfaces/share/status_interfaces/hook/ld_library_path_lib.dsv'
[0.475s] INFO:colcon.colcon_core.shell:Creating environment hook '/home/lxf/ROS/10.topic_practice/install/status_interfaces/share/status_interfaces/hook/ld_library_path_lib.sh'
[0.475s] Level 1:colcon.colcon_core.environment:checking '/home/lxf/ROS/10.topic_practice/install/status_interfaces/bin'
[0.475s] Level 1:colcon.colcon_core.environment:checking '/home/lxf/ROS/10.topic_practice/install/status_interfaces/lib/pkgconfig/status_interfaces.pc'
[0.475s] Level 1:colcon.colcon_core.environment:checking '/home/lxf/ROS/10.topic_practice/install/status_interfaces/lib/python3.10/site-packages'
[0.476s] Level 1:colcon.colcon_core.environment:checking '/home/lxf/ROS/10.topic_practice/install/status_interfaces/bin'
[0.476s] INFO:colcon.colcon_core.shell:Creating package script '/home/lxf/ROS/10.topic_practice/install/status_interfaces/share/status_interfaces/package.ps1'
[0.477s] INFO:colcon.colcon_core.shell:Creating package descriptor '/home/lxf/ROS/10.topic_practice/install/status_interfaces/share/status_interfaces/package.dsv'
[0.477s] INFO:colcon.colcon_core.shell:Creating package script '/home/lxf/ROS/10.topic_practice/install/status_interfaces/share/status_interfaces/package.sh'
[0.477s] INFO:colcon.colcon_core.shell:Creating package script '/home/lxf/ROS/10.topic_practice/install/status_interfaces/share/status_interfaces/package.bash'
[0.478s] INFO:colcon.colcon_core.shell:Creating package script '/home/lxf/ROS/10.topic_practice/install/status_interfaces/share/status_interfaces/package.zsh'
[0.478s] Level 1:colcon.colcon_core.environment:create_file_with_runtime_dependencies(/home/lxf/ROS/10.topic_practice/install/status_interfaces/share/colcon-core/packages/status_interfaces)
[0.479s] Level 1:colcon.colcon_core.environment:create_environment_scripts_only(status_interfaces)
[0.479s] Level 1:colcon.colcon_core.environment:checking '/home/lxf/ROS/10.topic_practice/install/status_interfaces' for CMake module files
[0.479s] Level 1:colcon.colcon_core.environment:checking '/home/lxf/ROS/10.topic_practice/install/status_interfaces' for CMake config files
[0.479s] Level 1:colcon.colcon_core.shell:create_environment_hook('status_interfaces', 'cmake_prefix_path')
[0.479s] INFO:colcon.colcon_core.shell:Creating environment hook '/home/lxf/ROS/10.topic_practice/install/status_interfaces/share/status_interfaces/hook/cmake_prefix_path.ps1'
[0.480s] INFO:colcon.colcon_core.shell:Creating environment descriptor '/home/lxf/ROS/10.topic_practice/install/status_interfaces/share/status_interfaces/hook/cmake_prefix_path.dsv'
[0.480s] INFO:colcon.colcon_core.shell:Creating environment hook '/home/lxf/ROS/10.topic_practice/install/status_interfaces/share/status_interfaces/hook/cmake_prefix_path.sh'
[0.480s] Level 1:colcon.colcon_core.environment:checking '/home/lxf/ROS/10.topic_practice/install/status_interfaces/lib'
[0.480s] Level 1:colcon.colcon_core.shell:create_environment_hook('status_interfaces', 'ld_library_path_lib')
[0.480s] INFO:colcon.colcon_core.shell:Creating environment hook '/home/lxf/ROS/10.topic_practice/install/status_interfaces/share/status_interfaces/hook/ld_library_path_lib.ps1'
[0.480s] INFO:colcon.colcon_core.shell:Creating environment descriptor '/home/lxf/ROS/10.topic_practice/install/status_interfaces/share/status_interfaces/hook/ld_library_path_lib.dsv'
[0.481s] INFO:colcon.colcon_core.shell:Creating environment hook '/home/lxf/ROS/10.topic_practice/install/status_interfaces/share/status_interfaces/hook/ld_library_path_lib.sh'
[0.481s] Level 1:colcon.colcon_core.environment:checking '/home/lxf/ROS/10.topic_practice/install/status_interfaces/bin'
[0.481s] Level 1:colcon.colcon_core.environment:checking '/home/lxf/ROS/10.topic_practice/install/status_interfaces/lib/pkgconfig/status_interfaces.pc'
[0.481s] Level 1:colcon.colcon_core.environment:checking '/home/lxf/ROS/10.topic_practice/install/status_interfaces/lib/python3.10/site-packages'
[0.481s] Level 1:colcon.colcon_core.environment:checking '/home/lxf/ROS/10.topic_practice/install/status_interfaces/bin'
[0.482s] INFO:colcon.colcon_core.shell:Creating package script '/home/lxf/ROS/10.topic_practice/install/status_interfaces/share/status_interfaces/package.ps1'
[0.482s] INFO:colcon.colcon_core.shell:Creating package descriptor '/home/lxf/ROS/10.topic_practice/install/status_interfaces/share/status_interfaces/package.dsv'
[0.482s] INFO:colcon.colcon_core.shell:Creating package script '/home/lxf/ROS/10.topic_practice/install/status_interfaces/share/status_interfaces/package.sh'
[0.482s] INFO:colcon.colcon_core.shell:Creating package script '/home/lxf/ROS/10.topic_practice/install/status_interfaces/share/status_interfaces/package.bash'
[0.483s] INFO:colcon.colcon_core.shell:Creating package script '/home/lxf/ROS/10.topic_practice/install/status_interfaces/share/status_interfaces/package.zsh'
[0.483s] Level 1:colcon.colcon_core.environment:create_file_with_runtime_dependencies(/home/lxf/ROS/10.topic_practice/install/status_interfaces/share/colcon-core/packages/status_interfaces)
[0.483s] INFO:colcon.colcon_ros.task.ament_cmake.build:Building ROS package in '/home/lxf/ROS/10.topic_practice/src/status_display' with build type 'ament_cmake'
[0.483s] INFO:colcon.colcon_cmake.task.cmake.build:Building CMake package in '/home/lxf/ROS/10.topic_practice/src/status_display'
[0.483s] INFO:colcon.colcon_core.shell:Skip shell extension 'powershell' for command environment: Not usable outside of PowerShell
[0.483s] DEBUG:colcon.colcon_core.shell:Skip shell extension 'dsv' for command environment
[0.486s] INFO:colcon.colcon_ros.task.ament_python.build:Building ROS package in '/home/lxf/ROS/10.topic_practice/src/status_publisher' with build type 'ament_python'
[0.486s] Level 1:colcon.colcon_core.shell:create_environment_hook('status_publisher', 'ament_prefix_path')
[0.486s] INFO:colcon.colcon_core.shell:Creating environment hook '/home/lxf/ROS/10.topic_practice/install/status_publisher/share/status_publisher/hook/ament_prefix_path.ps1'
[0.486s] INFO:colcon.colcon_core.shell:Creating environment descriptor '/home/lxf/ROS/10.topic_practice/install/status_publisher/share/status_publisher/hook/ament_prefix_path.dsv'
[0.486s] INFO:colcon.colcon_core.shell:Creating environment hook '/home/lxf/ROS/10.topic_practice/install/status_publisher/share/status_publisher/hook/ament_prefix_path.sh'
[0.487s] INFO:colcon.colcon_core.shell:Skip shell extension 'powershell' for command environment: Not usable outside of PowerShell
[0.487s] DEBUG:colcon.colcon_core.shell:Skip shell extension 'dsv' for command environment
[0.490s] DEBUG:colcon.colcon_core.event_handler.log_command:Invoking command in '/home/lxf/ROS/10.topic_practice/build/status_display': AMENT_PREFIX_PATH=/home/lxf/ROS/10.topic_practice/install/status_interfaces:${AMENT_PREFIX_PATH} CMAKE_PREFIX_PATH=/home/lxf/ROS/10.topic_practice/install/status_interfaces:/opt/ros/humble LD_LIBRARY_PATH=/home/lxf/ROS/10.topic_practice/install/status_interfaces/lib:${LD_LIBRARY_PATH} PYTHONPATH=/home/lxf/ROS/10.topic_practice/install/status_interfaces/local/lib/python3.10/dist-packages:${PYTHONPATH} /usr/bin/cmake --build /home/lxf/ROS/10.topic_practice/build/status_display -- -j16 -l16
[0.675s] INFO:colcon.colcon_core.task.python.build:Building Python package in '/home/lxf/ROS/10.topic_practice/src/status_publisher'
[0.675s] INFO:colcon.colcon_core.shell:Skip shell extension 'powershell' for command environment: Not usable outside of PowerShell
[0.675s] DEBUG:colcon.colcon_core.shell:Skip shell extension 'dsv' for command environment
[0.893s] DEBUG:colcon.colcon_core.event_handler.log_command:Invoking command in '/home/lxf/ROS/10.topic_practice/src/status_publisher': AMENT_PREFIX_PATH=/home/lxf/ROS/10.topic_practice/install/status_interfaces:${AMENT_PREFIX_PATH} CMAKE_PREFIX_PATH=/home/lxf/ROS/10.topic_practice/install/status_interfaces LD_LIBRARY_PATH=/home/lxf/ROS/10.topic_practice/install/status_interfaces/lib:${LD_LIBRARY_PATH} PYTHONPATH=/home/lxf/ROS/10.topic_practice/build/status_publisher/prefix_override:/usr/lib/python3/dist-packages/colcon_core/task/python/colcon_distutils_commands:/home/lxf/ROS/10.topic_practice/install/status_publisher/lib/python3.10/site-packages:/home/lxf/ROS/10.topic_practice/install/status_interfaces/local/lib/python3.10/dist-packages:${PYTHONPATH} /usr/bin/python3 -W ignore:setup.py install is deprecated -W ignore:easy_install command is deprecated setup.py egg_info --egg-base ../../build/status_publisher build --build-base /home/lxf/ROS/10.topic_practice/build/status_publisher/build install --record /home/lxf/ROS/10.topic_practice/build/status_publisher/install.log --single-version-externally-managed install_data
[1.075s] Level 1:colcon.colcon_core.environment:checking '/home/lxf/ROS/10.topic_practice/install/status_publisher' for CMake module files
[1.075s] DEBUG:colcon.colcon_core.event_handler.log_command:Invoked command in '/home/lxf/ROS/10.topic_practice/src/status_publisher' returned '0': AMENT_PREFIX_PATH=/home/lxf/ROS/10.topic_practice/install/status_interfaces:${AMENT_PREFIX_PATH} CMAKE_PREFIX_PATH=/home/lxf/ROS/10.topic_practice/install/status_interfaces LD_LIBRARY_PATH=/home/lxf/ROS/10.topic_practice/install/status_interfaces/lib:${LD_LIBRARY_PATH} PYTHONPATH=/home/lxf/ROS/10.topic_practice/build/status_publisher/prefix_override:/usr/lib/python3/dist-packages/colcon_core/task/python/colcon_distutils_commands:/home/lxf/ROS/10.topic_practice/install/status_publisher/lib/python3.10/site-packages:/home/lxf/ROS/10.topic_practice/install/status_interfaces/local/lib/python3.10/dist-packages:${PYTHONPATH} /usr/bin/python3 -W ignore:setup.py install is deprecated -W ignore:easy_install command is deprecated setup.py egg_info --egg-base ../../build/status_publisher build --build-base /home/lxf/ROS/10.topic_practice/build/status_publisher/build install --record /home/lxf/ROS/10.topic_practice/build/status_publisher/install.log --single-version-externally-managed install_data
[1.076s] Level 1:colcon.colcon_core.environment:checking '/home/lxf/ROS/10.topic_practice/install/status_publisher' for CMake config files
[1.076s] Level 1:colcon.colcon_core.environment:checking '/home/lxf/ROS/10.topic_practice/install/status_publisher/lib'
[1.076s] Level 1:colcon.colcon_core.environment:checking '/home/lxf/ROS/10.topic_practice/install/status_publisher/bin'
[1.076s] Level 1:colcon.colcon_core.environment:checking '/home/lxf/ROS/10.topic_practice/install/status_publisher/lib/pkgconfig/status_publisher.pc'
[1.076s] Level 1:colcon.colcon_core.environment:checking '/home/lxf/ROS/10.topic_practice/install/status_publisher/lib/python3.10/site-packages'
[1.076s] Level 1:colcon.colcon_core.shell:create_environment_hook('status_publisher', 'pythonpath')
[1.076s] INFO:colcon.colcon_core.shell:Creating environment hook '/home/lxf/ROS/10.topic_practice/install/status_publisher/share/status_publisher/hook/pythonpath.ps1'
[1.077s] INFO:colcon.colcon_core.shell:Creating environment descriptor '/home/lxf/ROS/10.topic_practice/install/status_publisher/share/status_publisher/hook/pythonpath.dsv'
[1.077s] INFO:colcon.colcon_core.shell:Creating environment hook '/home/lxf/ROS/10.topic_practice/install/status_publisher/share/status_publisher/hook/pythonpath.sh'
[1.077s] Level 1:colcon.colcon_core.environment:checking '/home/lxf/ROS/10.topic_practice/install/status_publisher/bin'
[1.077s] Level 1:colcon.colcon_core.environment:create_environment_scripts_only(status_publisher)
[1.078s] INFO:colcon.colcon_core.shell:Creating package script '/home/lxf/ROS/10.topic_practice/install/status_publisher/share/status_publisher/package.ps1'
[1.078s] INFO:colcon.colcon_core.shell:Creating package descriptor '/home/lxf/ROS/10.topic_practice/install/status_publisher/share/status_publisher/package.dsv'
[1.078s] INFO:colcon.colcon_core.shell:Creating package script '/home/lxf/ROS/10.topic_practice/install/status_publisher/share/status_publisher/package.sh'
[1.078s] INFO:colcon.colcon_core.shell:Creating package script '/home/lxf/ROS/10.topic_practice/install/status_publisher/share/status_publisher/package.bash'
[1.079s] INFO:colcon.colcon_core.shell:Creating package script '/home/lxf/ROS/10.topic_practice/install/status_publisher/share/status_publisher/package.zsh'
[1.079s] Level 1:colcon.colcon_core.environment:create_file_with_runtime_dependencies(/home/lxf/ROS/10.topic_practice/install/status_publisher/share/colcon-core/packages/status_publisher)
[1.470s] DEBUG:colcon.colcon_core.event_handler.log_command:Invoked command in '/home/lxf/ROS/10.topic_practice/build/status_display' returned '0': AMENT_PREFIX_PATH=/home/lxf/ROS/10.topic_practice/install/status_interfaces:${AMENT_PREFIX_PATH} CMAKE_PREFIX_PATH=/home/lxf/ROS/10.topic_practice/install/status_interfaces:/opt/ros/humble LD_LIBRARY_PATH=/home/lxf/ROS/10.topic_practice/install/status_interfaces/lib:${LD_LIBRARY_PATH} PYTHONPATH=/home/lxf/ROS/10.topic_practice/install/status_interfaces/local/lib/python3.10/dist-packages:${PYTHONPATH} /usr/bin/cmake --build /home/lxf/ROS/10.topic_practice/build/status_display -- -j16 -l16
[1.471s] DEBUG:colcon.colcon_core.event_handler.log_command:Invoking command in '/home/lxf/ROS/10.topic_practice/build/status_display': AMENT_PREFIX_PATH=/home/lxf/ROS/10.topic_practice/install/status_interfaces:${AMENT_PREFIX_PATH} CMAKE_PREFIX_PATH=/home/lxf/ROS/10.topic_practice/install/status_interfaces:/opt/ros/humble LD_LIBRARY_PATH=/home/lxf/ROS/10.topic_practice/install/status_interfaces/lib:${LD_LIBRARY_PATH} PYTHONPATH=/home/lxf/ROS/10.topic_practice/install/status_interfaces/local/lib/python3.10/dist-packages:${PYTHONPATH} /usr/bin/cmake --install /home/lxf/ROS/10.topic_practice/build/status_display
[1.477s] Level 1:colcon.colcon_core.environment:create_environment_scripts_only(status_display)
[1.477s] Level 1:colcon.colcon_core.environment:checking '/home/lxf/ROS/10.topic_practice/install/status_display' for CMake module files
[1.478s] DEBUG:colcon.colcon_core.event_handler.log_command:Invoked command in '/home/lxf/ROS/10.topic_practice/build/status_display' returned '0': AMENT_PREFIX_PATH=/home/lxf/ROS/10.topic_practice/install/status_interfaces:${AMENT_PREFIX_PATH} CMAKE_PREFIX_PATH=/home/lxf/ROS/10.topic_practice/install/status_interfaces:/opt/ros/humble LD_LIBRARY_PATH=/home/lxf/ROS/10.topic_practice/install/status_interfaces/lib:${LD_LIBRARY_PATH} PYTHONPATH=/home/lxf/ROS/10.topic_practice/install/status_interfaces/local/lib/python3.10/dist-packages:${PYTHONPATH} /usr/bin/cmake --install /home/lxf/ROS/10.topic_practice/build/status_display
[1.478s] Level 1:colcon.colcon_core.environment:checking '/home/lxf/ROS/10.topic_practice/install/status_display' for CMake config files
[1.478s] Level 1:colcon.colcon_core.shell:create_environment_hook('status_display', 'cmake_prefix_path')
[1.478s] INFO:colcon.colcon_core.shell:Creating environment hook '/home/lxf/ROS/10.topic_practice/install/status_display/share/status_display/hook/cmake_prefix_path.ps1'
[1.478s] INFO:colcon.colcon_core.shell:Creating environment descriptor '/home/lxf/ROS/10.topic_practice/install/status_display/share/status_display/hook/cmake_prefix_path.dsv'
[1.479s] INFO:colcon.colcon_core.shell:Creating environment hook '/home/lxf/ROS/10.topic_practice/install/status_display/share/status_display/hook/cmake_prefix_path.sh'
[1.479s] Level 1:colcon.colcon_core.environment:checking '/home/lxf/ROS/10.topic_practice/install/status_display/lib'
[1.479s] Level 1:colcon.colcon_core.environment:checking '/home/lxf/ROS/10.topic_practice/install/status_display/bin'
[1.479s] Level 1:colcon.colcon_core.environment:checking '/home/lxf/ROS/10.topic_practice/install/status_display/lib/pkgconfig/status_display.pc'
[1.479s] Level 1:colcon.colcon_core.environment:checking '/home/lxf/ROS/10.topic_practice/install/status_display/lib/python3.10/site-packages'
[1.479s] Level 1:colcon.colcon_core.environment:checking '/home/lxf/ROS/10.topic_practice/install/status_display/bin'
[1.480s] INFO:colcon.colcon_core.shell:Creating package script '/home/lxf/ROS/10.topic_practice/install/status_display/share/status_display/package.ps1'
[1.480s] INFO:colcon.colcon_core.shell:Creating package descriptor '/home/lxf/ROS/10.topic_practice/install/status_display/share/status_display/package.dsv'
[1.480s] INFO:colcon.colcon_core.shell:Creating package script '/home/lxf/ROS/10.topic_practice/install/status_display/share/status_display/package.sh'
[1.480s] INFO:colcon.colcon_core.shell:Creating package script '/home/lxf/ROS/10.topic_practice/install/status_display/share/status_display/package.bash'
[1.481s] INFO:colcon.colcon_core.shell:Creating package script '/home/lxf/ROS/10.topic_practice/install/status_display/share/status_display/package.zsh'
[1.481s] Level 1:colcon.colcon_core.environment:create_file_with_runtime_dependencies(/home/lxf/ROS/10.topic_practice/install/status_display/share/colcon-core/packages/status_display)
[1.481s] Level 1:colcon.colcon_core.environment:create_environment_scripts_only(status_display)
[1.481s] Level 1:colcon.colcon_core.environment:checking '/home/lxf/ROS/10.topic_practice/install/status_display' for CMake module files
[1.481s] Level 1:colcon.colcon_core.environment:checking '/home/lxf/ROS/10.topic_practice/install/status_display' for CMake config files
[1.482s] Level 1:colcon.colcon_core.shell:create_environment_hook('status_display', 'cmake_prefix_path')
[1.482s] INFO:colcon.colcon_core.shell:Creating environment hook '/home/lxf/ROS/10.topic_practice/install/status_display/share/status_display/hook/cmake_prefix_path.ps1'
[1.482s] INFO:colcon.colcon_core.shell:Creating environment descriptor '/home/lxf/ROS/10.topic_practice/install/status_display/share/status_display/hook/cmake_prefix_path.dsv'
[1.482s] INFO:colcon.colcon_core.shell:Creating environment hook '/home/lxf/ROS/10.topic_practice/install/status_display/share/status_display/hook/cmake_prefix_path.sh'
[1.483s] Level 1:colcon.colcon_core.environment:checking '/home/lxf/ROS/10.topic_practice/install/status_display/lib'
[1.483s] Level 1:colcon.colcon_core.environment:checking '/home/lxf/ROS/10.topic_practice/install/status_display/bin'
[1.483s] Level 1:colcon.colcon_core.environment:checking '/home/lxf/ROS/10.topic_practice/install/status_display/lib/pkgconfig/status_display.pc'
[1.483s] Level 1:colcon.colcon_core.environment:checking '/home/lxf/ROS/10.topic_practice/install/status_display/lib/python3.10/site-packages'
[1.483s] Level 1:colcon.colcon_core.environment:checking '/home/lxf/ROS/10.topic_practice/install/status_display/bin'
[1.483s] INFO:colcon.colcon_core.shell:Creating package script '/home/lxf/ROS/10.topic_practice/install/status_display/share/status_display/package.ps1'
[1.483s] INFO:colcon.colcon_core.shell:Creating package descriptor '/home/lxf/ROS/10.topic_practice/install/status_display/share/status_display/package.dsv'
[1.484s] INFO:colcon.colcon_core.shell:Creating package script '/home/lxf/ROS/10.topic_practice/install/status_display/share/status_display/package.sh'
[1.484s] INFO:colcon.colcon_core.shell:Creating package script '/home/lxf/ROS/10.topic_practice/install/status_display/share/status_display/package.bash'
[1.484s] INFO:colcon.colcon_core.shell:Creating package script '/home/lxf/ROS/10.topic_practice/install/status_display/share/status_display/package.zsh'
[1.484s] Level 1:colcon.colcon_core.environment:create_file_with_runtime_dependencies(/home/lxf/ROS/10.topic_practice/install/status_display/share/colcon-core/packages/status_display)
[1.485s] DEBUG:colcon.colcon_parallel_executor.executor.parallel:closing loop
[1.485s] DEBUG:colcon.colcon_parallel_executor.executor.parallel:loop closed
[1.485s] DEBUG:colcon.colcon_parallel_executor.executor.parallel:run_until_complete finished with '0'
[1.485s] DEBUG:colcon.colcon_core.event_reactor:joining thread
[1.488s] INFO:colcon.colcon_core.plugin_system:Skipping extension 'colcon_notification.desktop_notification.terminal_notifier': Not used on non-Darwin systems
[1.488s] INFO:colcon.colcon_core.plugin_system:Skipping extension 'colcon_notification.desktop_notification.win32': Not used on non-Windows systems
[1.488s] INFO:colcon.colcon_notification.desktop_notification:Sending desktop notification using 'notify2'
[1.496s] DEBUG:colcon.colcon_core.event_reactor:joined thread
[1.496s] INFO:colcon.colcon_core.shell:Creating prefix script '/home/lxf/ROS/10.topic_practice/install/local_setup.ps1'
[1.498s] INFO:colcon.colcon_core.shell:Creating prefix util module '/home/lxf/ROS/10.topic_practice/install/_local_setup_util_ps1.py'
[1.499s] INFO:colcon.colcon_core.shell:Creating prefix chain script '/home/lxf/ROS/10.topic_practice/install/setup.ps1'
[1.499s] INFO:colcon.colcon_core.shell:Creating prefix script '/home/lxf/ROS/10.topic_practice/install/local_setup.sh'
[1.500s] INFO:colcon.colcon_core.shell:Creating prefix util module '/home/lxf/ROS/10.topic_practice/install/_local_setup_util_sh.py'
[1.500s] INFO:colcon.colcon_core.shell:Creating prefix chain script '/home/lxf/ROS/10.topic_practice/install/setup.sh'
[1.501s] INFO:colcon.colcon_core.shell:Creating prefix script '/home/lxf/ROS/10.topic_practice/install/local_setup.bash'
[1.501s] INFO:colcon.colcon_core.shell:Creating prefix chain script '/home/lxf/ROS/10.topic_practice/install/setup.bash'
[1.501s] INFO:colcon.colcon_core.shell:Creating prefix script '/home/lxf/ROS/10.topic_practice/install/local_setup.zsh'
[1.502s] INFO:colcon.colcon_core.shell:Creating prefix chain script '/home/lxf/ROS/10.topic_practice/install/setup.zsh'
