[0.371s] Invoking command in '/home/lxf/ROS/10.topic_practice/src/status_publisher': PYTHONPATH=/home/lxf/ROS/10.topic_practice/build/status_publisher/prefix_override:/usr/lib/python3/dist-packages/colcon_core/task/python/colcon_distutils_commands:/home/lxf/ROS/10.topic_practice/install/status_publisher/lib/python3.10/site-packages:${PYTHONPATH} /usr/bin/python3 -W ignore:setup.py install is deprecated -W ignore:easy_install command is deprecated setup.py egg_info --egg-base ../../build/status_publisher build --build-base /home/lxf/ROS/10.topic_practice/build/status_publisher/build install --record /home/lxf/ROS/10.topic_practice/build/status_publisher/install.log --single-version-externally-managed install_data
[0.514s] running egg_info
[0.515s] writing ../../build/status_publisher/status_publisher.egg-info/PKG-INFO
[0.515s] writing dependency_links to ../../build/status_publisher/status_publisher.egg-info/dependency_links.txt
[0.515s] writing entry points to ../../build/status_publisher/status_publisher.egg-info/entry_points.txt
[0.515s] writing requirements to ../../build/status_publisher/status_publisher.egg-info/requires.txt
[0.515s] writing top-level names to ../../build/status_publisher/status_publisher.egg-info/top_level.txt
[0.516s] reading manifest file '../../build/status_publisher/status_publisher.egg-info/SOURCES.txt'
[0.516s] adding license file 'LICENSE'
[0.516s] writing manifest file '../../build/status_publisher/status_publisher.egg-info/SOURCES.txt'
[0.516s] running build
[0.517s] running build_py
[0.517s] copying status_publisher/sys_status_pub.py -> /home/lxf/ROS/10.topic_practice/build/status_publisher/build/lib/status_publisher
[0.517s] running install
[0.517s] running install_lib
[0.517s] copying /home/lxf/ROS/10.topic_practice/build/status_publisher/build/lib/status_publisher/sys_status_pub.py -> /home/lxf/ROS/10.topic_practice/install/status_publisher/lib/python3.10/site-packages/status_publisher
[0.518s] byte-compiling /home/lxf/ROS/10.topic_practice/install/status_publisher/lib/python3.10/site-packages/status_publisher/sys_status_pub.py to sys_status_pub.cpython-310.pyc
[0.518s] running install_data
[0.518s] running install_egg_info
[0.519s] removing '/home/lxf/ROS/10.topic_practice/install/status_publisher/lib/python3.10/site-packages/status_publisher-0.0.0-py3.10.egg-info' (and everything under it)
[0.519s] Copying ../../build/status_publisher/status_publisher.egg-info to /home/lxf/ROS/10.topic_practice/install/status_publisher/lib/python3.10/site-packages/status_publisher-0.0.0-py3.10.egg-info
[0.520s] running install_scripts
[0.533s] Installing sys_status_pub script to /home/lxf/ROS/10.topic_practice/install/status_publisher/lib/status_publisher
[0.533s] writing list of installed files to '/home/lxf/ROS/10.topic_practice/build/status_publisher/install.log'
[0.547s] Invoked command in '/home/lxf/ROS/10.topic_practice/src/status_publisher' returned '0': PYTHONPATH=/home/lxf/ROS/10.topic_practice/build/status_publisher/prefix_override:/usr/lib/python3/dist-packages/colcon_core/task/python/colcon_distutils_commands:/home/lxf/ROS/10.topic_practice/install/status_publisher/lib/python3.10/site-packages:${PYTHONPATH} /usr/bin/python3 -W ignore:setup.py install is deprecated -W ignore:easy_install command is deprecated setup.py egg_info --egg-base ../../build/status_publisher build --build-base /home/lxf/ROS/10.topic_practice/build/status_publisher/build install --record /home/lxf/ROS/10.topic_practice/build/status_publisher/install.log --single-version-externally-managed install_data
