[0.010s] Invoking command in '/home/lxf/Desktop/ROS/15.Launch_CPP/build/cpp_pose_topic': CMAKE_PREFIX_PATH=/opt/ros/humble /usr/bin/cmake /home/lxf/Desktop/ROS/15.Launch_CPP/src/cpp_pose_topic -DCMAKE_INSTALL_PREFIX=/home/lxf/Desktop/ROS/15.Launch_CPP/install/cpp_pose_topic
[0.066s] -- The C compiler identification is GNU 11.4.0
[0.115s] -- The CXX compiler identification is GNU 11.4.0
[0.121s] -- Detecting C compiler ABI info
[0.180s] -- Detecting C compiler ABI info - done
[0.188s] -- Check for working C compiler: /usr/bin/cc - skipped
[0.188s] -- Detecting C compile features
[0.189s] -- Detecting C compile features - done
[0.193s] -- Detecting CXX compiler ABI info
[0.258s] -- Detecting CXX compiler ABI info - done
[0.263s] -- Check for working CXX compiler: /usr/bin/c++ - skipped
[0.263s] -- Detecting CXX compile features
[0.263s] -- Detecting CXX compile features - done
[0.268s] -- Found ament_cmake: 1.3.12 (/opt/ros/humble/share/ament_cmake/cmake)
[0.393s] -- Found Python3: /usr/bin/python3 (found version "3.10.12") found components: Interpreter 
[0.481s] -- Found rclcpp: 16.0.16 (/opt/ros/humble/share/rclcpp/cmake)
[0.543s] -- Found rosidl_generator_c: 3.1.7 (/opt/ros/humble/share/rosidl_generator_c/cmake)
[0.545s] -- Found rosidl_adapter: 3.1.7 (/opt/ros/humble/share/rosidl_adapter/cmake)
[0.551s] -- Found rosidl_generator_cpp: 3.1.7 (/opt/ros/humble/share/rosidl_generator_cpp/cmake)
[0.563s] -- Using all available rosidl_typesupport_c: rosidl_typesupport_fastrtps_c;rosidl_typesupport_introspection_c
[0.572s] -- Using all available rosidl_typesupport_cpp: rosidl_typesupport_fastrtps_cpp;rosidl_typesupport_introspection_cpp
[0.620s] -- Found rmw_implementation_cmake: 6.1.2 (/opt/ros/humble/share/rmw_implementation_cmake/cmake)
[0.625s] -- Found rmw_fastrtps_cpp: 6.2.9 (/opt/ros/humble/share/rmw_fastrtps_cpp/cmake)
[0.711s] -- Found OpenSSL: /usr/lib/x86_64-linux-gnu/libcrypto.so (found version "3.0.2")  
[0.735s] -- Found FastRTPS: /opt/ros/humble/include  
[0.772s] -- Using RMW implementation 'rmw_fastrtps_cpp' as default
[0.782s] -- Looking for pthread.h
[0.838s] -- Looking for pthread.h - found
[0.839s] -- Performing Test CMAKE_HAVE_LIBC_PTHREAD
[0.903s] -- Performing Test CMAKE_HAVE_LIBC_PTHREAD - Success
[0.904s] -- Found Threads: TRUE  
[0.954s] -- Found geometry_msgs: 4.9.0 (/opt/ros/humble/share/geometry_msgs/cmake)
[0.963s] -- Found turtlesim: 1.4.3 (/opt/ros/humble/share/turtlesim/cmake)
[1.008s] [31mCMake Error at CMakeLists.txt:55 (install):
[1.008s]   install TARGETS given target "launch" which does not exist.
[1.008s] 
[1.009s] [0m
[1.009s] -- Found ament_lint_auto: 0.12.14 (/opt/ros/humble/share/ament_lint_auto/cmake)
[1.074s] -- Added test 'cppcheck' to perform static code analysis on C / C++ code
[1.074s] -- Configured cppcheck include dirs: /home/lxf/Desktop/ROS/15.Launch_CPP/src/cpp_pose_topic/include
[1.075s] -- Configured cppcheck exclude dirs and/or files: 
[1.075s] -- Added test 'flake8' to check Python code syntax and style conventions
[1.076s] -- Added test 'lint_cmake' to check CMake code style
[1.076s] -- Added test 'pep257' to check Python code against some of the docstring style conventions in PEP 257
[1.077s] -- Added test 'uncrustify' to check C / C++ code style
[1.077s] -- Configured uncrustify additional arguments: 
[1.077s] -- Added test 'xmllint' to check XML markup files
[1.079s] -- Configuring incomplete, errors occurred!
[1.079s] See also "/home/lxf/Desktop/ROS/15.Launch_CPP/build/cpp_pose_topic/CMakeFiles/CMakeOutput.log".
[1.086s] Invoked command in '/home/lxf/Desktop/ROS/15.Launch_CPP/build/cpp_pose_topic' returned '1': CMAKE_PREFIX_PATH=/opt/ros/humble /usr/bin/cmake /home/lxf/Desktop/ROS/15.Launch_CPP/src/cpp_pose_topic -DCMAKE_INSTALL_PREFIX=/home/lxf/Desktop/ROS/15.Launch_CPP/install/cpp_pose_topic
