[0.017s] Invoking command in '/home/lxf/Desktop/ROS/12.turtle_control/build/demo_cpp_turtle_control_service': AMENT_PREFIX_PATH=/home/lxf/Desktop/ROS/12.turtle_control/install/turtle_control_interfaces:${AMENT_PREFIX_PATH} CMAKE_PREFIX_PATH=/home/lxf/Desktop/ROS/12.turtle_control/install/turtle_control_interfaces:/opt/ros/humble LD_LIBRARY_PATH=/home/lxf/Desktop/ROS/12.turtle_control/install/turtle_control_interfaces/lib:${LD_LIBRARY_PATH} PYTHONPATH=/home/lxf/Desktop/ROS/12.turtle_control/install/turtle_control_interfaces/local/lib/python3.10/dist-packages:${PYTHONPATH} /usr/bin/cmake --build /home/lxf/Desktop/ROS/12.turtle_control/build/demo_cpp_turtle_control_service -- -j16 -l16
[0.125s] -- Found ament_cmake: 1.3.12 (/opt/ros/humble/share/ament_cmake/cmake)
[0.580s] -- Found rclcpp: 16.0.16 (/opt/ros/humble/share/rclcpp/cmake)
[0.704s] -- Found rosidl_generator_c: 3.1.7 (/opt/ros/humble/share/rosidl_generator_c/cmake)
[0.709s] -- Found rosidl_adapter: 3.1.7 (/opt/ros/humble/share/rosidl_adapter/cmake)
[0.720s] -- Found rosidl_generator_cpp: 3.1.7 (/opt/ros/humble/share/rosidl_generator_cpp/cmake)
[0.740s] -- Using all available rosidl_typesupport_c: rosidl_typesupport_fastrtps_c;rosidl_typesupport_introspection_c
[0.765s] -- Using all available rosidl_typesupport_cpp: rosidl_typesupport_fastrtps_cpp;rosidl_typesupport_introspection_cpp
[0.877s] -- Found rmw_implementation_cmake: 6.1.2 (/opt/ros/humble/share/rmw_implementation_cmake/cmake)
[0.881s] -- Found rmw_fastrtps_cpp: 6.2.9 (/opt/ros/humble/share/rmw_fastrtps_cpp/cmake)
[1.047s] -- Using RMW implementation 'rmw_fastrtps_cpp' as default
[1.151s] -- Found geometry_msgs: 4.9.0 (/opt/ros/humble/share/geometry_msgs/cmake)
[1.179s] -- Found turtlesim: 1.4.3 (/opt/ros/humble/share/turtlesim/cmake)
[1.253s] -- Found turtle_control_interfaces: 0.0.0 (/home/lxf/Desktop/ROS/12.turtle_control/install/turtle_control_interfaces/share/turtle_control_interfaces/cmake)
[1.319s] -- Found ament_lint_auto: 0.12.14 (/opt/ros/humble/share/ament_lint_auto/cmake)
[1.443s] -- Added test 'cppcheck' to perform static code analysis on C / C++ code
[1.443s] -- Configured cppcheck include dirs: /home/lxf/Desktop/ROS/12.turtle_control/src/demo_cpp_turtle_control_service/include
[1.443s] -- Configured cppcheck exclude dirs and/or files: 
[1.445s] -- Added test 'lint_cmake' to check CMake code style
[1.447s] -- Added test 'uncrustify' to check C / C++ code style
[1.447s] -- Configured uncrustify additional arguments: 
[1.449s] -- Added test 'xmllint' to check XML markup files
[1.452s] -- Configuring done
[1.479s] -- Generating done
[1.490s] -- Build files have been written to: /home/lxf/Desktop/ROS/12.turtle_control/build/demo_cpp_turtle_control_service
[1.530s] [35m[1mConsolidate compiler generated dependencies of target turtle_control_service[0m
[1.544s] [ 50%] [32mBuilding CXX object CMakeFiles/turtle_control_service.dir/src/turtle_control_service.cpp.o[0m
[13.429s] [100%] [32m[1mLinking CXX executable turtle_control_service[0m
[14.916s] [100%] Built target turtle_control_service
[14.960s] Invoked command in '/home/lxf/Desktop/ROS/12.turtle_control/build/demo_cpp_turtle_control_service' returned '0': AMENT_PREFIX_PATH=/home/lxf/Desktop/ROS/12.turtle_control/install/turtle_control_interfaces:${AMENT_PREFIX_PATH} CMAKE_PREFIX_PATH=/home/lxf/Desktop/ROS/12.turtle_control/install/turtle_control_interfaces:/opt/ros/humble LD_LIBRARY_PATH=/home/lxf/Desktop/ROS/12.turtle_control/install/turtle_control_interfaces/lib:${LD_LIBRARY_PATH} PYTHONPATH=/home/lxf/Desktop/ROS/12.turtle_control/install/turtle_control_interfaces/local/lib/python3.10/dist-packages:${PYTHONPATH} /usr/bin/cmake --build /home/lxf/Desktop/ROS/12.turtle_control/build/demo_cpp_turtle_control_service -- -j16 -l16
[14.967s] Invoking command in '/home/lxf/Desktop/ROS/12.turtle_control/build/demo_cpp_turtle_control_service': AMENT_PREFIX_PATH=/home/lxf/Desktop/ROS/12.turtle_control/install/turtle_control_interfaces:${AMENT_PREFIX_PATH} CMAKE_PREFIX_PATH=/home/lxf/Desktop/ROS/12.turtle_control/install/turtle_control_interfaces:/opt/ros/humble LD_LIBRARY_PATH=/home/lxf/Desktop/ROS/12.turtle_control/install/turtle_control_interfaces/lib:${LD_LIBRARY_PATH} PYTHONPATH=/home/lxf/Desktop/ROS/12.turtle_control/install/turtle_control_interfaces/local/lib/python3.10/dist-packages:${PYTHONPATH} /usr/bin/cmake --install /home/lxf/Desktop/ROS/12.turtle_control/build/demo_cpp_turtle_control_service
[14.999s] -- Install configuration: ""
[14.999s] -- Installing: /home/lxf/Desktop/ROS/12.turtle_control/install/demo_cpp_turtle_control_service/lib/demo_cpp_turtle_control_service/turtle_control_service
[15.011s] -- Set runtime path of "/home/lxf/Desktop/ROS/12.turtle_control/install/demo_cpp_turtle_control_service/lib/demo_cpp_turtle_control_service/turtle_control_service" to ""
[15.011s] -- Installing: /home/lxf/Desktop/ROS/12.turtle_control/install/demo_cpp_turtle_control_service/share/ament_index/resource_index/package_run_dependencies/demo_cpp_turtle_control_service
[15.013s] -- Installing: /home/lxf/Desktop/ROS/12.turtle_control/install/demo_cpp_turtle_control_service/share/ament_index/resource_index/parent_prefix_path/demo_cpp_turtle_control_service
[15.013s] -- Up-to-date: /home/lxf/Desktop/ROS/12.turtle_control/install/demo_cpp_turtle_control_service/share/demo_cpp_turtle_control_service/environment/ament_prefix_path.sh
[15.013s] -- Installing: /home/lxf/Desktop/ROS/12.turtle_control/install/demo_cpp_turtle_control_service/share/demo_cpp_turtle_control_service/environment/ament_prefix_path.dsv
[15.014s] -- Up-to-date: /home/lxf/Desktop/ROS/12.turtle_control/install/demo_cpp_turtle_control_service/share/demo_cpp_turtle_control_service/environment/path.sh
[15.014s] -- Installing: /home/lxf/Desktop/ROS/12.turtle_control/install/demo_cpp_turtle_control_service/share/demo_cpp_turtle_control_service/environment/path.dsv
[15.014s] -- Up-to-date: /home/lxf/Desktop/ROS/12.turtle_control/install/demo_cpp_turtle_control_service/share/demo_cpp_turtle_control_service/local_setup.bash
[15.015s] -- Up-to-date: /home/lxf/Desktop/ROS/12.turtle_control/install/demo_cpp_turtle_control_service/share/demo_cpp_turtle_control_service/local_setup.sh
[15.015s] -- Up-to-date: /home/lxf/Desktop/ROS/12.turtle_control/install/demo_cpp_turtle_control_service/share/demo_cpp_turtle_control_service/local_setup.zsh
[15.015s] -- Installing: /home/lxf/Desktop/ROS/12.turtle_control/install/demo_cpp_turtle_control_service/share/demo_cpp_turtle_control_service/local_setup.dsv
[15.016s] -- Installing: /home/lxf/Desktop/ROS/12.turtle_control/install/demo_cpp_turtle_control_service/share/demo_cpp_turtle_control_service/package.dsv
[15.016s] -- Up-to-date: /home/lxf/Desktop/ROS/12.turtle_control/install/demo_cpp_turtle_control_service/share/ament_index/resource_index/packages/demo_cpp_turtle_control_service
[15.016s] -- Up-to-date: /home/lxf/Desktop/ROS/12.turtle_control/install/demo_cpp_turtle_control_service/share/demo_cpp_turtle_control_service/cmake/demo_cpp_turtle_control_serviceConfig.cmake
[15.017s] -- Up-to-date: /home/lxf/Desktop/ROS/12.turtle_control/install/demo_cpp_turtle_control_service/share/demo_cpp_turtle_control_service/cmake/demo_cpp_turtle_control_serviceConfig-version.cmake
[15.017s] -- Installing: /home/lxf/Desktop/ROS/12.turtle_control/install/demo_cpp_turtle_control_service/share/demo_cpp_turtle_control_service/package.xml
[15.025s] Invoked command in '/home/lxf/Desktop/ROS/12.turtle_control/build/demo_cpp_turtle_control_service' returned '0': AMENT_PREFIX_PATH=/home/lxf/Desktop/ROS/12.turtle_control/install/turtle_control_interfaces:${AMENT_PREFIX_PATH} CMAKE_PREFIX_PATH=/home/lxf/Desktop/ROS/12.turtle_control/install/turtle_control_interfaces:/opt/ros/humble LD_LIBRARY_PATH=/home/lxf/Desktop/ROS/12.turtle_control/install/turtle_control_interfaces/lib:${LD_LIBRARY_PATH} PYTHONPATH=/home/lxf/Desktop/ROS/12.turtle_control/install/turtle_control_interfaces/local/lib/python3.10/dist-packages:${PYTHONPATH} /usr/bin/cmake --install /home/lxf/Desktop/ROS/12.turtle_control/build/demo_cpp_turtle_control_service
