[0.008s] Invoking command in '/home/lxf/Desktop/ROS/19.Modeling/build/fishbot_description': CMAKE_PREFIX_PATH=${CMAKE_PREFIX_PATH}:/opt/ros/humble /usr/bin/cmake /home/lxf/Desktop/ROS/19.Modeling/src/fishbot_description -DCMAKE_INSTALL_PREFIX=/home/lxf/Desktop/ROS/19.Modeling/install/fishbot_description
[0.154s] -- The C compiler identification is GNU 11.4.0
[0.252s] -- The CXX compiler identification is GNU 11.4.0
[0.262s] -- Detecting C compiler ABI info
[0.353s] -- Detecting C compiler ABI info - done
[0.358s] -- Check for working C compiler: /usr/bin/cc - skipped
[0.359s] -- Detecting C compile features
[0.359s] -- Detecting C compile features - done
[0.362s] -- Detecting CXX compiler ABI info
[0.468s] -- Detecting CXX compiler ABI info - done
[0.473s] -- Check for working CXX compiler: /usr/bin/c++ - skipped
[0.473s] -- Detecting CXX compile features
[0.474s] -- Detecting CXX compile features - done
[0.479s] -- Found ament_cmake: 1.3.12 (/opt/ros/humble/share/ament_cmake/cmake)
[0.620s] -- Found Python3: /usr/bin/python3 (found version "3.10.12") found components: Interpreter 
[0.702s] -- Found ament_lint_auto: 0.12.14 (/opt/ros/humble/share/ament_lint_auto/cmake)
[0.762s] -- Added test 'flake8' to check Python code syntax and style conventions
[0.762s] -- Added test 'lint_cmake' to check CMake code style
[0.763s] -- Added test 'pep257' to check Python code against some of the docstring style conventions in PEP 257
[0.764s] -- Added test 'xmllint' to check XML markup files
[0.765s] -- Configuring done
[0.766s] -- Generating done
[0.767s] -- Build files have been written to: /home/lxf/Desktop/ROS/19.Modeling/build/fishbot_description
[0.770s] Invoked command in '/home/lxf/Desktop/ROS/19.Modeling/build/fishbot_description' returned '0': CMAKE_PREFIX_PATH=${CMAKE_PREFIX_PATH}:/opt/ros/humble /usr/bin/cmake /home/lxf/Desktop/ROS/19.Modeling/src/fishbot_description -DCMAKE_INSTALL_PREFIX=/home/lxf/Desktop/ROS/19.Modeling/install/fishbot_description
[0.772s] Invoking command in '/home/lxf/Desktop/ROS/19.Modeling/build/fishbot_description': CMAKE_PREFIX_PATH=${CMAKE_PREFIX_PATH}:/opt/ros/humble /usr/bin/cmake --build /home/lxf/Desktop/ROS/19.Modeling/build/fishbot_description -- -j16 -l16
[0.803s] Invoked command in '/home/lxf/Desktop/ROS/19.Modeling/build/fishbot_description' returned '0': CMAKE_PREFIX_PATH=${CMAKE_PREFIX_PATH}:/opt/ros/humble /usr/bin/cmake --build /home/lxf/Desktop/ROS/19.Modeling/build/fishbot_description -- -j16 -l16
[0.813s] Invoking command in '/home/lxf/Desktop/ROS/19.Modeling/build/fishbot_description': CMAKE_PREFIX_PATH=${CMAKE_PREFIX_PATH}:/opt/ros/humble /usr/bin/cmake --install /home/lxf/Desktop/ROS/19.Modeling/build/fishbot_description
[0.819s] -- Install configuration: ""
[0.820s] -- Installing: /home/lxf/Desktop/ROS/19.Modeling/install/fishbot_description/share/fishbot_description/urdf
[0.820s] -- Installing: /home/lxf/Desktop/ROS/19.Modeling/install/fishbot_description/share/fishbot_description/urdf/first_robot.pdf
[0.820s] -- Installing: /home/lxf/Desktop/ROS/19.Modeling/install/fishbot_description/share/fishbot_description/urdf/first_robot.gv
[0.820s] -- Installing: /home/lxf/Desktop/ROS/19.Modeling/install/fishbot_description/share/fishbot_description/urdf/first_robot.urdf
[0.820s] -- Installing: /home/lxf/Desktop/ROS/19.Modeling/install/fishbot_description/share/fishbot_description/urdf/first_robot.urdf.xacro
[0.820s] -- Installing: /home/lxf/Desktop/ROS/19.Modeling/install/fishbot_description/share/fishbot_description/urdf/fishbot
[0.820s] -- Installing: /home/lxf/Desktop/ROS/19.Modeling/install/fishbot_description/share/fishbot_description/urdf/fishbot/base.urdf.xacro
[0.821s] -- Installing: /home/lxf/Desktop/ROS/19.Modeling/install/fishbot_description/share/fishbot_description/urdf/fishbot/actuator
[0.821s] -- Installing: /home/lxf/Desktop/ROS/19.Modeling/install/fishbot_description/share/fishbot_description/urdf/fishbot/actuator/caster.urdf.xacro
[0.821s] -- Installing: /home/lxf/Desktop/ROS/19.Modeling/install/fishbot_description/share/fishbot_description/urdf/fishbot/actuator/wheel.urdf.xacro
[0.821s] -- Installing: /home/lxf/Desktop/ROS/19.Modeling/install/fishbot_description/share/fishbot_description/urdf/fishbot/sensor
[0.821s] -- Installing: /home/lxf/Desktop/ROS/19.Modeling/install/fishbot_description/share/fishbot_description/urdf/fishbot/sensor/imu.urdf.xacro
[0.821s] -- Installing: /home/lxf/Desktop/ROS/19.Modeling/install/fishbot_description/share/fishbot_description/urdf/fishbot/sensor/laser.urdf.xacro
[0.821s] -- Installing: /home/lxf/Desktop/ROS/19.Modeling/install/fishbot_description/share/fishbot_description/urdf/fishbot/sensor/camera.urdf.xacro
[0.822s] -- Installing: /home/lxf/Desktop/ROS/19.Modeling/install/fishbot_description/share/fishbot_description/urdf/fishbot/common_inertia.xacro
[0.822s] -- Installing: /home/lxf/Desktop/ROS/19.Modeling/install/fishbot_description/share/fishbot_description/urdf/fishbot/fish.urdf.xacro
[0.822s] -- Installing: /home/lxf/Desktop/ROS/19.Modeling/install/fishbot_description/share/fishbot_description/urdf/fishbot/plugins
[0.822s] -- Installing: /home/lxf/Desktop/ROS/19.Modeling/install/fishbot_description/share/fishbot_description/urdf/fishbot/plugins/gazebo_control_plugin.xacro
[0.822s] -- Installing: /home/lxf/Desktop/ROS/19.Modeling/install/fishbot_description/share/fishbot_description/launch
[0.822s] -- Installing: /home/lxf/Desktop/ROS/19.Modeling/install/fishbot_description/share/fishbot_description/launch/display_robot.launch.py
[0.822s] -- Installing: /home/lxf/Desktop/ROS/19.Modeling/install/fishbot_description/share/fishbot_description/launch/gazebo_sim.launch.py
[0.822s] -- Installing: /home/lxf/Desktop/ROS/19.Modeling/install/fishbot_description/share/fishbot_description/launch/fishbot.launch.py
[0.823s] -- Installing: /home/lxf/Desktop/ROS/19.Modeling/install/fishbot_description/share/fishbot_description/launch/__pycache__
[0.823s] -- Installing: /home/lxf/Desktop/ROS/19.Modeling/install/fishbot_description/share/fishbot_description/launch/__pycache__/gazebo_sim.launch.cpython-310.pyc
[0.823s] -- Installing: /home/lxf/Desktop/ROS/19.Modeling/install/fishbot_description/share/fishbot_description/launch/__pycache__/fishbot.launch.cpython-310.pyc
[0.823s] -- Installing: /home/lxf/Desktop/ROS/19.Modeling/install/fishbot_description/share/fishbot_description/launch/display_robot_1.launch.py
[0.823s] -- Installing: /home/lxf/Desktop/ROS/19.Modeling/install/fishbot_description/share/fishbot_description/config
[0.823s] -- Installing: /home/lxf/Desktop/ROS/19.Modeling/install/fishbot_description/share/fishbot_description/config/rviz
[0.823s] -- Installing: /home/lxf/Desktop/ROS/19.Modeling/install/fishbot_description/share/fishbot_description/config/rviz/display_model.rviz
[0.823s] -- Installing: /home/lxf/Desktop/ROS/19.Modeling/install/fishbot_description/share/fishbot_description/config/rviz/fishbot_model.rviz
[0.824s] -- Installing: /home/lxf/Desktop/ROS/19.Modeling/install/fishbot_description/share/fishbot_description/world
[0.824s] -- Installing: /home/lxf/Desktop/ROS/19.Modeling/install/fishbot_description/share/fishbot_description/world/room
[0.824s] -- Installing: /home/lxf/Desktop/ROS/19.Modeling/install/fishbot_description/share/fishbot_description/world/room/model.sdf
[0.824s] -- Installing: /home/lxf/Desktop/ROS/19.Modeling/install/fishbot_description/share/fishbot_description/world/room/model.config
[0.824s] -- Installing: /home/lxf/Desktop/ROS/19.Modeling/install/fishbot_description/share/fishbot_description/world/custom_room.world
[0.825s] -- Installing: /home/lxf/Desktop/ROS/19.Modeling/install/fishbot_description/share/ament_index/resource_index/package_run_dependencies/fishbot_description
[0.825s] -- Installing: /home/lxf/Desktop/ROS/19.Modeling/install/fishbot_description/share/ament_index/resource_index/parent_prefix_path/fishbot_description
[0.825s] -- Installing: /home/lxf/Desktop/ROS/19.Modeling/install/fishbot_description/share/fishbot_description/environment/ament_prefix_path.sh
[0.825s] -- Installing: /home/lxf/Desktop/ROS/19.Modeling/install/fishbot_description/share/fishbot_description/environment/ament_prefix_path.dsv
[0.825s] -- Installing: /home/lxf/Desktop/ROS/19.Modeling/install/fishbot_description/share/fishbot_description/environment/path.sh
[0.826s] -- Installing: /home/lxf/Desktop/ROS/19.Modeling/install/fishbot_description/share/fishbot_description/environment/path.dsv
[0.826s] -- Installing: /home/lxf/Desktop/ROS/19.Modeling/install/fishbot_description/share/fishbot_description/local_setup.bash
[0.826s] -- Installing: /home/lxf/Desktop/ROS/19.Modeling/install/fishbot_description/share/fishbot_description/local_setup.sh
[0.826s] -- Installing: /home/lxf/Desktop/ROS/19.Modeling/install/fishbot_description/share/fishbot_description/local_setup.zsh
[0.826s] -- Installing: /home/lxf/Desktop/ROS/19.Modeling/install/fishbot_description/share/fishbot_description/local_setup.dsv
[0.826s] -- Installing: /home/lxf/Desktop/ROS/19.Modeling/install/fishbot_description/share/fishbot_description/package.dsv
[0.826s] -- Installing: /home/lxf/Desktop/ROS/19.Modeling/install/fishbot_description/share/ament_index/resource_index/packages/fishbot_description
[0.826s] -- Installing: /home/lxf/Desktop/ROS/19.Modeling/install/fishbot_description/share/fishbot_description/cmake/fishbot_descriptionConfig.cmake
[0.826s] -- Installing: /home/lxf/Desktop/ROS/19.Modeling/install/fishbot_description/share/fishbot_description/cmake/fishbot_descriptionConfig-version.cmake
[0.826s] -- Installing: /home/lxf/Desktop/ROS/19.Modeling/install/fishbot_description/share/fishbot_description/package.xml
[0.828s] Invoked command in '/home/lxf/Desktop/ROS/19.Modeling/build/fishbot_description' returned '0': CMAKE_PREFIX_PATH=${CMAKE_PREFIX_PATH}:/opt/ros/humble /usr/bin/cmake --install /home/lxf/Desktop/ROS/19.Modeling/build/fishbot_description
