[0.764s] DEBUG:colcon:Command line arguments: ['/usr/bin/colcon', 'build']
[0.764s] DEBUG:colcon:Parsed command line arguments: Namespace(log_base=None, log_level=None, verb_name='build', build_base='build', install_base='install', merge_install=False, symlink_install=False, test_result_base=None, continue_on_error=False, executor='parallel', parallel_workers=16, event_handlers=None, ignore_user_meta=False, metas=['./colcon.meta'], base_paths=['.'], packages_ignore=None, packages_ignore_regex=None, paths=None, packages_up_to=None, packages_up_to_regex=None, packages_above=None, packages_above_and_dependencies=None, packages_above_depth=None, packages_select_by_dep=None, packages_skip_by_dep=None, packages_skip_up_to=None, packages_select_build_failed=False, packages_skip_build_finished=False, packages_select_test_failures=False, packages_skip_test_passed=False, packages_select=None, packages_skip=None, packages_select_regex=None, packages_skip_regex=None, packages_start=None, packages_end=None, allow_overriding=[], cmake_args=None, cmake_target=None, cmake_target_skip_unavailable=False, cmake_clean_cache=False, cmake_clean_first=False, cmake_force_configure=False, ament_cmake_args=None, catkin_cmake_args=None, catkin_skip_building_tests=False, verb_parser=<colcon_defaults.argument_parser.defaults.DefaultArgumentsDecorator object at 0x72a225f74040>, verb_extension=<colcon_core.verb.build.BuildVerb object at 0x72a22606dc90>, main=<bound method BuildVerb.main of <colcon_core.verb.build.BuildVerb object at 0x72a22606dc90>>)
[1.712s] Level 1:colcon.colcon_core.package_discovery:discover_packages(colcon_meta) check parameters
[1.712s] Level 1:colcon.colcon_core.package_discovery:discover_packages(recursive) check parameters
[1.712s] Level 1:colcon.colcon_core.package_discovery:discover_packages(ignore) check parameters
[1.712s] Level 1:colcon.colcon_core.package_discovery:discover_packages(path) check parameters
[1.713s] Level 1:colcon.colcon_core.package_discovery:discover_packages(colcon_meta) discover
[1.713s] Level 1:colcon.colcon_core.package_discovery:discover_packages(recursive) discover
[1.713s] INFO:colcon.colcon_core.package_discovery:Crawling recursively for packages in '/home/lxf/ROS/11.Face_Recognition'
[1.713s] Level 1:colcon.colcon_core.package_identification:_identify(.) by extensions ['ignore', 'ignore_ament_install']
[1.713s] Level 1:colcon.colcon_core.package_identification:_identify(.) by extension 'ignore'
[1.713s] Level 1:colcon.colcon_core.package_identification:_identify(.) by extension 'ignore_ament_install'
[1.714s] Level 1:colcon.colcon_core.package_identification:_identify(.) by extensions ['colcon_pkg']
[1.714s] Level 1:colcon.colcon_core.package_identification:_identify(.) by extension 'colcon_pkg'
[1.714s] Level 1:colcon.colcon_core.package_identification:_identify(.) by extensions ['colcon_meta']
[1.714s] Level 1:colcon.colcon_core.package_identification:_identify(.) by extension 'colcon_meta'
[1.714s] Level 1:colcon.colcon_core.package_identification:_identify(.) by extensions ['ros']
[1.714s] Level 1:colcon.colcon_core.package_identification:_identify(.) by extension 'ros'
[1.793s] Level 1:colcon.colcon_core.package_identification:_identify(.) by extensions ['cmake', 'python']
[1.793s] Level 1:colcon.colcon_core.package_identification:_identify(.) by extension 'cmake'
[1.793s] Level 1:colcon.colcon_core.package_identification:_identify(.) by extension 'python'
[1.793s] Level 1:colcon.colcon_core.package_identification:_identify(.) by extensions ['python_setup_py']
[1.793s] Level 1:colcon.colcon_core.package_identification:_identify(.) by extension 'python_setup_py'
[1.793s] Level 1:colcon.colcon_core.package_identification:_identify(build) by extensions ['ignore', 'ignore_ament_install']
[1.793s] Level 1:colcon.colcon_core.package_identification:_identify(build) by extension 'ignore'
[1.793s] Level 1:colcon.colcon_core.package_identification:_identify(build) ignored
[1.793s] Level 1:colcon.colcon_core.package_identification:_identify(install) by extensions ['ignore', 'ignore_ament_install']
[1.793s] Level 1:colcon.colcon_core.package_identification:_identify(install) by extension 'ignore'
[1.793s] Level 1:colcon.colcon_core.package_identification:_identify(install) ignored
[1.793s] Level 1:colcon.colcon_core.package_identification:_identify(log) by extensions ['ignore', 'ignore_ament_install']
[1.794s] Level 1:colcon.colcon_core.package_identification:_identify(log) by extension 'ignore'
[1.794s] Level 1:colcon.colcon_core.package_identification:_identify(log) ignored
[1.794s] Level 1:colcon.colcon_core.package_identification:_identify(src) by extensions ['ignore', 'ignore_ament_install']
[1.794s] Level 1:colcon.colcon_core.package_identification:_identify(src) by extension 'ignore'
[1.794s] Level 1:colcon.colcon_core.package_identification:_identify(src) by extension 'ignore_ament_install'
[1.794s] Level 1:colcon.colcon_core.package_identification:_identify(src) by extensions ['colcon_pkg']
[1.794s] Level 1:colcon.colcon_core.package_identification:_identify(src) by extension 'colcon_pkg'
[1.794s] Level 1:colcon.colcon_core.package_identification:_identify(src) by extensions ['colcon_meta']
[1.794s] Level 1:colcon.colcon_core.package_identification:_identify(src) by extension 'colcon_meta'
[1.794s] Level 1:colcon.colcon_core.package_identification:_identify(src) by extensions ['ros']
[1.794s] Level 1:colcon.colcon_core.package_identification:_identify(src) by extension 'ros'
[1.794s] Level 1:colcon.colcon_core.package_identification:_identify(src) by extensions ['cmake', 'python']
[1.794s] Level 1:colcon.colcon_core.package_identification:_identify(src) by extension 'cmake'
[1.794s] Level 1:colcon.colcon_core.package_identification:_identify(src) by extension 'python'
[1.794s] Level 1:colcon.colcon_core.package_identification:_identify(src) by extensions ['python_setup_py']
[1.794s] Level 1:colcon.colcon_core.package_identification:_identify(src) by extension 'python_setup_py'
[1.794s] Level 1:colcon.colcon_core.package_identification:_identify(src/demo_python_service) by extensions ['ignore', 'ignore_ament_install']
[1.794s] Level 1:colcon.colcon_core.package_identification:_identify(src/demo_python_service) by extension 'ignore'
[1.794s] Level 1:colcon.colcon_core.package_identification:_identify(src/demo_python_service) by extension 'ignore_ament_install'
[1.794s] Level 1:colcon.colcon_core.package_identification:_identify(src/demo_python_service) by extensions ['colcon_pkg']
[1.794s] Level 1:colcon.colcon_core.package_identification:_identify(src/demo_python_service) by extension 'colcon_pkg'
[1.794s] Level 1:colcon.colcon_core.package_identification:_identify(src/demo_python_service) by extensions ['colcon_meta']
[1.794s] Level 1:colcon.colcon_core.package_identification:_identify(src/demo_python_service) by extension 'colcon_meta'
[1.794s] Level 1:colcon.colcon_core.package_identification:_identify(src/demo_python_service) by extensions ['ros']
[1.794s] Level 1:colcon.colcon_core.package_identification:_identify(src/demo_python_service) by extension 'ros'
[1.800s] DEBUG:colcon.colcon_core.package_identification:Package 'src/demo_python_service' with type 'ros.ament_python' and name 'demo_python_service'
[1.800s] Level 1:colcon.colcon_core.package_identification:_identify(src/face_interfaces) by extensions ['ignore', 'ignore_ament_install']
[1.801s] Level 1:colcon.colcon_core.package_identification:_identify(src/face_interfaces) by extension 'ignore'
[1.801s] Level 1:colcon.colcon_core.package_identification:_identify(src/face_interfaces) by extension 'ignore_ament_install'
[1.801s] Level 1:colcon.colcon_core.package_identification:_identify(src/face_interfaces) by extensions ['colcon_pkg']
[1.801s] Level 1:colcon.colcon_core.package_identification:_identify(src/face_interfaces) by extension 'colcon_pkg'
[1.801s] Level 1:colcon.colcon_core.package_identification:_identify(src/face_interfaces) by extensions ['colcon_meta']
[1.801s] Level 1:colcon.colcon_core.package_identification:_identify(src/face_interfaces) by extension 'colcon_meta'
[1.801s] Level 1:colcon.colcon_core.package_identification:_identify(src/face_interfaces) by extensions ['ros']
[1.801s] Level 1:colcon.colcon_core.package_identification:_identify(src/face_interfaces) by extension 'ros'
[1.804s] DEBUG:colcon.colcon_core.package_identification:Package 'src/face_interfaces' with type 'ros.ament_cmake' and name 'face_interfaces'
[1.804s] Level 1:colcon.colcon_core.package_discovery:discover_packages(recursive) using defaults
[1.804s] Level 1:colcon.colcon_core.package_discovery:discover_packages(ignore) discover
[1.804s] Level 1:colcon.colcon_core.package_discovery:discover_packages(ignore) using defaults
[1.804s] Level 1:colcon.colcon_core.package_discovery:discover_packages(path) discover
[1.804s] Level 1:colcon.colcon_core.package_discovery:discover_packages(path) using defaults
[1.876s] Level 1:colcon.colcon_core.package_discovery:discover_packages(prefix_path) check parameters
[1.876s] Level 1:colcon.colcon_core.package_discovery:discover_packages(prefix_path) discover
[1.893s] DEBUG:colcon.colcon_installed_package_information.package_discovery:Found 271 installed packages in /opt/ros/humble
[1.896s] Level 1:colcon.colcon_core.package_discovery:discover_packages(prefix_path) using defaults
[1.931s] Level 5:colcon.colcon_core.verb:set package 'face_interfaces' build argument 'cmake_args' from command line to 'None'
[1.931s] Level 5:colcon.colcon_core.verb:set package 'face_interfaces' build argument 'cmake_target' from command line to 'None'
[1.931s] Level 5:colcon.colcon_core.verb:set package 'face_interfaces' build argument 'cmake_target_skip_unavailable' from command line to 'False'
[1.931s] Level 5:colcon.colcon_core.verb:set package 'face_interfaces' build argument 'cmake_clean_cache' from command line to 'False'
[1.931s] Level 5:colcon.colcon_core.verb:set package 'face_interfaces' build argument 'cmake_clean_first' from command line to 'False'
[1.931s] Level 5:colcon.colcon_core.verb:set package 'face_interfaces' build argument 'cmake_force_configure' from command line to 'False'
[1.931s] Level 5:colcon.colcon_core.verb:set package 'face_interfaces' build argument 'ament_cmake_args' from command line to 'None'
[1.931s] Level 5:colcon.colcon_core.verb:set package 'face_interfaces' build argument 'catkin_cmake_args' from command line to 'None'
[1.931s] Level 5:colcon.colcon_core.verb:set package 'face_interfaces' build argument 'catkin_skip_building_tests' from command line to 'False'
[1.931s] DEBUG:colcon.colcon_core.verb:Building package 'face_interfaces' with the following arguments: {'ament_cmake_args': None, 'build_base': '/home/lxf/ROS/11.Face_Recognition/build/face_interfaces', 'catkin_cmake_args': None, 'catkin_skip_building_tests': False, 'cmake_args': None, 'cmake_clean_cache': False, 'cmake_clean_first': False, 'cmake_force_configure': False, 'cmake_target': None, 'cmake_target_skip_unavailable': False, 'install_base': '/home/lxf/ROS/11.Face_Recognition/install/face_interfaces', 'merge_install': False, 'path': '/home/lxf/ROS/11.Face_Recognition/src/face_interfaces', 'symlink_install': False, 'test_result_base': None}
[1.931s] Level 5:colcon.colcon_core.verb:set package 'demo_python_service' build argument 'cmake_args' from command line to 'None'
[1.931s] Level 5:colcon.colcon_core.verb:set package 'demo_python_service' build argument 'cmake_target' from command line to 'None'
[1.931s] Level 5:colcon.colcon_core.verb:set package 'demo_python_service' build argument 'cmake_target_skip_unavailable' from command line to 'False'
[1.931s] Level 5:colcon.colcon_core.verb:set package 'demo_python_service' build argument 'cmake_clean_cache' from command line to 'False'
[1.931s] Level 5:colcon.colcon_core.verb:set package 'demo_python_service' build argument 'cmake_clean_first' from command line to 'False'
[1.931s] Level 5:colcon.colcon_core.verb:set package 'demo_python_service' build argument 'cmake_force_configure' from command line to 'False'
[1.931s] Level 5:colcon.colcon_core.verb:set package 'demo_python_service' build argument 'ament_cmake_args' from command line to 'None'
[1.931s] Level 5:colcon.colcon_core.verb:set package 'demo_python_service' build argument 'catkin_cmake_args' from command line to 'None'
[1.931s] Level 5:colcon.colcon_core.verb:set package 'demo_python_service' build argument 'catkin_skip_building_tests' from command line to 'False'
[1.931s] DEBUG:colcon.colcon_core.verb:Building package 'demo_python_service' with the following arguments: {'ament_cmake_args': None, 'build_base': '/home/lxf/ROS/11.Face_Recognition/build/demo_python_service', 'catkin_cmake_args': None, 'catkin_skip_building_tests': False, 'cmake_args': None, 'cmake_clean_cache': False, 'cmake_clean_first': False, 'cmake_force_configure': False, 'cmake_target': None, 'cmake_target_skip_unavailable': False, 'install_base': '/home/lxf/ROS/11.Face_Recognition/install/demo_python_service', 'merge_install': False, 'path': '/home/lxf/ROS/11.Face_Recognition/src/demo_python_service', 'symlink_install': False, 'test_result_base': None}
[1.931s] INFO:colcon.colcon_core.executor:Executing jobs using 'parallel' executor
[1.932s] DEBUG:colcon.colcon_parallel_executor.executor.parallel:run_until_complete
[1.932s] INFO:colcon.colcon_ros.task.ament_cmake.build:Building ROS package in '/home/lxf/ROS/11.Face_Recognition/src/face_interfaces' with build type 'ament_cmake'
[1.932s] INFO:colcon.colcon_cmake.task.cmake.build:Building CMake package in '/home/lxf/ROS/11.Face_Recognition/src/face_interfaces'
[1.945s] INFO:colcon.colcon_core.plugin_system:Skipping extension 'colcon_core.shell.bat': Not used on non-Windows systems
[1.945s] INFO:colcon.colcon_core.shell:Skip shell extension 'powershell' for command environment: Not usable outside of PowerShell
[1.945s] DEBUG:colcon.colcon_core.shell:Skip shell extension 'dsv' for command environment
[1.955s] DEBUG:colcon.colcon_core.event_handler.log_command:Invoking command in '/home/lxf/ROS/11.Face_Recognition/build/face_interfaces': CMAKE_PREFIX_PATH=/opt/ros/humble /usr/bin/cmake --build /home/lxf/ROS/11.Face_Recognition/build/face_interfaces -- -j16 -l16
[2.689s] DEBUG:colcon.colcon_core.event_handler.log_command:Invoked command in '/home/lxf/ROS/11.Face_Recognition/build/face_interfaces' returned '0': CMAKE_PREFIX_PATH=/opt/ros/humble /usr/bin/cmake --build /home/lxf/ROS/11.Face_Recognition/build/face_interfaces -- -j16 -l16
[2.783s] DEBUG:colcon.colcon_core.event_handler.log_command:Invoking command in '/home/lxf/ROS/11.Face_Recognition/build/face_interfaces': CMAKE_PREFIX_PATH=/opt/ros/humble /usr/bin/cmake --install /home/lxf/ROS/11.Face_Recognition/build/face_interfaces
[3.781s] Level 1:colcon.colcon_core.environment:create_environment_scripts_only(face_interfaces)
[3.781s] DEBUG:colcon.colcon_core.event_handler.log_command:Invoked command in '/home/lxf/ROS/11.Face_Recognition/build/face_interfaces' returned '0': CMAKE_PREFIX_PATH=/opt/ros/humble /usr/bin/cmake --install /home/lxf/ROS/11.Face_Recognition/build/face_interfaces
[4.028s] Level 1:colcon.colcon_core.environment:checking '/home/lxf/ROS/11.Face_Recognition/install/face_interfaces' for CMake module files
[4.029s] Level 1:colcon.colcon_core.environment:checking '/home/lxf/ROS/11.Face_Recognition/install/face_interfaces' for CMake config files
[4.029s] Level 1:colcon.colcon_core.shell:create_environment_hook('face_interfaces', 'cmake_prefix_path')
[4.029s] INFO:colcon.colcon_core.shell:Creating environment hook '/home/lxf/ROS/11.Face_Recognition/install/face_interfaces/share/face_interfaces/hook/cmake_prefix_path.ps1'
[4.032s] INFO:colcon.colcon_core.shell:Creating environment descriptor '/home/lxf/ROS/11.Face_Recognition/install/face_interfaces/share/face_interfaces/hook/cmake_prefix_path.dsv'
[4.033s] INFO:colcon.colcon_core.shell:Creating environment hook '/home/lxf/ROS/11.Face_Recognition/install/face_interfaces/share/face_interfaces/hook/cmake_prefix_path.sh'
[4.033s] Level 1:colcon.colcon_core.environment:checking '/home/lxf/ROS/11.Face_Recognition/install/face_interfaces/lib'
[4.034s] Level 1:colcon.colcon_core.shell:create_environment_hook('face_interfaces', 'ld_library_path_lib')
[4.034s] INFO:colcon.colcon_core.shell:Creating environment hook '/home/lxf/ROS/11.Face_Recognition/install/face_interfaces/share/face_interfaces/hook/ld_library_path_lib.ps1'
[4.034s] INFO:colcon.colcon_core.shell:Creating environment descriptor '/home/lxf/ROS/11.Face_Recognition/install/face_interfaces/share/face_interfaces/hook/ld_library_path_lib.dsv'
[4.034s] INFO:colcon.colcon_core.shell:Creating environment hook '/home/lxf/ROS/11.Face_Recognition/install/face_interfaces/share/face_interfaces/hook/ld_library_path_lib.sh'
[4.034s] Level 1:colcon.colcon_core.environment:checking '/home/lxf/ROS/11.Face_Recognition/install/face_interfaces/bin'
[4.034s] Level 1:colcon.colcon_core.environment:checking '/home/lxf/ROS/11.Face_Recognition/install/face_interfaces/lib/pkgconfig/face_interfaces.pc'
[4.035s] Level 1:colcon.colcon_core.environment:checking '/home/lxf/ROS/11.Face_Recognition/install/face_interfaces/lib/python3.10/site-packages'
[4.035s] Level 1:colcon.colcon_core.environment:checking '/home/lxf/ROS/11.Face_Recognition/install/face_interfaces/bin'
[4.035s] INFO:colcon.colcon_core.shell:Creating package script '/home/lxf/ROS/11.Face_Recognition/install/face_interfaces/share/face_interfaces/package.ps1'
[4.156s] INFO:colcon.colcon_core.shell:Creating package descriptor '/home/lxf/ROS/11.Face_Recognition/install/face_interfaces/share/face_interfaces/package.dsv'
[4.160s] INFO:colcon.colcon_core.shell:Creating package script '/home/lxf/ROS/11.Face_Recognition/install/face_interfaces/share/face_interfaces/package.sh'
[4.160s] INFO:colcon.colcon_core.shell:Creating package script '/home/lxf/ROS/11.Face_Recognition/install/face_interfaces/share/face_interfaces/package.bash'
[4.276s] INFO:colcon.colcon_core.shell:Creating package script '/home/lxf/ROS/11.Face_Recognition/install/face_interfaces/share/face_interfaces/package.zsh'
[4.280s] Level 1:colcon.colcon_core.environment:create_file_with_runtime_dependencies(/home/lxf/ROS/11.Face_Recognition/install/face_interfaces/share/colcon-core/packages/face_interfaces)
[4.280s] Level 1:colcon.colcon_core.environment:create_environment_scripts_only(face_interfaces)
[4.280s] Level 1:colcon.colcon_core.environment:checking '/home/lxf/ROS/11.Face_Recognition/install/face_interfaces' for CMake module files
[4.280s] Level 1:colcon.colcon_core.environment:checking '/home/lxf/ROS/11.Face_Recognition/install/face_interfaces' for CMake config files
[4.281s] Level 1:colcon.colcon_core.shell:create_environment_hook('face_interfaces', 'cmake_prefix_path')
[4.281s] INFO:colcon.colcon_core.shell:Creating environment hook '/home/lxf/ROS/11.Face_Recognition/install/face_interfaces/share/face_interfaces/hook/cmake_prefix_path.ps1'
[4.281s] INFO:colcon.colcon_core.shell:Creating environment descriptor '/home/lxf/ROS/11.Face_Recognition/install/face_interfaces/share/face_interfaces/hook/cmake_prefix_path.dsv'
[4.281s] INFO:colcon.colcon_core.shell:Creating environment hook '/home/lxf/ROS/11.Face_Recognition/install/face_interfaces/share/face_interfaces/hook/cmake_prefix_path.sh'
[4.282s] Level 1:colcon.colcon_core.environment:checking '/home/lxf/ROS/11.Face_Recognition/install/face_interfaces/lib'
[4.282s] Level 1:colcon.colcon_core.shell:create_environment_hook('face_interfaces', 'ld_library_path_lib')
[4.282s] INFO:colcon.colcon_core.shell:Creating environment hook '/home/lxf/ROS/11.Face_Recognition/install/face_interfaces/share/face_interfaces/hook/ld_library_path_lib.ps1'
[4.282s] INFO:colcon.colcon_core.shell:Creating environment descriptor '/home/lxf/ROS/11.Face_Recognition/install/face_interfaces/share/face_interfaces/hook/ld_library_path_lib.dsv'
[4.282s] INFO:colcon.colcon_core.shell:Creating environment hook '/home/lxf/ROS/11.Face_Recognition/install/face_interfaces/share/face_interfaces/hook/ld_library_path_lib.sh'
[4.283s] Level 1:colcon.colcon_core.environment:checking '/home/lxf/ROS/11.Face_Recognition/install/face_interfaces/bin'
[4.283s] Level 1:colcon.colcon_core.environment:checking '/home/lxf/ROS/11.Face_Recognition/install/face_interfaces/lib/pkgconfig/face_interfaces.pc'
[4.283s] Level 1:colcon.colcon_core.environment:checking '/home/lxf/ROS/11.Face_Recognition/install/face_interfaces/lib/python3.10/site-packages'
[4.283s] Level 1:colcon.colcon_core.environment:checking '/home/lxf/ROS/11.Face_Recognition/install/face_interfaces/bin'
[4.283s] INFO:colcon.colcon_core.shell:Creating package script '/home/lxf/ROS/11.Face_Recognition/install/face_interfaces/share/face_interfaces/package.ps1'
[4.283s] INFO:colcon.colcon_core.shell:Creating package descriptor '/home/lxf/ROS/11.Face_Recognition/install/face_interfaces/share/face_interfaces/package.dsv'
[4.284s] INFO:colcon.colcon_core.shell:Creating package script '/home/lxf/ROS/11.Face_Recognition/install/face_interfaces/share/face_interfaces/package.sh'
[4.284s] INFO:colcon.colcon_core.shell:Creating package script '/home/lxf/ROS/11.Face_Recognition/install/face_interfaces/share/face_interfaces/package.bash'
[4.284s] INFO:colcon.colcon_core.shell:Creating package script '/home/lxf/ROS/11.Face_Recognition/install/face_interfaces/share/face_interfaces/package.zsh'
[4.284s] Level 1:colcon.colcon_core.environment:create_file_with_runtime_dependencies(/home/lxf/ROS/11.Face_Recognition/install/face_interfaces/share/colcon-core/packages/face_interfaces)
[4.391s] INFO:colcon.colcon_ros.task.ament_python.build:Building ROS package in '/home/lxf/ROS/11.Face_Recognition/src/demo_python_service' with build type 'ament_python'
[4.391s] Level 1:colcon.colcon_core.shell:create_environment_hook('demo_python_service', 'ament_prefix_path')
[4.391s] INFO:colcon.colcon_core.shell:Creating environment hook '/home/lxf/ROS/11.Face_Recognition/install/demo_python_service/share/demo_python_service/hook/ament_prefix_path.ps1'
[4.392s] INFO:colcon.colcon_core.shell:Creating environment descriptor '/home/lxf/ROS/11.Face_Recognition/install/demo_python_service/share/demo_python_service/hook/ament_prefix_path.dsv'
[4.392s] INFO:colcon.colcon_core.shell:Creating environment hook '/home/lxf/ROS/11.Face_Recognition/install/demo_python_service/share/demo_python_service/hook/ament_prefix_path.sh'
[4.393s] INFO:colcon.colcon_core.shell:Skip shell extension 'powershell' for command environment: Not usable outside of PowerShell
[4.393s] DEBUG:colcon.colcon_core.shell:Skip shell extension 'dsv' for command environment
[4.851s] INFO:colcon.colcon_core.task.python.build:Building Python package in '/home/lxf/ROS/11.Face_Recognition/src/demo_python_service'
[4.851s] INFO:colcon.colcon_core.shell:Skip shell extension 'powershell' for command environment: Not usable outside of PowerShell
[4.851s] DEBUG:colcon.colcon_core.shell:Skip shell extension 'dsv' for command environment
[7.211s] DEBUG:colcon.colcon_core.event_handler.log_command:Invoking command in '/home/lxf/ROS/11.Face_Recognition/src/demo_python_service': AMENT_PREFIX_PATH=/home/lxf/ROS/11.Face_Recognition/install/face_interfaces:${AMENT_PREFIX_PATH} CMAKE_PREFIX_PATH=/home/lxf/ROS/11.Face_Recognition/install/face_interfaces LD_LIBRARY_PATH=/home/lxf/ROS/11.Face_Recognition/install/face_interfaces/lib:${LD_LIBRARY_PATH} PYTHONPATH=/home/lxf/ROS/11.Face_Recognition/build/demo_python_service/prefix_override:/usr/lib/python3/dist-packages/colcon_core/task/python/colcon_distutils_commands:/home/lxf/ROS/11.Face_Recognition/install/demo_python_service/lib/python3.10/site-packages:/home/lxf/ROS/11.Face_Recognition/install/face_interfaces/local/lib/python3.10/dist-packages:${PYTHONPATH} /usr/bin/python3 -W ignore:setup.py install is deprecated -W ignore:easy_install command is deprecated setup.py egg_info --egg-base ../../build/demo_python_service build --build-base /home/lxf/ROS/11.Face_Recognition/build/demo_python_service/build install --record /home/lxf/ROS/11.Face_Recognition/build/demo_python_service/install.log --single-version-externally-managed install_data
[7.397s] Level 1:colcon.colcon_core.environment:checking '/home/lxf/ROS/11.Face_Recognition/install/demo_python_service' for CMake module files
[7.398s] DEBUG:colcon.colcon_core.event_handler.log_command:Invoked command in '/home/lxf/ROS/11.Face_Recognition/src/demo_python_service' returned '0': AMENT_PREFIX_PATH=/home/lxf/ROS/11.Face_Recognition/install/face_interfaces:${AMENT_PREFIX_PATH} CMAKE_PREFIX_PATH=/home/lxf/ROS/11.Face_Recognition/install/face_interfaces LD_LIBRARY_PATH=/home/lxf/ROS/11.Face_Recognition/install/face_interfaces/lib:${LD_LIBRARY_PATH} PYTHONPATH=/home/lxf/ROS/11.Face_Recognition/build/demo_python_service/prefix_override:/usr/lib/python3/dist-packages/colcon_core/task/python/colcon_distutils_commands:/home/lxf/ROS/11.Face_Recognition/install/demo_python_service/lib/python3.10/site-packages:/home/lxf/ROS/11.Face_Recognition/install/face_interfaces/local/lib/python3.10/dist-packages:${PYTHONPATH} /usr/bin/python3 -W ignore:setup.py install is deprecated -W ignore:easy_install command is deprecated setup.py egg_info --egg-base ../../build/demo_python_service build --build-base /home/lxf/ROS/11.Face_Recognition/build/demo_python_service/build install --record /home/lxf/ROS/11.Face_Recognition/build/demo_python_service/install.log --single-version-externally-managed install_data
[7.398s] Level 1:colcon.colcon_core.environment:checking '/home/lxf/ROS/11.Face_Recognition/install/demo_python_service' for CMake config files
[7.398s] Level 1:colcon.colcon_core.environment:checking '/home/lxf/ROS/11.Face_Recognition/install/demo_python_service/lib'
[7.398s] Level 1:colcon.colcon_core.environment:checking '/home/lxf/ROS/11.Face_Recognition/install/demo_python_service/bin'
[7.398s] Level 1:colcon.colcon_core.environment:checking '/home/lxf/ROS/11.Face_Recognition/install/demo_python_service/lib/pkgconfig/demo_python_service.pc'
[7.399s] Level 1:colcon.colcon_core.environment:checking '/home/lxf/ROS/11.Face_Recognition/install/demo_python_service/lib/python3.10/site-packages'
[7.399s] Level 1:colcon.colcon_core.shell:create_environment_hook('demo_python_service', 'pythonpath')
[7.399s] INFO:colcon.colcon_core.shell:Creating environment hook '/home/lxf/ROS/11.Face_Recognition/install/demo_python_service/share/demo_python_service/hook/pythonpath.ps1'
[7.399s] INFO:colcon.colcon_core.shell:Creating environment descriptor '/home/lxf/ROS/11.Face_Recognition/install/demo_python_service/share/demo_python_service/hook/pythonpath.dsv'
[7.399s] INFO:colcon.colcon_core.shell:Creating environment hook '/home/lxf/ROS/11.Face_Recognition/install/demo_python_service/share/demo_python_service/hook/pythonpath.sh'
[7.400s] Level 1:colcon.colcon_core.environment:checking '/home/lxf/ROS/11.Face_Recognition/install/demo_python_service/bin'
[7.400s] Level 1:colcon.colcon_core.environment:create_environment_scripts_only(demo_python_service)
[7.400s] INFO:colcon.colcon_core.shell:Creating package script '/home/lxf/ROS/11.Face_Recognition/install/demo_python_service/share/demo_python_service/package.ps1'
[7.400s] INFO:colcon.colcon_core.shell:Creating package descriptor '/home/lxf/ROS/11.Face_Recognition/install/demo_python_service/share/demo_python_service/package.dsv'
[7.400s] INFO:colcon.colcon_core.shell:Creating package script '/home/lxf/ROS/11.Face_Recognition/install/demo_python_service/share/demo_python_service/package.sh'
[7.401s] INFO:colcon.colcon_core.shell:Creating package script '/home/lxf/ROS/11.Face_Recognition/install/demo_python_service/share/demo_python_service/package.bash'
[7.401s] INFO:colcon.colcon_core.shell:Creating package script '/home/lxf/ROS/11.Face_Recognition/install/demo_python_service/share/demo_python_service/package.zsh'
[7.401s] Level 1:colcon.colcon_core.environment:create_file_with_runtime_dependencies(/home/lxf/ROS/11.Face_Recognition/install/demo_python_service/share/colcon-core/packages/demo_python_service)
[7.401s] DEBUG:colcon.colcon_parallel_executor.executor.parallel:closing loop
[7.401s] DEBUG:colcon.colcon_parallel_executor.executor.parallel:loop closed
[7.401s] DEBUG:colcon.colcon_parallel_executor.executor.parallel:run_until_complete finished with '0'
[7.402s] DEBUG:colcon.colcon_core.event_reactor:joining thread
[7.413s] INFO:colcon.colcon_core.plugin_system:Skipping extension 'colcon_notification.desktop_notification.terminal_notifier': Not used on non-Darwin systems
[7.413s] INFO:colcon.colcon_core.plugin_system:Skipping extension 'colcon_notification.desktop_notification.win32': Not used on non-Windows systems
[7.413s] INFO:colcon.colcon_notification.desktop_notification:Sending desktop notification using 'notify2'
[7.431s] DEBUG:colcon.colcon_core.event_reactor:joined thread
[7.432s] INFO:colcon.colcon_core.shell:Creating prefix script '/home/lxf/ROS/11.Face_Recognition/install/local_setup.ps1'
[7.433s] INFO:colcon.colcon_core.shell:Creating prefix util module '/home/lxf/ROS/11.Face_Recognition/install/_local_setup_util_ps1.py'
[7.437s] INFO:colcon.colcon_core.shell:Creating prefix chain script '/home/lxf/ROS/11.Face_Recognition/install/setup.ps1'
[7.441s] INFO:colcon.colcon_core.shell:Creating prefix script '/home/lxf/ROS/11.Face_Recognition/install/local_setup.sh'
[7.442s] INFO:colcon.colcon_core.shell:Creating prefix util module '/home/lxf/ROS/11.Face_Recognition/install/_local_setup_util_sh.py'
[7.442s] INFO:colcon.colcon_core.shell:Creating prefix chain script '/home/lxf/ROS/11.Face_Recognition/install/setup.sh'
[7.445s] INFO:colcon.colcon_core.shell:Creating prefix script '/home/lxf/ROS/11.Face_Recognition/install/local_setup.bash'
[7.446s] INFO:colcon.colcon_core.shell:Creating prefix chain script '/home/lxf/ROS/11.Face_Recognition/install/setup.bash'
[7.450s] INFO:colcon.colcon_core.shell:Creating prefix script '/home/lxf/ROS/11.Face_Recognition/install/local_setup.zsh'
[7.450s] INFO:colcon.colcon_core.shell:Creating prefix chain script '/home/lxf/ROS/11.Face_Recognition/install/setup.zsh'
