[0.039s] Invoking command in '/home/lxf/ROS/11.Face_Recognition/build/face_interfaces': CMAKE_PREFIX_PATH=/opt/ros/humble /usr/bin/cmake /home/lxf/ROS/11.Face_Recognition/src/face_interfaces -DCMAKE_INSTALL_PREFIX=/home/lxf/ROS/11.Face_Recognition/install/face_interfaces
[0.060s] [0mCMake Deprecation Warning at CMakeLists.txt:1 (cmake_minimum_required):
[0.060s]   Compatibility with CMake < 3.10 will be removed from a future version of
[0.061s]   CMake.
[0.061s] 
[0.061s]   Update the VERSION argument <min> value.  Or, use the <min>...<max> syntax
[0.061s]   to tell CMake that the project requires at least <min> but has been updated
[0.061s]   to work with policies introduced by <max> or earlier.
[0.061s] 
[0.061s] [0m
[0.125s] -- The C compiler identification is GNU 11.4.0
[0.182s] -- The CXX compiler identification is GNU 11.4.0
[0.187s] -- Detecting C compiler ABI info
[0.255s] -- Detecting C compiler ABI info - done
[0.271s] -- Check for working C compiler: /usr/bin/cc - skipped
[0.271s] -- Detecting C compile features
[0.272s] -- Detecting C compile features - done
[0.285s] -- Detecting CXX compiler ABI info
[0.373s] -- Detecting CXX compiler ABI info - done
[0.384s] -- Check for working CXX compiler: /usr/bin/c++ - skipped
[0.384s] -- Detecting CXX compile features
[0.385s] -- Detecting CXX compile features - done
[0.402s] -- Found ament_cmake: 1.3.12 (/opt/ros/humble/share/ament_cmake/cmake)
[0.592s] -- Found Python3: /usr/bin/python3 (found version "3.10.12") found components: Interpreter
[0.850s] -- Found sensor_msgs: 4.9.0 (/opt/ros/humble/share/sensor_msgs/cmake)
[1.058s] -- Found rosidl_generator_c: 3.1.7 (/opt/ros/humble/share/rosidl_generator_c/cmake)
[1.086s] -- Found rosidl_adapter: 3.1.7 (/opt/ros/humble/share/rosidl_adapter/cmake)
[1.148s] -- Found rosidl_generator_cpp: 3.1.7 (/opt/ros/humble/share/rosidl_generator_cpp/cmake)
[1.232s] -- Using all available rosidl_typesupport_c: rosidl_typesupport_fastrtps_c;rosidl_typesupport_introspection_c
[1.323s] -- Using all available rosidl_typesupport_cpp: rosidl_typesupport_fastrtps_cpp;rosidl_typesupport_introspection_cpp
[1.694s] -- Found rosidl_default_generators: 1.2.0 (/opt/ros/humble/share/rosidl_default_generators/cmake)
[1.946s] [31mCMake Error at /opt/ros/humble/share/rosidl_adapter/cmake/rosidl_adapt_interfaces.cmake:59 (message):
[1.946s]   execute_process(/usr/bin/python3 -m rosidl_adapter --package-name
[1.946s]   face_interfaces --arguments-file
[1.946s]   /home/lxf/ROS/11.Face_Recognition/build/face_interfaces/rosidl_adapter__arguments__face_interfaces.json
[1.946s]   --output-dir
[1.946s]   /home/lxf/ROS/11.Face_Recognition/build/face_interfaces/rosidl_adapter/face_interfaces
[1.946s]   --output-file
[1.947s]   /home/lxf/ROS/11.Face_Recognition/build/face_interfaces/rosidl_adapter/face_interfaces.idls)
[1.947s]   returned error code 1:
[1.947s] 
[1.947s]   Traceback (most recent call last):
[1.947s] 
[1.947s]     File "/usr/lib/python3.10/runpy.py", line 196, in _run_module_as_main
[1.947s]       return _run_code(code, main_globals, None,
[1.947s]     File "/usr/lib/python3.10/runpy.py", line 86, in _run_code
[1.947s]       exec(code, run_globals)
[1.947s]     File "/opt/ros/humble/local/lib/python3.10/dist-packages/rosidl_adapter/__main__.py", line 19, in <module>
[1.947s]       sys.exit(main())
[1.947s]     File "/opt/ros/humble/local/lib/python3.10/dist-packages/rosidl_adapter/main.py", line 53, in main
[1.947s]       abs_idl_file = convert_to_idl(
[1.947s]     File "/opt/ros/humble/local/lib/python3.10/dist-packages/rosidl_adapter/__init__.py", line 24, in convert_to_idl
[1.947s]       return convert_srv_to_idl(
[1.947s]     File "/opt/ros/humble/local/lib/python3.10/dist-packages/rosidl_adapter/srv/__init__.py", line 28, in convert_srv_to_idl
[1.947s]       srv = parse_service_string(package_name, input_file.stem, content)
[1.947s]     File "/opt/ros/humble/local/lib/python3.10/dist-packages/rosidl_adapter/parser.py", line 850, in parse_service_string
[1.947s]       raise InvalidServiceSpecification(
[1.947s] 
[1.947s]   rosidl_adapter.parser.InvalidServiceSpecification: Could not find separator
[1.947s]   '---' between request and response
[1.947s] 
[1.947s] Call Stack (most recent call first):
[1.947s]   /opt/ros/humble/share/rosidl_cmake/cmake/rosidl_generate_interfaces.cmake:130 (rosidl_adapt_interfaces)
[1.947s]   CMakeLists.txt:16 (rosidl_generate_interfaces)
[1.947s] 
[1.947s] [0m
[1.947s] -- Configuring incomplete, errors occurred!
[1.952s] Invoked command in '/home/lxf/ROS/11.Face_Recognition/build/face_interfaces' returned '1': CMAKE_PREFIX_PATH=/opt/ros/humble /usr/bin/cmake /home/lxf/ROS/11.Face_Recognition/src/face_interfaces -DCMAKE_INSTALL_PREFIX=/home/lxf/ROS/11.Face_Recognition/install/face_interfaces
