[0.070s] DEBUG:colcon:Command line arguments: ['/usr/bin/colcon', 'build']
[0.070s] DEBUG:colcon:Parsed command line arguments: Namespace(log_base=None, log_level=None, verb_name='build', build_base='build', install_base='install', merge_install=False, symlink_install=False, test_result_base=None, continue_on_error=False, executor='parallel', parallel_workers=16, event_handlers=None, ignore_user_meta=False, metas=['./colcon.meta'], base_paths=['.'], packages_ignore=None, packages_ignore_regex=None, paths=None, packages_up_to=None, packages_up_to_regex=None, packages_above=None, packages_above_and_dependencies=None, packages_above_depth=None, packages_select_by_dep=None, packages_skip_by_dep=None, packages_skip_up_to=None, packages_select_build_failed=False, packages_skip_build_finished=False, packages_select_test_failures=False, packages_skip_test_passed=False, packages_select=None, packages_skip=None, packages_select_regex=None, packages_skip_regex=None, packages_start=None, packages_end=None, allow_overriding=[], cmake_args=None, cmake_target=None, cmake_target_skip_unavailable=False, cmake_clean_cache=False, cmake_clean_first=False, cmake_force_configure=False, ament_cmake_args=None, catkin_cmake_args=None, catkin_skip_building_tests=False, verb_parser=<colcon_defaults.argument_parser.defaults.DefaultArgumentsDecorator object at 0x79cd00c68070>, verb_extension=<colcon_core.verb.build.BuildVerb object at 0x79cd00d61b40>, main=<bound method BuildVerb.main of <colcon_core.verb.build.BuildVerb object at 0x79cd00d61b40>>)
[0.171s] Level 1:colcon.colcon_core.package_discovery:discover_packages(colcon_meta) check parameters
[0.171s] Level 1:colcon.colcon_core.package_discovery:discover_packages(recursive) check parameters
[0.171s] Level 1:colcon.colcon_core.package_discovery:discover_packages(ignore) check parameters
[0.171s] Level 1:colcon.colcon_core.package_discovery:discover_packages(path) check parameters
[0.171s] Level 1:colcon.colcon_core.package_discovery:discover_packages(colcon_meta) discover
[0.171s] Level 1:colcon.colcon_core.package_discovery:discover_packages(recursive) discover
[0.171s] INFO:colcon.colcon_core.package_discovery:Crawling recursively for packages in '/home/lxf/桌面/ROS/8.海龟控制画园'
[0.171s] Level 1:colcon.colcon_core.package_identification:_identify(.) by extensions ['ignore', 'ignore_ament_install']
[0.171s] Level 1:colcon.colcon_core.package_identification:_identify(.) by extension 'ignore'
[0.171s] Level 1:colcon.colcon_core.package_identification:_identify(.) by extension 'ignore_ament_install'
[0.171s] Level 1:colcon.colcon_core.package_identification:_identify(.) by extensions ['colcon_pkg']
[0.171s] Level 1:colcon.colcon_core.package_identification:_identify(.) by extension 'colcon_pkg'
[0.171s] Level 1:colcon.colcon_core.package_identification:_identify(.) by extensions ['colcon_meta']
[0.171s] Level 1:colcon.colcon_core.package_identification:_identify(.) by extension 'colcon_meta'
[0.171s] Level 1:colcon.colcon_core.package_identification:_identify(.) by extensions ['ros']
[0.171s] Level 1:colcon.colcon_core.package_identification:_identify(.) by extension 'ros'
[0.188s] Level 1:colcon.colcon_core.package_identification:_identify(.) by extensions ['cmake', 'python']
[0.188s] Level 1:colcon.colcon_core.package_identification:_identify(.) by extension 'cmake'
[0.188s] Level 1:colcon.colcon_core.package_identification:_identify(.) by extension 'python'
[0.188s] Level 1:colcon.colcon_core.package_identification:_identify(.) by extensions ['python_setup_py']
[0.188s] Level 1:colcon.colcon_core.package_identification:_identify(.) by extension 'python_setup_py'
[0.188s] Level 1:colcon.colcon_core.package_identification:_identify(build) by extensions ['ignore', 'ignore_ament_install']
[0.188s] Level 1:colcon.colcon_core.package_identification:_identify(build) by extension 'ignore'
[0.188s] Level 1:colcon.colcon_core.package_identification:_identify(build) ignored
[0.188s] Level 1:colcon.colcon_core.package_identification:_identify(cpp_topic) by extensions ['ignore', 'ignore_ament_install']
[0.188s] Level 1:colcon.colcon_core.package_identification:_identify(cpp_topic) by extension 'ignore'
[0.188s] Level 1:colcon.colcon_core.package_identification:_identify(cpp_topic) by extension 'ignore_ament_install'
[0.189s] Level 1:colcon.colcon_core.package_identification:_identify(cpp_topic) by extensions ['colcon_pkg']
[0.189s] Level 1:colcon.colcon_core.package_identification:_identify(cpp_topic) by extension 'colcon_pkg'
[0.189s] Level 1:colcon.colcon_core.package_identification:_identify(cpp_topic) by extensions ['colcon_meta']
[0.189s] Level 1:colcon.colcon_core.package_identification:_identify(cpp_topic) by extension 'colcon_meta'
[0.189s] Level 1:colcon.colcon_core.package_identification:_identify(cpp_topic) by extensions ['ros']
[0.189s] Level 1:colcon.colcon_core.package_identification:_identify(cpp_topic) by extension 'ros'
[0.198s] DEBUG:colcon.colcon_core.package_identification:Package 'cpp_topic' with type 'ros.ament_cmake' and name 'cpp_topic'
[0.198s] Level 1:colcon.colcon_core.package_identification:_identify(install) by extensions ['ignore', 'ignore_ament_install']
[0.198s] Level 1:colcon.colcon_core.package_identification:_identify(install) by extension 'ignore'
[0.198s] Level 1:colcon.colcon_core.package_identification:_identify(install) ignored
[0.198s] Level 1:colcon.colcon_core.package_identification:_identify(log) by extensions ['ignore', 'ignore_ament_install']
[0.198s] Level 1:colcon.colcon_core.package_identification:_identify(log) by extension 'ignore'
[0.198s] Level 1:colcon.colcon_core.package_identification:_identify(log) ignored
[0.198s] Level 1:colcon.colcon_core.package_discovery:discover_packages(recursive) using defaults
[0.198s] Level 1:colcon.colcon_core.package_discovery:discover_packages(ignore) discover
[0.198s] Level 1:colcon.colcon_core.package_discovery:discover_packages(ignore) using defaults
[0.198s] Level 1:colcon.colcon_core.package_discovery:discover_packages(path) discover
[0.198s] Level 1:colcon.colcon_core.package_discovery:discover_packages(path) using defaults
[0.210s] Level 1:colcon.colcon_core.package_discovery:discover_packages(prefix_path) check parameters
[0.210s] Level 1:colcon.colcon_core.package_discovery:discover_packages(prefix_path) discover
[0.212s] DEBUG:colcon.colcon_installed_package_information.package_discovery:Found 271 installed packages in /opt/ros/humble
[0.213s] Level 1:colcon.colcon_core.package_discovery:discover_packages(prefix_path) using defaults
[0.235s] Level 5:colcon.colcon_core.verb:set package 'cpp_topic' build argument 'cmake_args' from command line to 'None'
[0.235s] Level 5:colcon.colcon_core.verb:set package 'cpp_topic' build argument 'cmake_target' from command line to 'None'
[0.235s] Level 5:colcon.colcon_core.verb:set package 'cpp_topic' build argument 'cmake_target_skip_unavailable' from command line to 'False'
[0.235s] Level 5:colcon.colcon_core.verb:set package 'cpp_topic' build argument 'cmake_clean_cache' from command line to 'False'
[0.235s] Level 5:colcon.colcon_core.verb:set package 'cpp_topic' build argument 'cmake_clean_first' from command line to 'False'
[0.235s] Level 5:colcon.colcon_core.verb:set package 'cpp_topic' build argument 'cmake_force_configure' from command line to 'False'
[0.235s] Level 5:colcon.colcon_core.verb:set package 'cpp_topic' build argument 'ament_cmake_args' from command line to 'None'
[0.235s] Level 5:colcon.colcon_core.verb:set package 'cpp_topic' build argument 'catkin_cmake_args' from command line to 'None'
[0.235s] Level 5:colcon.colcon_core.verb:set package 'cpp_topic' build argument 'catkin_skip_building_tests' from command line to 'False'
[0.235s] DEBUG:colcon.colcon_core.verb:Building package 'cpp_topic' with the following arguments: {'ament_cmake_args': None, 'build_base': '/home/lxf/桌面/ROS/8.海龟控制画园/build/cpp_topic', 'catkin_cmake_args': None, 'catkin_skip_building_tests': False, 'cmake_args': None, 'cmake_clean_cache': False, 'cmake_clean_first': False, 'cmake_force_configure': False, 'cmake_target': None, 'cmake_target_skip_unavailable': False, 'install_base': '/home/lxf/桌面/ROS/8.海龟控制画园/install/cpp_topic', 'merge_install': False, 'path': '/home/lxf/桌面/ROS/8.海龟控制画园/cpp_topic', 'symlink_install': False, 'test_result_base': None}
[0.235s] INFO:colcon.colcon_core.executor:Executing jobs using 'parallel' executor
[0.236s] DEBUG:colcon.colcon_parallel_executor.executor.parallel:run_until_complete
[0.236s] INFO:colcon.colcon_ros.task.ament_cmake.build:Building ROS package in '/home/lxf/桌面/ROS/8.海龟控制画园/cpp_topic' with build type 'ament_cmake'
[0.236s] INFO:colcon.colcon_cmake.task.cmake.build:Building CMake package in '/home/lxf/桌面/ROS/8.海龟控制画园/cpp_topic'
[0.237s] INFO:colcon.colcon_core.plugin_system:Skipping extension 'colcon_core.shell.bat': Not used on non-Windows systems
[0.238s] INFO:colcon.colcon_core.shell:Skip shell extension 'powershell' for command environment: Not usable outside of PowerShell
[0.238s] DEBUG:colcon.colcon_core.shell:Skip shell extension 'dsv' for command environment
[0.244s] DEBUG:colcon.colcon_core.event_handler.log_command:Invoking command in '/home/lxf/桌面/ROS/8.海龟控制画园/build/cpp_topic': CMAKE_PREFIX_PATH=/opt/ros/humble /usr/bin/cmake /home/lxf/桌面/ROS/8.海龟控制画园/cpp_topic -DCMAKE_INSTALL_PREFIX=/home/lxf/桌面/ROS/8.海龟控制画园/install/cpp_topic
[1.476s] DEBUG:colcon.colcon_core.event_handler.log_command:Invoked command in '/home/lxf/桌面/ROS/8.海龟控制画园/build/cpp_topic' returned '0': CMAKE_PREFIX_PATH=/opt/ros/humble /usr/bin/cmake /home/lxf/桌面/ROS/8.海龟控制画园/cpp_topic -DCMAKE_INSTALL_PREFIX=/home/lxf/桌面/ROS/8.海龟控制画园/install/cpp_topic
[1.478s] DEBUG:colcon.colcon_core.event_handler.log_command:Invoking command in '/home/lxf/桌面/ROS/8.海龟控制画园/build/cpp_topic': CMAKE_PREFIX_PATH=/opt/ros/humble /usr/bin/cmake --build /home/lxf/桌面/ROS/8.海龟控制画园/build/cpp_topic -- -j16 -l16
[1.507s] DEBUG:colcon.colcon_core.event_handler.log_command:Invoked command in '/home/lxf/桌面/ROS/8.海龟控制画园/build/cpp_topic' returned '0': CMAKE_PREFIX_PATH=/opt/ros/humble /usr/bin/cmake --build /home/lxf/桌面/ROS/8.海龟控制画园/build/cpp_topic -- -j16 -l16
[1.516s] DEBUG:colcon.colcon_core.event_handler.log_command:Invoking command in '/home/lxf/桌面/ROS/8.海龟控制画园/build/cpp_topic': CMAKE_PREFIX_PATH=/opt/ros/humble /usr/bin/cmake --install /home/lxf/桌面/ROS/8.海龟控制画园/build/cpp_topic
[1.526s] Level 1:colcon.colcon_core.environment:create_environment_scripts_only(cpp_topic)
[1.527s] DEBUG:colcon.colcon_core.event_handler.log_command:Invoked command in '/home/lxf/桌面/ROS/8.海龟控制画园/build/cpp_topic' returned '0': CMAKE_PREFIX_PATH=/opt/ros/humble /usr/bin/cmake --install /home/lxf/桌面/ROS/8.海龟控制画园/build/cpp_topic
[1.534s] Level 1:colcon.colcon_core.environment:checking '/home/lxf/桌面/ROS/8.海龟控制画园/install/cpp_topic' for CMake module files
[1.535s] Level 1:colcon.colcon_core.environment:checking '/home/lxf/桌面/ROS/8.海龟控制画园/install/cpp_topic' for CMake config files
[1.536s] Level 1:colcon.colcon_core.shell:create_environment_hook('cpp_topic', 'cmake_prefix_path')
[1.536s] INFO:colcon.colcon_core.shell:Creating environment hook '/home/lxf/桌面/ROS/8.海龟控制画园/install/cpp_topic/share/cpp_topic/hook/cmake_prefix_path.ps1'
[1.537s] INFO:colcon.colcon_core.shell:Creating environment descriptor '/home/lxf/桌面/ROS/8.海龟控制画园/install/cpp_topic/share/cpp_topic/hook/cmake_prefix_path.dsv'
[1.538s] INFO:colcon.colcon_core.shell:Creating environment hook '/home/lxf/桌面/ROS/8.海龟控制画园/install/cpp_topic/share/cpp_topic/hook/cmake_prefix_path.sh'
[1.540s] Level 1:colcon.colcon_core.environment:checking '/home/lxf/桌面/ROS/8.海龟控制画园/install/cpp_topic/bin'
[1.540s] Level 1:colcon.colcon_core.environment:checking '/home/lxf/桌面/ROS/8.海龟控制画园/install/cpp_topic/lib/pkgconfig/cpp_topic.pc'
[1.540s] Level 1:colcon.colcon_core.environment:checking '/home/lxf/桌面/ROS/8.海龟控制画园/install/cpp_topic/lib/python3.10/site-packages'
[1.541s] Level 1:colcon.colcon_core.environment:checking '/home/lxf/桌面/ROS/8.海龟控制画园/install/cpp_topic/bin'
[1.541s] INFO:colcon.colcon_core.shell:Creating package script '/home/lxf/桌面/ROS/8.海龟控制画园/install/cpp_topic/share/cpp_topic/package.ps1'
[1.542s] INFO:colcon.colcon_core.shell:Creating package descriptor '/home/lxf/桌面/ROS/8.海龟控制画园/install/cpp_topic/share/cpp_topic/package.dsv'
[1.542s] INFO:colcon.colcon_core.shell:Creating package script '/home/lxf/桌面/ROS/8.海龟控制画园/install/cpp_topic/share/cpp_topic/package.sh'
[1.543s] INFO:colcon.colcon_core.shell:Creating package script '/home/lxf/桌面/ROS/8.海龟控制画园/install/cpp_topic/share/cpp_topic/package.bash'
[1.544s] INFO:colcon.colcon_core.shell:Creating package script '/home/lxf/桌面/ROS/8.海龟控制画园/install/cpp_topic/share/cpp_topic/package.zsh'
[1.545s] Level 1:colcon.colcon_core.environment:create_file_with_runtime_dependencies(/home/lxf/桌面/ROS/8.海龟控制画园/install/cpp_topic/share/colcon-core/packages/cpp_topic)
[1.546s] Level 1:colcon.colcon_core.environment:create_environment_scripts_only(cpp_topic)
[1.546s] Level 1:colcon.colcon_core.environment:checking '/home/lxf/桌面/ROS/8.海龟控制画园/install/cpp_topic' for CMake module files
[1.546s] Level 1:colcon.colcon_core.environment:checking '/home/lxf/桌面/ROS/8.海龟控制画园/install/cpp_topic' for CMake config files
[1.547s] Level 1:colcon.colcon_core.shell:create_environment_hook('cpp_topic', 'cmake_prefix_path')
[1.547s] INFO:colcon.colcon_core.shell:Creating environment hook '/home/lxf/桌面/ROS/8.海龟控制画园/install/cpp_topic/share/cpp_topic/hook/cmake_prefix_path.ps1'
[1.548s] INFO:colcon.colcon_core.shell:Creating environment descriptor '/home/lxf/桌面/ROS/8.海龟控制画园/install/cpp_topic/share/cpp_topic/hook/cmake_prefix_path.dsv'
[1.548s] INFO:colcon.colcon_core.shell:Creating environment hook '/home/lxf/桌面/ROS/8.海龟控制画园/install/cpp_topic/share/cpp_topic/hook/cmake_prefix_path.sh'
[1.549s] Level 1:colcon.colcon_core.environment:checking '/home/lxf/桌面/ROS/8.海龟控制画园/install/cpp_topic/bin'
[1.549s] Level 1:colcon.colcon_core.environment:checking '/home/lxf/桌面/ROS/8.海龟控制画园/install/cpp_topic/lib/pkgconfig/cpp_topic.pc'
[1.549s] Level 1:colcon.colcon_core.environment:checking '/home/lxf/桌面/ROS/8.海龟控制画园/install/cpp_topic/lib/python3.10/site-packages'
[1.550s] Level 1:colcon.colcon_core.environment:checking '/home/lxf/桌面/ROS/8.海龟控制画园/install/cpp_topic/bin'
[1.550s] INFO:colcon.colcon_core.shell:Creating package script '/home/lxf/桌面/ROS/8.海龟控制画园/install/cpp_topic/share/cpp_topic/package.ps1'
[1.551s] INFO:colcon.colcon_core.shell:Creating package descriptor '/home/lxf/桌面/ROS/8.海龟控制画园/install/cpp_topic/share/cpp_topic/package.dsv'
[1.552s] INFO:colcon.colcon_core.shell:Creating package script '/home/lxf/桌面/ROS/8.海龟控制画园/install/cpp_topic/share/cpp_topic/package.sh'
[1.552s] INFO:colcon.colcon_core.shell:Creating package script '/home/lxf/桌面/ROS/8.海龟控制画园/install/cpp_topic/share/cpp_topic/package.bash'
[1.553s] INFO:colcon.colcon_core.shell:Creating package script '/home/lxf/桌面/ROS/8.海龟控制画园/install/cpp_topic/share/cpp_topic/package.zsh'
[1.553s] Level 1:colcon.colcon_core.environment:create_file_with_runtime_dependencies(/home/lxf/桌面/ROS/8.海龟控制画园/install/cpp_topic/share/colcon-core/packages/cpp_topic)
[1.553s] DEBUG:colcon.colcon_parallel_executor.executor.parallel:closing loop
[1.554s] DEBUG:colcon.colcon_parallel_executor.executor.parallel:loop closed
[1.554s] DEBUG:colcon.colcon_parallel_executor.executor.parallel:run_until_complete finished with '0'
[1.554s] DEBUG:colcon.colcon_core.event_reactor:joining thread
[1.562s] INFO:colcon.colcon_core.plugin_system:Skipping extension 'colcon_notification.desktop_notification.terminal_notifier': Not used on non-Darwin systems
[1.562s] INFO:colcon.colcon_core.plugin_system:Skipping extension 'colcon_notification.desktop_notification.win32': Not used on non-Windows systems
[1.562s] INFO:colcon.colcon_notification.desktop_notification:Sending desktop notification using 'notify2'
[1.581s] DEBUG:colcon.colcon_core.event_reactor:joined thread
[1.581s] INFO:colcon.colcon_core.shell:Creating prefix script '/home/lxf/桌面/ROS/8.海龟控制画园/install/local_setup.ps1'
[1.583s] INFO:colcon.colcon_core.shell:Creating prefix util module '/home/lxf/桌面/ROS/8.海龟控制画园/install/_local_setup_util_ps1.py'
[1.584s] INFO:colcon.colcon_core.shell:Creating prefix chain script '/home/lxf/桌面/ROS/8.海龟控制画园/install/setup.ps1'
[1.585s] INFO:colcon.colcon_core.shell:Creating prefix script '/home/lxf/桌面/ROS/8.海龟控制画园/install/local_setup.sh'
[1.585s] INFO:colcon.colcon_core.shell:Creating prefix util module '/home/lxf/桌面/ROS/8.海龟控制画园/install/_local_setup_util_sh.py'
[1.586s] INFO:colcon.colcon_core.shell:Creating prefix chain script '/home/lxf/桌面/ROS/8.海龟控制画园/install/setup.sh'
[1.587s] INFO:colcon.colcon_core.shell:Creating prefix script '/home/lxf/桌面/ROS/8.海龟控制画园/install/local_setup.bash'
[1.587s] INFO:colcon.colcon_core.shell:Creating prefix chain script '/home/lxf/桌面/ROS/8.海龟控制画园/install/setup.bash'
[1.588s] INFO:colcon.colcon_core.shell:Creating prefix script '/home/lxf/桌面/ROS/8.海龟控制画园/install/local_setup.zsh'
[1.588s] INFO:colcon.colcon_core.shell:Creating prefix chain script '/home/lxf/桌面/ROS/8.海龟控制画园/install/setup.zsh'
