[0.007s] Invoking command in '/home/lxf/桌面/ROS/9.订阅Pose实现闭环控制/build/cpp_pose_topic': CMAKE_PREFIX_PATH=${CMAKE_PREFIX_PATH}:/opt/ros/humble /usr/bin/cmake /home/lxf/桌面/ROS/9.订阅Pose实现闭环控制/src/cpp_pose_topic -DCMAKE_INSTALL_PREFIX=/home/lxf/桌面/ROS/9.订阅Pose实现闭环控制/install/cpp_pose_topic
[0.012s] [0mCMake Deprecation Warning at CMakeLists.txt:1 (cmake_minimum_required):
[0.013s]   Compatibility with CMake < 3.10 will be removed from a future version of
[0.013s]   CMake.
[0.013s] 
[0.013s]   Update the VERSION argument <min> value.  Or, use the <min>...<max> syntax
[0.013s]   to tell CMake that the project requires at least <min> but has been updated
[0.013s]   to work with policies introduced by <max> or earlier.
[0.013s] 
[0.013s] [0m
[0.017s] -- Found ament_cmake: 1.3.12 (/opt/ros/humble/share/ament_cmake/cmake)
[0.159s] -- Found rclcpp: 16.0.15 (/opt/ros/humble/share/rclcpp/cmake)
[0.180s] -- Found rosidl_generator_c: 3.1.7 (/opt/ros/humble/share/rosidl_generator_c/cmake)
[0.181s] -- Found rosidl_adapter: 3.1.7 (/opt/ros/humble/share/rosidl_adapter/cmake)
[0.185s] -- Found rosidl_generator_cpp: 3.1.7 (/opt/ros/humble/share/rosidl_generator_cpp/cmake)
[0.192s] -- Using all available rosidl_typesupport_c: rosidl_typesupport_fastrtps_c;rosidl_typesupport_introspection_c
[0.201s] -- Using all available rosidl_typesupport_cpp: rosidl_typesupport_fastrtps_cpp;rosidl_typesupport_introspection_cpp
[0.227s] -- Found rmw_implementation_cmake: 6.1.2 (/opt/ros/humble/share/rmw_implementation_cmake/cmake)
[0.227s] -- Found rmw_fastrtps_cpp: 6.2.9 (/opt/ros/humble/share/rmw_fastrtps_cpp/cmake)
[0.329s] -- Using RMW implementation 'rmw_fastrtps_cpp' as default
[0.408s] -- Found geometry_msgs: 4.9.0 (/opt/ros/humble/share/geometry_msgs/cmake)
[0.421s] -- Found turtlesim: 1.4.3 (/opt/ros/humble/share/turtlesim/cmake)
[0.458s] -- Found ament_lint_auto: 0.12.14 (/opt/ros/humble/share/ament_lint_auto/cmake)
[0.524s] -- Added test 'lint_cmake' to check CMake code style
[0.524s] -- Added test 'xmllint' to check XML markup files
[0.527s] -- Configuring done (0.5s)
[0.530s] -- Generating done (0.0s)
[0.531s] -- Build files have been written to: /home/lxf/桌面/ROS/9.订阅Pose实现闭环控制/build/cpp_pose_topic
[0.536s] Invoked command in '/home/lxf/桌面/ROS/9.订阅Pose实现闭环控制/build/cpp_pose_topic' returned '0': CMAKE_PREFIX_PATH=${CMAKE_PREFIX_PATH}:/opt/ros/humble /usr/bin/cmake /home/lxf/桌面/ROS/9.订阅Pose实现闭环控制/src/cpp_pose_topic -DCMAKE_INSTALL_PREFIX=/home/lxf/桌面/ROS/9.订阅Pose实现闭环控制/install/cpp_pose_topic
[0.537s] Invoking command in '/home/lxf/桌面/ROS/9.订阅Pose实现闭环控制/build/cpp_pose_topic': CMAKE_PREFIX_PATH=${CMAKE_PREFIX_PATH}:/opt/ros/humble /usr/bin/cmake --build /home/lxf/桌面/ROS/9.订阅Pose实现闭环控制/build/cpp_pose_topic -- -j16 -l16
[0.557s] Invoked command in '/home/lxf/桌面/ROS/9.订阅Pose实现闭环控制/build/cpp_pose_topic' returned '0': CMAKE_PREFIX_PATH=${CMAKE_PREFIX_PATH}:/opt/ros/humble /usr/bin/cmake --build /home/lxf/桌面/ROS/9.订阅Pose实现闭环控制/build/cpp_pose_topic -- -j16 -l16
[0.565s] Invoking command in '/home/lxf/桌面/ROS/9.订阅Pose实现闭环控制/build/cpp_pose_topic': CMAKE_PREFIX_PATH=${CMAKE_PREFIX_PATH}:/opt/ros/humble /usr/bin/cmake --install /home/lxf/桌面/ROS/9.订阅Pose实现闭环控制/build/cpp_pose_topic
[0.570s] -- Install configuration: ""
[0.571s] -- Installing: /home/lxf/桌面/ROS/9.订阅Pose实现闭环控制/install/cpp_pose_topic/share/ament_index/resource_index/package_run_dependencies/cpp_pose_topic
[0.571s] -- Installing: /home/lxf/桌面/ROS/9.订阅Pose实现闭环控制/install/cpp_pose_topic/share/ament_index/resource_index/parent_prefix_path/cpp_pose_topic
[0.571s] -- Installing: /home/lxf/桌面/ROS/9.订阅Pose实现闭环控制/install/cpp_pose_topic/share/cpp_pose_topic/environment/ament_prefix_path.sh
[0.572s] -- Installing: /home/lxf/桌面/ROS/9.订阅Pose实现闭环控制/install/cpp_pose_topic/share/cpp_pose_topic/environment/ament_prefix_path.dsv
[0.572s] -- Installing: /home/lxf/桌面/ROS/9.订阅Pose实现闭环控制/install/cpp_pose_topic/share/cpp_pose_topic/environment/path.sh
[0.572s] -- Installing: /home/lxf/桌面/ROS/9.订阅Pose实现闭环控制/install/cpp_pose_topic/share/cpp_pose_topic/environment/path.dsv
[0.572s] -- Installing: /home/lxf/桌面/ROS/9.订阅Pose实现闭环控制/install/cpp_pose_topic/share/cpp_pose_topic/local_setup.bash
[0.572s] -- Installing: /home/lxf/桌面/ROS/9.订阅Pose实现闭环控制/install/cpp_pose_topic/share/cpp_pose_topic/local_setup.sh
[0.572s] -- Installing: /home/lxf/桌面/ROS/9.订阅Pose实现闭环控制/install/cpp_pose_topic/share/cpp_pose_topic/local_setup.zsh
[0.572s] -- Installing: /home/lxf/桌面/ROS/9.订阅Pose实现闭环控制/install/cpp_pose_topic/share/cpp_pose_topic/local_setup.dsv
[0.572s] -- Installing: /home/lxf/桌面/ROS/9.订阅Pose实现闭环控制/install/cpp_pose_topic/share/cpp_pose_topic/package.dsv
[0.573s] -- Installing: /home/lxf/桌面/ROS/9.订阅Pose实现闭环控制/install/cpp_pose_topic/share/ament_index/resource_index/packages/cpp_pose_topic
[0.573s] -- Installing: /home/lxf/桌面/ROS/9.订阅Pose实现闭环控制/install/cpp_pose_topic/share/cpp_pose_topic/cmake/cpp_pose_topicConfig.cmake
[0.573s] -- Installing: /home/lxf/桌面/ROS/9.订阅Pose实现闭环控制/install/cpp_pose_topic/share/cpp_pose_topic/cmake/cpp_pose_topicConfig-version.cmake
[0.573s] -- Installing: /home/lxf/桌面/ROS/9.订阅Pose实现闭环控制/install/cpp_pose_topic/share/cpp_pose_topic/package.xml
[0.575s] Invoked command in '/home/lxf/桌面/ROS/9.订阅Pose实现闭环控制/build/cpp_pose_topic' returned '0': CMAKE_PREFIX_PATH=${CMAKE_PREFIX_PATH}:/opt/ros/humble /usr/bin/cmake --install /home/lxf/桌面/ROS/9.订阅Pose实现闭环控制/build/cpp_pose_topic
