[0.011s] Invoking command in '/home/lxf/Desktop/ROS/16.Launch_parameter/build/cpp_pose_topic': CMAKE_PREFIX_PATH=/opt/ros/humble /usr/bin/cmake --build /home/lxf/Desktop/ROS/16.Launch_parameter/build/cpp_pose_topic -- -j16 -l16
[0.104s] [35m[1mConsolidate compiler generated dependencies of target turtle_param_client[0m
[0.139s] [ 25%] Built target turtle_control
[0.140s] [ 50%] Built target turtle_control_v2
[0.141s] [ 75%] Built target turtle_param_client
[0.144s] [100%] Built target turtle_circle
[0.156s] Invoked command in '/home/lxf/Desktop/ROS/16.Launch_parameter/build/cpp_pose_topic' returned '0': CMAKE_PREFIX_PATH=/opt/ros/humble /usr/bin/cmake --build /home/lxf/Desktop/ROS/16.Launch_parameter/build/cpp_pose_topic -- -j16 -l16
[0.163s] Invoking command in '/home/lxf/Desktop/ROS/16.Launch_parameter/build/cpp_pose_topic': CMAKE_PREFIX_PATH=/opt/ros/humble /usr/bin/cmake --install /home/lxf/Desktop/ROS/16.Launch_parameter/build/cpp_pose_topic
[0.168s] -- Install configuration: ""
[0.168s] -- Up-to-date: /home/lxf/Desktop/ROS/16.Launch_parameter/install/cpp_pose_topic/lib/cpp_pose_topic/turtle_circle
[0.169s] -- Up-to-date: /home/lxf/Desktop/ROS/16.Launch_parameter/install/cpp_pose_topic/lib/cpp_pose_topic/turtle_control
[0.170s] -- Up-to-date: /home/lxf/Desktop/ROS/16.Launch_parameter/install/cpp_pose_topic/lib/cpp_pose_topic/turtle_control_v2
[0.170s] -- Up-to-date: /home/lxf/Desktop/ROS/16.Launch_parameter/install/cpp_pose_topic/lib/cpp_pose_topic/turtle_param_client
[0.170s] -- Up-to-date: /home/lxf/Desktop/ROS/16.Launch_parameter/install/cpp_pose_topic/share/cpp_pose_topic/launch
[0.171s] -- Installing: /home/lxf/Desktop/ROS/16.Launch_parameter/install/cpp_pose_topic/share/cpp_pose_topic/launch/demo.launch.py
[0.171s] -- Installing: /home/lxf/Desktop/ROS/16.Launch_parameter/install/cpp_pose_topic/share/cpp_pose_topic/launch/action.launch.py
[0.171s] -- Up-to-date: /home/lxf/Desktop/ROS/16.Launch_parameter/install/cpp_pose_topic/share/ament_index/resource_index/package_run_dependencies/cpp_pose_topic
[0.171s] -- Up-to-date: /home/lxf/Desktop/ROS/16.Launch_parameter/install/cpp_pose_topic/share/ament_index/resource_index/parent_prefix_path/cpp_pose_topic
[0.171s] -- Up-to-date: /home/lxf/Desktop/ROS/16.Launch_parameter/install/cpp_pose_topic/share/cpp_pose_topic/environment/ament_prefix_path.sh
[0.171s] -- Up-to-date: /home/lxf/Desktop/ROS/16.Launch_parameter/install/cpp_pose_topic/share/cpp_pose_topic/environment/ament_prefix_path.dsv
[0.171s] -- Up-to-date: /home/lxf/Desktop/ROS/16.Launch_parameter/install/cpp_pose_topic/share/cpp_pose_topic/environment/path.sh
[0.171s] -- Up-to-date: /home/lxf/Desktop/ROS/16.Launch_parameter/install/cpp_pose_topic/share/cpp_pose_topic/environment/path.dsv
[0.171s] -- Up-to-date: /home/lxf/Desktop/ROS/16.Launch_parameter/install/cpp_pose_topic/share/cpp_pose_topic/local_setup.bash
[0.171s] -- Up-to-date: /home/lxf/Desktop/ROS/16.Launch_parameter/install/cpp_pose_topic/share/cpp_pose_topic/local_setup.sh
[0.171s] -- Up-to-date: /home/lxf/Desktop/ROS/16.Launch_parameter/install/cpp_pose_topic/share/cpp_pose_topic/local_setup.zsh
[0.171s] -- Up-to-date: /home/lxf/Desktop/ROS/16.Launch_parameter/install/cpp_pose_topic/share/cpp_pose_topic/local_setup.dsv
[0.171s] -- Installing: /home/lxf/Desktop/ROS/16.Launch_parameter/install/cpp_pose_topic/share/cpp_pose_topic/package.dsv
[0.171s] -- Up-to-date: /home/lxf/Desktop/ROS/16.Launch_parameter/install/cpp_pose_topic/share/ament_index/resource_index/packages/cpp_pose_topic
[0.171s] -- Up-to-date: /home/lxf/Desktop/ROS/16.Launch_parameter/install/cpp_pose_topic/share/cpp_pose_topic/cmake/cpp_pose_topicConfig.cmake
[0.171s] -- Up-to-date: /home/lxf/Desktop/ROS/16.Launch_parameter/install/cpp_pose_topic/share/cpp_pose_topic/cmake/cpp_pose_topicConfig-version.cmake
[0.171s] -- Up-to-date: /home/lxf/Desktop/ROS/16.Launch_parameter/install/cpp_pose_topic/share/cpp_pose_topic/package.xml
[0.173s] Invoked command in '/home/lxf/Desktop/ROS/16.Launch_parameter/build/cpp_pose_topic' returned '0': CMAKE_PREFIX_PATH=/opt/ros/humble /usr/bin/cmake --install /home/lxf/Desktop/ROS/16.Launch_parameter/build/cpp_pose_topic
