/home/lxf/Desktop/ROS/13.Parameter_Python/install/demo_python_service/lib/python3.10/site-packages/demo_python_service/face_detect_client_thread_base.py
/home/lxf/Desktop/ROS/13.Parameter_Python/install/demo_python_service/lib/python3.10/site-packages/demo_python_service/face_detect_client_node_v2.py
/home/lxf/Desktop/ROS/13.Parameter_Python/install/demo_python_service/lib/python3.10/site-packages/demo_python_service/face_detect_node_v1.py
/home/lxf/Desktop/ROS/13.Parameter_Python/install/demo_python_service/lib/python3.10/site-packages/demo_python_service/face_detect.py
/home/lxf/Desktop/ROS/13.Parameter_Python/install/demo_python_service/lib/python3.10/site-packages/demo_python_service/face_detect_node_v2.py
/home/lxf/Desktop/ROS/13.Parameter_Python/install/demo_python_service/lib/python3.10/site-packages/demo_python_service/face_detect_client_two_node.py
/home/lxf/Desktop/ROS/13.Parameter_Python/install/demo_python_service/lib/python3.10/site-packages/demo_python_service/face_detect_client_thread.py
/home/lxf/Desktop/ROS/13.Parameter_Python/install/demo_python_service/lib/python3.10/site-packages/demo_python_service/__init__.py
/home/lxf/Desktop/ROS/13.Parameter_Python/install/demo_python_service/lib/python3.10/site-packages/demo_python_service/face_detect_client_Optimization.py
/home/lxf/Desktop/ROS/13.Parameter_Python/install/demo_python_service/lib/python3.10/site-packages/demo_python_service/face_detect_client_node.py
/home/lxf/Desktop/ROS/13.Parameter_Python/install/demo_python_service/lib/python3.10/site-packages/demo_python_service/__pycache__/face_detect_client_thread_base.cpython-310.pyc
/home/lxf/Desktop/ROS/13.Parameter_Python/install/demo_python_service/lib/python3.10/site-packages/demo_python_service/__pycache__/face_detect_client_node_v2.cpython-310.pyc
/home/lxf/Desktop/ROS/13.Parameter_Python/install/demo_python_service/lib/python3.10/site-packages/demo_python_service/__pycache__/face_detect_node_v1.cpython-310.pyc
/home/lxf/Desktop/ROS/13.Parameter_Python/install/demo_python_service/lib/python3.10/site-packages/demo_python_service/__pycache__/face_detect.cpython-310.pyc
/home/lxf/Desktop/ROS/13.Parameter_Python/install/demo_python_service/lib/python3.10/site-packages/demo_python_service/__pycache__/face_detect_node_v2.cpython-310.pyc
/home/lxf/Desktop/ROS/13.Parameter_Python/install/demo_python_service/lib/python3.10/site-packages/demo_python_service/__pycache__/face_detect_client_two_node.cpython-310.pyc
/home/lxf/Desktop/ROS/13.Parameter_Python/install/demo_python_service/lib/python3.10/site-packages/demo_python_service/__pycache__/face_detect_client_thread.cpython-310.pyc
/home/lxf/Desktop/ROS/13.Parameter_Python/install/demo_python_service/lib/python3.10/site-packages/demo_python_service/__pycache__/__init__.cpython-310.pyc
/home/lxf/Desktop/ROS/13.Parameter_Python/install/demo_python_service/lib/python3.10/site-packages/demo_python_service/__pycache__/face_detect_client_Optimization.cpython-310.pyc
/home/lxf/Desktop/ROS/13.Parameter_Python/install/demo_python_service/lib/python3.10/site-packages/demo_python_service/__pycache__/face_detect_client_node.cpython-310.pyc
/home/lxf/Desktop/ROS/13.Parameter_Python/install/demo_python_service/share/ament_index/resource_index/packages/demo_python_service
/home/lxf/Desktop/ROS/13.Parameter_Python/install/demo_python_service/share/demo_python_service/package.xml
/home/lxf/Desktop/ROS/13.Parameter_Python/install/demo_python_service/share/demo_python_service/resource/default.jpg
/home/lxf/Desktop/ROS/13.Parameter_Python/install/demo_python_service/share/demo_python_service/resource/test1.jpg
/home/lxf/Desktop/ROS/13.Parameter_Python/install/demo_python_service/share/demo_python_service/resource/test2.jpg
/home/lxf/Desktop/ROS/13.Parameter_Python/install/demo_python_service/lib/python3.10/site-packages/demo_python_service-0.0.0-py3.10.egg-info/PKG-INFO
/home/lxf/Desktop/ROS/13.Parameter_Python/install/demo_python_service/lib/python3.10/site-packages/demo_python_service-0.0.0-py3.10.egg-info/top_level.txt
/home/lxf/Desktop/ROS/13.Parameter_Python/install/demo_python_service/lib/python3.10/site-packages/demo_python_service-0.0.0-py3.10.egg-info/SOURCES.txt
/home/lxf/Desktop/ROS/13.Parameter_Python/install/demo_python_service/lib/python3.10/site-packages/demo_python_service-0.0.0-py3.10.egg-info/dependency_links.txt
/home/lxf/Desktop/ROS/13.Parameter_Python/install/demo_python_service/lib/python3.10/site-packages/demo_python_service-0.0.0-py3.10.egg-info/entry_points.txt
/home/lxf/Desktop/ROS/13.Parameter_Python/install/demo_python_service/lib/python3.10/site-packages/demo_python_service-0.0.0-py3.10.egg-info/requires.txt
/home/lxf/Desktop/ROS/13.Parameter_Python/install/demo_python_service/lib/python3.10/site-packages/demo_python_service-0.0.0-py3.10.egg-info/zip-safe
/home/lxf/Desktop/ROS/13.Parameter_Python/install/demo_python_service/lib/demo_python_service/face_detect
/home/lxf/Desktop/ROS/13.Parameter_Python/install/demo_python_service/lib/demo_python_service/face_detect_client_Optimization
/home/lxf/Desktop/ROS/13.Parameter_Python/install/demo_python_service/lib/demo_python_service/face_detect_client_node_v1
/home/lxf/Desktop/ROS/13.Parameter_Python/install/demo_python_service/lib/demo_python_service/face_detect_client_node_v2
/home/lxf/Desktop/ROS/13.Parameter_Python/install/demo_python_service/lib/demo_python_service/face_detect_client_thread
/home/lxf/Desktop/ROS/13.Parameter_Python/install/demo_python_service/lib/demo_python_service/face_detect_client_two_node
/home/lxf/Desktop/ROS/13.Parameter_Python/install/demo_python_service/lib/demo_python_service/face_detect_node_v1
/home/lxf/Desktop/ROS/13.Parameter_Python/install/demo_python_service/lib/demo_python_service/face_detect_node_v2
