[0.022s] Invoking command in '/home/lxf/Desktop/ROS/12_Parameter_Python/build/face_interfaces': CMAKE_PREFIX_PATH=${CMAKE_PREFIX_PATH}:/home/lxf/Desktop/ROS/12_Parameter_Python/install/demo_python_service:/opt/ros/humble /usr/bin/cmake --build /home/lxf/Desktop/ROS/12_Parameter_Python/build/face_interfaces -- -j16 -l16
[0.239s] [  3%] Built target face_interfaces__cpp
[0.251s] [ 12%] Built target face_interfaces__rosidl_generator_c
[0.271s] [ 12%] Built target ament_cmake_python_copy_face_interfaces
[0.341s] [ 22%] Built target face_interfaces__rosidl_typesupport_fastrtps_cpp
[0.350s] [ 32%] Built target face_interfaces__rosidl_typesupport_fastrtps_c
[0.353s] [ 41%] Built target face_interfaces__rosidl_typesupport_introspection_cpp
[0.356s] [ 51%] Built target face_interfaces__rosidl_typesupport_cpp
[0.359s] [ 61%] Built target face_interfaces__rosidl_typesupport_introspection_c
[0.361s] [ 70%] Built target face_interfaces__rosidl_typesupport_c
[0.450s] [ 70%] Built target face_interfaces
[0.510s] [ 74%] Built target face_interfaces__py
[0.543s] [ 80%] Built target face_interfaces__rosidl_generator_py
[0.574s] [ 87%] Built target face_interfaces__rosidl_typesupport_fastrtps_c__pyext
[0.576s] [ 93%] Built target face_interfaces__rosidl_typesupport_c__pyext
[0.576s] [100%] Built target face_interfaces__rosidl_typesupport_introspection_c__pyext
[0.736s] running egg_info
[0.737s] writing face_interfaces.egg-info/PKG-INFO
[0.737s] writing dependency_links to face_interfaces.egg-info/dependency_links.txt
[0.737s] writing top-level names to face_interfaces.egg-info/top_level.txt
[0.740s] reading manifest file 'face_interfaces.egg-info/SOURCES.txt'
[0.741s] writing manifest file 'face_interfaces.egg-info/SOURCES.txt'
[0.771s] [100%] Built target ament_cmake_python_build_face_interfaces_egg
[0.814s] Invoked command in '/home/lxf/Desktop/ROS/12_Parameter_Python/build/face_interfaces' returned '0': CMAKE_PREFIX_PATH=${CMAKE_PREFIX_PATH}:/home/lxf/Desktop/ROS/12_Parameter_Python/install/demo_python_service:/opt/ros/humble /usr/bin/cmake --build /home/lxf/Desktop/ROS/12_Parameter_Python/build/face_interfaces -- -j16 -l16
[0.856s] Invoking command in '/home/lxf/Desktop/ROS/12_Parameter_Python/build/face_interfaces': CMAKE_PREFIX_PATH=${CMAKE_PREFIX_PATH}:/home/lxf/Desktop/ROS/12_Parameter_Python/install/demo_python_service:/opt/ros/humble /usr/bin/cmake --install /home/lxf/Desktop/ROS/12_Parameter_Python/build/face_interfaces
[0.890s] -- Install configuration: ""
[0.890s] -- Up-to-date: /home/lxf/Desktop/ROS/12_Parameter_Python/install/face_interfaces/share/ament_index/resource_index/rosidl_interfaces/face_interfaces
[0.891s] -- Up-to-date: /home/lxf/Desktop/ROS/12_Parameter_Python/install/face_interfaces/include/face_interfaces/face_interfaces
[0.891s] -- Up-to-date: /home/lxf/Desktop/ROS/12_Parameter_Python/install/face_interfaces/include/face_interfaces/face_interfaces/srv
[0.891s] -- Up-to-date: /home/lxf/Desktop/ROS/12_Parameter_Python/install/face_interfaces/include/face_interfaces/face_interfaces/srv/detail
[0.892s] -- Up-to-date: /home/lxf/Desktop/ROS/12_Parameter_Python/install/face_interfaces/include/face_interfaces/face_interfaces/srv/detail/face_detector__struct.h
[0.892s] -- Up-to-date: /home/lxf/Desktop/ROS/12_Parameter_Python/install/face_interfaces/include/face_interfaces/face_interfaces/srv/detail/face_detector__functions.c
[0.892s] -- Up-to-date: /home/lxf/Desktop/ROS/12_Parameter_Python/install/face_interfaces/include/face_interfaces/face_interfaces/srv/detail/face_detector__type_support.h
[0.892s] -- Up-to-date: /home/lxf/Desktop/ROS/12_Parameter_Python/install/face_interfaces/include/face_interfaces/face_interfaces/srv/detail/face_detector__functions.h
[0.893s] -- Up-to-date: /home/lxf/Desktop/ROS/12_Parameter_Python/install/face_interfaces/include/face_interfaces/face_interfaces/srv/face_detector.h
[0.893s] -- Up-to-date: /home/lxf/Desktop/ROS/12_Parameter_Python/install/face_interfaces/include/face_interfaces/face_interfaces/msg
[0.893s] -- Up-to-date: /home/lxf/Desktop/ROS/12_Parameter_Python/install/face_interfaces/include/face_interfaces/face_interfaces/msg/rosidl_generator_c__visibility_control.h
[0.894s] -- Up-to-date: /home/lxf/Desktop/ROS/12_Parameter_Python/install/face_interfaces/share/face_interfaces/environment/library_path.sh
[0.894s] -- Up-to-date: /home/lxf/Desktop/ROS/12_Parameter_Python/install/face_interfaces/share/face_interfaces/environment/library_path.dsv
[0.894s] -- Up-to-date: /home/lxf/Desktop/ROS/12_Parameter_Python/install/face_interfaces/lib/libface_interfaces__rosidl_generator_c.so
[0.895s] -- Up-to-date: /home/lxf/Desktop/ROS/12_Parameter_Python/install/face_interfaces/include/face_interfaces/face_interfaces
[0.895s] -- Up-to-date: /home/lxf/Desktop/ROS/12_Parameter_Python/install/face_interfaces/include/face_interfaces/face_interfaces/srv
[0.895s] -- Up-to-date: /home/lxf/Desktop/ROS/12_Parameter_Python/install/face_interfaces/include/face_interfaces/face_interfaces/srv/detail
[0.896s] -- Up-to-date: /home/lxf/Desktop/ROS/12_Parameter_Python/install/face_interfaces/include/face_interfaces/face_interfaces/srv/detail/face_detector__rosidl_typesupport_fastrtps_c.h
[0.896s] -- Up-to-date: /home/lxf/Desktop/ROS/12_Parameter_Python/install/face_interfaces/include/face_interfaces/face_interfaces/msg
[0.896s] -- Up-to-date: /home/lxf/Desktop/ROS/12_Parameter_Python/install/face_interfaces/include/face_interfaces/face_interfaces/msg/rosidl_typesupport_fastrtps_c__visibility_control.h
[0.896s] -- Up-to-date: /home/lxf/Desktop/ROS/12_Parameter_Python/install/face_interfaces/lib/libface_interfaces__rosidl_typesupport_fastrtps_c.so
[0.897s] -- Up-to-date: /home/lxf/Desktop/ROS/12_Parameter_Python/install/face_interfaces/include/face_interfaces/face_interfaces
[0.897s] -- Up-to-date: /home/lxf/Desktop/ROS/12_Parameter_Python/install/face_interfaces/include/face_interfaces/face_interfaces/srv
[0.898s] -- Up-to-date: /home/lxf/Desktop/ROS/12_Parameter_Python/install/face_interfaces/include/face_interfaces/face_interfaces/srv/detail
[0.898s] -- Up-to-date: /home/lxf/Desktop/ROS/12_Parameter_Python/install/face_interfaces/include/face_interfaces/face_interfaces/srv/detail/face_detector__traits.hpp
[0.898s] -- Up-to-date: /home/lxf/Desktop/ROS/12_Parameter_Python/install/face_interfaces/include/face_interfaces/face_interfaces/srv/detail/face_detector__type_support.hpp
[0.898s] -- Up-to-date: /home/lxf/Desktop/ROS/12_Parameter_Python/install/face_interfaces/include/face_interfaces/face_interfaces/srv/detail/face_detector__struct.hpp
[0.899s] -- Up-to-date: /home/lxf/Desktop/ROS/12_Parameter_Python/install/face_interfaces/include/face_interfaces/face_interfaces/srv/detail/face_detector__builder.hpp
[0.899s] -- Up-to-date: /home/lxf/Desktop/ROS/12_Parameter_Python/install/face_interfaces/include/face_interfaces/face_interfaces/srv/face_detector.hpp
[0.899s] -- Up-to-date: /home/lxf/Desktop/ROS/12_Parameter_Python/install/face_interfaces/include/face_interfaces/face_interfaces/msg
[0.899s] -- Up-to-date: /home/lxf/Desktop/ROS/12_Parameter_Python/install/face_interfaces/include/face_interfaces/face_interfaces/msg/rosidl_generator_cpp__visibility_control.hpp
[0.899s] -- Up-to-date: /home/lxf/Desktop/ROS/12_Parameter_Python/install/face_interfaces/include/face_interfaces/face_interfaces
[0.900s] -- Up-to-date: /home/lxf/Desktop/ROS/12_Parameter_Python/install/face_interfaces/include/face_interfaces/face_interfaces/srv
[0.900s] -- Up-to-date: /home/lxf/Desktop/ROS/12_Parameter_Python/install/face_interfaces/include/face_interfaces/face_interfaces/srv/detail
[0.900s] -- Up-to-date: /home/lxf/Desktop/ROS/12_Parameter_Python/install/face_interfaces/include/face_interfaces/face_interfaces/srv/detail/face_detector__rosidl_typesupport_fastrtps_cpp.hpp
[0.900s] -- Up-to-date: /home/lxf/Desktop/ROS/12_Parameter_Python/install/face_interfaces/include/face_interfaces/face_interfaces/srv/detail/dds_fastrtps
[0.901s] -- Up-to-date: /home/lxf/Desktop/ROS/12_Parameter_Python/install/face_interfaces/include/face_interfaces/face_interfaces/msg
[0.902s] -- Up-to-date: /home/lxf/Desktop/ROS/12_Parameter_Python/install/face_interfaces/include/face_interfaces/face_interfaces/msg/rosidl_typesupport_fastrtps_cpp__visibility_control.h
[0.902s] -- Up-to-date: /home/lxf/Desktop/ROS/12_Parameter_Python/install/face_interfaces/lib/libface_interfaces__rosidl_typesupport_fastrtps_cpp.so
[0.903s] -- Up-to-date: /home/lxf/Desktop/ROS/12_Parameter_Python/install/face_interfaces/include/face_interfaces/face_interfaces
[0.903s] -- Up-to-date: /home/lxf/Desktop/ROS/12_Parameter_Python/install/face_interfaces/include/face_interfaces/face_interfaces/srv
[0.903s] -- Up-to-date: /home/lxf/Desktop/ROS/12_Parameter_Python/install/face_interfaces/include/face_interfaces/face_interfaces/srv/detail
[0.904s] -- Up-to-date: /home/lxf/Desktop/ROS/12_Parameter_Python/install/face_interfaces/include/face_interfaces/face_interfaces/srv/detail/face_detector__rosidl_typesupport_introspection_c.h
[0.904s] -- Up-to-date: /home/lxf/Desktop/ROS/12_Parameter_Python/install/face_interfaces/include/face_interfaces/face_interfaces/srv/detail/face_detector__type_support.c
[0.904s] -- Up-to-date: /home/lxf/Desktop/ROS/12_Parameter_Python/install/face_interfaces/include/face_interfaces/face_interfaces/msg
[0.904s] -- Up-to-date: /home/lxf/Desktop/ROS/12_Parameter_Python/install/face_interfaces/include/face_interfaces/face_interfaces/msg/rosidl_typesupport_introspection_c__visibility_control.h
[0.905s] -- Up-to-date: /home/lxf/Desktop/ROS/12_Parameter_Python/install/face_interfaces/lib/libface_interfaces__rosidl_typesupport_introspection_c.so
[0.905s] -- Up-to-date: /home/lxf/Desktop/ROS/12_Parameter_Python/install/face_interfaces/lib/libface_interfaces__rosidl_typesupport_c.so
[0.905s] -- Up-to-date: /home/lxf/Desktop/ROS/12_Parameter_Python/install/face_interfaces/include/face_interfaces/face_interfaces
[0.905s] -- Up-to-date: /home/lxf/Desktop/ROS/12_Parameter_Python/install/face_interfaces/include/face_interfaces/face_interfaces/srv
[0.906s] -- Up-to-date: /home/lxf/Desktop/ROS/12_Parameter_Python/install/face_interfaces/include/face_interfaces/face_interfaces/srv/detail
[0.906s] -- Up-to-date: /home/lxf/Desktop/ROS/12_Parameter_Python/install/face_interfaces/include/face_interfaces/face_interfaces/srv/detail/face_detector__type_support.cpp
[0.906s] -- Up-to-date: /home/lxf/Desktop/ROS/12_Parameter_Python/install/face_interfaces/include/face_interfaces/face_interfaces/srv/detail/face_detector__rosidl_typesupport_introspection_cpp.hpp
[0.906s] -- Up-to-date: /home/lxf/Desktop/ROS/12_Parameter_Python/install/face_interfaces/lib/libface_interfaces__rosidl_typesupport_introspection_cpp.so
[0.907s] -- Up-to-date: /home/lxf/Desktop/ROS/12_Parameter_Python/install/face_interfaces/lib/libface_interfaces__rosidl_typesupport_cpp.so
[0.907s] -- Up-to-date: /home/lxf/Desktop/ROS/12_Parameter_Python/install/face_interfaces/share/face_interfaces/environment/pythonpath.sh
[0.907s] -- Up-to-date: /home/lxf/Desktop/ROS/12_Parameter_Python/install/face_interfaces/share/face_interfaces/environment/pythonpath.dsv
[0.907s] -- Up-to-date: /home/lxf/Desktop/ROS/12_Parameter_Python/install/face_interfaces/local/lib/python3.10/dist-packages/face_interfaces-0.0.0-py3.10.egg-info
[0.909s] -- Installing: /home/lxf/Desktop/ROS/12_Parameter_Python/install/face_interfaces/local/lib/python3.10/dist-packages/face_interfaces-0.0.0-py3.10.egg-info/PKG-INFO
[0.910s] -- Installing: /home/lxf/Desktop/ROS/12_Parameter_Python/install/face_interfaces/local/lib/python3.10/dist-packages/face_interfaces-0.0.0-py3.10.egg-info/top_level.txt
[0.911s] -- Installing: /home/lxf/Desktop/ROS/12_Parameter_Python/install/face_interfaces/local/lib/python3.10/dist-packages/face_interfaces-0.0.0-py3.10.egg-info/SOURCES.txt
[0.911s] -- Installing: /home/lxf/Desktop/ROS/12_Parameter_Python/install/face_interfaces/local/lib/python3.10/dist-packages/face_interfaces-0.0.0-py3.10.egg-info/dependency_links.txt
[0.912s] -- Up-to-date: /home/lxf/Desktop/ROS/12_Parameter_Python/install/face_interfaces/local/lib/python3.10/dist-packages/face_interfaces
[0.912s] -- Up-to-date: /home/lxf/Desktop/ROS/12_Parameter_Python/install/face_interfaces/local/lib/python3.10/dist-packages/face_interfaces/_face_interfaces_s.ep.rosidl_typesupport_fastrtps_c.c
[0.913s] -- Up-to-date: /home/lxf/Desktop/ROS/12_Parameter_Python/install/face_interfaces/local/lib/python3.10/dist-packages/face_interfaces/srv
[0.913s] -- Up-to-date: /home/lxf/Desktop/ROS/12_Parameter_Python/install/face_interfaces/local/lib/python3.10/dist-packages/face_interfaces/srv/_face_detector_s.c
[0.914s] -- Up-to-date: /home/lxf/Desktop/ROS/12_Parameter_Python/install/face_interfaces/local/lib/python3.10/dist-packages/face_interfaces/srv/_face_detector.py
[0.915s] -- Up-to-date: /home/lxf/Desktop/ROS/12_Parameter_Python/install/face_interfaces/local/lib/python3.10/dist-packages/face_interfaces/srv/__init__.py
[0.915s] -- Up-to-date: /home/lxf/Desktop/ROS/12_Parameter_Python/install/face_interfaces/local/lib/python3.10/dist-packages/face_interfaces/face_interfaces_s__rosidl_typesupport_c.cpython-310-x86_64-linux-gnu.so
[0.916s] -- Up-to-date: /home/lxf/Desktop/ROS/12_Parameter_Python/install/face_interfaces/local/lib/python3.10/dist-packages/face_interfaces/face_interfaces_s__rosidl_typesupport_fastrtps_c.cpython-310-x86_64-linux-gnu.so
[0.916s] -- Up-to-date: /home/lxf/Desktop/ROS/12_Parameter_Python/install/face_interfaces/local/lib/python3.10/dist-packages/face_interfaces/_face_interfaces_s.ep.rosidl_typesupport_c.c
[0.917s] -- Up-to-date: /home/lxf/Desktop/ROS/12_Parameter_Python/install/face_interfaces/local/lib/python3.10/dist-packages/face_interfaces/_face_interfaces_s.ep.rosidl_typesupport_introspection_c.c
[0.917s] -- Up-to-date: /home/lxf/Desktop/ROS/12_Parameter_Python/install/face_interfaces/local/lib/python3.10/dist-packages/face_interfaces/libface_interfaces__rosidl_generator_py.so
[0.918s] -- Up-to-date: /home/lxf/Desktop/ROS/12_Parameter_Python/install/face_interfaces/local/lib/python3.10/dist-packages/face_interfaces/face_interfaces_s__rosidl_typesupport_introspection_c.cpython-310-x86_64-linux-gnu.so
[0.919s] -- Up-to-date: /home/lxf/Desktop/ROS/12_Parameter_Python/install/face_interfaces/local/lib/python3.10/dist-packages/face_interfaces/__init__.py
[1.058s] Listing '/home/lxf/Desktop/ROS/12_Parameter_Python/install/face_interfaces/local/lib/python3.10/dist-packages/face_interfaces'...
[1.058s] Listing '/home/lxf/Desktop/ROS/12_Parameter_Python/install/face_interfaces/local/lib/python3.10/dist-packages/face_interfaces/srv'...
[1.072s] -- Up-to-date: /home/lxf/Desktop/ROS/12_Parameter_Python/install/face_interfaces/local/lib/python3.10/dist-packages/face_interfaces/face_interfaces_s__rosidl_typesupport_fastrtps_c.cpython-310-x86_64-linux-gnu.so
[1.073s] -- Up-to-date: /home/lxf/Desktop/ROS/12_Parameter_Python/install/face_interfaces/local/lib/python3.10/dist-packages/face_interfaces/face_interfaces_s__rosidl_typesupport_introspection_c.cpython-310-x86_64-linux-gnu.so
[1.073s] -- Up-to-date: /home/lxf/Desktop/ROS/12_Parameter_Python/install/face_interfaces/local/lib/python3.10/dist-packages/face_interfaces/face_interfaces_s__rosidl_typesupport_c.cpython-310-x86_64-linux-gnu.so
[1.074s] -- Up-to-date: /home/lxf/Desktop/ROS/12_Parameter_Python/install/face_interfaces/lib/libface_interfaces__rosidl_generator_py.so
[1.074s] -- Up-to-date: /home/lxf/Desktop/ROS/12_Parameter_Python/install/face_interfaces/share/face_interfaces/srv/FaceDetector.idl
[1.075s] -- Up-to-date: /home/lxf/Desktop/ROS/12_Parameter_Python/install/face_interfaces/share/face_interfaces/srv/FaceDetector.srv
[1.075s] -- Up-to-date: /home/lxf/Desktop/ROS/12_Parameter_Python/install/face_interfaces/share/face_interfaces/srv/FaceDetector_Request.msg
[1.075s] -- Up-to-date: /home/lxf/Desktop/ROS/12_Parameter_Python/install/face_interfaces/share/face_interfaces/srv/FaceDetector_Response.msg
[1.075s] -- Up-to-date: /home/lxf/Desktop/ROS/12_Parameter_Python/install/face_interfaces/share/ament_index/resource_index/package_run_dependencies/face_interfaces
[1.075s] -- Up-to-date: /home/lxf/Desktop/ROS/12_Parameter_Python/install/face_interfaces/share/ament_index/resource_index/parent_prefix_path/face_interfaces
[1.076s] -- Up-to-date: /home/lxf/Desktop/ROS/12_Parameter_Python/install/face_interfaces/share/face_interfaces/environment/ament_prefix_path.sh
[1.076s] -- Up-to-date: /home/lxf/Desktop/ROS/12_Parameter_Python/install/face_interfaces/share/face_interfaces/environment/ament_prefix_path.dsv
[1.076s] -- Up-to-date: /home/lxf/Desktop/ROS/12_Parameter_Python/install/face_interfaces/share/face_interfaces/environment/path.sh
[1.077s] -- Up-to-date: /home/lxf/Desktop/ROS/12_Parameter_Python/install/face_interfaces/share/face_interfaces/environment/path.dsv
[1.077s] -- Up-to-date: /home/lxf/Desktop/ROS/12_Parameter_Python/install/face_interfaces/share/face_interfaces/local_setup.bash
[1.077s] -- Up-to-date: /home/lxf/Desktop/ROS/12_Parameter_Python/install/face_interfaces/share/face_interfaces/local_setup.sh
[1.077s] -- Up-to-date: /home/lxf/Desktop/ROS/12_Parameter_Python/install/face_interfaces/share/face_interfaces/local_setup.zsh
[1.077s] -- Up-to-date: /home/lxf/Desktop/ROS/12_Parameter_Python/install/face_interfaces/share/face_interfaces/local_setup.dsv
[1.077s] -- Installing: /home/lxf/Desktop/ROS/12_Parameter_Python/install/face_interfaces/share/face_interfaces/package.dsv
[1.077s] -- Up-to-date: /home/lxf/Desktop/ROS/12_Parameter_Python/install/face_interfaces/share/ament_index/resource_index/packages/face_interfaces
[1.078s] -- Up-to-date: /home/lxf/Desktop/ROS/12_Parameter_Python/install/face_interfaces/share/face_interfaces/cmake/export_face_interfaces__rosidl_generator_cExport.cmake
[1.078s] -- Up-to-date: /home/lxf/Desktop/ROS/12_Parameter_Python/install/face_interfaces/share/face_interfaces/cmake/export_face_interfaces__rosidl_generator_cExport-noconfig.cmake
[1.078s] -- Up-to-date: /home/lxf/Desktop/ROS/12_Parameter_Python/install/face_interfaces/share/face_interfaces/cmake/export_face_interfaces__rosidl_typesupport_fastrtps_cExport.cmake
[1.078s] -- Up-to-date: /home/lxf/Desktop/ROS/12_Parameter_Python/install/face_interfaces/share/face_interfaces/cmake/export_face_interfaces__rosidl_typesupport_fastrtps_cExport-noconfig.cmake
[1.078s] -- Up-to-date: /home/lxf/Desktop/ROS/12_Parameter_Python/install/face_interfaces/share/face_interfaces/cmake/export_face_interfaces__rosidl_generator_cppExport.cmake
[1.079s] -- Up-to-date: /home/lxf/Desktop/ROS/12_Parameter_Python/install/face_interfaces/share/face_interfaces/cmake/export_face_interfaces__rosidl_typesupport_fastrtps_cppExport.cmake
[1.079s] -- Up-to-date: /home/lxf/Desktop/ROS/12_Parameter_Python/install/face_interfaces/share/face_interfaces/cmake/export_face_interfaces__rosidl_typesupport_fastrtps_cppExport-noconfig.cmake
[1.079s] -- Up-to-date: /home/lxf/Desktop/ROS/12_Parameter_Python/install/face_interfaces/share/face_interfaces/cmake/face_interfaces__rosidl_typesupport_introspection_cExport.cmake
[1.079s] -- Up-to-date: /home/lxf/Desktop/ROS/12_Parameter_Python/install/face_interfaces/share/face_interfaces/cmake/face_interfaces__rosidl_typesupport_introspection_cExport-noconfig.cmake
[1.079s] -- Up-to-date: /home/lxf/Desktop/ROS/12_Parameter_Python/install/face_interfaces/share/face_interfaces/cmake/face_interfaces__rosidl_typesupport_cExport.cmake
[1.079s] -- Up-to-date: /home/lxf/Desktop/ROS/12_Parameter_Python/install/face_interfaces/share/face_interfaces/cmake/face_interfaces__rosidl_typesupport_cExport-noconfig.cmake
[1.080s] -- Up-to-date: /home/lxf/Desktop/ROS/12_Parameter_Python/install/face_interfaces/share/face_interfaces/cmake/face_interfaces__rosidl_typesupport_introspection_cppExport.cmake
[1.080s] -- Up-to-date: /home/lxf/Desktop/ROS/12_Parameter_Python/install/face_interfaces/share/face_interfaces/cmake/face_interfaces__rosidl_typesupport_introspection_cppExport-noconfig.cmake
[1.080s] -- Up-to-date: /home/lxf/Desktop/ROS/12_Parameter_Python/install/face_interfaces/share/face_interfaces/cmake/face_interfaces__rosidl_typesupport_cppExport.cmake
[1.080s] -- Up-to-date: /home/lxf/Desktop/ROS/12_Parameter_Python/install/face_interfaces/share/face_interfaces/cmake/face_interfaces__rosidl_typesupport_cppExport-noconfig.cmake
[1.080s] -- Up-to-date: /home/lxf/Desktop/ROS/12_Parameter_Python/install/face_interfaces/share/face_interfaces/cmake/export_face_interfaces__rosidl_generator_pyExport.cmake
[1.080s] -- Up-to-date: /home/lxf/Desktop/ROS/12_Parameter_Python/install/face_interfaces/share/face_interfaces/cmake/export_face_interfaces__rosidl_generator_pyExport-noconfig.cmake
[1.080s] -- Up-to-date: /home/lxf/Desktop/ROS/12_Parameter_Python/install/face_interfaces/share/face_interfaces/cmake/rosidl_cmake-extras.cmake
[1.081s] -- Up-to-date: /home/lxf/Desktop/ROS/12_Parameter_Python/install/face_interfaces/share/face_interfaces/cmake/ament_cmake_export_dependencies-extras.cmake
[1.081s] -- Up-to-date: /home/lxf/Desktop/ROS/12_Parameter_Python/install/face_interfaces/share/face_interfaces/cmake/ament_cmake_export_include_directories-extras.cmake
[1.081s] -- Up-to-date: /home/lxf/Desktop/ROS/12_Parameter_Python/install/face_interfaces/share/face_interfaces/cmake/ament_cmake_export_libraries-extras.cmake
[1.081s] -- Up-to-date: /home/lxf/Desktop/ROS/12_Parameter_Python/install/face_interfaces/share/face_interfaces/cmake/ament_cmake_export_targets-extras.cmake
[1.081s] -- Up-to-date: /home/lxf/Desktop/ROS/12_Parameter_Python/install/face_interfaces/share/face_interfaces/cmake/rosidl_cmake_export_typesupport_targets-extras.cmake
[1.081s] -- Up-to-date: /home/lxf/Desktop/ROS/12_Parameter_Python/install/face_interfaces/share/face_interfaces/cmake/rosidl_cmake_export_typesupport_libraries-extras.cmake
[1.081s] -- Up-to-date: /home/lxf/Desktop/ROS/12_Parameter_Python/install/face_interfaces/share/face_interfaces/cmake/face_interfacesConfig.cmake
[1.082s] -- Up-to-date: /home/lxf/Desktop/ROS/12_Parameter_Python/install/face_interfaces/share/face_interfaces/cmake/face_interfacesConfig-version.cmake
[1.082s] -- Up-to-date: /home/lxf/Desktop/ROS/12_Parameter_Python/install/face_interfaces/share/face_interfaces/package.xml
[1.087s] Invoked command in '/home/lxf/Desktop/ROS/12_Parameter_Python/build/face_interfaces' returned '0': CMAKE_PREFIX_PATH=${CMAKE_PREFIX_PATH}:/home/lxf/Desktop/ROS/12_Parameter_Python/install/demo_python_service:/opt/ros/humble /usr/bin/cmake --install /home/lxf/Desktop/ROS/12_Parameter_Python/build/face_interfaces
