[0.008s] Invoking command in '/home/lxf/Desktop/ROS/14.Parameter_CPP/build/cpp_pose_topic': CMAKE_PREFIX_PATH=/opt/ros/humble /usr/bin/cmake --build /home/lxf/Desktop/ROS/14.Parameter_CPP/build/cpp_pose_topic -- -j16 -l16
[0.047s] [35m[1mConsolidate compiler generated dependencies of target turtle_control_v2[0m
[0.059s] [35m[1mConsolidate compiler generated dependencies of target turtle_control[0m
[0.093s] [ 33%] Built target turtle_circle
[0.097s] [ 50%] [32mBuilding CXX object CMakeFiles/turtle_control_v2.dir/src/turtle_control_v2.cpp.o[0m
[0.102s] [ 83%] Built target turtle_control
[5.634s] [100%] [32m[1mLinking CXX executable turtle_control_v2[0m
[5.935s] [100%] Built target turtle_control_v2
[5.944s] Invoked command in '/home/lxf/Desktop/ROS/14.Parameter_CPP/build/cpp_pose_topic' returned '0': CMAKE_PREFIX_PATH=/opt/ros/humble /usr/bin/cmake --build /home/lxf/Desktop/ROS/14.Parameter_CPP/build/cpp_pose_topic -- -j16 -l16
[5.954s] Invoking command in '/home/lxf/Desktop/ROS/14.Parameter_CPP/build/cpp_pose_topic': CMAKE_PREFIX_PATH=/opt/ros/humble /usr/bin/cmake --install /home/lxf/Desktop/ROS/14.Parameter_CPP/build/cpp_pose_topic
[5.965s] -- Install configuration: ""
[5.965s] -- Up-to-date: /home/lxf/Desktop/ROS/14.Parameter_CPP/install/cpp_pose_topic/lib/cpp_pose_topic/turtle_circle
[5.966s] -- Installing: /home/lxf/Desktop/ROS/14.Parameter_CPP/install/cpp_pose_topic/lib/cpp_pose_topic/turtle_control
[5.976s] -- Set runtime path of "/home/lxf/Desktop/ROS/14.Parameter_CPP/install/cpp_pose_topic/lib/cpp_pose_topic/turtle_control" to ""
[5.977s] -- Installing: /home/lxf/Desktop/ROS/14.Parameter_CPP/install/cpp_pose_topic/lib/cpp_pose_topic/turtle_control_v2
[5.984s] -- Set runtime path of "/home/lxf/Desktop/ROS/14.Parameter_CPP/install/cpp_pose_topic/lib/cpp_pose_topic/turtle_control_v2" to ""
[5.985s] -- Up-to-date: /home/lxf/Desktop/ROS/14.Parameter_CPP/install/cpp_pose_topic/share/ament_index/resource_index/package_run_dependencies/cpp_pose_topic
[5.985s] -- Up-to-date: /home/lxf/Desktop/ROS/14.Parameter_CPP/install/cpp_pose_topic/share/ament_index/resource_index/parent_prefix_path/cpp_pose_topic
[5.985s] -- Up-to-date: /home/lxf/Desktop/ROS/14.Parameter_CPP/install/cpp_pose_topic/share/cpp_pose_topic/environment/ament_prefix_path.sh
[5.985s] -- Installing: /home/lxf/Desktop/ROS/14.Parameter_CPP/install/cpp_pose_topic/share/cpp_pose_topic/environment/ament_prefix_path.dsv
[5.985s] -- Up-to-date: /home/lxf/Desktop/ROS/14.Parameter_CPP/install/cpp_pose_topic/share/cpp_pose_topic/environment/path.sh
[5.985s] -- Installing: /home/lxf/Desktop/ROS/14.Parameter_CPP/install/cpp_pose_topic/share/cpp_pose_topic/environment/path.dsv
[5.985s] -- Up-to-date: /home/lxf/Desktop/ROS/14.Parameter_CPP/install/cpp_pose_topic/share/cpp_pose_topic/local_setup.bash
[5.985s] -- Up-to-date: /home/lxf/Desktop/ROS/14.Parameter_CPP/install/cpp_pose_topic/share/cpp_pose_topic/local_setup.sh
[5.985s] -- Up-to-date: /home/lxf/Desktop/ROS/14.Parameter_CPP/install/cpp_pose_topic/share/cpp_pose_topic/local_setup.zsh
[5.985s] -- Installing: /home/lxf/Desktop/ROS/14.Parameter_CPP/install/cpp_pose_topic/share/cpp_pose_topic/local_setup.dsv
[5.985s] -- Installing: /home/lxf/Desktop/ROS/14.Parameter_CPP/install/cpp_pose_topic/share/cpp_pose_topic/package.dsv
[5.985s] -- Up-to-date: /home/lxf/Desktop/ROS/14.Parameter_CPP/install/cpp_pose_topic/share/ament_index/resource_index/packages/cpp_pose_topic
[5.986s] -- Up-to-date: /home/lxf/Desktop/ROS/14.Parameter_CPP/install/cpp_pose_topic/share/cpp_pose_topic/cmake/cpp_pose_topicConfig.cmake
[5.986s] -- Up-to-date: /home/lxf/Desktop/ROS/14.Parameter_CPP/install/cpp_pose_topic/share/cpp_pose_topic/cmake/cpp_pose_topicConfig-version.cmake
[5.986s] -- Up-to-date: /home/lxf/Desktop/ROS/14.Parameter_CPP/install/cpp_pose_topic/share/cpp_pose_topic/package.xml
[5.987s] Invoked command in '/home/lxf/Desktop/ROS/14.Parameter_CPP/build/cpp_pose_topic' returned '0': CMAKE_PREFIX_PATH=/opt/ros/humble /usr/bin/cmake --install /home/lxf/Desktop/ROS/14.Parameter_CPP/build/cpp_pose_topic
