[0.096s] DEBUG:colcon:Command line arguments: ['/usr/bin/colcon', 'build']
[0.096s] DEBUG:colcon:Parsed command line arguments: Namespace(log_base=None, log_level=None, verb_name='build', build_base='build', install_base='install', merge_install=False, symlink_install=False, test_result_base=None, continue_on_error=False, executor='parallel', parallel_workers=16, event_handlers=None, ignore_user_meta=False, metas=['./colcon.meta'], base_paths=['.'], packages_ignore=None, packages_ignore_regex=None, paths=None, packages_up_to=None, packages_up_to_regex=None, packages_above=None, packages_above_and_dependencies=None, packages_above_depth=None, packages_select_by_dep=None, packages_skip_by_dep=None, packages_skip_up_to=None, packages_select_build_failed=False, packages_skip_build_finished=False, packages_select_test_failures=False, packages_skip_test_passed=False, packages_select=None, packages_skip=None, packages_select_regex=None, packages_skip_regex=None, packages_start=None, packages_end=None, allow_overriding=[], cmake_args=None, cmake_target=None, cmake_target_skip_unavailable=False, cmake_clean_cache=False, cmake_clean_first=False, cmake_force_configure=False, ament_cmake_args=None, catkin_cmake_args=None, catkin_skip_building_tests=False, verb_parser=<colcon_defaults.argument_parser.defaults.DefaultArgumentsDecorator object at 0x7e0c82a600d0>, verb_extension=<colcon_core.verb.build.BuildVerb object at 0x7e0c82b59ba0>, main=<bound method BuildVerb.main of <colcon_core.verb.build.BuildVerb object at 0x7e0c82b59ba0>>)
[0.243s] Level 1:colcon.colcon_core.package_discovery:discover_packages(colcon_meta) check parameters
[0.243s] Level 1:colcon.colcon_core.package_discovery:discover_packages(recursive) check parameters
[0.243s] Level 1:colcon.colcon_core.package_discovery:discover_packages(ignore) check parameters
[0.243s] Level 1:colcon.colcon_core.package_discovery:discover_packages(path) check parameters
[0.243s] Level 1:colcon.colcon_core.package_discovery:discover_packages(colcon_meta) discover
[0.243s] Level 1:colcon.colcon_core.package_discovery:discover_packages(recursive) discover
[0.243s] INFO:colcon.colcon_core.package_discovery:Crawling recursively for packages in '/home/lxf/ROS/10.topic_practice'
[0.243s] Level 1:colcon.colcon_core.package_identification:_identify(.) by extensions ['ignore', 'ignore_ament_install']
[0.244s] Level 1:colcon.colcon_core.package_identification:_identify(.) by extension 'ignore'
[0.244s] Level 1:colcon.colcon_core.package_identification:_identify(.) by extension 'ignore_ament_install'
[0.244s] Level 1:colcon.colcon_core.package_identification:_identify(.) by extensions ['colcon_pkg']
[0.244s] Level 1:colcon.colcon_core.package_identification:_identify(.) by extension 'colcon_pkg'
[0.244s] Level 1:colcon.colcon_core.package_identification:_identify(.) by extensions ['colcon_meta']
[0.244s] Level 1:colcon.colcon_core.package_identification:_identify(.) by extension 'colcon_meta'
[0.244s] Level 1:colcon.colcon_core.package_identification:_identify(.) by extensions ['ros']
[0.244s] Level 1:colcon.colcon_core.package_identification:_identify(.) by extension 'ros'
[0.266s] Level 1:colcon.colcon_core.package_identification:_identify(.) by extensions ['cmake', 'python']
[0.266s] Level 1:colcon.colcon_core.package_identification:_identify(.) by extension 'cmake'
[0.266s] Level 1:colcon.colcon_core.package_identification:_identify(.) by extension 'python'
[0.266s] Level 1:colcon.colcon_core.package_identification:_identify(.) by extensions ['python_setup_py']
[0.266s] Level 1:colcon.colcon_core.package_identification:_identify(.) by extension 'python_setup_py'
[0.266s] Level 1:colcon.colcon_core.package_identification:_identify(build) by extensions ['ignore', 'ignore_ament_install']
[0.266s] Level 1:colcon.colcon_core.package_identification:_identify(build) by extension 'ignore'
[0.266s] Level 1:colcon.colcon_core.package_identification:_identify(build) ignored
[0.266s] Level 1:colcon.colcon_core.package_identification:_identify(install) by extensions ['ignore', 'ignore_ament_install']
[0.266s] Level 1:colcon.colcon_core.package_identification:_identify(install) by extension 'ignore'
[0.266s] Level 1:colcon.colcon_core.package_identification:_identify(install) ignored
[0.266s] Level 1:colcon.colcon_core.package_identification:_identify(log) by extensions ['ignore', 'ignore_ament_install']
[0.266s] Level 1:colcon.colcon_core.package_identification:_identify(log) by extension 'ignore'
[0.266s] Level 1:colcon.colcon_core.package_identification:_identify(log) ignored
[0.266s] Level 1:colcon.colcon_core.package_identification:_identify(src) by extensions ['ignore', 'ignore_ament_install']
[0.266s] Level 1:colcon.colcon_core.package_identification:_identify(src) by extension 'ignore'
[0.267s] Level 1:colcon.colcon_core.package_identification:_identify(src) by extension 'ignore_ament_install'
[0.267s] Level 1:colcon.colcon_core.package_identification:_identify(src) by extensions ['colcon_pkg']
[0.267s] Level 1:colcon.colcon_core.package_identification:_identify(src) by extension 'colcon_pkg'
[0.267s] Level 1:colcon.colcon_core.package_identification:_identify(src) by extensions ['colcon_meta']
[0.267s] Level 1:colcon.colcon_core.package_identification:_identify(src) by extension 'colcon_meta'
[0.267s] Level 1:colcon.colcon_core.package_identification:_identify(src) by extensions ['ros']
[0.267s] Level 1:colcon.colcon_core.package_identification:_identify(src) by extension 'ros'
[0.267s] Level 1:colcon.colcon_core.package_identification:_identify(src) by extensions ['cmake', 'python']
[0.267s] Level 1:colcon.colcon_core.package_identification:_identify(src) by extension 'cmake'
[0.267s] Level 1:colcon.colcon_core.package_identification:_identify(src) by extension 'python'
[0.267s] Level 1:colcon.colcon_core.package_identification:_identify(src) by extensions ['python_setup_py']
[0.267s] Level 1:colcon.colcon_core.package_identification:_identify(src) by extension 'python_setup_py'
[0.267s] Level 1:colcon.colcon_core.package_identification:_identify(src/status_display) by extensions ['ignore', 'ignore_ament_install']
[0.267s] Level 1:colcon.colcon_core.package_identification:_identify(src/status_display) by extension 'ignore'
[0.267s] Level 1:colcon.colcon_core.package_identification:_identify(src/status_display) by extension 'ignore_ament_install'
[0.267s] Level 1:colcon.colcon_core.package_identification:_identify(src/status_display) by extensions ['colcon_pkg']
[0.267s] Level 1:colcon.colcon_core.package_identification:_identify(src/status_display) by extension 'colcon_pkg'
[0.267s] Level 1:colcon.colcon_core.package_identification:_identify(src/status_display) by extensions ['colcon_meta']
[0.267s] Level 1:colcon.colcon_core.package_identification:_identify(src/status_display) by extension 'colcon_meta'
[0.267s] Level 1:colcon.colcon_core.package_identification:_identify(src/status_display) by extensions ['ros']
[0.267s] Level 1:colcon.colcon_core.package_identification:_identify(src/status_display) by extension 'ros'
[0.277s] DEBUG:colcon.colcon_core.package_identification:Package 'src/status_display' with type 'ros.ament_cmake' and name 'status_display'
[0.277s] Level 1:colcon.colcon_core.package_identification:_identify(src/status_interfaces) by extensions ['ignore', 'ignore_ament_install']
[0.278s] Level 1:colcon.colcon_core.package_identification:_identify(src/status_interfaces) by extension 'ignore'
[0.278s] Level 1:colcon.colcon_core.package_identification:_identify(src/status_interfaces) by extension 'ignore_ament_install'
[0.278s] Level 1:colcon.colcon_core.package_identification:_identify(src/status_interfaces) by extensions ['colcon_pkg']
[0.278s] Level 1:colcon.colcon_core.package_identification:_identify(src/status_interfaces) by extension 'colcon_pkg'
[0.278s] Level 1:colcon.colcon_core.package_identification:_identify(src/status_interfaces) by extensions ['colcon_meta']
[0.278s] Level 1:colcon.colcon_core.package_identification:_identify(src/status_interfaces) by extension 'colcon_meta'
[0.278s] Level 1:colcon.colcon_core.package_identification:_identify(src/status_interfaces) by extensions ['ros']
[0.278s] Level 1:colcon.colcon_core.package_identification:_identify(src/status_interfaces) by extension 'ros'
[0.278s] DEBUG:colcon.colcon_core.package_identification:Package 'src/status_interfaces' with type 'ros.ament_cmake' and name 'status_interfaces'
[0.278s] Level 1:colcon.colcon_core.package_identification:_identify(src/status_publisher) by extensions ['ignore', 'ignore_ament_install']
[0.278s] Level 1:colcon.colcon_core.package_identification:_identify(src/status_publisher) by extension 'ignore'
[0.278s] Level 1:colcon.colcon_core.package_identification:_identify(src/status_publisher) by extension 'ignore_ament_install'
[0.279s] Level 1:colcon.colcon_core.package_identification:_identify(src/status_publisher) by extensions ['colcon_pkg']
[0.279s] Level 1:colcon.colcon_core.package_identification:_identify(src/status_publisher) by extension 'colcon_pkg'
[0.279s] Level 1:colcon.colcon_core.package_identification:_identify(src/status_publisher) by extensions ['colcon_meta']
[0.279s] Level 1:colcon.colcon_core.package_identification:_identify(src/status_publisher) by extension 'colcon_meta'
[0.279s] Level 1:colcon.colcon_core.package_identification:_identify(src/status_publisher) by extensions ['ros']
[0.279s] Level 1:colcon.colcon_core.package_identification:_identify(src/status_publisher) by extension 'ros'
[0.279s] DEBUG:colcon.colcon_core.package_identification:Package 'src/status_publisher' with type 'ros.ament_python' and name 'status_publisher'
[0.279s] Level 1:colcon.colcon_core.package_discovery:discover_packages(recursive) using defaults
[0.279s] Level 1:colcon.colcon_core.package_discovery:discover_packages(ignore) discover
[0.279s] Level 1:colcon.colcon_core.package_discovery:discover_packages(ignore) using defaults
[0.279s] Level 1:colcon.colcon_core.package_discovery:discover_packages(path) discover
[0.279s] Level 1:colcon.colcon_core.package_discovery:discover_packages(path) using defaults
[0.296s] Level 1:colcon.colcon_core.package_discovery:discover_packages(prefix_path) check parameters
[0.296s] Level 1:colcon.colcon_core.package_discovery:discover_packages(prefix_path) discover
[0.298s] DEBUG:colcon.colcon_installed_package_information.package_discovery:Found 271 installed packages in /opt/ros/humble
[0.299s] Level 1:colcon.colcon_core.package_discovery:discover_packages(prefix_path) using defaults
[0.323s] Level 5:colcon.colcon_core.verb:set package 'status_interfaces' build argument 'cmake_args' from command line to 'None'
[0.323s] Level 5:colcon.colcon_core.verb:set package 'status_interfaces' build argument 'cmake_target' from command line to 'None'
[0.323s] Level 5:colcon.colcon_core.verb:set package 'status_interfaces' build argument 'cmake_target_skip_unavailable' from command line to 'False'
[0.324s] Level 5:colcon.colcon_core.verb:set package 'status_interfaces' build argument 'cmake_clean_cache' from command line to 'False'
[0.324s] Level 5:colcon.colcon_core.verb:set package 'status_interfaces' build argument 'cmake_clean_first' from command line to 'False'
[0.324s] Level 5:colcon.colcon_core.verb:set package 'status_interfaces' build argument 'cmake_force_configure' from command line to 'False'
[0.324s] Level 5:colcon.colcon_core.verb:set package 'status_interfaces' build argument 'ament_cmake_args' from command line to 'None'
[0.324s] Level 5:colcon.colcon_core.verb:set package 'status_interfaces' build argument 'catkin_cmake_args' from command line to 'None'
[0.324s] Level 5:colcon.colcon_core.verb:set package 'status_interfaces' build argument 'catkin_skip_building_tests' from command line to 'False'
[0.324s] DEBUG:colcon.colcon_core.verb:Building package 'status_interfaces' with the following arguments: {'ament_cmake_args': None, 'build_base': '/home/lxf/ROS/10.topic_practice/build/status_interfaces', 'catkin_cmake_args': None, 'catkin_skip_building_tests': False, 'cmake_args': None, 'cmake_clean_cache': False, 'cmake_clean_first': False, 'cmake_force_configure': False, 'cmake_target': None, 'cmake_target_skip_unavailable': False, 'install_base': '/home/lxf/ROS/10.topic_practice/install/status_interfaces', 'merge_install': False, 'path': '/home/lxf/ROS/10.topic_practice/src/status_interfaces', 'symlink_install': False, 'test_result_base': None}
[0.324s] Level 5:colcon.colcon_core.verb:set package 'status_display' build argument 'cmake_args' from command line to 'None'
[0.324s] Level 5:colcon.colcon_core.verb:set package 'status_display' build argument 'cmake_target' from command line to 'None'
[0.324s] Level 5:colcon.colcon_core.verb:set package 'status_display' build argument 'cmake_target_skip_unavailable' from command line to 'False'
[0.324s] Level 5:colcon.colcon_core.verb:set package 'status_display' build argument 'cmake_clean_cache' from command line to 'False'
[0.324s] Level 5:colcon.colcon_core.verb:set package 'status_display' build argument 'cmake_clean_first' from command line to 'False'
[0.324s] Level 5:colcon.colcon_core.verb:set package 'status_display' build argument 'cmake_force_configure' from command line to 'False'
[0.324s] Level 5:colcon.colcon_core.verb:set package 'status_display' build argument 'ament_cmake_args' from command line to 'None'
[0.324s] Level 5:colcon.colcon_core.verb:set package 'status_display' build argument 'catkin_cmake_args' from command line to 'None'
[0.324s] Level 5:colcon.colcon_core.verb:set package 'status_display' build argument 'catkin_skip_building_tests' from command line to 'False'
[0.324s] DEBUG:colcon.colcon_core.verb:Building package 'status_display' with the following arguments: {'ament_cmake_args': None, 'build_base': '/home/lxf/ROS/10.topic_practice/build/status_display', 'catkin_cmake_args': None, 'catkin_skip_building_tests': False, 'cmake_args': None, 'cmake_clean_cache': False, 'cmake_clean_first': False, 'cmake_force_configure': False, 'cmake_target': None, 'cmake_target_skip_unavailable': False, 'install_base': '/home/lxf/ROS/10.topic_practice/install/status_display', 'merge_install': False, 'path': '/home/lxf/ROS/10.topic_practice/src/status_display', 'symlink_install': False, 'test_result_base': None}
[0.324s] Level 5:colcon.colcon_core.verb:set package 'status_publisher' build argument 'cmake_args' from command line to 'None'
[0.324s] Level 5:colcon.colcon_core.verb:set package 'status_publisher' build argument 'cmake_target' from command line to 'None'
[0.324s] Level 5:colcon.colcon_core.verb:set package 'status_publisher' build argument 'cmake_target_skip_unavailable' from command line to 'False'
[0.324s] Level 5:colcon.colcon_core.verb:set package 'status_publisher' build argument 'cmake_clean_cache' from command line to 'False'
[0.324s] Level 5:colcon.colcon_core.verb:set package 'status_publisher' build argument 'cmake_clean_first' from command line to 'False'
[0.324s] Level 5:colcon.colcon_core.verb:set package 'status_publisher' build argument 'cmake_force_configure' from command line to 'False'
[0.324s] Level 5:colcon.colcon_core.verb:set package 'status_publisher' build argument 'ament_cmake_args' from command line to 'None'
[0.324s] Level 5:colcon.colcon_core.verb:set package 'status_publisher' build argument 'catkin_cmake_args' from command line to 'None'
[0.324s] Level 5:colcon.colcon_core.verb:set package 'status_publisher' build argument 'catkin_skip_building_tests' from command line to 'False'
[0.324s] DEBUG:colcon.colcon_core.verb:Building package 'status_publisher' with the following arguments: {'ament_cmake_args': None, 'build_base': '/home/lxf/ROS/10.topic_practice/build/status_publisher', 'catkin_cmake_args': None, 'catkin_skip_building_tests': False, 'cmake_args': None, 'cmake_clean_cache': False, 'cmake_clean_first': False, 'cmake_force_configure': False, 'cmake_target': None, 'cmake_target_skip_unavailable': False, 'install_base': '/home/lxf/ROS/10.topic_practice/install/status_publisher', 'merge_install': False, 'path': '/home/lxf/ROS/10.topic_practice/src/status_publisher', 'symlink_install': False, 'test_result_base': None}
[0.324s] INFO:colcon.colcon_core.executor:Executing jobs using 'parallel' executor
[0.325s] DEBUG:colcon.colcon_parallel_executor.executor.parallel:run_until_complete
[0.326s] INFO:colcon.colcon_ros.task.ament_cmake.build:Building ROS package in '/home/lxf/ROS/10.topic_practice/src/status_interfaces' with build type 'ament_cmake'
[0.326s] INFO:colcon.colcon_cmake.task.cmake.build:Building CMake package in '/home/lxf/ROS/10.topic_practice/src/status_interfaces'
[0.330s] INFO:colcon.colcon_core.plugin_system:Skipping extension 'colcon_core.shell.bat': Not used on non-Windows systems
[0.330s] INFO:colcon.colcon_core.shell:Skip shell extension 'powershell' for command environment: Not usable outside of PowerShell
[0.330s] DEBUG:colcon.colcon_core.shell:Skip shell extension 'dsv' for command environment
[0.336s] DEBUG:colcon.colcon_core.event_handler.log_command:Invoking command in '/home/lxf/ROS/10.topic_practice/build/status_interfaces': CMAKE_PREFIX_PATH=/opt/ros/humble /usr/bin/cmake --build /home/lxf/ROS/10.topic_practice/build/status_interfaces -- -j16 -l16
[2.038s] DEBUG:colcon.colcon_core.event_handler.log_command:Invoked command in '/home/lxf/ROS/10.topic_practice/build/status_interfaces' returned '0': CMAKE_PREFIX_PATH=/opt/ros/humble /usr/bin/cmake --build /home/lxf/ROS/10.topic_practice/build/status_interfaces -- -j16 -l16
[2.042s] DEBUG:colcon.colcon_core.event_handler.log_command:Invoking command in '/home/lxf/ROS/10.topic_practice/build/status_interfaces': CMAKE_PREFIX_PATH=/opt/ros/humble /usr/bin/cmake --install /home/lxf/ROS/10.topic_practice/build/status_interfaces
[2.091s] Level 1:colcon.colcon_core.environment:create_environment_scripts_only(status_interfaces)
[2.092s] DEBUG:colcon.colcon_core.event_handler.log_command:Invoked command in '/home/lxf/ROS/10.topic_practice/build/status_interfaces' returned '0': CMAKE_PREFIX_PATH=/opt/ros/humble /usr/bin/cmake --install /home/lxf/ROS/10.topic_practice/build/status_interfaces
[2.095s] Level 1:colcon.colcon_core.environment:checking '/home/lxf/ROS/10.topic_practice/install/status_interfaces' for CMake module files
[2.096s] Level 1:colcon.colcon_core.environment:checking '/home/lxf/ROS/10.topic_practice/install/status_interfaces' for CMake config files
[2.097s] Level 1:colcon.colcon_core.shell:create_environment_hook('status_interfaces', 'cmake_prefix_path')
[2.097s] INFO:colcon.colcon_core.shell:Creating environment hook '/home/lxf/ROS/10.topic_practice/install/status_interfaces/share/status_interfaces/hook/cmake_prefix_path.ps1'
[2.098s] INFO:colcon.colcon_core.shell:Creating environment descriptor '/home/lxf/ROS/10.topic_practice/install/status_interfaces/share/status_interfaces/hook/cmake_prefix_path.dsv'
[2.098s] INFO:colcon.colcon_core.shell:Creating environment hook '/home/lxf/ROS/10.topic_practice/install/status_interfaces/share/status_interfaces/hook/cmake_prefix_path.sh'
[2.099s] Level 1:colcon.colcon_core.environment:checking '/home/lxf/ROS/10.topic_practice/install/status_interfaces/lib'
[2.100s] Level 1:colcon.colcon_core.shell:create_environment_hook('status_interfaces', 'ld_library_path_lib')
[2.100s] INFO:colcon.colcon_core.shell:Creating environment hook '/home/lxf/ROS/10.topic_practice/install/status_interfaces/share/status_interfaces/hook/ld_library_path_lib.ps1'
[2.100s] INFO:colcon.colcon_core.shell:Creating environment descriptor '/home/lxf/ROS/10.topic_practice/install/status_interfaces/share/status_interfaces/hook/ld_library_path_lib.dsv'
[2.100s] INFO:colcon.colcon_core.shell:Creating environment hook '/home/lxf/ROS/10.topic_practice/install/status_interfaces/share/status_interfaces/hook/ld_library_path_lib.sh'
[2.100s] Level 1:colcon.colcon_core.environment:checking '/home/lxf/ROS/10.topic_practice/install/status_interfaces/bin'
[2.101s] Level 1:colcon.colcon_core.environment:checking '/home/lxf/ROS/10.topic_practice/install/status_interfaces/lib/pkgconfig/status_interfaces.pc'
[2.101s] Level 1:colcon.colcon_core.environment:checking '/home/lxf/ROS/10.topic_practice/install/status_interfaces/lib/python3.10/site-packages'
[2.101s] Level 1:colcon.colcon_core.environment:checking '/home/lxf/ROS/10.topic_practice/install/status_interfaces/bin'
[2.101s] INFO:colcon.colcon_core.shell:Creating package script '/home/lxf/ROS/10.topic_practice/install/status_interfaces/share/status_interfaces/package.ps1'
[2.102s] INFO:colcon.colcon_core.shell:Creating package descriptor '/home/lxf/ROS/10.topic_practice/install/status_interfaces/share/status_interfaces/package.dsv'
[2.103s] INFO:colcon.colcon_core.shell:Creating package script '/home/lxf/ROS/10.topic_practice/install/status_interfaces/share/status_interfaces/package.sh'
[2.104s] INFO:colcon.colcon_core.shell:Creating package script '/home/lxf/ROS/10.topic_practice/install/status_interfaces/share/status_interfaces/package.bash'
[2.104s] INFO:colcon.colcon_core.shell:Creating package script '/home/lxf/ROS/10.topic_practice/install/status_interfaces/share/status_interfaces/package.zsh'
[2.105s] Level 1:colcon.colcon_core.environment:create_file_with_runtime_dependencies(/home/lxf/ROS/10.topic_practice/install/status_interfaces/share/colcon-core/packages/status_interfaces)
[2.106s] Level 1:colcon.colcon_core.environment:create_environment_scripts_only(status_interfaces)
[2.106s] Level 1:colcon.colcon_core.environment:checking '/home/lxf/ROS/10.topic_practice/install/status_interfaces' for CMake module files
[2.106s] Level 1:colcon.colcon_core.environment:checking '/home/lxf/ROS/10.topic_practice/install/status_interfaces' for CMake config files
[2.106s] Level 1:colcon.colcon_core.shell:create_environment_hook('status_interfaces', 'cmake_prefix_path')
[2.107s] INFO:colcon.colcon_core.shell:Creating environment hook '/home/lxf/ROS/10.topic_practice/install/status_interfaces/share/status_interfaces/hook/cmake_prefix_path.ps1'
[2.107s] INFO:colcon.colcon_core.shell:Creating environment descriptor '/home/lxf/ROS/10.topic_practice/install/status_interfaces/share/status_interfaces/hook/cmake_prefix_path.dsv'
[2.107s] INFO:colcon.colcon_core.shell:Creating environment hook '/home/lxf/ROS/10.topic_practice/install/status_interfaces/share/status_interfaces/hook/cmake_prefix_path.sh'
[2.107s] Level 1:colcon.colcon_core.environment:checking '/home/lxf/ROS/10.topic_practice/install/status_interfaces/lib'
[2.107s] Level 1:colcon.colcon_core.shell:create_environment_hook('status_interfaces', 'ld_library_path_lib')
[2.108s] INFO:colcon.colcon_core.shell:Creating environment hook '/home/lxf/ROS/10.topic_practice/install/status_interfaces/share/status_interfaces/hook/ld_library_path_lib.ps1'
[2.108s] INFO:colcon.colcon_core.shell:Creating environment descriptor '/home/lxf/ROS/10.topic_practice/install/status_interfaces/share/status_interfaces/hook/ld_library_path_lib.dsv'
[2.108s] INFO:colcon.colcon_core.shell:Creating environment hook '/home/lxf/ROS/10.topic_practice/install/status_interfaces/share/status_interfaces/hook/ld_library_path_lib.sh'
[2.108s] Level 1:colcon.colcon_core.environment:checking '/home/lxf/ROS/10.topic_practice/install/status_interfaces/bin'
[2.108s] Level 1:colcon.colcon_core.environment:checking '/home/lxf/ROS/10.topic_practice/install/status_interfaces/lib/pkgconfig/status_interfaces.pc'
[2.108s] Level 1:colcon.colcon_core.environment:checking '/home/lxf/ROS/10.topic_practice/install/status_interfaces/lib/python3.10/site-packages'
[2.109s] Level 1:colcon.colcon_core.environment:checking '/home/lxf/ROS/10.topic_practice/install/status_interfaces/bin'
[2.109s] INFO:colcon.colcon_core.shell:Creating package script '/home/lxf/ROS/10.topic_practice/install/status_interfaces/share/status_interfaces/package.ps1'
[2.109s] INFO:colcon.colcon_core.shell:Creating package descriptor '/home/lxf/ROS/10.topic_practice/install/status_interfaces/share/status_interfaces/package.dsv'
[2.109s] INFO:colcon.colcon_core.shell:Creating package script '/home/lxf/ROS/10.topic_practice/install/status_interfaces/share/status_interfaces/package.sh'
[2.110s] INFO:colcon.colcon_core.shell:Creating package script '/home/lxf/ROS/10.topic_practice/install/status_interfaces/share/status_interfaces/package.bash'
[2.110s] INFO:colcon.colcon_core.shell:Creating package script '/home/lxf/ROS/10.topic_practice/install/status_interfaces/share/status_interfaces/package.zsh'
[2.110s] Level 1:colcon.colcon_core.environment:create_file_with_runtime_dependencies(/home/lxf/ROS/10.topic_practice/install/status_interfaces/share/colcon-core/packages/status_interfaces)
[2.110s] INFO:colcon.colcon_ros.task.ament_cmake.build:Building ROS package in '/home/lxf/ROS/10.topic_practice/src/status_display' with build type 'ament_cmake'
[2.110s] INFO:colcon.colcon_cmake.task.cmake.build:Building CMake package in '/home/lxf/ROS/10.topic_practice/src/status_display'
[2.111s] INFO:colcon.colcon_core.shell:Skip shell extension 'powershell' for command environment: Not usable outside of PowerShell
[2.111s] DEBUG:colcon.colcon_core.shell:Skip shell extension 'dsv' for command environment
[2.113s] INFO:colcon.colcon_ros.task.ament_python.build:Building ROS package in '/home/lxf/ROS/10.topic_practice/src/status_publisher' with build type 'ament_python'
[2.114s] Level 1:colcon.colcon_core.shell:create_environment_hook('status_publisher', 'ament_prefix_path')
[2.114s] INFO:colcon.colcon_core.shell:Creating environment hook '/home/lxf/ROS/10.topic_practice/install/status_publisher/share/status_publisher/hook/ament_prefix_path.ps1'
[2.114s] INFO:colcon.colcon_core.shell:Creating environment descriptor '/home/lxf/ROS/10.topic_practice/install/status_publisher/share/status_publisher/hook/ament_prefix_path.dsv'
[2.115s] INFO:colcon.colcon_core.shell:Creating environment hook '/home/lxf/ROS/10.topic_practice/install/status_publisher/share/status_publisher/hook/ament_prefix_path.sh'
[2.115s] INFO:colcon.colcon_core.shell:Skip shell extension 'powershell' for command environment: Not usable outside of PowerShell
[2.115s] DEBUG:colcon.colcon_core.shell:Skip shell extension 'dsv' for command environment
[2.122s] DEBUG:colcon.colcon_core.event_handler.log_command:Invoking command in '/home/lxf/ROS/10.topic_practice/build/status_display': AMENT_PREFIX_PATH=/home/lxf/ROS/10.topic_practice/install/status_interfaces:${AMENT_PREFIX_PATH} CMAKE_PREFIX_PATH=/home/lxf/ROS/10.topic_practice/install/status_interfaces:/opt/ros/humble LD_LIBRARY_PATH=/home/lxf/ROS/10.topic_practice/install/status_interfaces/lib:${LD_LIBRARY_PATH} PYTHONPATH=/home/lxf/ROS/10.topic_practice/install/status_interfaces/local/lib/python3.10/dist-packages:${PYTHONPATH} /usr/bin/cmake --build /home/lxf/ROS/10.topic_practice/build/status_display -- -j16 -l16
[2.317s] INFO:colcon.colcon_core.task.python.build:Building Python package in '/home/lxf/ROS/10.topic_practice/src/status_publisher'
[2.317s] INFO:colcon.colcon_core.shell:Skip shell extension 'powershell' for command environment: Not usable outside of PowerShell
[2.317s] DEBUG:colcon.colcon_core.shell:Skip shell extension 'dsv' for command environment
[2.393s] DEBUG:colcon.colcon_core.event_handler.log_command:Invoked command in '/home/lxf/ROS/10.topic_practice/build/status_display' returned '2': AMENT_PREFIX_PATH=/home/lxf/ROS/10.topic_practice/install/status_interfaces:${AMENT_PREFIX_PATH} CMAKE_PREFIX_PATH=/home/lxf/ROS/10.topic_practice/install/status_interfaces:/opt/ros/humble LD_LIBRARY_PATH=/home/lxf/ROS/10.topic_practice/install/status_interfaces/lib:${LD_LIBRARY_PATH} PYTHONPATH=/home/lxf/ROS/10.topic_practice/install/status_interfaces/local/lib/python3.10/dist-packages:${PYTHONPATH} /usr/bin/cmake --build /home/lxf/ROS/10.topic_practice/build/status_display -- -j16 -l16
[2.393s] Level 1:colcon.colcon_core.environment:create_environment_scripts_only(status_display)
[2.393s] Level 1:colcon.colcon_core.environment:checking '/home/lxf/ROS/10.topic_practice/install/status_display' for CMake module files
[2.394s] Level 1:colcon.colcon_core.environment:checking '/home/lxf/ROS/10.topic_practice/install/status_display' for CMake config files
[2.394s] Level 1:colcon.colcon_core.shell:create_environment_hook('status_display', 'cmake_prefix_path')
[2.394s] INFO:colcon.colcon_core.shell:Creating environment hook '/home/lxf/ROS/10.topic_practice/install/status_display/share/status_display/hook/cmake_prefix_path.ps1'
[2.394s] INFO:colcon.colcon_core.shell:Creating environment descriptor '/home/lxf/ROS/10.topic_practice/install/status_display/share/status_display/hook/cmake_prefix_path.dsv'
[2.395s] INFO:colcon.colcon_core.shell:Creating environment hook '/home/lxf/ROS/10.topic_practice/install/status_display/share/status_display/hook/cmake_prefix_path.sh'
[2.395s] Level 1:colcon.colcon_core.environment:checking '/home/lxf/ROS/10.topic_practice/install/status_display/lib'
[2.395s] Level 1:colcon.colcon_core.environment:checking '/home/lxf/ROS/10.topic_practice/install/status_display/bin'
[2.395s] Level 1:colcon.colcon_core.environment:checking '/home/lxf/ROS/10.topic_practice/install/status_display/lib/pkgconfig/status_display.pc'
[2.395s] Level 1:colcon.colcon_core.environment:checking '/home/lxf/ROS/10.topic_practice/install/status_display/lib/python3.10/site-packages'
[2.396s] Level 1:colcon.colcon_core.environment:checking '/home/lxf/ROS/10.topic_practice/install/status_display/bin'
[2.396s] INFO:colcon.colcon_core.shell:Creating package script '/home/lxf/ROS/10.topic_practice/install/status_display/share/status_display/package.ps1'
[2.396s] INFO:colcon.colcon_core.shell:Creating package descriptor '/home/lxf/ROS/10.topic_practice/install/status_display/share/status_display/package.dsv'
[2.397s] INFO:colcon.colcon_core.shell:Creating package script '/home/lxf/ROS/10.topic_practice/install/status_display/share/status_display/package.sh'
[2.397s] INFO:colcon.colcon_core.shell:Creating package script '/home/lxf/ROS/10.topic_practice/install/status_display/share/status_display/package.bash'
[2.397s] INFO:colcon.colcon_core.shell:Creating package script '/home/lxf/ROS/10.topic_practice/install/status_display/share/status_display/package.zsh'
[2.397s] Level 1:colcon.colcon_core.environment:create_file_with_runtime_dependencies(/home/lxf/ROS/10.topic_practice/install/status_display/share/colcon-core/packages/status_display)
[2.589s] DEBUG:colcon.colcon_parallel_executor.executor.parallel:closing loop
[2.590s] DEBUG:colcon.colcon_parallel_executor.executor.parallel:loop closed
[2.590s] DEBUG:colcon.colcon_parallel_executor.executor.parallel:run_until_complete finished with '2'
[2.590s] DEBUG:colcon.colcon_core.event_reactor:joining thread
[2.597s] INFO:colcon.colcon_core.plugin_system:Skipping extension 'colcon_notification.desktop_notification.terminal_notifier': Not used on non-Darwin systems
[2.597s] INFO:colcon.colcon_core.plugin_system:Skipping extension 'colcon_notification.desktop_notification.win32': Not used on non-Windows systems
[2.597s] INFO:colcon.colcon_notification.desktop_notification:Sending desktop notification using 'notify2'
[2.623s] DEBUG:colcon.colcon_core.event_reactor:joined thread
[2.623s] INFO:colcon.colcon_core.shell:Creating prefix script '/home/lxf/ROS/10.topic_practice/install/local_setup.ps1'
[2.625s] INFO:colcon.colcon_core.shell:Creating prefix util module '/home/lxf/ROS/10.topic_practice/install/_local_setup_util_ps1.py'
[2.626s] INFO:colcon.colcon_core.shell:Creating prefix chain script '/home/lxf/ROS/10.topic_practice/install/setup.ps1'
[2.627s] INFO:colcon.colcon_core.shell:Creating prefix script '/home/lxf/ROS/10.topic_practice/install/local_setup.sh'
[2.628s] INFO:colcon.colcon_core.shell:Creating prefix util module '/home/lxf/ROS/10.topic_practice/install/_local_setup_util_sh.py'
[2.628s] INFO:colcon.colcon_core.shell:Creating prefix chain script '/home/lxf/ROS/10.topic_practice/install/setup.sh'
[2.629s] INFO:colcon.colcon_core.shell:Creating prefix script '/home/lxf/ROS/10.topic_practice/install/local_setup.bash'
[2.630s] INFO:colcon.colcon_core.shell:Creating prefix chain script '/home/lxf/ROS/10.topic_practice/install/setup.bash'
[2.630s] INFO:colcon.colcon_core.shell:Creating prefix script '/home/lxf/ROS/10.topic_practice/install/local_setup.zsh'
[2.631s] INFO:colcon.colcon_core.shell:Creating prefix chain script '/home/lxf/ROS/10.topic_practice/install/setup.zsh'
