[0.023s] Invoking command in '/home/lxf/ROS/11.Face_Recognition/build/face_interfaces': CMAKE_PREFIX_PATH=/opt/ros/humble /usr/bin/cmake --build /home/lxf/ROS/11.Face_Recognition/build/face_interfaces -- -j16 -l16
[0.162s] [  3%] Built target face_interfaces__cpp
[0.167s] [ 12%] Built target face_interfaces__rosidl_generator_c
[0.181s] [ 12%] Built target ament_cmake_python_copy_face_interfaces
[0.186s] [ 22%] Built target face_interfaces__rosidl_typesupport_cpp
[0.187s] [ 32%] Built target face_interfaces__rosidl_typesupport_fastrtps_cpp
[0.191s] [ 41%] Built target face_interfaces__rosidl_typesupport_introspection_c
[0.191s] [ 51%] Built target face_interfaces__rosidl_typesupport_fastrtps_c
[0.192s] [ 61%] Built target face_interfaces__rosidl_typesupport_introspection_cpp
[0.195s] [ 70%] Built target face_interfaces__rosidl_typesupport_c
[0.209s] [ 70%] Built target face_interfaces
[0.227s] [ 74%] Built target face_interfaces__py
[0.245s] [ 80%] Built target face_interfaces__rosidl_generator_py
[0.260s] [ 87%] Built target face_interfaces__rosidl_typesupport_introspection_c__pyext
[0.262s] [100%] Built target face_interfaces__rosidl_typesupport_fastrtps_c__pyext
[0.262s] [100%] Built target face_interfaces__rosidl_typesupport_c__pyext
[0.613s] running egg_info
[0.614s] writing face_interfaces.egg-info/PKG-INFO
[0.614s] writing dependency_links to face_interfaces.egg-info/dependency_links.txt
[0.614s] writing top-level names to face_interfaces.egg-info/top_level.txt
[0.720s] reading manifest file 'face_interfaces.egg-info/SOURCES.txt'
[0.721s] writing manifest file 'face_interfaces.egg-info/SOURCES.txt'
[0.748s] [100%] Built target ament_cmake_python_build_face_interfaces_egg
[0.757s] Invoked command in '/home/lxf/ROS/11.Face_Recognition/build/face_interfaces' returned '0': CMAKE_PREFIX_PATH=/opt/ros/humble /usr/bin/cmake --build /home/lxf/ROS/11.Face_Recognition/build/face_interfaces -- -j16 -l16
[0.851s] Invoking command in '/home/lxf/ROS/11.Face_Recognition/build/face_interfaces': CMAKE_PREFIX_PATH=/opt/ros/humble /usr/bin/cmake --install /home/lxf/ROS/11.Face_Recognition/build/face_interfaces
[1.090s] -- Install configuration: ""
[1.090s] -- Up-to-date: /home/lxf/ROS/11.Face_Recognition/install/face_interfaces/share/ament_index/resource_index/rosidl_interfaces/face_interfaces
[1.091s] -- Up-to-date: /home/lxf/ROS/11.Face_Recognition/install/face_interfaces/include/face_interfaces/face_interfaces
[1.091s] -- Up-to-date: /home/lxf/ROS/11.Face_Recognition/install/face_interfaces/include/face_interfaces/face_interfaces/srv
[1.091s] -- Up-to-date: /home/lxf/ROS/11.Face_Recognition/install/face_interfaces/include/face_interfaces/face_interfaces/srv/detail
[1.091s] -- Up-to-date: /home/lxf/ROS/11.Face_Recognition/install/face_interfaces/include/face_interfaces/face_interfaces/srv/detail/face_detector__functions.c
[1.092s] -- Up-to-date: /home/lxf/ROS/11.Face_Recognition/install/face_interfaces/include/face_interfaces/face_interfaces/srv/detail/face_detector__functions.h
[1.092s] -- Up-to-date: /home/lxf/ROS/11.Face_Recognition/install/face_interfaces/include/face_interfaces/face_interfaces/srv/detail/face_detector__type_support.h
[1.092s] -- Up-to-date: /home/lxf/ROS/11.Face_Recognition/install/face_interfaces/include/face_interfaces/face_interfaces/srv/detail/face_detector__struct.h
[1.092s] -- Up-to-date: /home/lxf/ROS/11.Face_Recognition/install/face_interfaces/include/face_interfaces/face_interfaces/srv/face_detector.h
[1.092s] -- Up-to-date: /home/lxf/ROS/11.Face_Recognition/install/face_interfaces/include/face_interfaces/face_interfaces/msg
[1.093s] -- Up-to-date: /home/lxf/ROS/11.Face_Recognition/install/face_interfaces/include/face_interfaces/face_interfaces/msg/rosidl_generator_c__visibility_control.h
[1.093s] -- Up-to-date: /home/lxf/ROS/11.Face_Recognition/install/face_interfaces/share/face_interfaces/environment/library_path.sh
[1.093s] -- Up-to-date: /home/lxf/ROS/11.Face_Recognition/install/face_interfaces/share/face_interfaces/environment/library_path.dsv
[1.093s] -- Up-to-date: /home/lxf/ROS/11.Face_Recognition/install/face_interfaces/lib/libface_interfaces__rosidl_generator_c.so
[1.093s] -- Up-to-date: /home/lxf/ROS/11.Face_Recognition/install/face_interfaces/include/face_interfaces/face_interfaces
[1.093s] -- Up-to-date: /home/lxf/ROS/11.Face_Recognition/install/face_interfaces/include/face_interfaces/face_interfaces/srv
[1.093s] -- Up-to-date: /home/lxf/ROS/11.Face_Recognition/install/face_interfaces/include/face_interfaces/face_interfaces/srv/detail
[1.093s] -- Up-to-date: /home/lxf/ROS/11.Face_Recognition/install/face_interfaces/include/face_interfaces/face_interfaces/srv/detail/face_detector__rosidl_typesupport_fastrtps_c.h
[1.093s] -- Up-to-date: /home/lxf/ROS/11.Face_Recognition/install/face_interfaces/include/face_interfaces/face_interfaces/msg
[1.094s] -- Up-to-date: /home/lxf/ROS/11.Face_Recognition/install/face_interfaces/include/face_interfaces/face_interfaces/msg/rosidl_typesupport_fastrtps_c__visibility_control.h
[1.094s] -- Up-to-date: /home/lxf/ROS/11.Face_Recognition/install/face_interfaces/lib/libface_interfaces__rosidl_typesupport_fastrtps_c.so
[1.094s] -- Up-to-date: /home/lxf/ROS/11.Face_Recognition/install/face_interfaces/include/face_interfaces/face_interfaces
[1.094s] -- Up-to-date: /home/lxf/ROS/11.Face_Recognition/install/face_interfaces/include/face_interfaces/face_interfaces/srv
[1.094s] -- Up-to-date: /home/lxf/ROS/11.Face_Recognition/install/face_interfaces/include/face_interfaces/face_interfaces/srv/detail
[1.094s] -- Up-to-date: /home/lxf/ROS/11.Face_Recognition/install/face_interfaces/include/face_interfaces/face_interfaces/srv/detail/face_detector__traits.hpp
[1.094s] -- Up-to-date: /home/lxf/ROS/11.Face_Recognition/install/face_interfaces/include/face_interfaces/face_interfaces/srv/detail/face_detector__builder.hpp
[1.094s] -- Up-to-date: /home/lxf/ROS/11.Face_Recognition/install/face_interfaces/include/face_interfaces/face_interfaces/srv/detail/face_detector__type_support.hpp
[1.095s] -- Up-to-date: /home/lxf/ROS/11.Face_Recognition/install/face_interfaces/include/face_interfaces/face_interfaces/srv/detail/face_detector__struct.hpp
[1.095s] -- Up-to-date: /home/lxf/ROS/11.Face_Recognition/install/face_interfaces/include/face_interfaces/face_interfaces/srv/face_detector.hpp
[1.095s] -- Up-to-date: /home/lxf/ROS/11.Face_Recognition/install/face_interfaces/include/face_interfaces/face_interfaces/msg
[1.095s] -- Up-to-date: /home/lxf/ROS/11.Face_Recognition/install/face_interfaces/include/face_interfaces/face_interfaces/msg/rosidl_generator_cpp__visibility_control.hpp
[1.095s] -- Up-to-date: /home/lxf/ROS/11.Face_Recognition/install/face_interfaces/include/face_interfaces/face_interfaces
[1.095s] -- Up-to-date: /home/lxf/ROS/11.Face_Recognition/install/face_interfaces/include/face_interfaces/face_interfaces/srv
[1.095s] -- Up-to-date: /home/lxf/ROS/11.Face_Recognition/install/face_interfaces/include/face_interfaces/face_interfaces/srv/detail
[1.095s] -- Up-to-date: /home/lxf/ROS/11.Face_Recognition/install/face_interfaces/include/face_interfaces/face_interfaces/srv/detail/face_detector__rosidl_typesupport_fastrtps_cpp.hpp
[1.095s] -- Up-to-date: /home/lxf/ROS/11.Face_Recognition/install/face_interfaces/include/face_interfaces/face_interfaces/srv/detail/dds_fastrtps
[1.095s] -- Up-to-date: /home/lxf/ROS/11.Face_Recognition/install/face_interfaces/include/face_interfaces/face_interfaces/msg
[1.095s] -- Up-to-date: /home/lxf/ROS/11.Face_Recognition/install/face_interfaces/include/face_interfaces/face_interfaces/msg/rosidl_typesupport_fastrtps_cpp__visibility_control.h
[1.095s] -- Up-to-date: /home/lxf/ROS/11.Face_Recognition/install/face_interfaces/lib/libface_interfaces__rosidl_typesupport_fastrtps_cpp.so
[1.096s] -- Up-to-date: /home/lxf/ROS/11.Face_Recognition/install/face_interfaces/include/face_interfaces/face_interfaces
[1.096s] -- Up-to-date: /home/lxf/ROS/11.Face_Recognition/install/face_interfaces/include/face_interfaces/face_interfaces/srv
[1.096s] -- Up-to-date: /home/lxf/ROS/11.Face_Recognition/install/face_interfaces/include/face_interfaces/face_interfaces/srv/detail
[1.096s] -- Up-to-date: /home/lxf/ROS/11.Face_Recognition/install/face_interfaces/include/face_interfaces/face_interfaces/srv/detail/face_detector__rosidl_typesupport_introspection_c.h
[1.096s] -- Up-to-date: /home/lxf/ROS/11.Face_Recognition/install/face_interfaces/include/face_interfaces/face_interfaces/srv/detail/face_detector__type_support.c
[1.096s] -- Up-to-date: /home/lxf/ROS/11.Face_Recognition/install/face_interfaces/include/face_interfaces/face_interfaces/msg
[1.096s] -- Up-to-date: /home/lxf/ROS/11.Face_Recognition/install/face_interfaces/include/face_interfaces/face_interfaces/msg/rosidl_typesupport_introspection_c__visibility_control.h
[1.096s] -- Up-to-date: /home/lxf/ROS/11.Face_Recognition/install/face_interfaces/lib/libface_interfaces__rosidl_typesupport_introspection_c.so
[1.096s] -- Up-to-date: /home/lxf/ROS/11.Face_Recognition/install/face_interfaces/lib/libface_interfaces__rosidl_typesupport_c.so
[1.096s] -- Up-to-date: /home/lxf/ROS/11.Face_Recognition/install/face_interfaces/include/face_interfaces/face_interfaces
[1.097s] -- Up-to-date: /home/lxf/ROS/11.Face_Recognition/install/face_interfaces/include/face_interfaces/face_interfaces/srv
[1.097s] -- Up-to-date: /home/lxf/ROS/11.Face_Recognition/install/face_interfaces/include/face_interfaces/face_interfaces/srv/detail
[1.097s] -- Up-to-date: /home/lxf/ROS/11.Face_Recognition/install/face_interfaces/include/face_interfaces/face_interfaces/srv/detail/face_detector__type_support.cpp
[1.097s] -- Up-to-date: /home/lxf/ROS/11.Face_Recognition/install/face_interfaces/include/face_interfaces/face_interfaces/srv/detail/face_detector__rosidl_typesupport_introspection_cpp.hpp
[1.097s] -- Up-to-date: /home/lxf/ROS/11.Face_Recognition/install/face_interfaces/lib/libface_interfaces__rosidl_typesupport_introspection_cpp.so
[1.097s] -- Up-to-date: /home/lxf/ROS/11.Face_Recognition/install/face_interfaces/lib/libface_interfaces__rosidl_typesupport_cpp.so
[1.097s] -- Up-to-date: /home/lxf/ROS/11.Face_Recognition/install/face_interfaces/share/face_interfaces/environment/pythonpath.sh
[1.097s] -- Up-to-date: /home/lxf/ROS/11.Face_Recognition/install/face_interfaces/share/face_interfaces/environment/pythonpath.dsv
[1.097s] -- Up-to-date: /home/lxf/ROS/11.Face_Recognition/install/face_interfaces/local/lib/python3.10/dist-packages/face_interfaces-0.0.0-py3.10.egg-info
[1.097s] -- Installing: /home/lxf/ROS/11.Face_Recognition/install/face_interfaces/local/lib/python3.10/dist-packages/face_interfaces-0.0.0-py3.10.egg-info/top_level.txt
[1.097s] -- Installing: /home/lxf/ROS/11.Face_Recognition/install/face_interfaces/local/lib/python3.10/dist-packages/face_interfaces-0.0.0-py3.10.egg-info/SOURCES.txt
[1.097s] -- Installing: /home/lxf/ROS/11.Face_Recognition/install/face_interfaces/local/lib/python3.10/dist-packages/face_interfaces-0.0.0-py3.10.egg-info/dependency_links.txt
[1.097s] -- Installing: /home/lxf/ROS/11.Face_Recognition/install/face_interfaces/local/lib/python3.10/dist-packages/face_interfaces-0.0.0-py3.10.egg-info/PKG-INFO
[1.097s] -- Up-to-date: /home/lxf/ROS/11.Face_Recognition/install/face_interfaces/local/lib/python3.10/dist-packages/face_interfaces
[1.098s] -- Up-to-date: /home/lxf/ROS/11.Face_Recognition/install/face_interfaces/local/lib/python3.10/dist-packages/face_interfaces/srv
[1.098s] -- Up-to-date: /home/lxf/ROS/11.Face_Recognition/install/face_interfaces/local/lib/python3.10/dist-packages/face_interfaces/srv/_face_detector.py
[1.098s] -- Up-to-date: /home/lxf/ROS/11.Face_Recognition/install/face_interfaces/local/lib/python3.10/dist-packages/face_interfaces/srv/_face_detector_s.c
[1.098s] -- Up-to-date: /home/lxf/ROS/11.Face_Recognition/install/face_interfaces/local/lib/python3.10/dist-packages/face_interfaces/srv/__init__.py
[1.098s] -- Up-to-date: /home/lxf/ROS/11.Face_Recognition/install/face_interfaces/local/lib/python3.10/dist-packages/face_interfaces/face_interfaces_s__rosidl_typesupport_introspection_c.cpython-310-x86_64-linux-gnu.so
[1.098s] -- Up-to-date: /home/lxf/ROS/11.Face_Recognition/install/face_interfaces/local/lib/python3.10/dist-packages/face_interfaces/face_interfaces_s__rosidl_typesupport_fastrtps_c.cpython-310-x86_64-linux-gnu.so
[1.098s] -- Up-to-date: /home/lxf/ROS/11.Face_Recognition/install/face_interfaces/local/lib/python3.10/dist-packages/face_interfaces/face_interfaces_s__rosidl_typesupport_c.cpython-310-x86_64-linux-gnu.so
[1.098s] -- Up-to-date: /home/lxf/ROS/11.Face_Recognition/install/face_interfaces/local/lib/python3.10/dist-packages/face_interfaces/_face_interfaces_s.ep.rosidl_typesupport_c.c
[1.098s] -- Up-to-date: /home/lxf/ROS/11.Face_Recognition/install/face_interfaces/local/lib/python3.10/dist-packages/face_interfaces/_face_interfaces_s.ep.rosidl_typesupport_fastrtps_c.c
[1.098s] -- Up-to-date: /home/lxf/ROS/11.Face_Recognition/install/face_interfaces/local/lib/python3.10/dist-packages/face_interfaces/_face_interfaces_s.ep.rosidl_typesupport_introspection_c.c
[1.098s] -- Up-to-date: /home/lxf/ROS/11.Face_Recognition/install/face_interfaces/local/lib/python3.10/dist-packages/face_interfaces/__init__.py
[1.098s] -- Up-to-date: /home/lxf/ROS/11.Face_Recognition/install/face_interfaces/local/lib/python3.10/dist-packages/face_interfaces/libface_interfaces__rosidl_generator_py.so
[1.467s] Listing '/home/lxf/ROS/11.Face_Recognition/install/face_interfaces/local/lib/python3.10/dist-packages/face_interfaces'...
[1.467s] Listing '/home/lxf/ROS/11.Face_Recognition/install/face_interfaces/local/lib/python3.10/dist-packages/face_interfaces/srv'...
[1.474s] -- Up-to-date: /home/lxf/ROS/11.Face_Recognition/install/face_interfaces/local/lib/python3.10/dist-packages/face_interfaces/face_interfaces_s__rosidl_typesupport_fastrtps_c.cpython-310-x86_64-linux-gnu.so
[1.474s] -- Up-to-date: /home/lxf/ROS/11.Face_Recognition/install/face_interfaces/local/lib/python3.10/dist-packages/face_interfaces/face_interfaces_s__rosidl_typesupport_introspection_c.cpython-310-x86_64-linux-gnu.so
[1.474s] -- Up-to-date: /home/lxf/ROS/11.Face_Recognition/install/face_interfaces/local/lib/python3.10/dist-packages/face_interfaces/face_interfaces_s__rosidl_typesupport_c.cpython-310-x86_64-linux-gnu.so
[1.474s] -- Up-to-date: /home/lxf/ROS/11.Face_Recognition/install/face_interfaces/lib/libface_interfaces__rosidl_generator_py.so
[1.475s] -- Up-to-date: /home/lxf/ROS/11.Face_Recognition/install/face_interfaces/share/face_interfaces/srv/FaceDetector.idl
[1.475s] -- Up-to-date: /home/lxf/ROS/11.Face_Recognition/install/face_interfaces/share/face_interfaces/srv/FaceDetector.srv
[1.475s] -- Up-to-date: /home/lxf/ROS/11.Face_Recognition/install/face_interfaces/share/face_interfaces/srv/FaceDetector_Request.msg
[1.475s] -- Up-to-date: /home/lxf/ROS/11.Face_Recognition/install/face_interfaces/share/face_interfaces/srv/FaceDetector_Response.msg
[1.475s] -- Up-to-date: /home/lxf/ROS/11.Face_Recognition/install/face_interfaces/share/ament_index/resource_index/package_run_dependencies/face_interfaces
[1.475s] -- Up-to-date: /home/lxf/ROS/11.Face_Recognition/install/face_interfaces/share/ament_index/resource_index/parent_prefix_path/face_interfaces
[1.475s] -- Up-to-date: /home/lxf/ROS/11.Face_Recognition/install/face_interfaces/share/face_interfaces/environment/ament_prefix_path.sh
[1.475s] -- Up-to-date: /home/lxf/ROS/11.Face_Recognition/install/face_interfaces/share/face_interfaces/environment/ament_prefix_path.dsv
[1.475s] -- Up-to-date: /home/lxf/ROS/11.Face_Recognition/install/face_interfaces/share/face_interfaces/environment/path.sh
[1.475s] -- Up-to-date: /home/lxf/ROS/11.Face_Recognition/install/face_interfaces/share/face_interfaces/environment/path.dsv
[1.475s] -- Up-to-date: /home/lxf/ROS/11.Face_Recognition/install/face_interfaces/share/face_interfaces/local_setup.bash
[1.476s] -- Up-to-date: /home/lxf/ROS/11.Face_Recognition/install/face_interfaces/share/face_interfaces/local_setup.sh
[1.476s] -- Up-to-date: /home/lxf/ROS/11.Face_Recognition/install/face_interfaces/share/face_interfaces/local_setup.zsh
[1.476s] -- Up-to-date: /home/lxf/ROS/11.Face_Recognition/install/face_interfaces/share/face_interfaces/local_setup.dsv
[1.476s] -- Installing: /home/lxf/ROS/11.Face_Recognition/install/face_interfaces/share/face_interfaces/package.dsv
[1.596s] -- Up-to-date: /home/lxf/ROS/11.Face_Recognition/install/face_interfaces/share/ament_index/resource_index/packages/face_interfaces
[1.596s] -- Up-to-date: /home/lxf/ROS/11.Face_Recognition/install/face_interfaces/share/face_interfaces/cmake/export_face_interfaces__rosidl_generator_cExport.cmake
[1.596s] -- Up-to-date: /home/lxf/ROS/11.Face_Recognition/install/face_interfaces/share/face_interfaces/cmake/export_face_interfaces__rosidl_generator_cExport-noconfig.cmake
[1.599s] -- Up-to-date: /home/lxf/ROS/11.Face_Recognition/install/face_interfaces/share/face_interfaces/cmake/export_face_interfaces__rosidl_typesupport_fastrtps_cExport.cmake
[1.599s] -- Up-to-date: /home/lxf/ROS/11.Face_Recognition/install/face_interfaces/share/face_interfaces/cmake/export_face_interfaces__rosidl_typesupport_fastrtps_cExport-noconfig.cmake
[1.600s] -- Up-to-date: /home/lxf/ROS/11.Face_Recognition/install/face_interfaces/share/face_interfaces/cmake/export_face_interfaces__rosidl_generator_cppExport.cmake
[1.600s] -- Up-to-date: /home/lxf/ROS/11.Face_Recognition/install/face_interfaces/share/face_interfaces/cmake/export_face_interfaces__rosidl_typesupport_fastrtps_cppExport.cmake
[1.600s] -- Up-to-date: /home/lxf/ROS/11.Face_Recognition/install/face_interfaces/share/face_interfaces/cmake/export_face_interfaces__rosidl_typesupport_fastrtps_cppExport-noconfig.cmake
[1.600s] -- Up-to-date: /home/lxf/ROS/11.Face_Recognition/install/face_interfaces/share/face_interfaces/cmake/face_interfaces__rosidl_typesupport_introspection_cExport.cmake
[1.600s] -- Up-to-date: /home/lxf/ROS/11.Face_Recognition/install/face_interfaces/share/face_interfaces/cmake/face_interfaces__rosidl_typesupport_introspection_cExport-noconfig.cmake
[1.600s] -- Up-to-date: /home/lxf/ROS/11.Face_Recognition/install/face_interfaces/share/face_interfaces/cmake/face_interfaces__rosidl_typesupport_cExport.cmake
[1.600s] -- Up-to-date: /home/lxf/ROS/11.Face_Recognition/install/face_interfaces/share/face_interfaces/cmake/face_interfaces__rosidl_typesupport_cExport-noconfig.cmake
[1.600s] -- Up-to-date: /home/lxf/ROS/11.Face_Recognition/install/face_interfaces/share/face_interfaces/cmake/face_interfaces__rosidl_typesupport_introspection_cppExport.cmake
[1.600s] -- Up-to-date: /home/lxf/ROS/11.Face_Recognition/install/face_interfaces/share/face_interfaces/cmake/face_interfaces__rosidl_typesupport_introspection_cppExport-noconfig.cmake
[1.726s] -- Up-to-date: /home/lxf/ROS/11.Face_Recognition/install/face_interfaces/share/face_interfaces/cmake/face_interfaces__rosidl_typesupport_cppExport.cmake
[1.727s] -- Up-to-date: /home/lxf/ROS/11.Face_Recognition/install/face_interfaces/share/face_interfaces/cmake/face_interfaces__rosidl_typesupport_cppExport-noconfig.cmake
[1.731s] -- Up-to-date: /home/lxf/ROS/11.Face_Recognition/install/face_interfaces/share/face_interfaces/cmake/export_face_interfaces__rosidl_generator_pyExport.cmake
[1.732s] -- Up-to-date: /home/lxf/ROS/11.Face_Recognition/install/face_interfaces/share/face_interfaces/cmake/export_face_interfaces__rosidl_generator_pyExport-noconfig.cmake
[1.733s] -- Up-to-date: /home/lxf/ROS/11.Face_Recognition/install/face_interfaces/share/face_interfaces/cmake/rosidl_cmake-extras.cmake
[1.733s] -- Up-to-date: /home/lxf/ROS/11.Face_Recognition/install/face_interfaces/share/face_interfaces/cmake/ament_cmake_export_dependencies-extras.cmake
[1.734s] -- Up-to-date: /home/lxf/ROS/11.Face_Recognition/install/face_interfaces/share/face_interfaces/cmake/ament_cmake_export_include_directories-extras.cmake
[1.735s] -- Up-to-date: /home/lxf/ROS/11.Face_Recognition/install/face_interfaces/share/face_interfaces/cmake/ament_cmake_export_libraries-extras.cmake
[1.736s] -- Up-to-date: /home/lxf/ROS/11.Face_Recognition/install/face_interfaces/share/face_interfaces/cmake/ament_cmake_export_targets-extras.cmake
[1.737s] -- Up-to-date: /home/lxf/ROS/11.Face_Recognition/install/face_interfaces/share/face_interfaces/cmake/rosidl_cmake_export_typesupport_targets-extras.cmake
[1.737s] -- Up-to-date: /home/lxf/ROS/11.Face_Recognition/install/face_interfaces/share/face_interfaces/cmake/rosidl_cmake_export_typesupport_libraries-extras.cmake
[1.738s] -- Up-to-date: /home/lxf/ROS/11.Face_Recognition/install/face_interfaces/share/face_interfaces/cmake/face_interfacesConfig.cmake
[1.738s] -- Up-to-date: /home/lxf/ROS/11.Face_Recognition/install/face_interfaces/share/face_interfaces/cmake/face_interfacesConfig-version.cmake
[1.739s] -- Up-to-date: /home/lxf/ROS/11.Face_Recognition/install/face_interfaces/share/face_interfaces/package.xml
[1.849s] Invoked command in '/home/lxf/ROS/11.Face_Recognition/build/face_interfaces' returned '0': CMAKE_PREFIX_PATH=/opt/ros/humble /usr/bin/cmake --install /home/lxf/ROS/11.Face_Recognition/build/face_interfaces
