[0.011s] Invoking command in '/home/lxf/Desktop/ROS/14.Parameter_CPP/build/cpp_pose_topic': CMAKE_PREFIX_PATH=/opt/ros/humble /usr/bin/cmake --build /home/lxf/Desktop/ROS/14.Parameter_CPP/build/cpp_pose_topic -- -j16 -l16
[0.111s] [35m[1mConsolidate compiler generated dependencies of target turtle_control[0m
[0.113s] [35m[1mConsolidate compiler generated dependencies of target turtle_circle[0m
[0.122s] [ 25%] [32mBuilding CXX object CMakeFiles/turtle_control.dir/src/turtle_control.cpp.o[0m
[0.131s] [ 50%] [32mBuilding CXX object CMakeFiles/turtle_circle.dir/src/turtle_circle.cpp.o[0m
[3.212s] [ 75%] [32m[1mLinking CXX executable turtle_circle[0m
[3.422s] [ 75%] Built target turtle_circle
[6.108s] [100%] [32m[1mLinking CXX executable turtle_control[0m
[6.419s] [100%] Built target turtle_control
[6.427s] Invoked command in '/home/lxf/Desktop/ROS/14.Parameter_CPP/build/cpp_pose_topic' returned '0': CMAKE_PREFIX_PATH=/opt/ros/humble /usr/bin/cmake --build /home/lxf/Desktop/ROS/14.Parameter_CPP/build/cpp_pose_topic -- -j16 -l16
[6.437s] Invoking command in '/home/lxf/Desktop/ROS/14.Parameter_CPP/build/cpp_pose_topic': CMAKE_PREFIX_PATH=/opt/ros/humble /usr/bin/cmake --install /home/lxf/Desktop/ROS/14.Parameter_CPP/build/cpp_pose_topic
[6.445s] -- Install configuration: ""
[6.447s] -- Installing: /home/lxf/Desktop/ROS/14.Parameter_CPP/install/cpp_pose_topic/lib/cpp_pose_topic/turtle_circle
[6.449s] -- Set runtime path of "/home/lxf/Desktop/ROS/14.Parameter_CPP/install/cpp_pose_topic/lib/cpp_pose_topic/turtle_circle" to ""
[6.450s] -- Installing: /home/lxf/Desktop/ROS/14.Parameter_CPP/install/cpp_pose_topic/lib/cpp_pose_topic/turtle_control
[6.453s] -- Set runtime path of "/home/lxf/Desktop/ROS/14.Parameter_CPP/install/cpp_pose_topic/lib/cpp_pose_topic/turtle_control" to ""
[6.453s] -- Up-to-date: /home/lxf/Desktop/ROS/14.Parameter_CPP/install/cpp_pose_topic/share/ament_index/resource_index/package_run_dependencies/cpp_pose_topic
[6.453s] -- Up-to-date: /home/lxf/Desktop/ROS/14.Parameter_CPP/install/cpp_pose_topic/share/ament_index/resource_index/parent_prefix_path/cpp_pose_topic
[6.453s] -- Up-to-date: /home/lxf/Desktop/ROS/14.Parameter_CPP/install/cpp_pose_topic/share/cpp_pose_topic/environment/ament_prefix_path.sh
[6.453s] -- Up-to-date: /home/lxf/Desktop/ROS/14.Parameter_CPP/install/cpp_pose_topic/share/cpp_pose_topic/environment/ament_prefix_path.dsv
[6.453s] -- Up-to-date: /home/lxf/Desktop/ROS/14.Parameter_CPP/install/cpp_pose_topic/share/cpp_pose_topic/environment/path.sh
[6.453s] -- Up-to-date: /home/lxf/Desktop/ROS/14.Parameter_CPP/install/cpp_pose_topic/share/cpp_pose_topic/environment/path.dsv
[6.453s] -- Up-to-date: /home/lxf/Desktop/ROS/14.Parameter_CPP/install/cpp_pose_topic/share/cpp_pose_topic/local_setup.bash
[6.453s] -- Up-to-date: /home/lxf/Desktop/ROS/14.Parameter_CPP/install/cpp_pose_topic/share/cpp_pose_topic/local_setup.sh
[6.453s] -- Up-to-date: /home/lxf/Desktop/ROS/14.Parameter_CPP/install/cpp_pose_topic/share/cpp_pose_topic/local_setup.zsh
[6.453s] -- Up-to-date: /home/lxf/Desktop/ROS/14.Parameter_CPP/install/cpp_pose_topic/share/cpp_pose_topic/local_setup.dsv
[6.454s] -- Installing: /home/lxf/Desktop/ROS/14.Parameter_CPP/install/cpp_pose_topic/share/cpp_pose_topic/package.dsv
[6.454s] -- Up-to-date: /home/lxf/Desktop/ROS/14.Parameter_CPP/install/cpp_pose_topic/share/ament_index/resource_index/packages/cpp_pose_topic
[6.454s] -- Up-to-date: /home/lxf/Desktop/ROS/14.Parameter_CPP/install/cpp_pose_topic/share/cpp_pose_topic/cmake/cpp_pose_topicConfig.cmake
[6.454s] -- Up-to-date: /home/lxf/Desktop/ROS/14.Parameter_CPP/install/cpp_pose_topic/share/cpp_pose_topic/cmake/cpp_pose_topicConfig-version.cmake
[6.454s] -- Up-to-date: /home/lxf/Desktop/ROS/14.Parameter_CPP/install/cpp_pose_topic/share/cpp_pose_topic/package.xml
[6.458s] Invoked command in '/home/lxf/Desktop/ROS/14.Parameter_CPP/build/cpp_pose_topic' returned '0': CMAKE_PREFIX_PATH=/opt/ros/humble /usr/bin/cmake --install /home/lxf/Desktop/ROS/14.Parameter_CPP/build/cpp_pose_topic
