[0.099s] [34mcolcon[0m [1;30mDEBUG[0m [32mCommand line arguments: ['/usr/bin/colcon', 'build'][0m
[0.099s] [34mcolcon[0m [1;30mDEBUG[0m [32mParsed command line arguments: Namespace(log_base=None, log_level=None, verb_name='build', build_base='build', install_base='install', merge_install=False, symlink_install=False, test_result_base=None, continue_on_error=False, executor='parallel', parallel_workers=16, event_handlers=None, ignore_user_meta=False, metas=['./colcon.meta'], base_paths=['.'], packages_ignore=None, packages_ignore_regex=None, paths=None, packages_up_to=None, packages_up_to_regex=None, packages_above=None, packages_above_and_dependencies=None, packages_above_depth=None, packages_select_by_dep=None, packages_skip_by_dep=None, packages_skip_up_to=None, packages_select_build_failed=False, packages_skip_build_finished=False, packages_select_test_failures=False, packages_skip_test_passed=False, packages_select=None, packages_skip=None, packages_select_regex=None, packages_skip_regex=None, packages_start=None, packages_end=None, allow_overriding=[], cmake_args=None, cmake_target=None, cmake_target_skip_unavailable=False, cmake_clean_cache=False, cmake_clean_first=False, cmake_force_configure=False, ament_cmake_args=None, catkin_cmake_args=None, catkin_skip_building_tests=False, verb_parser=<colcon_defaults.argument_parser.defaults.DefaultArgumentsDecorator object at 0x78f544cfe890>, verb_extension=<colcon_core.verb.build.BuildVerb object at 0x78f544c93df0>, main=<bound method BuildVerb.main of <colcon_core.verb.build.BuildVerb object at 0x78f544c93df0>>)[0m
[0.233s] [34mcolcon.colcon_core.package_discovery[0m [1;30mLevel 1[0m discover_packages(colcon_meta) check parameters
[0.233s] [34mcolcon.colcon_core.package_discovery[0m [1;30mLevel 1[0m discover_packages(recursive) check parameters
[0.234s] [34mcolcon.colcon_core.package_discovery[0m [1;30mLevel 1[0m discover_packages(ignore) check parameters
[0.234s] [34mcolcon.colcon_core.package_discovery[0m [1;30mLevel 1[0m discover_packages(path) check parameters
[0.234s] [34mcolcon.colcon_core.package_discovery[0m [1;30mLevel 1[0m discover_packages(colcon_meta) discover
[0.234s] [34mcolcon.colcon_core.package_discovery[0m [1;30mLevel 1[0m discover_packages(recursive) discover
[0.234s] [34mcolcon.colcon_core.package_discovery[0m [1;30mINFO[0m Crawling recursively for packages in '/home/lxf/Desktop/ROS/12.turtle_control'
[0.234s] [34mcolcon.colcon_core.package_identification[0m [1;30mLevel 1[0m _identify(.) by extensions ['ignore', 'ignore_ament_install']
[0.234s] [34mcolcon.colcon_core.package_identification[0m [1;30mLevel 1[0m _identify(.) by extension 'ignore'
[0.234s] [34mcolcon.colcon_core.package_identification[0m [1;30mLevel 1[0m _identify(.) by extension 'ignore_ament_install'
[0.234s] [34mcolcon.colcon_core.package_identification[0m [1;30mLevel 1[0m _identify(.) by extensions ['colcon_pkg']
[0.234s] [34mcolcon.colcon_core.package_identification[0m [1;30mLevel 1[0m _identify(.) by extension 'colcon_pkg'
[0.234s] [34mcolcon.colcon_core.package_identification[0m [1;30mLevel 1[0m _identify(.) by extensions ['colcon_meta']
[0.234s] [34mcolcon.colcon_core.package_identification[0m [1;30mLevel 1[0m _identify(.) by extension 'colcon_meta'
[0.234s] [34mcolcon.colcon_core.package_identification[0m [1;30mLevel 1[0m _identify(.) by extensions ['ros']
[0.234s] [34mcolcon.colcon_core.package_identification[0m [1;30mLevel 1[0m _identify(.) by extension 'ros'
[0.242s] [34mcolcon.colcon_core.package_identification[0m [1;30mLevel 1[0m _identify(.) by extensions ['cmake', 'python']
[0.242s] [34mcolcon.colcon_core.package_identification[0m [1;30mLevel 1[0m _identify(.) by extension 'cmake'
[0.242s] [34mcolcon.colcon_core.package_identification[0m [1;30mLevel 1[0m _identify(.) by extension 'python'
[0.242s] [34mcolcon.colcon_core.package_identification[0m [1;30mLevel 1[0m _identify(.) by extensions ['python_setup_py']
[0.242s] [34mcolcon.colcon_core.package_identification[0m [1;30mLevel 1[0m _identify(.) by extension 'python_setup_py'
[0.242s] [34mcolcon.colcon_core.package_identification[0m [1;30mLevel 1[0m _identify(build) by extensions ['ignore', 'ignore_ament_install']
[0.242s] [34mcolcon.colcon_core.package_identification[0m [1;30mLevel 1[0m _identify(build) by extension 'ignore'
[0.242s] [34mcolcon.colcon_core.package_identification[0m [1;30mLevel 1[0m _identify(build) ignored
[0.242s] [34mcolcon.colcon_core.package_identification[0m [1;30mLevel 1[0m _identify(install) by extensions ['ignore', 'ignore_ament_install']
[0.242s] [34mcolcon.colcon_core.package_identification[0m [1;30mLevel 1[0m _identify(install) by extension 'ignore'
[0.242s] [34mcolcon.colcon_core.package_identification[0m [1;30mLevel 1[0m _identify(install) ignored
[0.242s] [34mcolcon.colcon_core.package_identification[0m [1;30mLevel 1[0m _identify(log) by extensions ['ignore', 'ignore_ament_install']
[0.242s] [34mcolcon.colcon_core.package_identification[0m [1;30mLevel 1[0m _identify(log) by extension 'ignore'
[0.242s] [34mcolcon.colcon_core.package_identification[0m [1;30mLevel 1[0m _identify(log) ignored
[0.243s] [34mcolcon.colcon_core.package_identification[0m [1;30mLevel 1[0m _identify(src) by extensions ['ignore', 'ignore_ament_install']
[0.243s] [34mcolcon.colcon_core.package_identification[0m [1;30mLevel 1[0m _identify(src) by extension 'ignore'
[0.243s] [34mcolcon.colcon_core.package_identification[0m [1;30mLevel 1[0m _identify(src) by extension 'ignore_ament_install'
[0.243s] [34mcolcon.colcon_core.package_identification[0m [1;30mLevel 1[0m _identify(src) by extensions ['colcon_pkg']
[0.243s] [34mcolcon.colcon_core.package_identification[0m [1;30mLevel 1[0m _identify(src) by extension 'colcon_pkg'
[0.243s] [34mcolcon.colcon_core.package_identification[0m [1;30mLevel 1[0m _identify(src) by extensions ['colcon_meta']
[0.243s] [34mcolcon.colcon_core.package_identification[0m [1;30mLevel 1[0m _identify(src) by extension 'colcon_meta'
[0.243s] [34mcolcon.colcon_core.package_identification[0m [1;30mLevel 1[0m _identify(src) by extensions ['ros']
[0.243s] [34mcolcon.colcon_core.package_identification[0m [1;30mLevel 1[0m _identify(src) by extension 'ros'
[0.243s] [34mcolcon.colcon_core.package_identification[0m [1;30mLevel 1[0m _identify(src) by extensions ['cmake', 'python']
[0.243s] [34mcolcon.colcon_core.package_identification[0m [1;30mLevel 1[0m _identify(src) by extension 'cmake'
[0.243s] [34mcolcon.colcon_core.package_identification[0m [1;30mLevel 1[0m _identify(src) by extension 'python'
[0.243s] [34mcolcon.colcon_core.package_identification[0m [1;30mLevel 1[0m _identify(src) by extensions ['python_setup_py']
[0.243s] [34mcolcon.colcon_core.package_identification[0m [1;30mLevel 1[0m _identify(src) by extension 'python_setup_py'
[0.243s] [34mcolcon.colcon_core.package_identification[0m [1;30mLevel 1[0m _identify(src/demo_cpp_turtle_control_service) by extensions ['ignore', 'ignore_ament_install']
[0.243s] [34mcolcon.colcon_core.package_identification[0m [1;30mLevel 1[0m _identify(src/demo_cpp_turtle_control_service) by extension 'ignore'
[0.243s] [34mcolcon.colcon_core.package_identification[0m [1;30mLevel 1[0m _identify(src/demo_cpp_turtle_control_service) by extension 'ignore_ament_install'
[0.243s] [34mcolcon.colcon_core.package_identification[0m [1;30mLevel 1[0m _identify(src/demo_cpp_turtle_control_service) by extensions ['colcon_pkg']
[0.243s] [34mcolcon.colcon_core.package_identification[0m [1;30mLevel 1[0m _identify(src/demo_cpp_turtle_control_service) by extension 'colcon_pkg'
[0.243s] [34mcolcon.colcon_core.package_identification[0m [1;30mLevel 1[0m _identify(src/demo_cpp_turtle_control_service) by extensions ['colcon_meta']
[0.243s] [34mcolcon.colcon_core.package_identification[0m [1;30mLevel 1[0m _identify(src/demo_cpp_turtle_control_service) by extension 'colcon_meta'
[0.243s] [34mcolcon.colcon_core.package_identification[0m [1;30mLevel 1[0m _identify(src/demo_cpp_turtle_control_service) by extensions ['ros']
[0.243s] [34mcolcon.colcon_core.package_identification[0m [1;30mLevel 1[0m _identify(src/demo_cpp_turtle_control_service) by extension 'ros'
[0.245s] [34mcolcon.colcon_core.package_identification[0m [1;30mDEBUG[0m [32mPackage 'src/demo_cpp_turtle_control_service' with type 'ros.ament_cmake' and name 'demo_cpp_turtle_control_service'[0m
[0.245s] [34mcolcon.colcon_core.package_identification[0m [1;30mLevel 1[0m _identify(src/turtle_control_interfaces) by extensions ['ignore', 'ignore_ament_install']
[0.245s] [34mcolcon.colcon_core.package_identification[0m [1;30mLevel 1[0m _identify(src/turtle_control_interfaces) by extension 'ignore'
[0.245s] [34mcolcon.colcon_core.package_identification[0m [1;30mLevel 1[0m _identify(src/turtle_control_interfaces) by extension 'ignore_ament_install'
[0.245s] [34mcolcon.colcon_core.package_identification[0m [1;30mLevel 1[0m _identify(src/turtle_control_interfaces) by extensions ['colcon_pkg']
[0.245s] [34mcolcon.colcon_core.package_identification[0m [1;30mLevel 1[0m _identify(src/turtle_control_interfaces) by extension 'colcon_pkg'
[0.245s] [34mcolcon.colcon_core.package_identification[0m [1;30mLevel 1[0m _identify(src/turtle_control_interfaces) by extensions ['colcon_meta']
[0.245s] [34mcolcon.colcon_core.package_identification[0m [1;30mLevel 1[0m _identify(src/turtle_control_interfaces) by extension 'colcon_meta'
[0.245s] [34mcolcon.colcon_core.package_identification[0m [1;30mLevel 1[0m _identify(src/turtle_control_interfaces) by extensions ['ros']
[0.245s] [34mcolcon.colcon_core.package_identification[0m [1;30mLevel 1[0m _identify(src/turtle_control_interfaces) by extension 'ros'
[0.246s] [34mcolcon.colcon_core.package_identification[0m [1;30mDEBUG[0m [32mPackage 'src/turtle_control_interfaces' with type 'ros.ament_cmake' and name 'turtle_control_interfaces'[0m
[0.246s] [34mcolcon.colcon_core.package_discovery[0m [1;30mLevel 1[0m discover_packages(recursive) using defaults
[0.246s] [34mcolcon.colcon_core.package_discovery[0m [1;30mLevel 1[0m discover_packages(ignore) discover
[0.246s] [34mcolcon.colcon_core.package_discovery[0m [1;30mLevel 1[0m discover_packages(ignore) using defaults
[0.246s] [34mcolcon.colcon_core.package_discovery[0m [1;30mLevel 1[0m discover_packages(path) discover
[0.246s] [34mcolcon.colcon_core.package_discovery[0m [1;30mLevel 1[0m discover_packages(path) using defaults
[0.265s] [34mcolcon.colcon_core.package_discovery[0m [1;30mLevel 1[0m discover_packages(prefix_path) check parameters
[0.265s] [34mcolcon.colcon_core.package_discovery[0m [1;30mLevel 1[0m discover_packages(prefix_path) discover
[0.266s] [34mcolcon.colcon_installed_package_information.package_discovery[0m [1;30mDEBUG[0m [32mFound 272 installed packages in /opt/ros/humble[0m
[0.267s] [34mcolcon.colcon_core.package_discovery[0m [1;30mLevel 1[0m discover_packages(prefix_path) using defaults
[0.291s] [34mcolcon.colcon_core.verb[0m [1;30mLevel 5[0m set package 'turtle_control_interfaces' build argument 'cmake_args' from command line to 'None'
[0.291s] [34mcolcon.colcon_core.verb[0m [1;30mLevel 5[0m set package 'turtle_control_interfaces' build argument 'cmake_target' from command line to 'None'
[0.291s] [34mcolcon.colcon_core.verb[0m [1;30mLevel 5[0m set package 'turtle_control_interfaces' build argument 'cmake_target_skip_unavailable' from command line to 'False'
[0.291s] [34mcolcon.colcon_core.verb[0m [1;30mLevel 5[0m set package 'turtle_control_interfaces' build argument 'cmake_clean_cache' from command line to 'False'
[0.291s] [34mcolcon.colcon_core.verb[0m [1;30mLevel 5[0m set package 'turtle_control_interfaces' build argument 'cmake_clean_first' from command line to 'False'
[0.291s] [34mcolcon.colcon_core.verb[0m [1;30mLevel 5[0m set package 'turtle_control_interfaces' build argument 'cmake_force_configure' from command line to 'False'
[0.291s] [34mcolcon.colcon_core.verb[0m [1;30mLevel 5[0m set package 'turtle_control_interfaces' build argument 'ament_cmake_args' from command line to 'None'
[0.291s] [34mcolcon.colcon_core.verb[0m [1;30mLevel 5[0m set package 'turtle_control_interfaces' build argument 'catkin_cmake_args' from command line to 'None'
[0.291s] [34mcolcon.colcon_core.verb[0m [1;30mLevel 5[0m set package 'turtle_control_interfaces' build argument 'catkin_skip_building_tests' from command line to 'False'
[0.291s] [34mcolcon.colcon_core.verb[0m [1;30mDEBUG[0m [32mBuilding package 'turtle_control_interfaces' with the following arguments: {'ament_cmake_args': None, 'build_base': '/home/lxf/Desktop/ROS/12.turtle_control/build/turtle_control_interfaces', 'catkin_cmake_args': None, 'catkin_skip_building_tests': False, 'cmake_args': None, 'cmake_clean_cache': False, 'cmake_clean_first': False, 'cmake_force_configure': False, 'cmake_target': None, 'cmake_target_skip_unavailable': False, 'install_base': '/home/lxf/Desktop/ROS/12.turtle_control/install/turtle_control_interfaces', 'merge_install': False, 'path': '/home/lxf/Desktop/ROS/12.turtle_control/src/turtle_control_interfaces', 'symlink_install': False, 'test_result_base': None}[0m
[0.291s] [34mcolcon.colcon_core.verb[0m [1;30mLevel 5[0m set package 'demo_cpp_turtle_control_service' build argument 'cmake_args' from command line to 'None'
[0.291s] [34mcolcon.colcon_core.verb[0m [1;30mLevel 5[0m set package 'demo_cpp_turtle_control_service' build argument 'cmake_target' from command line to 'None'
[0.291s] [34mcolcon.colcon_core.verb[0m [1;30mLevel 5[0m set package 'demo_cpp_turtle_control_service' build argument 'cmake_target_skip_unavailable' from command line to 'False'
[0.291s] [34mcolcon.colcon_core.verb[0m [1;30mLevel 5[0m set package 'demo_cpp_turtle_control_service' build argument 'cmake_clean_cache' from command line to 'False'
[0.291s] [34mcolcon.colcon_core.verb[0m [1;30mLevel 5[0m set package 'demo_cpp_turtle_control_service' build argument 'cmake_clean_first' from command line to 'False'
[0.291s] [34mcolcon.colcon_core.verb[0m [1;30mLevel 5[0m set package 'demo_cpp_turtle_control_service' build argument 'cmake_force_configure' from command line to 'False'
[0.291s] [34mcolcon.colcon_core.verb[0m [1;30mLevel 5[0m set package 'demo_cpp_turtle_control_service' build argument 'ament_cmake_args' from command line to 'None'
[0.291s] [34mcolcon.colcon_core.verb[0m [1;30mLevel 5[0m set package 'demo_cpp_turtle_control_service' build argument 'catkin_cmake_args' from command line to 'None'
[0.291s] [34mcolcon.colcon_core.verb[0m [1;30mLevel 5[0m set package 'demo_cpp_turtle_control_service' build argument 'catkin_skip_building_tests' from command line to 'False'
[0.291s] [34mcolcon.colcon_core.verb[0m [1;30mDEBUG[0m [32mBuilding package 'demo_cpp_turtle_control_service' with the following arguments: {'ament_cmake_args': None, 'build_base': '/home/lxf/Desktop/ROS/12.turtle_control/build/demo_cpp_turtle_control_service', 'catkin_cmake_args': None, 'catkin_skip_building_tests': False, 'cmake_args': None, 'cmake_clean_cache': False, 'cmake_clean_first': False, 'cmake_force_configure': False, 'cmake_target': None, 'cmake_target_skip_unavailable': False, 'install_base': '/home/lxf/Desktop/ROS/12.turtle_control/install/demo_cpp_turtle_control_service', 'merge_install': False, 'path': '/home/lxf/Desktop/ROS/12.turtle_control/src/demo_cpp_turtle_control_service', 'symlink_install': False, 'test_result_base': None}[0m
[0.292s] [34mcolcon.colcon_core.executor[0m [1;30mINFO[0m Executing jobs using 'parallel' executor
[0.293s] [34mcolcon.colcon_parallel_executor.executor.parallel[0m [1;30mDEBUG[0m [32mrun_until_complete[0m
[0.293s] [34mcolcon.colcon_ros.task.ament_cmake.build[0m [1;30mINFO[0m Building ROS package in '/home/lxf/Desktop/ROS/12.turtle_control/src/turtle_control_interfaces' with build type 'ament_cmake'
[0.293s] [34mcolcon.colcon_cmake.task.cmake.build[0m [1;30mINFO[0m Building CMake package in '/home/lxf/Desktop/ROS/12.turtle_control/src/turtle_control_interfaces'
[0.295s] [34mcolcon.colcon_core.plugin_system[0m [1;30mINFO[0m Skipping extension 'colcon_core.shell.bat': Not used on non-Windows systems
[0.295s] [34mcolcon.colcon_core.shell[0m [1;30mINFO[0m Skip shell extension 'powershell' for command environment: Not usable outside of PowerShell
[0.295s] [34mcolcon.colcon_core.shell[0m [1;30mDEBUG[0m [32mSkip shell extension 'dsv' for command environment[0m
[0.305s] [34mcolcon.colcon_core.event_handler.log_command[0m [1;30mDEBUG[0m [32mInvoking command in '/home/lxf/Desktop/ROS/12.turtle_control/build/turtle_control_interfaces': CMAKE_PREFIX_PATH=/opt/ros/humble /usr/bin/cmake --build /home/lxf/Desktop/ROS/12.turtle_control/build/turtle_control_interfaces -- -j16 -l16[0m
[0.742s] [34mcolcon.colcon_core.event_handler.log_command[0m [1;30mDEBUG[0m [32mInvoked command in '/home/lxf/Desktop/ROS/12.turtle_control/build/turtle_control_interfaces' returned '0': CMAKE_PREFIX_PATH=/opt/ros/humble /usr/bin/cmake --build /home/lxf/Desktop/ROS/12.turtle_control/build/turtle_control_interfaces -- -j16 -l16[0m
[0.753s] [34mcolcon.colcon_core.event_handler.log_command[0m [1;30mDEBUG[0m [32mInvoking command in '/home/lxf/Desktop/ROS/12.turtle_control/build/turtle_control_interfaces': CMAKE_PREFIX_PATH=/opt/ros/humble /usr/bin/cmake --install /home/lxf/Desktop/ROS/12.turtle_control/build/turtle_control_interfaces[0m
[0.802s] [34mcolcon.colcon_core.environment[0m [1;30mLevel 1[0m create_environment_scripts_only(turtle_control_interfaces)
[0.803s] [34mcolcon.colcon_core.event_handler.log_command[0m [1;30mDEBUG[0m [32mInvoked command in '/home/lxf/Desktop/ROS/12.turtle_control/build/turtle_control_interfaces' returned '0': CMAKE_PREFIX_PATH=/opt/ros/humble /usr/bin/cmake --install /home/lxf/Desktop/ROS/12.turtle_control/build/turtle_control_interfaces[0m
[0.808s] [34mcolcon.colcon_core.environment[0m [1;30mLevel 1[0m checking '/home/lxf/Desktop/ROS/12.turtle_control/install/turtle_control_interfaces' for CMake module files
[0.809s] [34mcolcon.colcon_core.environment[0m [1;30mLevel 1[0m checking '/home/lxf/Desktop/ROS/12.turtle_control/install/turtle_control_interfaces' for CMake config files
[0.810s] [34mcolcon.colcon_core.shell[0m [1;30mLevel 1[0m create_environment_hook('turtle_control_interfaces', 'cmake_prefix_path')
[0.811s] [34mcolcon.colcon_core.shell[0m [1;30mINFO[0m Creating environment hook '/home/lxf/Desktop/ROS/12.turtle_control/install/turtle_control_interfaces/share/turtle_control_interfaces/hook/cmake_prefix_path.ps1'
[0.812s] [34mcolcon.colcon_core.shell[0m [1;30mINFO[0m Creating environment descriptor '/home/lxf/Desktop/ROS/12.turtle_control/install/turtle_control_interfaces/share/turtle_control_interfaces/hook/cmake_prefix_path.dsv'
[0.813s] [34mcolcon.colcon_core.shell[0m [1;30mINFO[0m Creating environment hook '/home/lxf/Desktop/ROS/12.turtle_control/install/turtle_control_interfaces/share/turtle_control_interfaces/hook/cmake_prefix_path.sh'
[0.814s] [34mcolcon.colcon_core.environment[0m [1;30mLevel 1[0m checking '/home/lxf/Desktop/ROS/12.turtle_control/install/turtle_control_interfaces/lib'
[0.814s] [34mcolcon.colcon_core.shell[0m [1;30mLevel 1[0m create_environment_hook('turtle_control_interfaces', 'ld_library_path_lib')
[0.815s] [34mcolcon.colcon_core.shell[0m [1;30mINFO[0m Creating environment hook '/home/lxf/Desktop/ROS/12.turtle_control/install/turtle_control_interfaces/share/turtle_control_interfaces/hook/ld_library_path_lib.ps1'
[0.815s] [34mcolcon.colcon_core.shell[0m [1;30mINFO[0m Creating environment descriptor '/home/lxf/Desktop/ROS/12.turtle_control/install/turtle_control_interfaces/share/turtle_control_interfaces/hook/ld_library_path_lib.dsv'
[0.815s] [34mcolcon.colcon_core.shell[0m [1;30mINFO[0m Creating environment hook '/home/lxf/Desktop/ROS/12.turtle_control/install/turtle_control_interfaces/share/turtle_control_interfaces/hook/ld_library_path_lib.sh'
[0.815s] [34mcolcon.colcon_core.environment[0m [1;30mLevel 1[0m checking '/home/lxf/Desktop/ROS/12.turtle_control/install/turtle_control_interfaces/bin'
[0.816s] [34mcolcon.colcon_core.environment[0m [1;30mLevel 1[0m checking '/home/lxf/Desktop/ROS/12.turtle_control/install/turtle_control_interfaces/lib/pkgconfig/turtle_control_interfaces.pc'
[0.816s] [34mcolcon.colcon_core.environment[0m [1;30mLevel 1[0m checking '/home/lxf/Desktop/ROS/12.turtle_control/install/turtle_control_interfaces/lib/python3.10/site-packages'
[0.816s] [34mcolcon.colcon_core.environment[0m [1;30mLevel 1[0m checking '/home/lxf/Desktop/ROS/12.turtle_control/install/turtle_control_interfaces/bin'
[0.816s] [34mcolcon.colcon_core.shell[0m [1;30mINFO[0m Creating package script '/home/lxf/Desktop/ROS/12.turtle_control/install/turtle_control_interfaces/share/turtle_control_interfaces/package.ps1'
[0.817s] [34mcolcon.colcon_core.shell[0m [1;30mINFO[0m Creating package descriptor '/home/lxf/Desktop/ROS/12.turtle_control/install/turtle_control_interfaces/share/turtle_control_interfaces/package.dsv'
[0.818s] [34mcolcon.colcon_core.shell[0m [1;30mINFO[0m Creating package script '/home/lxf/Desktop/ROS/12.turtle_control/install/turtle_control_interfaces/share/turtle_control_interfaces/package.sh'
[0.818s] [34mcolcon.colcon_core.shell[0m [1;30mINFO[0m Creating package script '/home/lxf/Desktop/ROS/12.turtle_control/install/turtle_control_interfaces/share/turtle_control_interfaces/package.bash'
[0.819s] [34mcolcon.colcon_core.shell[0m [1;30mINFO[0m Creating package script '/home/lxf/Desktop/ROS/12.turtle_control/install/turtle_control_interfaces/share/turtle_control_interfaces/package.zsh'
[0.820s] [34mcolcon.colcon_core.environment[0m [1;30mLevel 1[0m create_file_with_runtime_dependencies(/home/lxf/Desktop/ROS/12.turtle_control/install/turtle_control_interfaces/share/colcon-core/packages/turtle_control_interfaces)
[0.820s] [34mcolcon.colcon_core.environment[0m [1;30mLevel 1[0m create_environment_scripts_only(turtle_control_interfaces)
[0.820s] [34mcolcon.colcon_core.environment[0m [1;30mLevel 1[0m checking '/home/lxf/Desktop/ROS/12.turtle_control/install/turtle_control_interfaces' for CMake module files
[0.821s] [34mcolcon.colcon_core.environment[0m [1;30mLevel 1[0m checking '/home/lxf/Desktop/ROS/12.turtle_control/install/turtle_control_interfaces' for CMake config files
[0.821s] [34mcolcon.colcon_core.shell[0m [1;30mLevel 1[0m create_environment_hook('turtle_control_interfaces', 'cmake_prefix_path')
[0.821s] [34mcolcon.colcon_core.shell[0m [1;30mINFO[0m Creating environment hook '/home/lxf/Desktop/ROS/12.turtle_control/install/turtle_control_interfaces/share/turtle_control_interfaces/hook/cmake_prefix_path.ps1'
[0.821s] [34mcolcon.colcon_core.shell[0m [1;30mINFO[0m Creating environment descriptor '/home/lxf/Desktop/ROS/12.turtle_control/install/turtle_control_interfaces/share/turtle_control_interfaces/hook/cmake_prefix_path.dsv'
[0.822s] [34mcolcon.colcon_core.shell[0m [1;30mINFO[0m Creating environment hook '/home/lxf/Desktop/ROS/12.turtle_control/install/turtle_control_interfaces/share/turtle_control_interfaces/hook/cmake_prefix_path.sh'
[0.822s] [34mcolcon.colcon_core.environment[0m [1;30mLevel 1[0m checking '/home/lxf/Desktop/ROS/12.turtle_control/install/turtle_control_interfaces/lib'
[0.822s] [34mcolcon.colcon_core.shell[0m [1;30mLevel 1[0m create_environment_hook('turtle_control_interfaces', 'ld_library_path_lib')
[0.822s] [34mcolcon.colcon_core.shell[0m [1;30mINFO[0m Creating environment hook '/home/lxf/Desktop/ROS/12.turtle_control/install/turtle_control_interfaces/share/turtle_control_interfaces/hook/ld_library_path_lib.ps1'
[0.822s] [34mcolcon.colcon_core.shell[0m [1;30mINFO[0m Creating environment descriptor '/home/lxf/Desktop/ROS/12.turtle_control/install/turtle_control_interfaces/share/turtle_control_interfaces/hook/ld_library_path_lib.dsv'
[0.823s] [34mcolcon.colcon_core.shell[0m [1;30mINFO[0m Creating environment hook '/home/lxf/Desktop/ROS/12.turtle_control/install/turtle_control_interfaces/share/turtle_control_interfaces/hook/ld_library_path_lib.sh'
[0.823s] [34mcolcon.colcon_core.environment[0m [1;30mLevel 1[0m checking '/home/lxf/Desktop/ROS/12.turtle_control/install/turtle_control_interfaces/bin'
[0.823s] [34mcolcon.colcon_core.environment[0m [1;30mLevel 1[0m checking '/home/lxf/Desktop/ROS/12.turtle_control/install/turtle_control_interfaces/lib/pkgconfig/turtle_control_interfaces.pc'
[0.823s] [34mcolcon.colcon_core.environment[0m [1;30mLevel 1[0m checking '/home/lxf/Desktop/ROS/12.turtle_control/install/turtle_control_interfaces/lib/python3.10/site-packages'
[0.823s] [34mcolcon.colcon_core.environment[0m [1;30mLevel 1[0m checking '/home/lxf/Desktop/ROS/12.turtle_control/install/turtle_control_interfaces/bin'
[0.824s] [34mcolcon.colcon_core.shell[0m [1;30mINFO[0m Creating package script '/home/lxf/Desktop/ROS/12.turtle_control/install/turtle_control_interfaces/share/turtle_control_interfaces/package.ps1'
[0.824s] [34mcolcon.colcon_core.shell[0m [1;30mINFO[0m Creating package descriptor '/home/lxf/Desktop/ROS/12.turtle_control/install/turtle_control_interfaces/share/turtle_control_interfaces/package.dsv'
[0.825s] [34mcolcon.colcon_core.shell[0m [1;30mINFO[0m Creating package script '/home/lxf/Desktop/ROS/12.turtle_control/install/turtle_control_interfaces/share/turtle_control_interfaces/package.sh'
[0.825s] [34mcolcon.colcon_core.shell[0m [1;30mINFO[0m Creating package script '/home/lxf/Desktop/ROS/12.turtle_control/install/turtle_control_interfaces/share/turtle_control_interfaces/package.bash'
[0.825s] [34mcolcon.colcon_core.shell[0m [1;30mINFO[0m Creating package script '/home/lxf/Desktop/ROS/12.turtle_control/install/turtle_control_interfaces/share/turtle_control_interfaces/package.zsh'
[0.826s] [34mcolcon.colcon_core.environment[0m [1;30mLevel 1[0m create_file_with_runtime_dependencies(/home/lxf/Desktop/ROS/12.turtle_control/install/turtle_control_interfaces/share/colcon-core/packages/turtle_control_interfaces)
[0.826s] [34mcolcon.colcon_ros.task.ament_cmake.build[0m [1;30mINFO[0m Building ROS package in '/home/lxf/Desktop/ROS/12.turtle_control/src/demo_cpp_turtle_control_service' with build type 'ament_cmake'
[0.826s] [34mcolcon.colcon_cmake.task.cmake.build[0m [1;30mINFO[0m Building CMake package in '/home/lxf/Desktop/ROS/12.turtle_control/src/demo_cpp_turtle_control_service'
[0.826s] [34mcolcon.colcon_core.shell[0m [1;30mINFO[0m Skip shell extension 'powershell' for command environment: Not usable outside of PowerShell
[0.826s] [34mcolcon.colcon_core.shell[0m [1;30mDEBUG[0m [32mSkip shell extension 'dsv' for command environment[0m
[0.837s] [34mcolcon.colcon_core.event_handler.log_command[0m [1;30mDEBUG[0m [32mInvoking command in '/home/lxf/Desktop/ROS/12.turtle_control/build/demo_cpp_turtle_control_service': AMENT_PREFIX_PATH=/home/lxf/Desktop/ROS/12.turtle_control/install/turtle_control_interfaces:${AMENT_PREFIX_PATH} CMAKE_PREFIX_PATH=/home/lxf/Desktop/ROS/12.turtle_control/install/turtle_control_interfaces:/opt/ros/humble LD_LIBRARY_PATH=/home/lxf/Desktop/ROS/12.turtle_control/install/turtle_control_interfaces/lib:${LD_LIBRARY_PATH} PYTHONPATH=/home/lxf/Desktop/ROS/12.turtle_control/install/turtle_control_interfaces/local/lib/python3.10/dist-packages:${PYTHONPATH} /usr/bin/cmake --build /home/lxf/Desktop/ROS/12.turtle_control/build/demo_cpp_turtle_control_service -- -j16 -l16[0m
[8.370s] [34mcolcon.colcon_core.event_handler.log_command[0m [1;30mDEBUG[0m [32mInvoked command in '/home/lxf/Desktop/ROS/12.turtle_control/build/demo_cpp_turtle_control_service' returned '0': AMENT_PREFIX_PATH=/home/lxf/Desktop/ROS/12.turtle_control/install/turtle_control_interfaces:${AMENT_PREFIX_PATH} CMAKE_PREFIX_PATH=/home/lxf/Desktop/ROS/12.turtle_control/install/turtle_control_interfaces:/opt/ros/humble LD_LIBRARY_PATH=/home/lxf/Desktop/ROS/12.turtle_control/install/turtle_control_interfaces/lib:${LD_LIBRARY_PATH} PYTHONPATH=/home/lxf/Desktop/ROS/12.turtle_control/install/turtle_control_interfaces/local/lib/python3.10/dist-packages:${PYTHONPATH} /usr/bin/cmake --build /home/lxf/Desktop/ROS/12.turtle_control/build/demo_cpp_turtle_control_service -- -j16 -l16[0m
[8.372s] [34mcolcon.colcon_core.event_handler.log_command[0m [1;30mDEBUG[0m [32mInvoking command in '/home/lxf/Desktop/ROS/12.turtle_control/build/demo_cpp_turtle_control_service': AMENT_PREFIX_PATH=/home/lxf/Desktop/ROS/12.turtle_control/install/turtle_control_interfaces:${AMENT_PREFIX_PATH} CMAKE_PREFIX_PATH=/home/lxf/Desktop/ROS/12.turtle_control/install/turtle_control_interfaces:/opt/ros/humble LD_LIBRARY_PATH=/home/lxf/Desktop/ROS/12.turtle_control/install/turtle_control_interfaces/lib:${LD_LIBRARY_PATH} PYTHONPATH=/home/lxf/Desktop/ROS/12.turtle_control/install/turtle_control_interfaces/local/lib/python3.10/dist-packages:${PYTHONPATH} /usr/bin/cmake --install /home/lxf/Desktop/ROS/12.turtle_control/build/demo_cpp_turtle_control_service[0m
[8.393s] [34mcolcon.colcon_core.environment[0m [1;30mLevel 1[0m create_environment_scripts_only(demo_cpp_turtle_control_service)
[8.394s] [34mcolcon.colcon_core.event_handler.log_command[0m [1;30mDEBUG[0m [32mInvoked command in '/home/lxf/Desktop/ROS/12.turtle_control/build/demo_cpp_turtle_control_service' returned '0': AMENT_PREFIX_PATH=/home/lxf/Desktop/ROS/12.turtle_control/install/turtle_control_interfaces:${AMENT_PREFIX_PATH} CMAKE_PREFIX_PATH=/home/lxf/Desktop/ROS/12.turtle_control/install/turtle_control_interfaces:/opt/ros/humble LD_LIBRARY_PATH=/home/lxf/Desktop/ROS/12.turtle_control/install/turtle_control_interfaces/lib:${LD_LIBRARY_PATH} PYTHONPATH=/home/lxf/Desktop/ROS/12.turtle_control/install/turtle_control_interfaces/local/lib/python3.10/dist-packages:${PYTHONPATH} /usr/bin/cmake --install /home/lxf/Desktop/ROS/12.turtle_control/build/demo_cpp_turtle_control_service[0m
[8.394s] [34mcolcon.colcon_core.environment[0m [1;30mLevel 1[0m checking '/home/lxf/Desktop/ROS/12.turtle_control/install/demo_cpp_turtle_control_service' for CMake module files
[8.395s] [34mcolcon.colcon_core.environment[0m [1;30mLevel 1[0m checking '/home/lxf/Desktop/ROS/12.turtle_control/install/demo_cpp_turtle_control_service' for CMake config files
[8.395s] [34mcolcon.colcon_core.shell[0m [1;30mLevel 1[0m create_environment_hook('demo_cpp_turtle_control_service', 'cmake_prefix_path')
[8.395s] [34mcolcon.colcon_core.shell[0m [1;30mINFO[0m Creating environment hook '/home/lxf/Desktop/ROS/12.turtle_control/install/demo_cpp_turtle_control_service/share/demo_cpp_turtle_control_service/hook/cmake_prefix_path.ps1'
[8.395s] [34mcolcon.colcon_core.shell[0m [1;30mINFO[0m Creating environment descriptor '/home/lxf/Desktop/ROS/12.turtle_control/install/demo_cpp_turtle_control_service/share/demo_cpp_turtle_control_service/hook/cmake_prefix_path.dsv'
[8.396s] [34mcolcon.colcon_core.shell[0m [1;30mINFO[0m Creating environment hook '/home/lxf/Desktop/ROS/12.turtle_control/install/demo_cpp_turtle_control_service/share/demo_cpp_turtle_control_service/hook/cmake_prefix_path.sh'
[8.396s] [34mcolcon.colcon_core.environment[0m [1;30mLevel 1[0m checking '/home/lxf/Desktop/ROS/12.turtle_control/install/demo_cpp_turtle_control_service/lib'
[8.396s] [34mcolcon.colcon_core.environment[0m [1;30mLevel 1[0m checking '/home/lxf/Desktop/ROS/12.turtle_control/install/demo_cpp_turtle_control_service/bin'
[8.396s] [34mcolcon.colcon_core.environment[0m [1;30mLevel 1[0m checking '/home/lxf/Desktop/ROS/12.turtle_control/install/demo_cpp_turtle_control_service/lib/pkgconfig/demo_cpp_turtle_control_service.pc'
[8.396s] [34mcolcon.colcon_core.environment[0m [1;30mLevel 1[0m checking '/home/lxf/Desktop/ROS/12.turtle_control/install/demo_cpp_turtle_control_service/lib/python3.10/site-packages'
[8.397s] [34mcolcon.colcon_core.environment[0m [1;30mLevel 1[0m checking '/home/lxf/Desktop/ROS/12.turtle_control/install/demo_cpp_turtle_control_service/bin'
[8.397s] [34mcolcon.colcon_core.shell[0m [1;30mINFO[0m Creating package script '/home/lxf/Desktop/ROS/12.turtle_control/install/demo_cpp_turtle_control_service/share/demo_cpp_turtle_control_service/package.ps1'
[8.397s] [34mcolcon.colcon_core.shell[0m [1;30mINFO[0m Creating package descriptor '/home/lxf/Desktop/ROS/12.turtle_control/install/demo_cpp_turtle_control_service/share/demo_cpp_turtle_control_service/package.dsv'
[8.398s] [34mcolcon.colcon_core.shell[0m [1;30mINFO[0m Creating package script '/home/lxf/Desktop/ROS/12.turtle_control/install/demo_cpp_turtle_control_service/share/demo_cpp_turtle_control_service/package.sh'
[8.398s] [34mcolcon.colcon_core.shell[0m [1;30mINFO[0m Creating package script '/home/lxf/Desktop/ROS/12.turtle_control/install/demo_cpp_turtle_control_service/share/demo_cpp_turtle_control_service/package.bash'
[8.398s] [34mcolcon.colcon_core.shell[0m [1;30mINFO[0m Creating package script '/home/lxf/Desktop/ROS/12.turtle_control/install/demo_cpp_turtle_control_service/share/demo_cpp_turtle_control_service/package.zsh'
[8.398s] [34mcolcon.colcon_core.environment[0m [1;30mLevel 1[0m create_file_with_runtime_dependencies(/home/lxf/Desktop/ROS/12.turtle_control/install/demo_cpp_turtle_control_service/share/colcon-core/packages/demo_cpp_turtle_control_service)
[8.399s] [34mcolcon.colcon_core.environment[0m [1;30mLevel 1[0m create_environment_scripts_only(demo_cpp_turtle_control_service)
[8.399s] [34mcolcon.colcon_core.environment[0m [1;30mLevel 1[0m checking '/home/lxf/Desktop/ROS/12.turtle_control/install/demo_cpp_turtle_control_service' for CMake module files
[8.399s] [34mcolcon.colcon_core.environment[0m [1;30mLevel 1[0m checking '/home/lxf/Desktop/ROS/12.turtle_control/install/demo_cpp_turtle_control_service' for CMake config files
[8.399s] [34mcolcon.colcon_core.shell[0m [1;30mLevel 1[0m create_environment_hook('demo_cpp_turtle_control_service', 'cmake_prefix_path')
[8.399s] [34mcolcon.colcon_core.shell[0m [1;30mINFO[0m Creating environment hook '/home/lxf/Desktop/ROS/12.turtle_control/install/demo_cpp_turtle_control_service/share/demo_cpp_turtle_control_service/hook/cmake_prefix_path.ps1'
[8.399s] [34mcolcon.colcon_core.shell[0m [1;30mINFO[0m Creating environment descriptor '/home/lxf/Desktop/ROS/12.turtle_control/install/demo_cpp_turtle_control_service/share/demo_cpp_turtle_control_service/hook/cmake_prefix_path.dsv'
[8.400s] [34mcolcon.colcon_core.shell[0m [1;30mINFO[0m Creating environment hook '/home/lxf/Desktop/ROS/12.turtle_control/install/demo_cpp_turtle_control_service/share/demo_cpp_turtle_control_service/hook/cmake_prefix_path.sh'
[8.400s] [34mcolcon.colcon_core.environment[0m [1;30mLevel 1[0m checking '/home/lxf/Desktop/ROS/12.turtle_control/install/demo_cpp_turtle_control_service/lib'
[8.400s] [34mcolcon.colcon_core.environment[0m [1;30mLevel 1[0m checking '/home/lxf/Desktop/ROS/12.turtle_control/install/demo_cpp_turtle_control_service/bin'
[8.400s] [34mcolcon.colcon_core.environment[0m [1;30mLevel 1[0m checking '/home/lxf/Desktop/ROS/12.turtle_control/install/demo_cpp_turtle_control_service/lib/pkgconfig/demo_cpp_turtle_control_service.pc'
[8.400s] [34mcolcon.colcon_core.environment[0m [1;30mLevel 1[0m checking '/home/lxf/Desktop/ROS/12.turtle_control/install/demo_cpp_turtle_control_service/lib/python3.10/site-packages'
[8.401s] [34mcolcon.colcon_core.environment[0m [1;30mLevel 1[0m checking '/home/lxf/Desktop/ROS/12.turtle_control/install/demo_cpp_turtle_control_service/bin'
[8.401s] [34mcolcon.colcon_core.shell[0m [1;30mINFO[0m Creating package script '/home/lxf/Desktop/ROS/12.turtle_control/install/demo_cpp_turtle_control_service/share/demo_cpp_turtle_control_service/package.ps1'
[8.401s] [34mcolcon.colcon_core.shell[0m [1;30mINFO[0m Creating package descriptor '/home/lxf/Desktop/ROS/12.turtle_control/install/demo_cpp_turtle_control_service/share/demo_cpp_turtle_control_service/package.dsv'
[8.401s] [34mcolcon.colcon_core.shell[0m [1;30mINFO[0m Creating package script '/home/lxf/Desktop/ROS/12.turtle_control/install/demo_cpp_turtle_control_service/share/demo_cpp_turtle_control_service/package.sh'
[8.402s] [34mcolcon.colcon_core.shell[0m [1;30mINFO[0m Creating package script '/home/lxf/Desktop/ROS/12.turtle_control/install/demo_cpp_turtle_control_service/share/demo_cpp_turtle_control_service/package.bash'
[8.402s] [34mcolcon.colcon_core.shell[0m [1;30mINFO[0m Creating package script '/home/lxf/Desktop/ROS/12.turtle_control/install/demo_cpp_turtle_control_service/share/demo_cpp_turtle_control_service/package.zsh'
[8.402s] [34mcolcon.colcon_core.environment[0m [1;30mLevel 1[0m create_file_with_runtime_dependencies(/home/lxf/Desktop/ROS/12.turtle_control/install/demo_cpp_turtle_control_service/share/colcon-core/packages/demo_cpp_turtle_control_service)
[8.402s] [34mcolcon.colcon_parallel_executor.executor.parallel[0m [1;30mDEBUG[0m [32mclosing loop[0m
[8.402s] [34mcolcon.colcon_parallel_executor.executor.parallel[0m [1;30mDEBUG[0m [32mloop closed[0m
[8.402s] [34mcolcon.colcon_parallel_executor.executor.parallel[0m [1;30mDEBUG[0m [32mrun_until_complete finished with '0'[0m
[8.402s] [34mcolcon.colcon_core.event_reactor[0m [1;30mDEBUG[0m [32mjoining thread[0m
[8.406s] [34mcolcon.colcon_core.plugin_system[0m [1;30mINFO[0m Skipping extension 'colcon_notification.desktop_notification.terminal_notifier': Not used on non-Darwin systems
[8.406s] [34mcolcon.colcon_core.plugin_system[0m [1;30mINFO[0m Skipping extension 'colcon_notification.desktop_notification.win32': Not used on non-Windows systems
[8.406s] [34mcolcon.colcon_notification.desktop_notification[0m [1;30mINFO[0m Sending desktop notification using 'notify2'
[8.436s] [34mcolcon.colcon_core.event_reactor[0m [1;30mDEBUG[0m [32mjoined thread[0m
[8.437s] [34mcolcon.colcon_core.shell[0m [1;30mINFO[0m Creating prefix script '/home/lxf/Desktop/ROS/12.turtle_control/install/local_setup.ps1'
[8.442s] [34mcolcon.colcon_core.shell[0m [1;30mINFO[0m Creating prefix util module '/home/lxf/Desktop/ROS/12.turtle_control/install/_local_setup_util_ps1.py'
[8.446s] [34mcolcon.colcon_core.shell[0m [1;30mINFO[0m Creating prefix chain script '/home/lxf/Desktop/ROS/12.turtle_control/install/setup.ps1'
[8.448s] [34mcolcon.colcon_core.shell[0m [1;30mINFO[0m Creating prefix script '/home/lxf/Desktop/ROS/12.turtle_control/install/local_setup.sh'
[8.450s] [34mcolcon.colcon_core.shell[0m [1;30mINFO[0m Creating prefix util module '/home/lxf/Desktop/ROS/12.turtle_control/install/_local_setup_util_sh.py'
[8.451s] [34mcolcon.colcon_core.shell[0m [1;30mINFO[0m Creating prefix chain script '/home/lxf/Desktop/ROS/12.turtle_control/install/setup.sh'
[8.454s] [34mcolcon.colcon_core.shell[0m [1;30mINFO[0m Creating prefix script '/home/lxf/Desktop/ROS/12.turtle_control/install/local_setup.bash'
[8.455s] [34mcolcon.colcon_core.shell[0m [1;30mINFO[0m Creating prefix chain script '/home/lxf/Desktop/ROS/12.turtle_control/install/setup.bash'
[8.457s] [34mcolcon.colcon_core.shell[0m [1;30mINFO[0m Creating prefix script '/home/lxf/Desktop/ROS/12.turtle_control/install/local_setup.zsh'
[8.458s] [34mcolcon.colcon_core.shell[0m [1;30mINFO[0m Creating prefix chain script '/home/lxf/Desktop/ROS/12.turtle_control/install/setup.zsh'
