[0.006s] Invoking command in '/home/lxf/Desktop/ROS/18.demo_cpp_tf/build/demo_cpp_tf': CMAKE_PREFIX_PATH=${CMAKE_PREFIX_PATH}:/opt/ros/humble /usr/bin/cmake --build /home/lxf/Desktop/ROS/18.demo_cpp_tf/build/demo_cpp_tf -- -j16 -l16
[0.026s] -- Found ament_cmake: 1.3.12 (/opt/ros/humble/share/ament_cmake/cmake)
[0.113s] -- Found rclcpp: 16.0.17 (/opt/ros/humble/share/rclcpp/cmake)
[0.131s] -- Found rosidl_generator_c: 3.1.8 (/opt/ros/humble/share/rosidl_generator_c/cmake)
[0.132s] -- Found rosidl_adapter: 3.1.8 (/opt/ros/humble/share/rosidl_adapter/cmake)
[0.136s] -- Found rosidl_generator_cpp: 3.1.8 (/opt/ros/humble/share/rosidl_generator_cpp/cmake)
[0.142s] -- Using all available rosidl_typesupport_c: rosidl_typesupport_fastrtps_c;rosidl_typesupport_introspection_c
[0.150s] -- Using all available rosidl_typesupport_cpp: rosidl_typesupport_fastrtps_cpp;rosidl_typesupport_introspection_cpp
[0.170s] -- Found rmw_implementation_cmake: 6.1.2 (/opt/ros/humble/share/rmw_implementation_cmake/cmake)
[0.171s] -- Found rmw_fastrtps_cpp: 6.2.9 (/opt/ros/humble/share/rmw_fastrtps_cpp/cmake)
[0.237s] -- Using RMW implementation 'rmw_fastrtps_cpp' as default
[0.268s] -- Found tf2: 0.25.18 (/opt/ros/humble/share/tf2/cmake)
[0.278s] -- Found tf2_ros: 0.25.18 (/opt/ros/humble/share/tf2_ros/cmake)
[0.328s] -- Found tf2_geometry_msgs: 0.25.18 (/opt/ros/humble/share/tf2_geometry_msgs/cmake)
[0.330s] -- Found eigen3_cmake_module: 0.1.1 (/opt/ros/humble/share/eigen3_cmake_module/cmake)
[0.331s] -- Ensuring Eigen3 include directory is part of orocos-kdl CMake target
[0.332s] -- Found ament_lint_auto: 0.12.14 (/opt/ros/humble/share/ament_lint_auto/cmake)
[0.377s] -- Added test 'cppcheck' to perform static code analysis on C / C++ code
[0.377s] -- Configured cppcheck include dirs: 
[0.377s] -- Configured cppcheck exclude dirs and/or files: 
[0.377s] -- Added test 'lint_cmake' to check CMake code style
[0.378s] -- Added test 'uncrustify' to check C / C++ code style
[0.378s] -- Configured uncrustify additional arguments: 
[0.378s] -- Added test 'xmllint' to check XML markup files
[0.378s] -- Configuring done
[0.385s] -- Generating done
[0.387s] -- Build files have been written to: /home/lxf/Desktop/ROS/18.demo_cpp_tf/build/demo_cpp_tf
[0.406s] [35m[1mConsolidate compiler generated dependencies of target static_tf_broadcaster[0m
[0.423s] [100%] Built target static_tf_broadcaster
[0.439s] Invoked command in '/home/lxf/Desktop/ROS/18.demo_cpp_tf/build/demo_cpp_tf' returned '0': CMAKE_PREFIX_PATH=${CMAKE_PREFIX_PATH}:/opt/ros/humble /usr/bin/cmake --build /home/lxf/Desktop/ROS/18.demo_cpp_tf/build/demo_cpp_tf -- -j16 -l16
[0.450s] Invoking command in '/home/lxf/Desktop/ROS/18.demo_cpp_tf/build/demo_cpp_tf': CMAKE_PREFIX_PATH=${CMAKE_PREFIX_PATH}:/opt/ros/humble /usr/bin/cmake --install /home/lxf/Desktop/ROS/18.demo_cpp_tf/build/demo_cpp_tf
[0.455s] -- Install configuration: ""
[0.455s] -- Up-to-date: /home/lxf/Desktop/ROS/18.demo_cpp_tf/install/demo_cpp_tf/lib/demo_cpp_tf/static_tf_broadcaster
[0.455s] -- Up-to-date: /home/lxf/Desktop/ROS/18.demo_cpp_tf/install/demo_cpp_tf/share/ament_index/resource_index/package_run_dependencies/demo_cpp_tf
[0.455s] -- Up-to-date: /home/lxf/Desktop/ROS/18.demo_cpp_tf/install/demo_cpp_tf/share/ament_index/resource_index/parent_prefix_path/demo_cpp_tf
[0.455s] -- Up-to-date: /home/lxf/Desktop/ROS/18.demo_cpp_tf/install/demo_cpp_tf/share/demo_cpp_tf/environment/ament_prefix_path.sh
[0.455s] -- Installing: /home/lxf/Desktop/ROS/18.demo_cpp_tf/install/demo_cpp_tf/share/demo_cpp_tf/environment/ament_prefix_path.dsv
[0.456s] -- Up-to-date: /home/lxf/Desktop/ROS/18.demo_cpp_tf/install/demo_cpp_tf/share/demo_cpp_tf/environment/path.sh
[0.456s] -- Installing: /home/lxf/Desktop/ROS/18.demo_cpp_tf/install/demo_cpp_tf/share/demo_cpp_tf/environment/path.dsv
[0.456s] -- Up-to-date: /home/lxf/Desktop/ROS/18.demo_cpp_tf/install/demo_cpp_tf/share/demo_cpp_tf/local_setup.bash
[0.456s] -- Up-to-date: /home/lxf/Desktop/ROS/18.demo_cpp_tf/install/demo_cpp_tf/share/demo_cpp_tf/local_setup.sh
[0.456s] -- Up-to-date: /home/lxf/Desktop/ROS/18.demo_cpp_tf/install/demo_cpp_tf/share/demo_cpp_tf/local_setup.zsh
[0.456s] -- Installing: /home/lxf/Desktop/ROS/18.demo_cpp_tf/install/demo_cpp_tf/share/demo_cpp_tf/local_setup.dsv
[0.456s] -- Installing: /home/lxf/Desktop/ROS/18.demo_cpp_tf/install/demo_cpp_tf/share/demo_cpp_tf/package.dsv
[0.456s] -- Up-to-date: /home/lxf/Desktop/ROS/18.demo_cpp_tf/install/demo_cpp_tf/share/ament_index/resource_index/packages/demo_cpp_tf
[0.456s] -- Up-to-date: /home/lxf/Desktop/ROS/18.demo_cpp_tf/install/demo_cpp_tf/share/demo_cpp_tf/cmake/demo_cpp_tfConfig.cmake
[0.456s] -- Up-to-date: /home/lxf/Desktop/ROS/18.demo_cpp_tf/install/demo_cpp_tf/share/demo_cpp_tf/cmake/demo_cpp_tfConfig-version.cmake
[0.457s] -- Up-to-date: /home/lxf/Desktop/ROS/18.demo_cpp_tf/install/demo_cpp_tf/share/demo_cpp_tf/package.xml
[0.458s] Invoked command in '/home/lxf/Desktop/ROS/18.demo_cpp_tf/build/demo_cpp_tf' returned '0': CMAKE_PREFIX_PATH=${CMAKE_PREFIX_PATH}:/opt/ros/humble /usr/bin/cmake --install /home/lxf/Desktop/ROS/18.demo_cpp_tf/build/demo_cpp_tf
