[0.009s] Invoking command in '/home/lxf/Desktop/ROS/12.turtle_control/build/demo_cpp_turtle_control_service': CMAKE_PREFIX_PATH=/opt/ros/humble /usr/bin/cmake /home/lxf/Desktop/ROS/12.turtle_control/src/demo_cpp_turtle_control_service -DCMAKE_INSTALL_PREFIX=/home/lxf/Desktop/ROS/12.turtle_control/install/demo_cpp_turtle_control_service
[0.086s] -- The C compiler identification is GNU 11.4.0
[0.142s] -- The CXX compiler identification is GNU 11.4.0
[0.152s] -- Detecting C compiler ABI info
[0.248s] -- Detecting C compiler ABI info - done
[0.261s] -- Check for working C compiler: /usr/bin/cc - skipped
[0.262s] -- Detecting C compile features
[0.262s] -- Detecting C compile features - done
[0.265s] -- Detecting CXX compiler ABI info
[0.356s] -- Detecting CXX compiler ABI info - done
[0.363s] -- Check for working CXX compiler: /usr/bin/c++ - skipped
[0.363s] -- Detecting CXX compile features
[0.364s] -- Detecting CXX compile features - done
[0.367s] -- Found ament_cmake: 1.3.12 (/opt/ros/humble/share/ament_cmake/cmake)
[0.526s] -- Found Python3: /usr/bin/python3 (found version "3.10.12") found components: Interpreter 
[0.592s] -- Found rclcpp: 16.0.16 (/opt/ros/humble/share/rclcpp/cmake)
[0.632s] -- Found rosidl_generator_c: 3.1.7 (/opt/ros/humble/share/rosidl_generator_c/cmake)
[0.635s] -- Found rosidl_adapter: 3.1.7 (/opt/ros/humble/share/rosidl_adapter/cmake)
[0.641s] -- Found rosidl_generator_cpp: 3.1.7 (/opt/ros/humble/share/rosidl_generator_cpp/cmake)
[0.649s] -- Using all available rosidl_typesupport_c: rosidl_typesupport_fastrtps_c;rosidl_typesupport_introspection_c
[0.662s] -- Using all available rosidl_typesupport_cpp: rosidl_typesupport_fastrtps_cpp;rosidl_typesupport_introspection_cpp
[0.722s] -- Found rmw_implementation_cmake: 6.1.2 (/opt/ros/humble/share/rmw_implementation_cmake/cmake)
[0.726s] -- Found rmw_fastrtps_cpp: 6.2.9 (/opt/ros/humble/share/rmw_fastrtps_cpp/cmake)
[0.916s] -- Found OpenSSL: /usr/lib/x86_64-linux-gnu/libcrypto.so (found version "3.0.2")  
[0.958s] -- Found FastRTPS: /opt/ros/humble/include  
[0.990s] -- Using RMW implementation 'rmw_fastrtps_cpp' as default
[1.000s] -- Looking for pthread.h
[1.095s] -- Looking for pthread.h - found
[1.096s] -- Performing Test CMAKE_HAVE_LIBC_PTHREAD
[1.187s] -- Performing Test CMAKE_HAVE_LIBC_PTHREAD - Success
[1.189s] -- Found Threads: TRUE  
[1.274s] [31mCMake Error at CMakeLists.txt:11 (find_package):
[1.275s]   By not providing "Findgeometry_mege.cmake" in CMAKE_MODULE_PATH this
[1.275s]   project has asked CMake to find a package configuration file provided by
[1.275s]   "geometry_mege", but CMake did not find one.
[1.275s] 
[1.275s]   Could not find a package configuration file provided by "geometry_mege"
[1.275s]   with any of the following names:
[1.275s] 
[1.275s]     geometry_megeConfig.cmake
[1.275s]     geometry_mege-config.cmake
[1.275s] 
[1.276s]   Add the installation prefix of "geometry_mege" to CMAKE_PREFIX_PATH or set
[1.276s]   "geometry_mege_DIR" to a directory containing one of the above files.  If
[1.276s]   "geometry_mege" provides a separate development package or SDK, be sure it
[1.276s]   has been installed.
[1.276s] 
[1.276s] [0m
[1.276s] -- Configuring incomplete, errors occurred!
[1.276s] See also "/home/lxf/Desktop/ROS/12.turtle_control/build/demo_cpp_turtle_control_service/CMakeFiles/CMakeOutput.log".
[1.282s] Invoked command in '/home/lxf/Desktop/ROS/12.turtle_control/build/demo_cpp_turtle_control_service' returned '1': CMAKE_PREFIX_PATH=/opt/ros/humble /usr/bin/cmake /home/lxf/Desktop/ROS/12.turtle_control/src/demo_cpp_turtle_control_service -DCMAKE_INSTALL_PREFIX=/home/lxf/Desktop/ROS/12.turtle_control/install/demo_cpp_turtle_control_service
