[0.022s] Invoking command in '/home/lxf/Desktop/ROS/12.turtle_control/build/turtle_control_interfaces': CMAKE_PREFIX_PATH=/opt/ros/humble /usr/bin/cmake --build /home/lxf/Desktop/ROS/12.turtle_control/build/turtle_control_interfaces -- -j16 -l16
[0.285s] [  2%] Built target turtle_control_interfaces__cpp
[0.287s] [ 12%] Built target turtle_control_interfaces__rosidl_generator_c
[0.316s] [ 12%] Built target ament_cmake_python_copy_turtle_control_interfaces
[0.394s] [ 23%] Built target turtle_control_interfaces__rosidl_typesupport_introspection_cpp
[0.406s] [ 33%] Built target turtle_control_interfaces__rosidl_typesupport_cpp
[0.407s] [ 43%] Built target turtle_control_interfaces__rosidl_typesupport_fastrtps_cpp
[0.412s] [ 53%] Built target turtle_control_interfaces__rosidl_typesupport_introspection_c
[0.432s] [ 64%] Built target turtle_control_interfaces__rosidl_typesupport_c
[0.432s] [ 74%] Built target turtle_control_interfaces__rosidl_typesupport_fastrtps_c
[0.512s] [ 74%] Built target turtle_control_interfaces
[0.600s] [ 76%] Built target turtle_control_interfaces__py
[0.648s] [ 84%] Built target turtle_control_interfaces__rosidl_generator_py
[0.679s] [ 89%] Built target turtle_control_interfaces__rosidl_typesupport_fastrtps_c__pyext
[0.683s] [ 94%] Built target turtle_control_interfaces__rosidl_typesupport_introspection_c__pyext
[0.684s] [100%] Built target turtle_control_interfaces__rosidl_typesupport_c__pyext
[0.855s] running egg_info
[0.857s] writing turtle_control_interfaces.egg-info/PKG-INFO
[0.857s] writing dependency_links to turtle_control_interfaces.egg-info/dependency_links.txt
[0.857s] writing top-level names to turtle_control_interfaces.egg-info/top_level.txt
[0.861s] reading manifest file 'turtle_control_interfaces.egg-info/SOURCES.txt'
[0.862s] writing manifest file 'turtle_control_interfaces.egg-info/SOURCES.txt'
[0.898s] [100%] Built target ament_cmake_python_build_turtle_control_interfaces_egg
[0.915s] Invoked command in '/home/lxf/Desktop/ROS/12.turtle_control/build/turtle_control_interfaces' returned '0': CMAKE_PREFIX_PATH=/opt/ros/humble /usr/bin/cmake --build /home/lxf/Desktop/ROS/12.turtle_control/build/turtle_control_interfaces -- -j16 -l16
[0.934s] Invoking command in '/home/lxf/Desktop/ROS/12.turtle_control/build/turtle_control_interfaces': CMAKE_PREFIX_PATH=/opt/ros/humble /usr/bin/cmake --install /home/lxf/Desktop/ROS/12.turtle_control/build/turtle_control_interfaces
[0.944s] -- Install configuration: ""
[0.945s] -- Up-to-date: /home/lxf/Desktop/ROS/12.turtle_control/install/turtle_control_interfaces/share/ament_index/resource_index/rosidl_interfaces/turtle_control_interfaces
[0.945s] -- Up-to-date: /home/lxf/Desktop/ROS/12.turtle_control/install/turtle_control_interfaces/include/turtle_control_interfaces/turtle_control_interfaces
[0.945s] -- Up-to-date: /home/lxf/Desktop/ROS/12.turtle_control/install/turtle_control_interfaces/include/turtle_control_interfaces/turtle_control_interfaces/srv
[0.945s] -- Up-to-date: /home/lxf/Desktop/ROS/12.turtle_control/install/turtle_control_interfaces/include/turtle_control_interfaces/turtle_control_interfaces/srv/patrol.h
[0.945s] -- Up-to-date: /home/lxf/Desktop/ROS/12.turtle_control/install/turtle_control_interfaces/include/turtle_control_interfaces/turtle_control_interfaces/srv/detail
[0.945s] -- Up-to-date: /home/lxf/Desktop/ROS/12.turtle_control/install/turtle_control_interfaces/include/turtle_control_interfaces/turtle_control_interfaces/srv/detail/patrol__struct.h
[0.945s] -- Up-to-date: /home/lxf/Desktop/ROS/12.turtle_control/install/turtle_control_interfaces/include/turtle_control_interfaces/turtle_control_interfaces/srv/detail/face_detector__struct.h
[0.945s] -- Up-to-date: /home/lxf/Desktop/ROS/12.turtle_control/install/turtle_control_interfaces/include/turtle_control_interfaces/turtle_control_interfaces/srv/detail/patrol__type_support.h
[0.945s] -- Up-to-date: /home/lxf/Desktop/ROS/12.turtle_control/install/turtle_control_interfaces/include/turtle_control_interfaces/turtle_control_interfaces/srv/detail/patrol__functions.c
[0.945s] -- Up-to-date: /home/lxf/Desktop/ROS/12.turtle_control/install/turtle_control_interfaces/include/turtle_control_interfaces/turtle_control_interfaces/srv/detail/face_detector__functions.c
[0.945s] -- Up-to-date: /home/lxf/Desktop/ROS/12.turtle_control/install/turtle_control_interfaces/include/turtle_control_interfaces/turtle_control_interfaces/srv/detail/face_detector__type_support.h
[0.945s] -- Up-to-date: /home/lxf/Desktop/ROS/12.turtle_control/install/turtle_control_interfaces/include/turtle_control_interfaces/turtle_control_interfaces/srv/detail/patrol__functions.h
[0.946s] -- Up-to-date: /home/lxf/Desktop/ROS/12.turtle_control/install/turtle_control_interfaces/include/turtle_control_interfaces/turtle_control_interfaces/srv/detail/face_detector__functions.h
[0.946s] -- Up-to-date: /home/lxf/Desktop/ROS/12.turtle_control/install/turtle_control_interfaces/include/turtle_control_interfaces/turtle_control_interfaces/srv/face_detector.h
[0.946s] -- Up-to-date: /home/lxf/Desktop/ROS/12.turtle_control/install/turtle_control_interfaces/include/turtle_control_interfaces/turtle_control_interfaces/msg
[0.946s] -- Up-to-date: /home/lxf/Desktop/ROS/12.turtle_control/install/turtle_control_interfaces/include/turtle_control_interfaces/turtle_control_interfaces/msg/rosidl_generator_c__visibility_control.h
[0.946s] -- Up-to-date: /home/lxf/Desktop/ROS/12.turtle_control/install/turtle_control_interfaces/share/turtle_control_interfaces/environment/library_path.sh
[0.946s] -- Up-to-date: /home/lxf/Desktop/ROS/12.turtle_control/install/turtle_control_interfaces/share/turtle_control_interfaces/environment/library_path.dsv
[0.946s] -- Up-to-date: /home/lxf/Desktop/ROS/12.turtle_control/install/turtle_control_interfaces/lib/libturtle_control_interfaces__rosidl_generator_c.so
[0.946s] -- Up-to-date: /home/lxf/Desktop/ROS/12.turtle_control/install/turtle_control_interfaces/include/turtle_control_interfaces/turtle_control_interfaces
[0.946s] -- Up-to-date: /home/lxf/Desktop/ROS/12.turtle_control/install/turtle_control_interfaces/include/turtle_control_interfaces/turtle_control_interfaces/srv
[0.947s] -- Up-to-date: /home/lxf/Desktop/ROS/12.turtle_control/install/turtle_control_interfaces/include/turtle_control_interfaces/turtle_control_interfaces/srv/detail
[0.947s] -- Up-to-date: /home/lxf/Desktop/ROS/12.turtle_control/install/turtle_control_interfaces/include/turtle_control_interfaces/turtle_control_interfaces/srv/detail/patrol__rosidl_typesupport_fastrtps_c.h
[0.947s] -- Up-to-date: /home/lxf/Desktop/ROS/12.turtle_control/install/turtle_control_interfaces/include/turtle_control_interfaces/turtle_control_interfaces/srv/detail/face_detector__rosidl_typesupport_fastrtps_c.h
[0.947s] -- Up-to-date: /home/lxf/Desktop/ROS/12.turtle_control/install/turtle_control_interfaces/include/turtle_control_interfaces/turtle_control_interfaces/msg
[0.947s] -- Up-to-date: /home/lxf/Desktop/ROS/12.turtle_control/install/turtle_control_interfaces/include/turtle_control_interfaces/turtle_control_interfaces/msg/rosidl_typesupport_fastrtps_c__visibility_control.h
[0.947s] -- Up-to-date: /home/lxf/Desktop/ROS/12.turtle_control/install/turtle_control_interfaces/lib/libturtle_control_interfaces__rosidl_typesupport_fastrtps_c.so
[0.947s] -- Up-to-date: /home/lxf/Desktop/ROS/12.turtle_control/install/turtle_control_interfaces/include/turtle_control_interfaces/turtle_control_interfaces
[0.947s] -- Up-to-date: /home/lxf/Desktop/ROS/12.turtle_control/install/turtle_control_interfaces/include/turtle_control_interfaces/turtle_control_interfaces/srv
[0.947s] -- Up-to-date: /home/lxf/Desktop/ROS/12.turtle_control/install/turtle_control_interfaces/include/turtle_control_interfaces/turtle_control_interfaces/srv/detail
[0.947s] -- Up-to-date: /home/lxf/Desktop/ROS/12.turtle_control/install/turtle_control_interfaces/include/turtle_control_interfaces/turtle_control_interfaces/srv/detail/face_detector__rosidl_typesupport_introspection_c.h
[0.947s] -- Up-to-date: /home/lxf/Desktop/ROS/12.turtle_control/install/turtle_control_interfaces/include/turtle_control_interfaces/turtle_control_interfaces/srv/detail/face_detector__type_support.c
[0.947s] -- Up-to-date: /home/lxf/Desktop/ROS/12.turtle_control/install/turtle_control_interfaces/include/turtle_control_interfaces/turtle_control_interfaces/srv/detail/patrol__rosidl_typesupport_introspection_c.h
[0.947s] -- Up-to-date: /home/lxf/Desktop/ROS/12.turtle_control/install/turtle_control_interfaces/include/turtle_control_interfaces/turtle_control_interfaces/srv/detail/patrol__type_support.c
[0.948s] -- Up-to-date: /home/lxf/Desktop/ROS/12.turtle_control/install/turtle_control_interfaces/include/turtle_control_interfaces/turtle_control_interfaces/msg
[0.948s] -- Up-to-date: /home/lxf/Desktop/ROS/12.turtle_control/install/turtle_control_interfaces/include/turtle_control_interfaces/turtle_control_interfaces/msg/rosidl_typesupport_introspection_c__visibility_control.h
[0.948s] -- Up-to-date: /home/lxf/Desktop/ROS/12.turtle_control/install/turtle_control_interfaces/lib/libturtle_control_interfaces__rosidl_typesupport_introspection_c.so
[0.948s] -- Up-to-date: /home/lxf/Desktop/ROS/12.turtle_control/install/turtle_control_interfaces/lib/libturtle_control_interfaces__rosidl_typesupport_c.so
[0.948s] -- Up-to-date: /home/lxf/Desktop/ROS/12.turtle_control/install/turtle_control_interfaces/include/turtle_control_interfaces/turtle_control_interfaces
[0.949s] -- Up-to-date: /home/lxf/Desktop/ROS/12.turtle_control/install/turtle_control_interfaces/include/turtle_control_interfaces/turtle_control_interfaces/srv
[0.949s] -- Up-to-date: /home/lxf/Desktop/ROS/12.turtle_control/install/turtle_control_interfaces/include/turtle_control_interfaces/turtle_control_interfaces/srv/patrol.hpp
[0.949s] -- Up-to-date: /home/lxf/Desktop/ROS/12.turtle_control/install/turtle_control_interfaces/include/turtle_control_interfaces/turtle_control_interfaces/srv/detail
[0.949s] -- Up-to-date: /home/lxf/Desktop/ROS/12.turtle_control/install/turtle_control_interfaces/include/turtle_control_interfaces/turtle_control_interfaces/srv/detail/face_detector__traits.hpp
[0.949s] -- Up-to-date: /home/lxf/Desktop/ROS/12.turtle_control/install/turtle_control_interfaces/include/turtle_control_interfaces/turtle_control_interfaces/srv/detail/patrol__builder.hpp
[0.949s] -- Up-to-date: /home/lxf/Desktop/ROS/12.turtle_control/install/turtle_control_interfaces/include/turtle_control_interfaces/turtle_control_interfaces/srv/detail/patrol__struct.hpp
[0.950s] -- Up-to-date: /home/lxf/Desktop/ROS/12.turtle_control/install/turtle_control_interfaces/include/turtle_control_interfaces/turtle_control_interfaces/srv/detail/face_detector__type_support.hpp
[0.950s] -- Up-to-date: /home/lxf/Desktop/ROS/12.turtle_control/install/turtle_control_interfaces/include/turtle_control_interfaces/turtle_control_interfaces/srv/detail/face_detector__struct.hpp
[0.950s] -- Up-to-date: /home/lxf/Desktop/ROS/12.turtle_control/install/turtle_control_interfaces/include/turtle_control_interfaces/turtle_control_interfaces/srv/detail/face_detector__builder.hpp
[0.950s] -- Up-to-date: /home/lxf/Desktop/ROS/12.turtle_control/install/turtle_control_interfaces/include/turtle_control_interfaces/turtle_control_interfaces/srv/detail/patrol__type_support.hpp
[0.950s] -- Up-to-date: /home/lxf/Desktop/ROS/12.turtle_control/install/turtle_control_interfaces/include/turtle_control_interfaces/turtle_control_interfaces/srv/detail/patrol__traits.hpp
[0.950s] -- Up-to-date: /home/lxf/Desktop/ROS/12.turtle_control/install/turtle_control_interfaces/include/turtle_control_interfaces/turtle_control_interfaces/srv/face_detector.hpp
[0.950s] -- Up-to-date: /home/lxf/Desktop/ROS/12.turtle_control/install/turtle_control_interfaces/include/turtle_control_interfaces/turtle_control_interfaces/msg
[0.951s] -- Up-to-date: /home/lxf/Desktop/ROS/12.turtle_control/install/turtle_control_interfaces/include/turtle_control_interfaces/turtle_control_interfaces/msg/rosidl_generator_cpp__visibility_control.hpp
[0.951s] -- Up-to-date: /home/lxf/Desktop/ROS/12.turtle_control/install/turtle_control_interfaces/include/turtle_control_interfaces/turtle_control_interfaces
[0.951s] -- Up-to-date: /home/lxf/Desktop/ROS/12.turtle_control/install/turtle_control_interfaces/include/turtle_control_interfaces/turtle_control_interfaces/srv
[0.951s] -- Up-to-date: /home/lxf/Desktop/ROS/12.turtle_control/install/turtle_control_interfaces/include/turtle_control_interfaces/turtle_control_interfaces/srv/detail
[0.951s] -- Up-to-date: /home/lxf/Desktop/ROS/12.turtle_control/install/turtle_control_interfaces/include/turtle_control_interfaces/turtle_control_interfaces/srv/detail/face_detector__rosidl_typesupport_fastrtps_cpp.hpp
[0.952s] -- Up-to-date: /home/lxf/Desktop/ROS/12.turtle_control/install/turtle_control_interfaces/include/turtle_control_interfaces/turtle_control_interfaces/srv/detail/dds_fastrtps
[0.952s] -- Up-to-date: /home/lxf/Desktop/ROS/12.turtle_control/install/turtle_control_interfaces/include/turtle_control_interfaces/turtle_control_interfaces/srv/detail/patrol__rosidl_typesupport_fastrtps_cpp.hpp
[0.952s] -- Up-to-date: /home/lxf/Desktop/ROS/12.turtle_control/install/turtle_control_interfaces/include/turtle_control_interfaces/turtle_control_interfaces/msg
[0.952s] -- Up-to-date: /home/lxf/Desktop/ROS/12.turtle_control/install/turtle_control_interfaces/include/turtle_control_interfaces/turtle_control_interfaces/msg/rosidl_typesupport_fastrtps_cpp__visibility_control.h
[0.952s] -- Up-to-date: /home/lxf/Desktop/ROS/12.turtle_control/install/turtle_control_interfaces/lib/libturtle_control_interfaces__rosidl_typesupport_fastrtps_cpp.so
[0.952s] -- Up-to-date: /home/lxf/Desktop/ROS/12.turtle_control/install/turtle_control_interfaces/include/turtle_control_interfaces/turtle_control_interfaces
[0.952s] -- Up-to-date: /home/lxf/Desktop/ROS/12.turtle_control/install/turtle_control_interfaces/include/turtle_control_interfaces/turtle_control_interfaces/srv
[0.952s] -- Up-to-date: /home/lxf/Desktop/ROS/12.turtle_control/install/turtle_control_interfaces/include/turtle_control_interfaces/turtle_control_interfaces/srv/detail
[0.953s] -- Up-to-date: /home/lxf/Desktop/ROS/12.turtle_control/install/turtle_control_interfaces/include/turtle_control_interfaces/turtle_control_interfaces/srv/detail/patrol__rosidl_typesupport_introspection_cpp.hpp
[0.953s] -- Up-to-date: /home/lxf/Desktop/ROS/12.turtle_control/install/turtle_control_interfaces/include/turtle_control_interfaces/turtle_control_interfaces/srv/detail/face_detector__type_support.cpp
[0.953s] -- Up-to-date: /home/lxf/Desktop/ROS/12.turtle_control/install/turtle_control_interfaces/include/turtle_control_interfaces/turtle_control_interfaces/srv/detail/patrol__type_support.cpp
[0.953s] -- Up-to-date: /home/lxf/Desktop/ROS/12.turtle_control/install/turtle_control_interfaces/include/turtle_control_interfaces/turtle_control_interfaces/srv/detail/face_detector__rosidl_typesupport_introspection_cpp.hpp
[0.953s] -- Up-to-date: /home/lxf/Desktop/ROS/12.turtle_control/install/turtle_control_interfaces/lib/libturtle_control_interfaces__rosidl_typesupport_introspection_cpp.so
[0.953s] -- Up-to-date: /home/lxf/Desktop/ROS/12.turtle_control/install/turtle_control_interfaces/lib/libturtle_control_interfaces__rosidl_typesupport_cpp.so
[0.953s] -- Up-to-date: /home/lxf/Desktop/ROS/12.turtle_control/install/turtle_control_interfaces/share/turtle_control_interfaces/environment/pythonpath.sh
[0.953s] -- Up-to-date: /home/lxf/Desktop/ROS/12.turtle_control/install/turtle_control_interfaces/share/turtle_control_interfaces/environment/pythonpath.dsv
[0.954s] -- Up-to-date: /home/lxf/Desktop/ROS/12.turtle_control/install/turtle_control_interfaces/local/lib/python3.10/dist-packages/turtle_control_interfaces-0.0.0-py3.10.egg-info
[0.954s] -- Installing: /home/lxf/Desktop/ROS/12.turtle_control/install/turtle_control_interfaces/local/lib/python3.10/dist-packages/turtle_control_interfaces-0.0.0-py3.10.egg-info/PKG-INFO
[0.954s] -- Installing: /home/lxf/Desktop/ROS/12.turtle_control/install/turtle_control_interfaces/local/lib/python3.10/dist-packages/turtle_control_interfaces-0.0.0-py3.10.egg-info/top_level.txt
[0.954s] -- Installing: /home/lxf/Desktop/ROS/12.turtle_control/install/turtle_control_interfaces/local/lib/python3.10/dist-packages/turtle_control_interfaces-0.0.0-py3.10.egg-info/SOURCES.txt
[0.954s] -- Installing: /home/lxf/Desktop/ROS/12.turtle_control/install/turtle_control_interfaces/local/lib/python3.10/dist-packages/turtle_control_interfaces-0.0.0-py3.10.egg-info/dependency_links.txt
[0.954s] -- Up-to-date: /home/lxf/Desktop/ROS/12.turtle_control/install/turtle_control_interfaces/local/lib/python3.10/dist-packages/turtle_control_interfaces
[0.954s] -- Up-to-date: /home/lxf/Desktop/ROS/12.turtle_control/install/turtle_control_interfaces/local/lib/python3.10/dist-packages/turtle_control_interfaces/turtle_control_interfaces_s__rosidl_typesupport_introspection_c.cpython-310-x86_64-linux-gnu.so
[0.955s] -- Up-to-date: /home/lxf/Desktop/ROS/12.turtle_control/install/turtle_control_interfaces/local/lib/python3.10/dist-packages/turtle_control_interfaces/libturtle_control_interfaces__rosidl_generator_py.so
[0.955s] -- Up-to-date: /home/lxf/Desktop/ROS/12.turtle_control/install/turtle_control_interfaces/local/lib/python3.10/dist-packages/turtle_control_interfaces/srv
[0.955s] -- Up-to-date: /home/lxf/Desktop/ROS/12.turtle_control/install/turtle_control_interfaces/local/lib/python3.10/dist-packages/turtle_control_interfaces/srv/_face_detector_s.c
[0.955s] -- Up-to-date: /home/lxf/Desktop/ROS/12.turtle_control/install/turtle_control_interfaces/local/lib/python3.10/dist-packages/turtle_control_interfaces/srv/_patrol_s.c
[0.955s] -- Up-to-date: /home/lxf/Desktop/ROS/12.turtle_control/install/turtle_control_interfaces/local/lib/python3.10/dist-packages/turtle_control_interfaces/srv/_face_detector.py
[0.955s] -- Up-to-date: /home/lxf/Desktop/ROS/12.turtle_control/install/turtle_control_interfaces/local/lib/python3.10/dist-packages/turtle_control_interfaces/srv/_patrol.py
[0.955s] -- Up-to-date: /home/lxf/Desktop/ROS/12.turtle_control/install/turtle_control_interfaces/local/lib/python3.10/dist-packages/turtle_control_interfaces/srv/__init__.py
[0.955s] -- Up-to-date: /home/lxf/Desktop/ROS/12.turtle_control/install/turtle_control_interfaces/local/lib/python3.10/dist-packages/turtle_control_interfaces/_turtle_control_interfaces_s.ep.rosidl_typesupport_introspection_c.c
[0.955s] -- Up-to-date: /home/lxf/Desktop/ROS/12.turtle_control/install/turtle_control_interfaces/local/lib/python3.10/dist-packages/turtle_control_interfaces/turtle_control_interfaces_s__rosidl_typesupport_fastrtps_c.cpython-310-x86_64-linux-gnu.so
[0.955s] -- Up-to-date: /home/lxf/Desktop/ROS/12.turtle_control/install/turtle_control_interfaces/local/lib/python3.10/dist-packages/turtle_control_interfaces/turtle_control_interfaces_s__rosidl_typesupport_c.cpython-310-x86_64-linux-gnu.so
[0.955s] -- Up-to-date: /home/lxf/Desktop/ROS/12.turtle_control/install/turtle_control_interfaces/local/lib/python3.10/dist-packages/turtle_control_interfaces/_turtle_control_interfaces_s.ep.rosidl_typesupport_fastrtps_c.c
[0.955s] -- Up-to-date: /home/lxf/Desktop/ROS/12.turtle_control/install/turtle_control_interfaces/local/lib/python3.10/dist-packages/turtle_control_interfaces/_turtle_control_interfaces_s.ep.rosidl_typesupport_c.c
[0.956s] -- Up-to-date: /home/lxf/Desktop/ROS/12.turtle_control/install/turtle_control_interfaces/local/lib/python3.10/dist-packages/turtle_control_interfaces/__init__.py
[1.000s] Listing '/home/lxf/Desktop/ROS/12.turtle_control/install/turtle_control_interfaces/local/lib/python3.10/dist-packages/turtle_control_interfaces'...
[1.001s] Listing '/home/lxf/Desktop/ROS/12.turtle_control/install/turtle_control_interfaces/local/lib/python3.10/dist-packages/turtle_control_interfaces/srv'...
[1.007s] -- Up-to-date: /home/lxf/Desktop/ROS/12.turtle_control/install/turtle_control_interfaces/local/lib/python3.10/dist-packages/turtle_control_interfaces/turtle_control_interfaces_s__rosidl_typesupport_fastrtps_c.cpython-310-x86_64-linux-gnu.so
[1.007s] -- Up-to-date: /home/lxf/Desktop/ROS/12.turtle_control/install/turtle_control_interfaces/local/lib/python3.10/dist-packages/turtle_control_interfaces/turtle_control_interfaces_s__rosidl_typesupport_introspection_c.cpython-310-x86_64-linux-gnu.so
[1.008s] -- Up-to-date: /home/lxf/Desktop/ROS/12.turtle_control/install/turtle_control_interfaces/local/lib/python3.10/dist-packages/turtle_control_interfaces/turtle_control_interfaces_s__rosidl_typesupport_c.cpython-310-x86_64-linux-gnu.so
[1.008s] -- Up-to-date: /home/lxf/Desktop/ROS/12.turtle_control/install/turtle_control_interfaces/lib/libturtle_control_interfaces__rosidl_generator_py.so
[1.008s] -- Up-to-date: /home/lxf/Desktop/ROS/12.turtle_control/install/turtle_control_interfaces/share/turtle_control_interfaces/srv/FaceDetector.idl
[1.008s] -- Up-to-date: /home/lxf/Desktop/ROS/12.turtle_control/install/turtle_control_interfaces/share/turtle_control_interfaces/srv/Patrol.idl
[1.009s] -- Up-to-date: /home/lxf/Desktop/ROS/12.turtle_control/install/turtle_control_interfaces/share/turtle_control_interfaces/srv/FaceDetector.srv
[1.009s] -- Up-to-date: /home/lxf/Desktop/ROS/12.turtle_control/install/turtle_control_interfaces/share/turtle_control_interfaces/srv/FaceDetector_Request.msg
[1.009s] -- Up-to-date: /home/lxf/Desktop/ROS/12.turtle_control/install/turtle_control_interfaces/share/turtle_control_interfaces/srv/FaceDetector_Response.msg
[1.009s] -- Up-to-date: /home/lxf/Desktop/ROS/12.turtle_control/install/turtle_control_interfaces/share/turtle_control_interfaces/srv/Patrol.srv
[1.009s] -- Up-to-date: /home/lxf/Desktop/ROS/12.turtle_control/install/turtle_control_interfaces/share/turtle_control_interfaces/srv/Patrol_Request.msg
[1.009s] -- Up-to-date: /home/lxf/Desktop/ROS/12.turtle_control/install/turtle_control_interfaces/share/turtle_control_interfaces/srv/Patrol_Response.msg
[1.009s] -- Up-to-date: /home/lxf/Desktop/ROS/12.turtle_control/install/turtle_control_interfaces/share/ament_index/resource_index/package_run_dependencies/turtle_control_interfaces
[1.009s] -- Up-to-date: /home/lxf/Desktop/ROS/12.turtle_control/install/turtle_control_interfaces/share/ament_index/resource_index/parent_prefix_path/turtle_control_interfaces
[1.009s] -- Up-to-date: /home/lxf/Desktop/ROS/12.turtle_control/install/turtle_control_interfaces/share/turtle_control_interfaces/environment/ament_prefix_path.sh
[1.010s] -- Up-to-date: /home/lxf/Desktop/ROS/12.turtle_control/install/turtle_control_interfaces/share/turtle_control_interfaces/environment/ament_prefix_path.dsv
[1.010s] -- Up-to-date: /home/lxf/Desktop/ROS/12.turtle_control/install/turtle_control_interfaces/share/turtle_control_interfaces/environment/path.sh
[1.010s] -- Up-to-date: /home/lxf/Desktop/ROS/12.turtle_control/install/turtle_control_interfaces/share/turtle_control_interfaces/environment/path.dsv
[1.010s] -- Up-to-date: /home/lxf/Desktop/ROS/12.turtle_control/install/turtle_control_interfaces/share/turtle_control_interfaces/local_setup.bash
[1.010s] -- Up-to-date: /home/lxf/Desktop/ROS/12.turtle_control/install/turtle_control_interfaces/share/turtle_control_interfaces/local_setup.sh
[1.010s] -- Up-to-date: /home/lxf/Desktop/ROS/12.turtle_control/install/turtle_control_interfaces/share/turtle_control_interfaces/local_setup.zsh
[1.010s] -- Up-to-date: /home/lxf/Desktop/ROS/12.turtle_control/install/turtle_control_interfaces/share/turtle_control_interfaces/local_setup.dsv
[1.010s] -- Installing: /home/lxf/Desktop/ROS/12.turtle_control/install/turtle_control_interfaces/share/turtle_control_interfaces/package.dsv
[1.010s] -- Up-to-date: /home/lxf/Desktop/ROS/12.turtle_control/install/turtle_control_interfaces/share/ament_index/resource_index/packages/turtle_control_interfaces
[1.010s] -- Up-to-date: /home/lxf/Desktop/ROS/12.turtle_control/install/turtle_control_interfaces/share/turtle_control_interfaces/cmake/export_turtle_control_interfaces__rosidl_generator_cExport.cmake
[1.011s] -- Up-to-date: /home/lxf/Desktop/ROS/12.turtle_control/install/turtle_control_interfaces/share/turtle_control_interfaces/cmake/export_turtle_control_interfaces__rosidl_generator_cExport-noconfig.cmake
[1.011s] -- Up-to-date: /home/lxf/Desktop/ROS/12.turtle_control/install/turtle_control_interfaces/share/turtle_control_interfaces/cmake/export_turtle_control_interfaces__rosidl_typesupport_fastrtps_cExport.cmake
[1.011s] -- Up-to-date: /home/lxf/Desktop/ROS/12.turtle_control/install/turtle_control_interfaces/share/turtle_control_interfaces/cmake/export_turtle_control_interfaces__rosidl_typesupport_fastrtps_cExport-noconfig.cmake
[1.011s] -- Up-to-date: /home/lxf/Desktop/ROS/12.turtle_control/install/turtle_control_interfaces/share/turtle_control_interfaces/cmake/turtle_control_interfaces__rosidl_typesupport_introspection_cExport.cmake
[1.011s] -- Up-to-date: /home/lxf/Desktop/ROS/12.turtle_control/install/turtle_control_interfaces/share/turtle_control_interfaces/cmake/turtle_control_interfaces__rosidl_typesupport_introspection_cExport-noconfig.cmake
[1.011s] -- Up-to-date: /home/lxf/Desktop/ROS/12.turtle_control/install/turtle_control_interfaces/share/turtle_control_interfaces/cmake/turtle_control_interfaces__rosidl_typesupport_cExport.cmake
[1.011s] -- Up-to-date: /home/lxf/Desktop/ROS/12.turtle_control/install/turtle_control_interfaces/share/turtle_control_interfaces/cmake/turtle_control_interfaces__rosidl_typesupport_cExport-noconfig.cmake
[1.012s] -- Up-to-date: /home/lxf/Desktop/ROS/12.turtle_control/install/turtle_control_interfaces/share/turtle_control_interfaces/cmake/export_turtle_control_interfaces__rosidl_generator_cppExport.cmake
[1.012s] -- Up-to-date: /home/lxf/Desktop/ROS/12.turtle_control/install/turtle_control_interfaces/share/turtle_control_interfaces/cmake/export_turtle_control_interfaces__rosidl_typesupport_fastrtps_cppExport.cmake
[1.012s] -- Up-to-date: /home/lxf/Desktop/ROS/12.turtle_control/install/turtle_control_interfaces/share/turtle_control_interfaces/cmake/export_turtle_control_interfaces__rosidl_typesupport_fastrtps_cppExport-noconfig.cmake
[1.013s] -- Up-to-date: /home/lxf/Desktop/ROS/12.turtle_control/install/turtle_control_interfaces/share/turtle_control_interfaces/cmake/turtle_control_interfaces__rosidl_typesupport_introspection_cppExport.cmake
[1.013s] -- Up-to-date: /home/lxf/Desktop/ROS/12.turtle_control/install/turtle_control_interfaces/share/turtle_control_interfaces/cmake/turtle_control_interfaces__rosidl_typesupport_introspection_cppExport-noconfig.cmake
[1.013s] -- Up-to-date: /home/lxf/Desktop/ROS/12.turtle_control/install/turtle_control_interfaces/share/turtle_control_interfaces/cmake/turtle_control_interfaces__rosidl_typesupport_cppExport.cmake
[1.013s] -- Up-to-date: /home/lxf/Desktop/ROS/12.turtle_control/install/turtle_control_interfaces/share/turtle_control_interfaces/cmake/turtle_control_interfaces__rosidl_typesupport_cppExport-noconfig.cmake
[1.013s] -- Up-to-date: /home/lxf/Desktop/ROS/12.turtle_control/install/turtle_control_interfaces/share/turtle_control_interfaces/cmake/export_turtle_control_interfaces__rosidl_generator_pyExport.cmake
[1.013s] -- Up-to-date: /home/lxf/Desktop/ROS/12.turtle_control/install/turtle_control_interfaces/share/turtle_control_interfaces/cmake/export_turtle_control_interfaces__rosidl_generator_pyExport-noconfig.cmake
[1.014s] -- Up-to-date: /home/lxf/Desktop/ROS/12.turtle_control/install/turtle_control_interfaces/share/turtle_control_interfaces/cmake/rosidl_cmake-extras.cmake
[1.014s] -- Up-to-date: /home/lxf/Desktop/ROS/12.turtle_control/install/turtle_control_interfaces/share/turtle_control_interfaces/cmake/ament_cmake_export_dependencies-extras.cmake
[1.014s] -- Up-to-date: /home/lxf/Desktop/ROS/12.turtle_control/install/turtle_control_interfaces/share/turtle_control_interfaces/cmake/ament_cmake_export_include_directories-extras.cmake
[1.014s] -- Up-to-date: /home/lxf/Desktop/ROS/12.turtle_control/install/turtle_control_interfaces/share/turtle_control_interfaces/cmake/ament_cmake_export_libraries-extras.cmake
[1.014s] -- Up-to-date: /home/lxf/Desktop/ROS/12.turtle_control/install/turtle_control_interfaces/share/turtle_control_interfaces/cmake/ament_cmake_export_targets-extras.cmake
[1.014s] -- Up-to-date: /home/lxf/Desktop/ROS/12.turtle_control/install/turtle_control_interfaces/share/turtle_control_interfaces/cmake/rosidl_cmake_export_typesupport_targets-extras.cmake
[1.014s] -- Up-to-date: /home/lxf/Desktop/ROS/12.turtle_control/install/turtle_control_interfaces/share/turtle_control_interfaces/cmake/rosidl_cmake_export_typesupport_libraries-extras.cmake
[1.014s] -- Up-to-date: /home/lxf/Desktop/ROS/12.turtle_control/install/turtle_control_interfaces/share/turtle_control_interfaces/cmake/turtle_control_interfacesConfig.cmake
[1.014s] -- Up-to-date: /home/lxf/Desktop/ROS/12.turtle_control/install/turtle_control_interfaces/share/turtle_control_interfaces/cmake/turtle_control_interfacesConfig-version.cmake
[1.015s] -- Up-to-date: /home/lxf/Desktop/ROS/12.turtle_control/install/turtle_control_interfaces/share/turtle_control_interfaces/package.xml
[1.019s] Invoked command in '/home/lxf/Desktop/ROS/12.turtle_control/build/turtle_control_interfaces' returned '0': CMAKE_PREFIX_PATH=/opt/ros/humble /usr/bin/cmake --install /home/lxf/Desktop/ROS/12.turtle_control/build/turtle_control_interfaces
