[0.181s] [34mcolcon[0m [1;30mDEBUG[0m [32mCommand line arguments: ['/usr/bin/colcon', 'build'][0m
[0.181s] [34mcolcon[0m [1;30mDEBUG[0m [32mParsed command line arguments: Namespace(log_base=None, log_level=None, verb_name='build', build_base='build', install_base='install', merge_install=False, symlink_install=False, test_result_base=None, continue_on_error=False, executor='parallel', parallel_workers=16, event_handlers=None, ignore_user_meta=False, metas=['./colcon.meta'], base_paths=['.'], packages_ignore=None, packages_ignore_regex=None, paths=None, packages_up_to=None, packages_up_to_regex=None, packages_above=None, packages_above_and_dependencies=None, packages_above_depth=None, packages_select_by_dep=None, packages_skip_by_dep=None, packages_skip_up_to=None, packages_select_build_failed=False, packages_skip_build_finished=False, packages_select_test_failures=False, packages_skip_test_passed=False, packages_select=None, packages_skip=None, packages_select_regex=None, packages_skip_regex=None, packages_start=None, packages_end=None, allow_overriding=[], cmake_args=None, cmake_target=None, cmake_target_skip_unavailable=False, cmake_clean_cache=False, cmake_clean_first=False, cmake_force_configure=False, ament_cmake_args=None, catkin_cmake_args=None, catkin_skip_building_tests=False, verb_parser=<colcon_defaults.argument_parser.defaults.DefaultArgumentsDecorator object at 0x75757fef6d40>, verb_extension=<colcon_core.verb.build.BuildVerb object at 0x75757feb84f0>, main=<bound method BuildVerb.main of <colcon_core.verb.build.BuildVerb object at 0x75757feb84f0>>)[0m
[0.350s] [34mcolcon.colcon_core.package_discovery[0m [1;30mLevel 1[0m discover_packages(colcon_meta) check parameters
[0.350s] [34mcolcon.colcon_core.package_discovery[0m [1;30mLevel 1[0m discover_packages(recursive) check parameters
[0.350s] [34mcolcon.colcon_core.package_discovery[0m [1;30mLevel 1[0m discover_packages(ignore) check parameters
[0.350s] [34mcolcon.colcon_core.package_discovery[0m [1;30mLevel 1[0m discover_packages(path) check parameters
[0.351s] [34mcolcon.colcon_core.package_discovery[0m [1;30mLevel 1[0m discover_packages(colcon_meta) discover
[0.351s] [34mcolcon.colcon_core.package_discovery[0m [1;30mLevel 1[0m discover_packages(recursive) discover
[0.351s] [34mcolcon.colcon_core.package_discovery[0m [1;30mINFO[0m Crawling recursively for packages in '/home/lxf/Desktop/ROS/12_Parameter_Python'
[0.351s] [34mcolcon.colcon_core.package_identification[0m [1;30mLevel 1[0m _identify(.) by extensions ['ignore', 'ignore_ament_install']
[0.351s] [34mcolcon.colcon_core.package_identification[0m [1;30mLevel 1[0m _identify(.) by extension 'ignore'
[0.351s] [34mcolcon.colcon_core.package_identification[0m [1;30mLevel 1[0m _identify(.) by extension 'ignore_ament_install'
[0.351s] [34mcolcon.colcon_core.package_identification[0m [1;30mLevel 1[0m _identify(.) by extensions ['colcon_pkg']
[0.351s] [34mcolcon.colcon_core.package_identification[0m [1;30mLevel 1[0m _identify(.) by extension 'colcon_pkg'
[0.351s] [34mcolcon.colcon_core.package_identification[0m [1;30mLevel 1[0m _identify(.) by extensions ['colcon_meta']
[0.351s] [34mcolcon.colcon_core.package_identification[0m [1;30mLevel 1[0m _identify(.) by extension 'colcon_meta'
[0.351s] [34mcolcon.colcon_core.package_identification[0m [1;30mLevel 1[0m _identify(.) by extensions ['ros']
[0.351s] [34mcolcon.colcon_core.package_identification[0m [1;30mLevel 1[0m _identify(.) by extension 'ros'
[0.363s] [34mcolcon.colcon_core.package_identification[0m [1;30mLevel 1[0m _identify(.) by extensions ['cmake', 'python']
[0.363s] [34mcolcon.colcon_core.package_identification[0m [1;30mLevel 1[0m _identify(.) by extension 'cmake'
[0.363s] [34mcolcon.colcon_core.package_identification[0m [1;30mLevel 1[0m _identify(.) by extension 'python'
[0.363s] [34mcolcon.colcon_core.package_identification[0m [1;30mLevel 1[0m _identify(.) by extensions ['python_setup_py']
[0.363s] [34mcolcon.colcon_core.package_identification[0m [1;30mLevel 1[0m _identify(.) by extension 'python_setup_py'
[0.363s] [34mcolcon.colcon_core.package_identification[0m [1;30mLevel 1[0m _identify(build) by extensions ['ignore', 'ignore_ament_install']
[0.364s] [34mcolcon.colcon_core.package_identification[0m [1;30mLevel 1[0m _identify(build) by extension 'ignore'
[0.364s] [34mcolcon.colcon_core.package_identification[0m [1;30mLevel 1[0m _identify(build) ignored
[0.364s] [34mcolcon.colcon_core.package_identification[0m [1;30mLevel 1[0m _identify(install) by extensions ['ignore', 'ignore_ament_install']
[0.364s] [34mcolcon.colcon_core.package_identification[0m [1;30mLevel 1[0m _identify(install) by extension 'ignore'
[0.364s] [34mcolcon.colcon_core.package_identification[0m [1;30mLevel 1[0m _identify(install) ignored
[0.364s] [34mcolcon.colcon_core.package_identification[0m [1;30mLevel 1[0m _identify(log) by extensions ['ignore', 'ignore_ament_install']
[0.364s] [34mcolcon.colcon_core.package_identification[0m [1;30mLevel 1[0m _identify(log) by extension 'ignore'
[0.364s] [34mcolcon.colcon_core.package_identification[0m [1;30mLevel 1[0m _identify(log) ignored
[0.364s] [34mcolcon.colcon_core.package_identification[0m [1;30mLevel 1[0m _identify(src) by extensions ['ignore', 'ignore_ament_install']
[0.364s] [34mcolcon.colcon_core.package_identification[0m [1;30mLevel 1[0m _identify(src) by extension 'ignore'
[0.364s] [34mcolcon.colcon_core.package_identification[0m [1;30mLevel 1[0m _identify(src) by extension 'ignore_ament_install'
[0.364s] [34mcolcon.colcon_core.package_identification[0m [1;30mLevel 1[0m _identify(src) by extensions ['colcon_pkg']
[0.364s] [34mcolcon.colcon_core.package_identification[0m [1;30mLevel 1[0m _identify(src) by extension 'colcon_pkg'
[0.364s] [34mcolcon.colcon_core.package_identification[0m [1;30mLevel 1[0m _identify(src) by extensions ['colcon_meta']
[0.364s] [34mcolcon.colcon_core.package_identification[0m [1;30mLevel 1[0m _identify(src) by extension 'colcon_meta'
[0.364s] [34mcolcon.colcon_core.package_identification[0m [1;30mLevel 1[0m _identify(src) by extensions ['ros']
[0.364s] [34mcolcon.colcon_core.package_identification[0m [1;30mLevel 1[0m _identify(src) by extension 'ros'
[0.364s] [34mcolcon.colcon_core.package_identification[0m [1;30mLevel 1[0m _identify(src) by extensions ['cmake', 'python']
[0.365s] [34mcolcon.colcon_core.package_identification[0m [1;30mLevel 1[0m _identify(src) by extension 'cmake'
[0.365s] [34mcolcon.colcon_core.package_identification[0m [1;30mLevel 1[0m _identify(src) by extension 'python'
[0.365s] [34mcolcon.colcon_core.package_identification[0m [1;30mLevel 1[0m _identify(src) by extensions ['python_setup_py']
[0.365s] [34mcolcon.colcon_core.package_identification[0m [1;30mLevel 1[0m _identify(src) by extension 'python_setup_py'
[0.365s] [34mcolcon.colcon_core.package_identification[0m [1;30mLevel 1[0m _identify(src/demo_python_service) by extensions ['ignore', 'ignore_ament_install']
[0.365s] [34mcolcon.colcon_core.package_identification[0m [1;30mLevel 1[0m _identify(src/demo_python_service) by extension 'ignore'
[0.365s] [34mcolcon.colcon_core.package_identification[0m [1;30mLevel 1[0m _identify(src/demo_python_service) by extension 'ignore_ament_install'
[0.365s] [34mcolcon.colcon_core.package_identification[0m [1;30mLevel 1[0m _identify(src/demo_python_service) by extensions ['colcon_pkg']
[0.365s] [34mcolcon.colcon_core.package_identification[0m [1;30mLevel 1[0m _identify(src/demo_python_service) by extension 'colcon_pkg'
[0.365s] [34mcolcon.colcon_core.package_identification[0m [1;30mLevel 1[0m _identify(src/demo_python_service) by extensions ['colcon_meta']
[0.365s] [34mcolcon.colcon_core.package_identification[0m [1;30mLevel 1[0m _identify(src/demo_python_service) by extension 'colcon_meta'
[0.365s] [34mcolcon.colcon_core.package_identification[0m [1;30mLevel 1[0m _identify(src/demo_python_service) by extensions ['ros']
[0.365s] [34mcolcon.colcon_core.package_identification[0m [1;30mLevel 1[0m _identify(src/demo_python_service) by extension 'ros'
[0.368s] [34mcolcon.colcon_core.package_identification[0m [1;30mDEBUG[0m [32mPackage 'src/demo_python_service' with type 'ros.ament_python' and name 'demo_python_service'[0m
[0.368s] [34mcolcon.colcon_core.package_identification[0m [1;30mLevel 1[0m _identify(src/face_interfaces) by extensions ['ignore', 'ignore_ament_install']
[0.368s] [34mcolcon.colcon_core.package_identification[0m [1;30mLevel 1[0m _identify(src/face_interfaces) by extension 'ignore'
[0.368s] [34mcolcon.colcon_core.package_identification[0m [1;30mLevel 1[0m _identify(src/face_interfaces) by extension 'ignore_ament_install'
[0.368s] [34mcolcon.colcon_core.package_identification[0m [1;30mLevel 1[0m _identify(src/face_interfaces) by extensions ['colcon_pkg']
[0.368s] [34mcolcon.colcon_core.package_identification[0m [1;30mLevel 1[0m _identify(src/face_interfaces) by extension 'colcon_pkg'
[0.368s] [34mcolcon.colcon_core.package_identification[0m [1;30mLevel 1[0m _identify(src/face_interfaces) by extensions ['colcon_meta']
[0.368s] [34mcolcon.colcon_core.package_identification[0m [1;30mLevel 1[0m _identify(src/face_interfaces) by extension 'colcon_meta'
[0.368s] [34mcolcon.colcon_core.package_identification[0m [1;30mLevel 1[0m _identify(src/face_interfaces) by extensions ['ros']
[0.368s] [34mcolcon.colcon_core.package_identification[0m [1;30mLevel 1[0m _identify(src/face_interfaces) by extension 'ros'
[0.369s] [34mcolcon.colcon_core.package_identification[0m [1;30mDEBUG[0m [32mPackage 'src/face_interfaces' with type 'ros.ament_cmake' and name 'face_interfaces'[0m
[0.369s] [34mcolcon.colcon_core.package_discovery[0m [1;30mLevel 1[0m discover_packages(recursive) using defaults
[0.369s] [34mcolcon.colcon_core.package_discovery[0m [1;30mLevel 1[0m discover_packages(ignore) discover
[0.369s] [34mcolcon.colcon_core.package_discovery[0m [1;30mLevel 1[0m discover_packages(ignore) using defaults
[0.369s] [34mcolcon.colcon_core.package_discovery[0m [1;30mLevel 1[0m discover_packages(path) discover
[0.369s] [34mcolcon.colcon_core.package_discovery[0m [1;30mLevel 1[0m discover_packages(path) using defaults
[0.397s] [34mcolcon.colcon_core.package_discovery[0m [1;30mLevel 1[0m discover_packages(prefix_path) check parameters
[0.397s] [34mcolcon.colcon_core.package_discovery[0m [1;30mLevel 1[0m discover_packages(prefix_path) discover
[0.398s] [34mcolcon.colcon_ros.prefix_path.ament[0m [1;30mWARNING[0m [33mThe path '/home/lxf/Desktop/ROS/12_Parameter_Python/install/demo_python_service' in the environment variable AMENT_PREFIX_PATH doesn't exist[0m
[0.398s] [34mcolcon.colcon_ros.prefix_path.ament[0m [1;30mWARNING[0m [33mThe path '/home/lxf/Desktop/ROS/12_Parameter_Python/install/face_interfaces' in the environment variable AMENT_PREFIX_PATH doesn't exist[0m
[0.398s] [34mcolcon.colcon_ros.prefix_path.catkin[0m [1;30mWARNING[0m [33mThe path '/home/lxf/Desktop/ROS/12_Parameter_Python/install/face_interfaces' in the environment variable CMAKE_PREFIX_PATH doesn't exist[0m
[0.399s] [34mcolcon.colcon_installed_package_information.package_discovery[0m [1;30mDEBUG[0m [32mFound 0 installed packages in /home/lxf/Desktop/ROS/12_Parameter_Python/install[0m
[0.400s] [34mcolcon.colcon_installed_package_information.package_discovery[0m [1;30mDEBUG[0m [32mFound 271 installed packages in /opt/ros/humble[0m
[0.402s] [34mcolcon.colcon_core.package_discovery[0m [1;30mLevel 1[0m discover_packages(prefix_path) using defaults
[0.448s] [34mcolcon.colcon_core.verb[0m [1;30mLevel 5[0m set package 'face_interfaces' build argument 'cmake_args' from command line to 'None'
[0.448s] [34mcolcon.colcon_core.verb[0m [1;30mLevel 5[0m set package 'face_interfaces' build argument 'cmake_target' from command line to 'None'
[0.448s] [34mcolcon.colcon_core.verb[0m [1;30mLevel 5[0m set package 'face_interfaces' build argument 'cmake_target_skip_unavailable' from command line to 'False'
[0.448s] [34mcolcon.colcon_core.verb[0m [1;30mLevel 5[0m set package 'face_interfaces' build argument 'cmake_clean_cache' from command line to 'False'
[0.448s] [34mcolcon.colcon_core.verb[0m [1;30mLevel 5[0m set package 'face_interfaces' build argument 'cmake_clean_first' from command line to 'False'
[0.448s] [34mcolcon.colcon_core.verb[0m [1;30mLevel 5[0m set package 'face_interfaces' build argument 'cmake_force_configure' from command line to 'False'
[0.448s] [34mcolcon.colcon_core.verb[0m [1;30mLevel 5[0m set package 'face_interfaces' build argument 'ament_cmake_args' from command line to 'None'
[0.448s] [34mcolcon.colcon_core.verb[0m [1;30mLevel 5[0m set package 'face_interfaces' build argument 'catkin_cmake_args' from command line to 'None'
[0.448s] [34mcolcon.colcon_core.verb[0m [1;30mLevel 5[0m set package 'face_interfaces' build argument 'catkin_skip_building_tests' from command line to 'False'
[0.448s] [34mcolcon.colcon_core.verb[0m [1;30mDEBUG[0m [32mBuilding package 'face_interfaces' with the following arguments: {'ament_cmake_args': None, 'build_base': '/home/lxf/Desktop/ROS/12_Parameter_Python/build/face_interfaces', 'catkin_cmake_args': None, 'catkin_skip_building_tests': False, 'cmake_args': None, 'cmake_clean_cache': False, 'cmake_clean_first': False, 'cmake_force_configure': False, 'cmake_target': None, 'cmake_target_skip_unavailable': False, 'install_base': '/home/lxf/Desktop/ROS/12_Parameter_Python/install/face_interfaces', 'merge_install': False, 'path': '/home/lxf/Desktop/ROS/12_Parameter_Python/src/face_interfaces', 'symlink_install': False, 'test_result_base': None}[0m
[0.449s] [34mcolcon.colcon_core.verb[0m [1;30mLevel 5[0m set package 'demo_python_service' build argument 'cmake_args' from command line to 'None'
[0.449s] [34mcolcon.colcon_core.verb[0m [1;30mLevel 5[0m set package 'demo_python_service' build argument 'cmake_target' from command line to 'None'
[0.449s] [34mcolcon.colcon_core.verb[0m [1;30mLevel 5[0m set package 'demo_python_service' build argument 'cmake_target_skip_unavailable' from command line to 'False'
[0.449s] [34mcolcon.colcon_core.verb[0m [1;30mLevel 5[0m set package 'demo_python_service' build argument 'cmake_clean_cache' from command line to 'False'
[0.449s] [34mcolcon.colcon_core.verb[0m [1;30mLevel 5[0m set package 'demo_python_service' build argument 'cmake_clean_first' from command line to 'False'
[0.449s] [34mcolcon.colcon_core.verb[0m [1;30mLevel 5[0m set package 'demo_python_service' build argument 'cmake_force_configure' from command line to 'False'
[0.449s] [34mcolcon.colcon_core.verb[0m [1;30mLevel 5[0m set package 'demo_python_service' build argument 'ament_cmake_args' from command line to 'None'
[0.449s] [34mcolcon.colcon_core.verb[0m [1;30mLevel 5[0m set package 'demo_python_service' build argument 'catkin_cmake_args' from command line to 'None'
[0.449s] [34mcolcon.colcon_core.verb[0m [1;30mLevel 5[0m set package 'demo_python_service' build argument 'catkin_skip_building_tests' from command line to 'False'
[0.449s] [34mcolcon.colcon_core.verb[0m [1;30mDEBUG[0m [32mBuilding package 'demo_python_service' with the following arguments: {'ament_cmake_args': None, 'build_base': '/home/lxf/Desktop/ROS/12_Parameter_Python/build/demo_python_service', 'catkin_cmake_args': None, 'catkin_skip_building_tests': False, 'cmake_args': None, 'cmake_clean_cache': False, 'cmake_clean_first': False, 'cmake_force_configure': False, 'cmake_target': None, 'cmake_target_skip_unavailable': False, 'install_base': '/home/lxf/Desktop/ROS/12_Parameter_Python/install/demo_python_service', 'merge_install': False, 'path': '/home/lxf/Desktop/ROS/12_Parameter_Python/src/demo_python_service', 'symlink_install': False, 'test_result_base': None}[0m
[0.449s] [34mcolcon.colcon_core.executor[0m [1;30mINFO[0m Executing jobs using 'parallel' executor
[0.451s] [34mcolcon.colcon_parallel_executor.executor.parallel[0m [1;30mDEBUG[0m [32mrun_until_complete[0m
[0.451s] [34mcolcon.colcon_ros.task.ament_cmake.build[0m [1;30mINFO[0m Building ROS package in '/home/lxf/Desktop/ROS/12_Parameter_Python/src/face_interfaces' with build type 'ament_cmake'
[0.452s] [34mcolcon.colcon_cmake.task.cmake.build[0m [1;30mINFO[0m Building CMake package in '/home/lxf/Desktop/ROS/12_Parameter_Python/src/face_interfaces'
[0.454s] [34mcolcon.colcon_core.plugin_system[0m [1;30mINFO[0m Skipping extension 'colcon_core.shell.bat': Not used on non-Windows systems
[0.454s] [34mcolcon.colcon_core.shell[0m [1;30mINFO[0m Skip shell extension 'powershell' for command environment: Not usable outside of PowerShell
[0.454s] [34mcolcon.colcon_core.shell[0m [1;30mDEBUG[0m [32mSkip shell extension 'dsv' for command environment[0m
[0.467s] [34mcolcon.colcon_core.event_handler.log_command[0m [1;30mDEBUG[0m [32mInvoking command in '/home/lxf/Desktop/ROS/12_Parameter_Python/build/face_interfaces': CMAKE_PREFIX_PATH=${CMAKE_PREFIX_PATH}:/home/lxf/Desktop/ROS/12_Parameter_Python/install/demo_python_service:/opt/ros/humble /usr/bin/cmake /home/lxf/Desktop/ROS/12_Parameter_Python/src/face_interfaces -DCMAKE_INSTALL_PREFIX=/home/lxf/Desktop/ROS/12_Parameter_Python/install/face_interfaces[0m
[6.745s] [34mcolcon.colcon_core.event_handler.log_command[0m [1;30mDEBUG[0m [32mInvoked command in '/home/lxf/Desktop/ROS/12_Parameter_Python/build/face_interfaces' returned '0': CMAKE_PREFIX_PATH=${CMAKE_PREFIX_PATH}:/home/lxf/Desktop/ROS/12_Parameter_Python/install/demo_python_service:/opt/ros/humble /usr/bin/cmake /home/lxf/Desktop/ROS/12_Parameter_Python/src/face_interfaces -DCMAKE_INSTALL_PREFIX=/home/lxf/Desktop/ROS/12_Parameter_Python/install/face_interfaces[0m
[6.746s] [34mcolcon.colcon_core.event_handler.log_command[0m [1;30mDEBUG[0m [32mInvoking command in '/home/lxf/Desktop/ROS/12_Parameter_Python/build/face_interfaces': CMAKE_PREFIX_PATH=${CMAKE_PREFIX_PATH}:/home/lxf/Desktop/ROS/12_Parameter_Python/install/demo_python_service:/opt/ros/humble /usr/bin/cmake --build /home/lxf/Desktop/ROS/12_Parameter_Python/build/face_interfaces -- -j16 -l16[0m
[10.804s] [34mcolcon.colcon_core.event_handler.log_command[0m [1;30mDEBUG[0m [32mInvoked command in '/home/lxf/Desktop/ROS/12_Parameter_Python/build/face_interfaces' returned '0': CMAKE_PREFIX_PATH=${CMAKE_PREFIX_PATH}:/home/lxf/Desktop/ROS/12_Parameter_Python/install/demo_python_service:/opt/ros/humble /usr/bin/cmake --build /home/lxf/Desktop/ROS/12_Parameter_Python/build/face_interfaces -- -j16 -l16[0m
[10.848s] [34mcolcon.colcon_core.event_handler.log_command[0m [1;30mDEBUG[0m [32mInvoking command in '/home/lxf/Desktop/ROS/12_Parameter_Python/build/face_interfaces': CMAKE_PREFIX_PATH=${CMAKE_PREFIX_PATH}:/home/lxf/Desktop/ROS/12_Parameter_Python/install/demo_python_service:/opt/ros/humble /usr/bin/cmake --install /home/lxf/Desktop/ROS/12_Parameter_Python/build/face_interfaces[0m
[11.102s] [34mcolcon.colcon_core.environment[0m [1;30mLevel 1[0m create_environment_scripts_only(face_interfaces)
[11.105s] [34mcolcon.colcon_core.event_handler.log_command[0m [1;30mDEBUG[0m [32mInvoked command in '/home/lxf/Desktop/ROS/12_Parameter_Python/build/face_interfaces' returned '0': CMAKE_PREFIX_PATH=${CMAKE_PREFIX_PATH}:/home/lxf/Desktop/ROS/12_Parameter_Python/install/demo_python_service:/opt/ros/humble /usr/bin/cmake --install /home/lxf/Desktop/ROS/12_Parameter_Python/build/face_interfaces[0m
[11.117s] [34mcolcon.colcon_core.environment[0m [1;30mLevel 1[0m checking '/home/lxf/Desktop/ROS/12_Parameter_Python/install/face_interfaces' for CMake module files
[11.119s] [34mcolcon.colcon_core.environment[0m [1;30mLevel 1[0m checking '/home/lxf/Desktop/ROS/12_Parameter_Python/install/face_interfaces' for CMake config files
[11.120s] [34mcolcon.colcon_core.shell[0m [1;30mLevel 1[0m create_environment_hook('face_interfaces', 'cmake_prefix_path')
[11.121s] [34mcolcon.colcon_core.shell[0m [1;30mINFO[0m Creating environment hook '/home/lxf/Desktop/ROS/12_Parameter_Python/install/face_interfaces/share/face_interfaces/hook/cmake_prefix_path.ps1'
[11.124s] [34mcolcon.colcon_core.shell[0m [1;30mINFO[0m Creating environment descriptor '/home/lxf/Desktop/ROS/12_Parameter_Python/install/face_interfaces/share/face_interfaces/hook/cmake_prefix_path.dsv'
[11.126s] [34mcolcon.colcon_core.shell[0m [1;30mINFO[0m Creating environment hook '/home/lxf/Desktop/ROS/12_Parameter_Python/install/face_interfaces/share/face_interfaces/hook/cmake_prefix_path.sh'
[11.129s] [34mcolcon.colcon_core.environment[0m [1;30mLevel 1[0m checking '/home/lxf/Desktop/ROS/12_Parameter_Python/install/face_interfaces/lib'
[11.130s] [34mcolcon.colcon_core.shell[0m [1;30mLevel 1[0m create_environment_hook('face_interfaces', 'ld_library_path_lib')
[11.131s] [34mcolcon.colcon_core.shell[0m [1;30mINFO[0m Creating environment hook '/home/lxf/Desktop/ROS/12_Parameter_Python/install/face_interfaces/share/face_interfaces/hook/ld_library_path_lib.ps1'
[11.133s] [34mcolcon.colcon_core.shell[0m [1;30mINFO[0m Creating environment descriptor '/home/lxf/Desktop/ROS/12_Parameter_Python/install/face_interfaces/share/face_interfaces/hook/ld_library_path_lib.dsv'
[11.134s] [34mcolcon.colcon_core.shell[0m [1;30mINFO[0m Creating environment hook '/home/lxf/Desktop/ROS/12_Parameter_Python/install/face_interfaces/share/face_interfaces/hook/ld_library_path_lib.sh'
[11.135s] [34mcolcon.colcon_core.environment[0m [1;30mLevel 1[0m checking '/home/lxf/Desktop/ROS/12_Parameter_Python/install/face_interfaces/bin'
[11.136s] [34mcolcon.colcon_core.environment[0m [1;30mLevel 1[0m checking '/home/lxf/Desktop/ROS/12_Parameter_Python/install/face_interfaces/lib/pkgconfig/face_interfaces.pc'
[11.137s] [34mcolcon.colcon_core.environment[0m [1;30mLevel 1[0m checking '/home/lxf/Desktop/ROS/12_Parameter_Python/install/face_interfaces/lib/python3.10/site-packages'
[11.138s] [34mcolcon.colcon_core.environment[0m [1;30mLevel 1[0m checking '/home/lxf/Desktop/ROS/12_Parameter_Python/install/face_interfaces/bin'
[11.140s] [34mcolcon.colcon_core.shell[0m [1;30mINFO[0m Creating package script '/home/lxf/Desktop/ROS/12_Parameter_Python/install/face_interfaces/share/face_interfaces/package.ps1'
[11.143s] [34mcolcon.colcon_core.shell[0m [1;30mINFO[0m Creating package descriptor '/home/lxf/Desktop/ROS/12_Parameter_Python/install/face_interfaces/share/face_interfaces/package.dsv'
[11.146s] [34mcolcon.colcon_core.shell[0m [1;30mINFO[0m Creating package script '/home/lxf/Desktop/ROS/12_Parameter_Python/install/face_interfaces/share/face_interfaces/package.sh'
[11.149s] [34mcolcon.colcon_core.shell[0m [1;30mINFO[0m Creating package script '/home/lxf/Desktop/ROS/12_Parameter_Python/install/face_interfaces/share/face_interfaces/package.bash'
[11.151s] [34mcolcon.colcon_core.shell[0m [1;30mINFO[0m Creating package script '/home/lxf/Desktop/ROS/12_Parameter_Python/install/face_interfaces/share/face_interfaces/package.zsh'
[11.154s] [34mcolcon.colcon_core.environment[0m [1;30mLevel 1[0m create_file_with_runtime_dependencies(/home/lxf/Desktop/ROS/12_Parameter_Python/install/face_interfaces/share/colcon-core/packages/face_interfaces)
[11.157s] [34mcolcon.colcon_core.environment[0m [1;30mLevel 1[0m create_environment_scripts_only(face_interfaces)
[11.158s] [34mcolcon.colcon_core.environment[0m [1;30mLevel 1[0m checking '/home/lxf/Desktop/ROS/12_Parameter_Python/install/face_interfaces' for CMake module files
[11.160s] [34mcolcon.colcon_core.environment[0m [1;30mLevel 1[0m checking '/home/lxf/Desktop/ROS/12_Parameter_Python/install/face_interfaces' for CMake config files
[11.161s] [34mcolcon.colcon_core.shell[0m [1;30mLevel 1[0m create_environment_hook('face_interfaces', 'cmake_prefix_path')
[11.162s] [34mcolcon.colcon_core.shell[0m [1;30mINFO[0m Creating environment hook '/home/lxf/Desktop/ROS/12_Parameter_Python/install/face_interfaces/share/face_interfaces/hook/cmake_prefix_path.ps1'
[11.164s] [34mcolcon.colcon_core.shell[0m [1;30mINFO[0m Creating environment descriptor '/home/lxf/Desktop/ROS/12_Parameter_Python/install/face_interfaces/share/face_interfaces/hook/cmake_prefix_path.dsv'
[11.165s] [34mcolcon.colcon_core.shell[0m [1;30mINFO[0m Creating environment hook '/home/lxf/Desktop/ROS/12_Parameter_Python/install/face_interfaces/share/face_interfaces/hook/cmake_prefix_path.sh'
[11.167s] [34mcolcon.colcon_core.environment[0m [1;30mLevel 1[0m checking '/home/lxf/Desktop/ROS/12_Parameter_Python/install/face_interfaces/lib'
[11.167s] [34mcolcon.colcon_core.shell[0m [1;30mLevel 1[0m create_environment_hook('face_interfaces', 'ld_library_path_lib')
[11.168s] [34mcolcon.colcon_core.shell[0m [1;30mINFO[0m Creating environment hook '/home/lxf/Desktop/ROS/12_Parameter_Python/install/face_interfaces/share/face_interfaces/hook/ld_library_path_lib.ps1'
[11.170s] [34mcolcon.colcon_core.shell[0m [1;30mINFO[0m Creating environment descriptor '/home/lxf/Desktop/ROS/12_Parameter_Python/install/face_interfaces/share/face_interfaces/hook/ld_library_path_lib.dsv'
[11.171s] [34mcolcon.colcon_core.shell[0m [1;30mINFO[0m Creating environment hook '/home/lxf/Desktop/ROS/12_Parameter_Python/install/face_interfaces/share/face_interfaces/hook/ld_library_path_lib.sh'
[11.172s] [34mcolcon.colcon_core.environment[0m [1;30mLevel 1[0m checking '/home/lxf/Desktop/ROS/12_Parameter_Python/install/face_interfaces/bin'
[11.173s] [34mcolcon.colcon_core.environment[0m [1;30mLevel 1[0m checking '/home/lxf/Desktop/ROS/12_Parameter_Python/install/face_interfaces/lib/pkgconfig/face_interfaces.pc'
[11.174s] [34mcolcon.colcon_core.environment[0m [1;30mLevel 1[0m checking '/home/lxf/Desktop/ROS/12_Parameter_Python/install/face_interfaces/lib/python3.10/site-packages'
[11.175s] [34mcolcon.colcon_core.environment[0m [1;30mLevel 1[0m checking '/home/lxf/Desktop/ROS/12_Parameter_Python/install/face_interfaces/bin'
[11.177s] [34mcolcon.colcon_core.shell[0m [1;30mINFO[0m Creating package script '/home/lxf/Desktop/ROS/12_Parameter_Python/install/face_interfaces/share/face_interfaces/package.ps1'
[11.179s] [34mcolcon.colcon_core.shell[0m [1;30mINFO[0m Creating package descriptor '/home/lxf/Desktop/ROS/12_Parameter_Python/install/face_interfaces/share/face_interfaces/package.dsv'
[11.181s] [34mcolcon.colcon_core.shell[0m [1;30mINFO[0m Creating package script '/home/lxf/Desktop/ROS/12_Parameter_Python/install/face_interfaces/share/face_interfaces/package.sh'
[11.183s] [34mcolcon.colcon_core.shell[0m [1;30mINFO[0m Creating package script '/home/lxf/Desktop/ROS/12_Parameter_Python/install/face_interfaces/share/face_interfaces/package.bash'
[11.185s] [34mcolcon.colcon_core.shell[0m [1;30mINFO[0m Creating package script '/home/lxf/Desktop/ROS/12_Parameter_Python/install/face_interfaces/share/face_interfaces/package.zsh'
[11.186s] [34mcolcon.colcon_core.environment[0m [1;30mLevel 1[0m create_file_with_runtime_dependencies(/home/lxf/Desktop/ROS/12_Parameter_Python/install/face_interfaces/share/colcon-core/packages/face_interfaces)
[11.188s] [34mcolcon.colcon_ros.task.ament_python.build[0m [1;30mINFO[0m Building ROS package in '/home/lxf/Desktop/ROS/12_Parameter_Python/src/demo_python_service' with build type 'ament_python'
[11.189s] [34mcolcon.colcon_core.shell[0m [1;30mLevel 1[0m create_environment_hook('demo_python_service', 'ament_prefix_path')
[11.190s] [34mcolcon.colcon_core.shell[0m [1;30mINFO[0m Creating environment hook '/home/lxf/Desktop/ROS/12_Parameter_Python/install/demo_python_service/share/demo_python_service/hook/ament_prefix_path.ps1'
[11.194s] [34mcolcon.colcon_core.shell[0m [1;30mINFO[0m Creating environment descriptor '/home/lxf/Desktop/ROS/12_Parameter_Python/install/demo_python_service/share/demo_python_service/hook/ament_prefix_path.dsv'
[11.196s] [34mcolcon.colcon_core.shell[0m [1;30mINFO[0m Creating environment hook '/home/lxf/Desktop/ROS/12_Parameter_Python/install/demo_python_service/share/demo_python_service/hook/ament_prefix_path.sh'
[11.198s] [34mcolcon.colcon_core.shell[0m [1;30mINFO[0m Skip shell extension 'powershell' for command environment: Not usable outside of PowerShell
[11.199s] [34mcolcon.colcon_core.shell[0m [1;30mDEBUG[0m [32mSkip shell extension 'dsv' for command environment[0m
[11.677s] [34mcolcon.colcon_core.task.python.build[0m [1;30mINFO[0m Building Python package in '/home/lxf/Desktop/ROS/12_Parameter_Python/src/demo_python_service'
[11.677s] [34mcolcon.colcon_core.shell[0m [1;30mINFO[0m Skip shell extension 'powershell' for command environment: Not usable outside of PowerShell
[11.677s] [34mcolcon.colcon_core.shell[0m [1;30mDEBUG[0m [32mSkip shell extension 'dsv' for command environment[0m
[12.103s] [34mcolcon.colcon_core.event_handler.log_command[0m [1;30mDEBUG[0m [32mInvoking command in '/home/lxf/Desktop/ROS/12_Parameter_Python/src/demo_python_service': PYTHONPATH=/home/lxf/Desktop/ROS/12_Parameter_Python/build/demo_python_service/prefix_override:/usr/lib/python3/dist-packages/colcon_core/task/python/colcon_distutils_commands:/home/lxf/Desktop/ROS/12_Parameter_Python/install/demo_python_service/lib/python3.10/site-packages:${PYTHONPATH} /usr/bin/python3 -W ignore:setup.py install is deprecated -W ignore:easy_install command is deprecated setup.py egg_info --egg-base ../../build/demo_python_service build --build-base /home/lxf/Desktop/ROS/12_Parameter_Python/build/demo_python_service/build install --record /home/lxf/Desktop/ROS/12_Parameter_Python/build/demo_python_service/install.log --single-version-externally-managed install_data[0m
[12.467s] [34mcolcon.colcon_core.environment[0m [1;30mLevel 1[0m checking '/home/lxf/Desktop/ROS/12_Parameter_Python/install/demo_python_service' for CMake module files
[12.468s] [34mcolcon.colcon_core.event_handler.log_command[0m [1;30mDEBUG[0m [32mInvoked command in '/home/lxf/Desktop/ROS/12_Parameter_Python/src/demo_python_service' returned '0': PYTHONPATH=/home/lxf/Desktop/ROS/12_Parameter_Python/build/demo_python_service/prefix_override:/usr/lib/python3/dist-packages/colcon_core/task/python/colcon_distutils_commands:/home/lxf/Desktop/ROS/12_Parameter_Python/install/demo_python_service/lib/python3.10/site-packages:${PYTHONPATH} /usr/bin/python3 -W ignore:setup.py install is deprecated -W ignore:easy_install command is deprecated setup.py egg_info --egg-base ../../build/demo_python_service build --build-base /home/lxf/Desktop/ROS/12_Parameter_Python/build/demo_python_service/build install --record /home/lxf/Desktop/ROS/12_Parameter_Python/build/demo_python_service/install.log --single-version-externally-managed install_data[0m
[12.468s] [34mcolcon.colcon_core.environment[0m [1;30mLevel 1[0m checking '/home/lxf/Desktop/ROS/12_Parameter_Python/install/demo_python_service' for CMake config files
[12.469s] [34mcolcon.colcon_core.environment[0m [1;30mLevel 1[0m checking '/home/lxf/Desktop/ROS/12_Parameter_Python/install/demo_python_service/lib'
[12.469s] [34mcolcon.colcon_core.environment[0m [1;30mLevel 1[0m checking '/home/lxf/Desktop/ROS/12_Parameter_Python/install/demo_python_service/bin'
[12.469s] [34mcolcon.colcon_core.environment[0m [1;30mLevel 1[0m checking '/home/lxf/Desktop/ROS/12_Parameter_Python/install/demo_python_service/lib/pkgconfig/demo_python_service.pc'
[12.469s] [34mcolcon.colcon_core.environment[0m [1;30mLevel 1[0m checking '/home/lxf/Desktop/ROS/12_Parameter_Python/install/demo_python_service/lib/python3.10/site-packages'
[12.469s] [34mcolcon.colcon_core.shell[0m [1;30mLevel 1[0m create_environment_hook('demo_python_service', 'pythonpath')
[12.470s] [34mcolcon.colcon_core.shell[0m [1;30mINFO[0m Creating environment hook '/home/lxf/Desktop/ROS/12_Parameter_Python/install/demo_python_service/share/demo_python_service/hook/pythonpath.ps1'
[12.470s] [34mcolcon.colcon_core.shell[0m [1;30mINFO[0m Creating environment descriptor '/home/lxf/Desktop/ROS/12_Parameter_Python/install/demo_python_service/share/demo_python_service/hook/pythonpath.dsv'
[12.470s] [34mcolcon.colcon_core.shell[0m [1;30mINFO[0m Creating environment hook '/home/lxf/Desktop/ROS/12_Parameter_Python/install/demo_python_service/share/demo_python_service/hook/pythonpath.sh'
[12.471s] [34mcolcon.colcon_core.environment[0m [1;30mLevel 1[0m checking '/home/lxf/Desktop/ROS/12_Parameter_Python/install/demo_python_service/bin'
[12.471s] [34mcolcon.colcon_core.environment[0m [1;30mLevel 1[0m create_environment_scripts_only(demo_python_service)
[12.472s] [34mcolcon.colcon_core.shell[0m [1;30mINFO[0m Creating package script '/home/lxf/Desktop/ROS/12_Parameter_Python/install/demo_python_service/share/demo_python_service/package.ps1'
[12.472s] [34mcolcon.colcon_core.shell[0m [1;30mINFO[0m Creating package descriptor '/home/lxf/Desktop/ROS/12_Parameter_Python/install/demo_python_service/share/demo_python_service/package.dsv'
[12.473s] [34mcolcon.colcon_core.shell[0m [1;30mINFO[0m Creating package script '/home/lxf/Desktop/ROS/12_Parameter_Python/install/demo_python_service/share/demo_python_service/package.sh'
[12.473s] [34mcolcon.colcon_core.shell[0m [1;30mINFO[0m Creating package script '/home/lxf/Desktop/ROS/12_Parameter_Python/install/demo_python_service/share/demo_python_service/package.bash'
[12.473s] [34mcolcon.colcon_core.shell[0m [1;30mINFO[0m Creating package script '/home/lxf/Desktop/ROS/12_Parameter_Python/install/demo_python_service/share/demo_python_service/package.zsh'
[12.474s] [34mcolcon.colcon_core.environment[0m [1;30mLevel 1[0m create_file_with_runtime_dependencies(/home/lxf/Desktop/ROS/12_Parameter_Python/install/demo_python_service/share/colcon-core/packages/demo_python_service)
[12.474s] [34mcolcon.colcon_parallel_executor.executor.parallel[0m [1;30mDEBUG[0m [32mclosing loop[0m
[12.475s] [34mcolcon.colcon_parallel_executor.executor.parallel[0m [1;30mDEBUG[0m [32mloop closed[0m
[12.475s] [34mcolcon.colcon_parallel_executor.executor.parallel[0m [1;30mDEBUG[0m [32mrun_until_complete finished with '0'[0m
[12.475s] [34mcolcon.colcon_core.event_reactor[0m [1;30mDEBUG[0m [32mjoining thread[0m
[12.482s] [34mcolcon.colcon_core.plugin_system[0m [1;30mINFO[0m Skipping extension 'colcon_notification.desktop_notification.terminal_notifier': Not used on non-Darwin systems
[12.482s] [34mcolcon.colcon_core.plugin_system[0m [1;30mINFO[0m Skipping extension 'colcon_notification.desktop_notification.win32': Not used on non-Windows systems
[12.482s] [34mcolcon.colcon_notification.desktop_notification[0m [1;30mINFO[0m Sending desktop notification using 'notify2'
[12.529s] [34mcolcon.colcon_core.event_reactor[0m [1;30mDEBUG[0m [32mjoined thread[0m
[12.531s] [34mcolcon.colcon_core.shell[0m [1;30mINFO[0m Creating prefix script '/home/lxf/Desktop/ROS/12_Parameter_Python/install/local_setup.ps1'
[12.535s] [34mcolcon.colcon_core.shell[0m [1;30mINFO[0m Creating prefix util module '/home/lxf/Desktop/ROS/12_Parameter_Python/install/_local_setup_util_ps1.py'
[12.540s] [34mcolcon.colcon_core.shell[0m [1;30mINFO[0m Creating prefix chain script '/home/lxf/Desktop/ROS/12_Parameter_Python/install/setup.ps1'
[12.544s] [34mcolcon.colcon_core.shell[0m [1;30mINFO[0m Creating prefix script '/home/lxf/Desktop/ROS/12_Parameter_Python/install/local_setup.sh'
[12.546s] [34mcolcon.colcon_core.shell[0m [1;30mINFO[0m Creating prefix util module '/home/lxf/Desktop/ROS/12_Parameter_Python/install/_local_setup_util_sh.py'
[12.548s] [34mcolcon.colcon_core.shell[0m [1;30mINFO[0m Creating prefix chain script '/home/lxf/Desktop/ROS/12_Parameter_Python/install/setup.sh'
[12.552s] [34mcolcon.colcon_core.shell[0m [1;30mINFO[0m Creating prefix script '/home/lxf/Desktop/ROS/12_Parameter_Python/install/local_setup.bash'
[12.554s] [34mcolcon.colcon_core.shell[0m [1;30mINFO[0m Creating prefix chain script '/home/lxf/Desktop/ROS/12_Parameter_Python/install/setup.bash'
[12.558s] [34mcolcon.colcon_core.shell[0m [1;30mINFO[0m Creating prefix script '/home/lxf/Desktop/ROS/12_Parameter_Python/install/local_setup.zsh'
[12.560s] [34mcolcon.colcon_core.shell[0m [1;30mINFO[0m Creating prefix chain script '/home/lxf/Desktop/ROS/12_Parameter_Python/install/setup.zsh'
