-- Found ament_cmake: 1.3.12 (/opt/ros/humble/share/ament_cmake/cmake)
-- Found rclcpp: 16.0.16 (/opt/ros/humble/share/rclcpp/cmake)
-- Found rosidl_generator_c: 3.1.7 (/opt/ros/humble/share/rosidl_generator_c/cmake)
-- Found rosidl_adapter: 3.1.7 (/opt/ros/humble/share/rosidl_adapter/cmake)
-- Found rosidl_generator_cpp: 3.1.7 (/opt/ros/humble/share/rosidl_generator_cpp/cmake)
-- Using all available rosidl_typesupport_c: rosidl_typesupport_fastrtps_c;rosidl_typesupport_introspection_c
-- Using all available rosidl_typesupport_cpp: rosidl_typesupport_fastrtps_cpp;rosidl_typesupport_introspection_cpp
-- Found rmw_implementation_cmake: 6.1.2 (/opt/ros/humble/share/rmw_implementation_cmake/cmake)
-- Found rmw_fastrtps_cpp: 6.2.9 (/opt/ros/humble/share/rmw_fastrtps_cpp/cmake)
-- Using RMW implementation 'rmw_fastrtps_cpp' as default
-- Found geometry_msgs: 4.9.0 (/opt/ros/humble/share/geometry_msgs/cmake)
-- Found turtlesim: 1.4.3 (/opt/ros/humble/share/turtlesim/cmake)
-- Found ament_lint_auto: 0.12.14 (/opt/ros/humble/share/ament_lint_auto/cmake)
-- Added test 'cppcheck' to perform static code analysis on C / C++ code
-- Configured cppcheck include dirs: /home/lxf/Desktop/ROS/14.Parameter_CPP/src/cpp_pose_topic/include
-- Configured cppcheck exclude dirs and/or files: 
-- Added test 'lint_cmake' to check CMake code style
-- Added test 'uncrustify' to check C / C++ code style
-- Configured uncrustify additional arguments: 
-- Added test 'xmllint' to check XML markup files
-- Configuring done
-- Generating done
-- Build files have been written to: /home/lxf/Desktop/ROS/14.Parameter_CPP/build/cpp_pose_topic
[35m[1mConsolidate compiler generated dependencies of target turtle_control[0m
[35m[1mConsolidate compiler generated dependencies of target turtle_circle[0m
[ 16%] [32mBuilding CXX object CMakeFiles/turtle_control_v2.dir/src/turtle_control_v2.cpp.o[0m
[ 50%] Built target turtle_circle
[ 66%] [32mBuilding CXX object CMakeFiles/turtle_control.dir/src/turtle_control.cpp.o[0m
[01m[K/home/lxf/Desktop/ROS/14.Parameter_CPP/src/cpp_pose_topic/src/turtle_control_v2.cpp:78:5:[m[K [01;31m[Kerror: [m[K‘[01m[Kparameters_callback_handle_[m[K’ does not name a type; did you mean ‘[01m[KOnSetParametersCallbackHandle[m[K’?
   78 |     [01;31m[Kparameters_callback_handle_[m[K = this->add_on_set_parameters_callback
      |     [01;31m[K^~~~~~~~~~~~~~~~~~~~~~~~~~~[m[K
      |     [32m[KOnSetParametersCallbackHandle[m[K
[01m[K/home/lxf/Desktop/ROS/14.Parameter_CPP/src/cpp_pose_topic/src/turtle_control_v2.cpp:105:35:[m[K [01;31m[Kerror: [m[Kexpected unqualified-id before ‘[01m[K)[m[K’ token
  105 |                                   [01;31m[K)[m[K;
      |                                   [01;31m[K^[m[K
gmake[2]: *** [CMakeFiles/turtle_control_v2.dir/build.make:76：CMakeFiles/turtle_control_v2.dir/src/turtle_control_v2.cpp.o] 错误 1
gmake[1]: *** [CMakeFiles/Makefile2:193：CMakeFiles/turtle_control_v2.dir/all] 错误 2
gmake[1]: *** 正在等待未完成的任务....
[ 83%] [32m[1mLinking CXX executable turtle_control[0m
[ 83%] Built target turtle_control
gmake: *** [Makefile:146：all] 错误 2
