[0.016s] Invoking command in '/home/lxf/Desktop/ROS/14.Parameter_CPP/build/cpp_pose_topic': CMAKE_PREFIX_PATH=/opt/ros/humble /usr/bin/cmake --build /home/lxf/Desktop/ROS/14.Parameter_CPP/build/cpp_pose_topic -- -j16 -l16
[0.092s] -- Found ament_cmake: 1.3.12 (/opt/ros/humble/share/ament_cmake/cmake)
[0.317s] -- Found rclcpp: 16.0.16 (/opt/ros/humble/share/rclcpp/cmake)
[0.396s] -- Found rosidl_generator_c: 3.1.7 (/opt/ros/humble/share/rosidl_generator_c/cmake)
[0.402s] -- Found rosidl_adapter: 3.1.7 (/opt/ros/humble/share/rosidl_adapter/cmake)
[0.415s] -- Found rosidl_generator_cpp: 3.1.7 (/opt/ros/humble/share/rosidl_generator_cpp/cmake)
[0.435s] -- Using all available rosidl_typesupport_c: rosidl_typesupport_fastrtps_c;rosidl_typesupport_introspection_c
[0.457s] -- Using all available rosidl_typesupport_cpp: rosidl_typesupport_fastrtps_cpp;rosidl_typesupport_introspection_cpp
[0.556s] -- Found rmw_implementation_cmake: 6.1.2 (/opt/ros/humble/share/rmw_implementation_cmake/cmake)
[0.562s] -- Found rmw_fastrtps_cpp: 6.2.9 (/opt/ros/humble/share/rmw_fastrtps_cpp/cmake)
[0.758s] -- Using RMW implementation 'rmw_fastrtps_cpp' as default
[0.848s] -- Found geometry_msgs: 4.9.0 (/opt/ros/humble/share/geometry_msgs/cmake)
[0.868s] -- Found turtlesim: 1.4.3 (/opt/ros/humble/share/turtlesim/cmake)
[0.927s] -- Found ament_lint_auto: 0.12.14 (/opt/ros/humble/share/ament_lint_auto/cmake)
[1.016s] -- Added test 'cppcheck' to perform static code analysis on C / C++ code
[1.016s] -- Configured cppcheck include dirs: /home/lxf/Desktop/ROS/14.Parameter_CPP/src/cpp_pose_topic/include
[1.016s] -- Configured cppcheck exclude dirs and/or files: 
[1.018s] -- Added test 'lint_cmake' to check CMake code style
[1.019s] -- Added test 'uncrustify' to check C / C++ code style
[1.019s] -- Configured uncrustify additional arguments: 
[1.020s] -- Added test 'xmllint' to check XML markup files
[1.021s] -- Configuring done
[1.044s] -- Generating done
[1.055s] -- Build files have been written to: /home/lxf/Desktop/ROS/14.Parameter_CPP/build/cpp_pose_topic
[1.089s] [35m[1mConsolidate compiler generated dependencies of target turtle_control[0m
[1.089s] [35m[1mConsolidate compiler generated dependencies of target turtle_circle[0m
[1.102s] [ 16%] [32mBuilding CXX object CMakeFiles/turtle_control_v2.dir/src/turtle_control_v2.cpp.o[0m
[1.112s] [ 50%] Built target turtle_circle
[1.113s] [ 66%] [32mBuilding CXX object CMakeFiles/turtle_control.dir/src/turtle_control.cpp.o[0m
[4.179s] [01m[K/home/lxf/Desktop/ROS/14.Parameter_CPP/src/cpp_pose_topic/src/turtle_control_v2.cpp:78:5:[m[K [01;31m[Kerror: [m[K‘[01m[Kparameters_callback_handle_[m[K’ does not name a type; did you mean ‘[01m[KOnSetParametersCallbackHandle[m[K’?
[4.179s]    78 |     [01;31m[Kparameters_callback_handle_[m[K = this->add_on_set_parameters_callback
[4.179s]       |     [01;31m[K^~~~~~~~~~~~~~~~~~~~~~~~~~~[m[K
[4.180s]       |     [32m[KOnSetParametersCallbackHandle[m[K
[4.180s] [01m[K/home/lxf/Desktop/ROS/14.Parameter_CPP/src/cpp_pose_topic/src/turtle_control_v2.cpp:105:35:[m[K [01;31m[Kerror: [m[Kexpected unqualified-id before ‘[01m[K)[m[K’ token
[4.180s]   105 |                                   [01;31m[K)[m[K;
[4.180s]       |                                   [01;31m[K^[m[K
[7.652s] gmake[2]: *** [CMakeFiles/turtle_control_v2.dir/build.make:76：CMakeFiles/turtle_control_v2.dir/src/turtle_control_v2.cpp.o] 错误 1
[7.652s] gmake[1]: *** [CMakeFiles/Makefile2:193：CMakeFiles/turtle_control_v2.dir/all] 错误 2
[7.652s] gmake[1]: *** 正在等待未完成的任务....
[11.814s] [ 83%] [32m[1mLinking CXX executable turtle_control[0m
[12.441s] [ 83%] Built target turtle_control
[12.443s] gmake: *** [Makefile:146：all] 错误 2
[12.446s] Invoked command in '/home/lxf/Desktop/ROS/14.Parameter_CPP/build/cpp_pose_topic' returned '2': CMAKE_PREFIX_PATH=/opt/ros/humble /usr/bin/cmake --build /home/lxf/Desktop/ROS/14.Parameter_CPP/build/cpp_pose_topic -- -j16 -l16
