[0.010s] Invoking command in '/home/lxf/ROS/10.topic_practice/build/status_display': AMENT_PREFIX_PATH=/home/lxf/ROS/10.topic_practice/install/status_interfaces:${AMENT_PREFIX_PATH} CMAKE_PREFIX_PATH=/home/lxf/ROS/10.topic_practice/install/status_interfaces:/opt/ros/humble LD_LIBRARY_PATH=/home/lxf/ROS/10.topic_practice/install/status_interfaces/lib:${LD_LIBRARY_PATH} PYTHONPATH=/home/lxf/ROS/10.topic_practice/install/status_interfaces/local/lib/python3.10/dist-packages:${PYTHONPATH} /usr/bin/cmake --build /home/lxf/ROS/10.topic_practice/build/status_display -- -j16 -l16
[0.018s] [0mCMake Deprecation Warning at CMakeLists.txt:1 (cmake_minimum_required):
[0.018s]   Compatibility with CMake < 3.10 will be removed from a future version of
[0.018s]   CMake.
[0.018s] 
[0.018s]   Update the VERSION argument <min> value.  Or, use the <min>...<max> syntax
[0.018s]   to tell CMake that the project requires at least <min> but has been updated
[0.018s]   to work with policies introduced by <max> or earlier.
[0.019s] 
[0.019s] [0m
[0.023s] -- Found ament_cmake: 1.3.12 (/opt/ros/humble/share/ament_cmake/cmake)
[0.194s] -- Found rclpy: 3.3.17 (/opt/ros/humble/share/rclpy/cmake)
[0.194s] -- Found status_interfaces: 0.0.0 (/home/lxf/ROS/10.topic_practice/install/status_interfaces/share/status_interfaces/cmake)
[0.215s] -- Found rosidl_generator_c: 3.1.7 (/opt/ros/humble/share/rosidl_generator_c/cmake)
[0.217s] -- Found rosidl_adapter: 3.1.7 (/opt/ros/humble/share/rosidl_adapter/cmake)
[0.221s] -- Found rosidl_generator_cpp: 3.1.7 (/opt/ros/humble/share/rosidl_generator_cpp/cmake)
[0.228s] -- Using all available rosidl_typesupport_c: rosidl_typesupport_fastrtps_c;rosidl_typesupport_introspection_c
[0.237s] -- Using all available rosidl_typesupport_cpp: rosidl_typesupport_fastrtps_cpp;rosidl_typesupport_introspection_cpp
[0.275s] [31mCMake Error at /opt/ros/humble/share/ament_cmake_target_dependencies/cmake/ament_target_dependencies.cmake:77 (message):
[0.275s]   ament_target_dependencies() the passed package name 'rclcpp' was not found
[0.275s]   before
[0.275s] Call Stack (most recent call first):
[0.275s]   CMakeLists.txt:19 (ament_target_dependencies)
[0.275s] 
[0.275s] [0m
[0.275s] -- Configuring incomplete, errors occurred!
[0.280s] gmake: *** [Makefile:267：cmake_check_build_system] 错误 1
[0.281s] Invoked command in '/home/lxf/ROS/10.topic_practice/build/status_display' returned '2': AMENT_PREFIX_PATH=/home/lxf/ROS/10.topic_practice/install/status_interfaces:${AMENT_PREFIX_PATH} CMAKE_PREFIX_PATH=/home/lxf/ROS/10.topic_practice/install/status_interfaces:/opt/ros/humble LD_LIBRARY_PATH=/home/lxf/ROS/10.topic_practice/install/status_interfaces/lib:${LD_LIBRARY_PATH} PYTHONPATH=/home/lxf/ROS/10.topic_practice/install/status_interfaces/local/lib/python3.10/dist-packages:${PYTHONPATH} /usr/bin/cmake --build /home/lxf/ROS/10.topic_practice/build/status_display -- -j16 -l16
