[0.009s] Invoking command in '/home/lxf/ROS/10.topic_practice/build/status_display': AMENT_PREFIX_PATH=/home/lxf/ROS/10.topic_practice/install/status_interfaces:${AMENT_PREFIX_PATH} CMAKE_PREFIX_PATH=/home/lxf/ROS/10.topic_practice/install/status_interfaces:/opt/ros/humble LD_LIBRARY_PATH=/home/lxf/ROS/10.topic_practice/install/status_interfaces/lib:${LD_LIBRARY_PATH} PYTHONPATH=/home/lxf/ROS/10.topic_practice/install/status_interfaces/local/lib/python3.10/dist-packages:${PYTHONPATH} /usr/bin/cmake --build /home/lxf/ROS/10.topic_practice/build/status_display -- -j16 -l16
[0.018s] [0mCMake Deprecation Warning at CMakeLists.txt:1 (cmake_minimum_required):
[0.018s]   Compatibility with CMake < 3.10 will be removed from a future version of
[0.018s]   CMake.
[0.018s] 
[0.018s]   Update the VERSION argument <min> value.  Or, use the <min>...<max> syntax
[0.018s]   to tell CMake that the project requires at least <min> but has been updated
[0.018s]   to work with policies introduced by <max> or earlier.
[0.018s] 
[0.018s] [0m
[0.023s] -- Found ament_cmake: 1.3.12 (/opt/ros/humble/share/ament_cmake/cmake)
[0.165s] -- Found rclpy: 3.3.17 (/opt/ros/humble/share/rclpy/cmake)
[0.165s] -- Found status_interfaces: 0.0.0 (/home/lxf/ROS/10.topic_practice/install/status_interfaces/share/status_interfaces/cmake)
[0.184s] -- Found rosidl_generator_c: 3.1.7 (/opt/ros/humble/share/rosidl_generator_c/cmake)
[0.186s] -- Found rosidl_adapter: 3.1.7 (/opt/ros/humble/share/rosidl_adapter/cmake)
[0.190s] -- Found rosidl_generator_cpp: 3.1.7 (/opt/ros/humble/share/rosidl_generator_cpp/cmake)
[0.198s] -- Using all available rosidl_typesupport_c: rosidl_typesupport_fastrtps_c;rosidl_typesupport_introspection_c
[0.207s] -- Using all available rosidl_typesupport_cpp: rosidl_typesupport_fastrtps_cpp;rosidl_typesupport_introspection_cpp
[0.231s] -- Found ament_lint_auto: 0.12.14 (/opt/ros/humble/share/ament_lint_auto/cmake)
[0.292s] -- Added test 'cppcheck' to perform static code analysis on C / C++ code
[0.293s] -- Configured cppcheck include dirs: 
[0.293s] -- Configured cppcheck exclude dirs and/or files: 
[0.293s] -- Added test 'lint_cmake' to check CMake code style
[0.294s] -- Added test 'uncrustify' to check C / C++ code style
[0.294s] -- Configured uncrustify additional arguments: 
[0.295s] -- Added test 'xmllint' to check XML markup files
[0.296s] -- Configuring done (0.3s)
[0.300s] -- Generating done (0.0s)
[0.301s] -- Build files have been written to: /home/lxf/ROS/10.topic_practice/build/status_display
[0.321s] [ 50%] [1m[32mLinking CXX executable hello_qt[0m
[0.409s] /usr/bin/ld: /usr/lib/gcc/x86_64-linux-gnu/11/../../../x86_64-linux-gnu/Scrt1.o: in function `_start':
[0.409s] (.text+0x1b): undefined reference to `main'
[0.414s] collect2: error: ld returned 1 exit status
[0.415s] gmake[2]: *** [CMakeFiles/hello_qt.dir/build.make:103：hello_qt] 错误 1
[0.415s] gmake[1]: *** [CMakeFiles/Makefile2:153：CMakeFiles/hello_qt.dir/all] 错误 2
[0.415s] gmake: *** [Makefile:146：all] 错误 2
[0.416s] Invoked command in '/home/lxf/ROS/10.topic_practice/build/status_display' returned '2': AMENT_PREFIX_PATH=/home/lxf/ROS/10.topic_practice/install/status_interfaces:${AMENT_PREFIX_PATH} CMAKE_PREFIX_PATH=/home/lxf/ROS/10.topic_practice/install/status_interfaces:/opt/ros/humble LD_LIBRARY_PATH=/home/lxf/ROS/10.topic_practice/install/status_interfaces/lib:${LD_LIBRARY_PATH} PYTHONPATH=/home/lxf/ROS/10.topic_practice/install/status_interfaces/local/lib/python3.10/dist-packages:${PYTHONPATH} /usr/bin/cmake --build /home/lxf/ROS/10.topic_practice/build/status_display -- -j16 -l16
