[0.366s] Invoking command in '/home/lxf/ROS/11.Face_Recognition/src/demo_python_service': PYTHONPATH=/home/lxf/ROS/11.Face_Recognition/build/demo_python_service/prefix_override:/usr/lib/python3/dist-packages/colcon_core/task/python/colcon_distutils_commands:/home/lxf/ROS/11.Face_Recognition/install/demo_python_service/lib/python3.10/site-packages:${PYTHONPATH} /usr/bin/python3 -W ignore:setup.py install is deprecated -W ignore:easy_install command is deprecated setup.py egg_info --egg-base ../../build/demo_python_service build --build-base /home/lxf/ROS/11.Face_Recognition/build/demo_python_service/build install --record /home/lxf/ROS/11.Face_Recognition/build/demo_python_service/install.log --single-version-externally-managed install_data
[0.508s] running egg_info
[0.508s] writing ../../build/demo_python_service/demo_python_service.egg-info/PKG-INFO
[0.508s] writing dependency_links to ../../build/demo_python_service/demo_python_service.egg-info/dependency_links.txt
[0.508s] writing entry points to ../../build/demo_python_service/demo_python_service.egg-info/entry_points.txt
[0.508s] writing requirements to ../../build/demo_python_service/demo_python_service.egg-info/requires.txt
[0.509s] writing top-level names to ../../build/demo_python_service/demo_python_service.egg-info/top_level.txt
[0.510s] reading manifest file '../../build/demo_python_service/demo_python_service.egg-info/SOURCES.txt'
[0.510s] adding license file 'LICENSE'
[0.510s] writing manifest file '../../build/demo_python_service/demo_python_service.egg-info/SOURCES.txt'
[0.510s] running build
[0.510s] running build_py
[0.510s] copying demo_python_service/face_detect_client_thread.py -> /home/lxf/ROS/11.Face_Recognition/build/demo_python_service/build/lib/demo_python_service
[0.511s] running install
[0.511s] running install_lib
[0.511s] copying /home/lxf/ROS/11.Face_Recognition/build/demo_python_service/build/lib/demo_python_service/face_detect_client_thread.py -> /home/lxf/ROS/11.Face_Recognition/install/demo_python_service/lib/python3.10/site-packages/demo_python_service
[0.512s] byte-compiling /home/lxf/ROS/11.Face_Recognition/install/demo_python_service/lib/python3.10/site-packages/demo_python_service/face_detect_client_thread.py to face_detect_client_thread.cpython-310.pyc
[0.512s] running install_data
[0.512s] running install_egg_info
[0.513s] removing '/home/lxf/ROS/11.Face_Recognition/install/demo_python_service/lib/python3.10/site-packages/demo_python_service-0.0.0-py3.10.egg-info' (and everything under it)
[0.514s] Copying ../../build/demo_python_service/demo_python_service.egg-info to /home/lxf/ROS/11.Face_Recognition/install/demo_python_service/lib/python3.10/site-packages/demo_python_service-0.0.0-py3.10.egg-info
[0.514s] running install_scripts
[0.527s] Installing face_detect script to /home/lxf/ROS/11.Face_Recognition/install/demo_python_service/lib/demo_python_service
[0.527s] Installing face_detect_client_node script to /home/lxf/ROS/11.Face_Recognition/install/demo_python_service/lib/demo_python_service
[0.527s] Installing face_detect_client_thread script to /home/lxf/ROS/11.Face_Recognition/install/demo_python_service/lib/demo_python_service
[0.527s] Installing face_detect_client_two_node script to /home/lxf/ROS/11.Face_Recognition/install/demo_python_service/lib/demo_python_service
[0.528s] Installing face_detect_node script to /home/lxf/ROS/11.Face_Recognition/install/demo_python_service/lib/demo_python_service
[0.528s] writing list of installed files to '/home/lxf/ROS/11.Face_Recognition/build/demo_python_service/install.log'
[0.543s] Invoked command in '/home/lxf/ROS/11.Face_Recognition/src/demo_python_service' returned '0': PYTHONPATH=/home/lxf/ROS/11.Face_Recognition/build/demo_python_service/prefix_override:/usr/lib/python3/dist-packages/colcon_core/task/python/colcon_distutils_commands:/home/lxf/ROS/11.Face_Recognition/install/demo_python_service/lib/python3.10/site-packages:${PYTHONPATH} /usr/bin/python3 -W ignore:setup.py install is deprecated -W ignore:easy_install command is deprecated setup.py egg_info --egg-base ../../build/demo_python_service build --build-base /home/lxf/ROS/11.Face_Recognition/build/demo_python_service/build install --record /home/lxf/ROS/11.Face_Recognition/build/demo_python_service/install.log --single-version-externally-managed install_data
