[0.008s] Invoking command in '/home/lxf/Desktop/ROS/16.Launch_parameter/build/cpp_pose_topic': CMAKE_PREFIX_PATH=${CMAKE_PREFIX_PATH}:/opt/ros/humble /usr/bin/cmake --build /home/lxf/Desktop/ROS/16.Launch_parameter/build/cpp_pose_topic -- -j16 -l16
[0.057s] [35m[1mConsolidate compiler generated dependencies of target turtle_param_client[0m
[0.057s] [35m[1mConsolidate compiler generated dependencies of target turtle_circle[0m
[0.060s] [35m[1mConsolidate compiler generated dependencies of target turtle_control_v2[0m
[0.067s] [35m[1mConsolidate compiler generated dependencies of target turtle_control[0m
[0.103s] [ 12%] [32mBuilding CXX object CMakeFiles/turtle_param_client.dir/src/turtle_param_client.cpp.o[0m
[0.103s] [ 37%] Built target turtle_circle
[0.106s] [ 62%] Built target turtle_control_v2
[0.107s] [ 87%] Built target turtle_control
[2.543s] [100%] [32m[1mLinking CXX executable turtle_param_client[0m
[2.672s] [100%] Built target turtle_param_client
[2.680s] Invoked command in '/home/lxf/Desktop/ROS/16.Launch_parameter/build/cpp_pose_topic' returned '0': CMAKE_PREFIX_PATH=${CMAKE_PREFIX_PATH}:/opt/ros/humble /usr/bin/cmake --build /home/lxf/Desktop/ROS/16.Launch_parameter/build/cpp_pose_topic -- -j16 -l16
[2.681s] Invoking command in '/home/lxf/Desktop/ROS/16.Launch_parameter/build/cpp_pose_topic': CMAKE_PREFIX_PATH=${CMAKE_PREFIX_PATH}:/opt/ros/humble /usr/bin/cmake --install /home/lxf/Desktop/ROS/16.Launch_parameter/build/cpp_pose_topic
[2.687s] -- Install configuration: ""
[2.688s] -- Up-to-date: /home/lxf/Desktop/ROS/16.Launch_parameter/install/cpp_pose_topic/lib/cpp_pose_topic/turtle_circle
[2.688s] -- Up-to-date: /home/lxf/Desktop/ROS/16.Launch_parameter/install/cpp_pose_topic/lib/cpp_pose_topic/turtle_control
[2.688s] -- Up-to-date: /home/lxf/Desktop/ROS/16.Launch_parameter/install/cpp_pose_topic/lib/cpp_pose_topic/turtle_control_v2
[2.688s] -- Installing: /home/lxf/Desktop/ROS/16.Launch_parameter/install/cpp_pose_topic/lib/cpp_pose_topic/turtle_param_client
[2.688s] -- Set runtime path of "/home/lxf/Desktop/ROS/16.Launch_parameter/install/cpp_pose_topic/lib/cpp_pose_topic/turtle_param_client" to ""
[2.689s] -- Up-to-date: /home/lxf/Desktop/ROS/16.Launch_parameter/install/cpp_pose_topic/share/cpp_pose_topic/launch
[2.689s] -- Installing: /home/lxf/Desktop/ROS/16.Launch_parameter/install/cpp_pose_topic/share/cpp_pose_topic/launch/demo.launch.py
[2.689s] -- Up-to-date: /home/lxf/Desktop/ROS/16.Launch_parameter/install/cpp_pose_topic/share/ament_index/resource_index/package_run_dependencies/cpp_pose_topic
[2.689s] -- Up-to-date: /home/lxf/Desktop/ROS/16.Launch_parameter/install/cpp_pose_topic/share/ament_index/resource_index/parent_prefix_path/cpp_pose_topic
[2.689s] -- Up-to-date: /home/lxf/Desktop/ROS/16.Launch_parameter/install/cpp_pose_topic/share/cpp_pose_topic/environment/ament_prefix_path.sh
[2.689s] -- Up-to-date: /home/lxf/Desktop/ROS/16.Launch_parameter/install/cpp_pose_topic/share/cpp_pose_topic/environment/ament_prefix_path.dsv
[2.689s] -- Up-to-date: /home/lxf/Desktop/ROS/16.Launch_parameter/install/cpp_pose_topic/share/cpp_pose_topic/environment/path.sh
[2.689s] -- Up-to-date: /home/lxf/Desktop/ROS/16.Launch_parameter/install/cpp_pose_topic/share/cpp_pose_topic/environment/path.dsv
[2.689s] -- Up-to-date: /home/lxf/Desktop/ROS/16.Launch_parameter/install/cpp_pose_topic/share/cpp_pose_topic/local_setup.bash
[2.690s] -- Up-to-date: /home/lxf/Desktop/ROS/16.Launch_parameter/install/cpp_pose_topic/share/cpp_pose_topic/local_setup.sh
[2.690s] -- Up-to-date: /home/lxf/Desktop/ROS/16.Launch_parameter/install/cpp_pose_topic/share/cpp_pose_topic/local_setup.zsh
[2.691s] -- Up-to-date: /home/lxf/Desktop/ROS/16.Launch_parameter/install/cpp_pose_topic/share/cpp_pose_topic/local_setup.dsv
[2.691s] -- Installing: /home/lxf/Desktop/ROS/16.Launch_parameter/install/cpp_pose_topic/share/cpp_pose_topic/package.dsv
[2.691s] -- Up-to-date: /home/lxf/Desktop/ROS/16.Launch_parameter/install/cpp_pose_topic/share/ament_index/resource_index/packages/cpp_pose_topic
[2.692s] -- Up-to-date: /home/lxf/Desktop/ROS/16.Launch_parameter/install/cpp_pose_topic/share/cpp_pose_topic/cmake/cpp_pose_topicConfig.cmake
[2.692s] -- Up-to-date: /home/lxf/Desktop/ROS/16.Launch_parameter/install/cpp_pose_topic/share/cpp_pose_topic/cmake/cpp_pose_topicConfig-version.cmake
[2.692s] -- Up-to-date: /home/lxf/Desktop/ROS/16.Launch_parameter/install/cpp_pose_topic/share/cpp_pose_topic/package.xml
[2.692s] Invoked command in '/home/lxf/Desktop/ROS/16.Launch_parameter/build/cpp_pose_topic' returned '0': CMAKE_PREFIX_PATH=${CMAKE_PREFIX_PATH}:/opt/ros/humble /usr/bin/cmake --install /home/lxf/Desktop/ROS/16.Launch_parameter/build/cpp_pose_topic
