[0.653s] Invoking command in '/home/lxf/ROS/11.Face_Recognition/src/demo_python_service': PYTHONPATH=/home/lxf/ROS/11.Face_Recognition/build/demo_python_service/prefix_override:/usr/lib/python3/dist-packages/colcon_core/task/python/colcon_distutils_commands:/home/lxf/ROS/11.Face_Recognition/install/demo_python_service/lib/python3.10/site-packages:${PYTHONPATH} /usr/bin/python3 -W ignore:setup.py install is deprecated -W ignore:easy_install command is deprecated setup.py egg_info --egg-base ../../build/demo_python_service build --build-base /home/lxf/ROS/11.Face_Recognition/build/demo_python_service/build install --record /home/lxf/ROS/11.Face_Recognition/build/demo_python_service/install.log --single-version-externally-managed install_data
[0.903s] running egg_info
[0.903s] writing ../../build/demo_python_service/demo_python_service.egg-info/PKG-INFO
[0.904s] writing dependency_links to ../../build/demo_python_service/demo_python_service.egg-info/dependency_links.txt
[0.904s] writing entry points to ../../build/demo_python_service/demo_python_service.egg-info/entry_points.txt
[0.904s] writing requirements to ../../build/demo_python_service/demo_python_service.egg-info/requires.txt
[0.904s] writing top-level names to ../../build/demo_python_service/demo_python_service.egg-info/top_level.txt
[0.906s] reading manifest file '../../build/demo_python_service/demo_python_service.egg-info/SOURCES.txt'
[0.907s] adding license file 'LICENSE'
[0.907s] writing manifest file '../../build/demo_python_service/demo_python_service.egg-info/SOURCES.txt'
[0.907s] running build
[0.907s] running build_py
[0.908s] copying demo_python_service/face_detect_client_node.py -> /home/lxf/ROS/11.Face_Recognition/build/demo_python_service/build/lib/demo_python_service
[0.908s] running install
[0.908s] running install_lib
[0.909s] copying /home/lxf/ROS/11.Face_Recognition/build/demo_python_service/build/lib/demo_python_service/face_detect_client_node.py -> /home/lxf/ROS/11.Face_Recognition/install/demo_python_service/lib/python3.10/site-packages/demo_python_service
[0.910s] byte-compiling /home/lxf/ROS/11.Face_Recognition/install/demo_python_service/lib/python3.10/site-packages/demo_python_service/face_detect_client_node.py to face_detect_client_node.cpython-310.pyc
[0.911s] running install_data
[0.911s] running install_egg_info
[0.913s] removing '/home/lxf/ROS/11.Face_Recognition/install/demo_python_service/lib/python3.10/site-packages/demo_python_service-0.0.0-py3.10.egg-info' (and everything under it)
[0.913s] Copying ../../build/demo_python_service/demo_python_service.egg-info to /home/lxf/ROS/11.Face_Recognition/install/demo_python_service/lib/python3.10/site-packages/demo_python_service-0.0.0-py3.10.egg-info
[0.914s] running install_scripts
[0.940s] Installing face_detect script to /home/lxf/ROS/11.Face_Recognition/install/demo_python_service/lib/demo_python_service
[0.940s] Installing face_detect_client_node script to /home/lxf/ROS/11.Face_Recognition/install/demo_python_service/lib/demo_python_service
[0.941s] Installing face_detect_node script to /home/lxf/ROS/11.Face_Recognition/install/demo_python_service/lib/demo_python_service
[0.941s] writing list of installed files to '/home/lxf/ROS/11.Face_Recognition/build/demo_python_service/install.log'
[0.965s] Invoked command in '/home/lxf/ROS/11.Face_Recognition/src/demo_python_service' returned '0': PYTHONPATH=/home/lxf/ROS/11.Face_Recognition/build/demo_python_service/prefix_override:/usr/lib/python3/dist-packages/colcon_core/task/python/colcon_distutils_commands:/home/lxf/ROS/11.Face_Recognition/install/demo_python_service/lib/python3.10/site-packages:${PYTHONPATH} /usr/bin/python3 -W ignore:setup.py install is deprecated -W ignore:easy_install command is deprecated setup.py egg_info --egg-base ../../build/demo_python_service build --build-base /home/lxf/ROS/11.Face_Recognition/build/demo_python_service/build install --record /home/lxf/ROS/11.Face_Recognition/build/demo_python_service/install.log --single-version-externally-managed install_data
