[0.008s] Invoking command in '/home/lxf/Desktop/ROS/15.Launch_CPP/build/cpp_pose_topic': CMAKE_PREFIX_PATH=/opt/ros/humble /usr/bin/cmake /home/lxf/Desktop/ROS/15.Launch_CPP/src/cpp_pose_topic -DCMAKE_INSTALL_PREFIX=/home/lxf/Desktop/ROS/15.Launch_CPP/install/cpp_pose_topic
[0.015s] -- Found ament_cmake: 1.3.12 (/opt/ros/humble/share/ament_cmake/cmake)
[0.110s] -- Found rclcpp: 16.0.16 (/opt/ros/humble/share/rclcpp/cmake)
[0.130s] -- Found rosidl_generator_c: 3.1.7 (/opt/ros/humble/share/rosidl_generator_c/cmake)
[0.131s] -- Found rosidl_adapter: 3.1.7 (/opt/ros/humble/share/rosidl_adapter/cmake)
[0.135s] -- Found rosidl_generator_cpp: 3.1.7 (/opt/ros/humble/share/rosidl_generator_cpp/cmake)
[0.141s] -- Using all available rosidl_typesupport_c: rosidl_typesupport_fastrtps_c;rosidl_typesupport_introspection_c
[0.149s] -- Using all available rosidl_typesupport_cpp: rosidl_typesupport_fastrtps_cpp;rosidl_typesupport_introspection_cpp
[0.169s] -- Found rmw_implementation_cmake: 6.1.2 (/opt/ros/humble/share/rmw_implementation_cmake/cmake)
[0.170s] -- Found rmw_fastrtps_cpp: 6.2.9 (/opt/ros/humble/share/rmw_fastrtps_cpp/cmake)
[0.245s] -- Using RMW implementation 'rmw_fastrtps_cpp' as default
[0.278s] -- Found geometry_msgs: 4.9.0 (/opt/ros/humble/share/geometry_msgs/cmake)
[0.285s] -- Found turtlesim: 1.4.3 (/opt/ros/humble/share/turtlesim/cmake)
[0.311s] -- Found ament_lint_auto: 0.12.14 (/opt/ros/humble/share/ament_lint_auto/cmake)
[0.375s] -- Added test 'cppcheck' to perform static code analysis on C / C++ code
[0.375s] -- Configured cppcheck include dirs: /home/lxf/Desktop/ROS/15.Launch_CPP/src/cpp_pose_topic/include
[0.375s] -- Configured cppcheck exclude dirs and/or files: 
[0.375s] -- Added test 'flake8' to check Python code syntax and style conventions
[0.376s] -- Added test 'lint_cmake' to check CMake code style
[0.376s] -- Added test 'pep257' to check Python code against some of the docstring style conventions in PEP 257
[0.377s] -- Added test 'uncrustify' to check C / C++ code style
[0.377s] -- Configured uncrustify additional arguments: 
[0.377s] -- Added test 'xmllint' to check XML markup files
[0.378s] -- Configuring done
[0.392s] -- Generating done
[0.397s] -- Build files have been written to: /home/lxf/Desktop/ROS/15.Launch_CPP/build/cpp_pose_topic
[0.403s] Invoked command in '/home/lxf/Desktop/ROS/15.Launch_CPP/build/cpp_pose_topic' returned '0': CMAKE_PREFIX_PATH=/opt/ros/humble /usr/bin/cmake /home/lxf/Desktop/ROS/15.Launch_CPP/src/cpp_pose_topic -DCMAKE_INSTALL_PREFIX=/home/lxf/Desktop/ROS/15.Launch_CPP/install/cpp_pose_topic
[0.404s] Invoking command in '/home/lxf/Desktop/ROS/15.Launch_CPP/build/cpp_pose_topic': CMAKE_PREFIX_PATH=/opt/ros/humble /usr/bin/cmake --build /home/lxf/Desktop/ROS/15.Launch_CPP/build/cpp_pose_topic -- -j16 -l16
[0.438s] [ 12%] [32mBuilding CXX object CMakeFiles/turtle_control.dir/src/turtle_control.cpp.o[0m
[0.439s] [ 37%] [32mBuilding CXX object CMakeFiles/turtle_param_client.dir/src/turtle_param_client.cpp.o[0m
[0.439s] [ 37%] [32mBuilding CXX object CMakeFiles/turtle_circle.dir/src/turtle_circle.cpp.o[0m
[0.447s] [ 50%] [32mBuilding CXX object CMakeFiles/turtle_control_v2.dir/src/turtle_control_v2.cpp.o[0m
[3.244s] [ 62%] [32m[1mLinking CXX executable turtle_param_client[0m
[3.404s] [ 62%] Built target turtle_param_client
[3.489s] [ 75%] [32m[1mLinking CXX executable turtle_circle[0m
[3.629s] [ 75%] Built target turtle_circle
[6.210s] [ 87%] [32m[1mLinking CXX executable turtle_control_v2[0m
[6.321s] [100%] [32m[1mLinking CXX executable turtle_control[0m
[6.502s] [100%] Built target turtle_control_v2
[6.610s] [100%] Built target turtle_control
[6.618s] Invoked command in '/home/lxf/Desktop/ROS/15.Launch_CPP/build/cpp_pose_topic' returned '0': CMAKE_PREFIX_PATH=/opt/ros/humble /usr/bin/cmake --build /home/lxf/Desktop/ROS/15.Launch_CPP/build/cpp_pose_topic -- -j16 -l16
[6.620s] Invoking command in '/home/lxf/Desktop/ROS/15.Launch_CPP/build/cpp_pose_topic': CMAKE_PREFIX_PATH=/opt/ros/humble /usr/bin/cmake --install /home/lxf/Desktop/ROS/15.Launch_CPP/build/cpp_pose_topic
[6.628s] -- Install configuration: ""
[6.628s] -- Installing: /home/lxf/Desktop/ROS/15.Launch_CPP/install/cpp_pose_topic/lib/cpp_pose_topic/turtle_circle
[6.629s] -- Set runtime path of "/home/lxf/Desktop/ROS/15.Launch_CPP/install/cpp_pose_topic/lib/cpp_pose_topic/turtle_circle" to ""
[6.629s] -- Installing: /home/lxf/Desktop/ROS/15.Launch_CPP/install/cpp_pose_topic/lib/cpp_pose_topic/turtle_control
[6.631s] -- Set runtime path of "/home/lxf/Desktop/ROS/15.Launch_CPP/install/cpp_pose_topic/lib/cpp_pose_topic/turtle_control" to ""
[6.631s] -- Installing: /home/lxf/Desktop/ROS/15.Launch_CPP/install/cpp_pose_topic/lib/cpp_pose_topic/turtle_control_v2
[6.633s] -- Set runtime path of "/home/lxf/Desktop/ROS/15.Launch_CPP/install/cpp_pose_topic/lib/cpp_pose_topic/turtle_control_v2" to ""
[6.633s] -- Installing: /home/lxf/Desktop/ROS/15.Launch_CPP/install/cpp_pose_topic/lib/cpp_pose_topic/turtle_param_client
[6.633s] -- Set runtime path of "/home/lxf/Desktop/ROS/15.Launch_CPP/install/cpp_pose_topic/lib/cpp_pose_topic/turtle_param_client" to ""
[6.633s] -- Installing: /home/lxf/Desktop/ROS/15.Launch_CPP/install/cpp_pose_topic/share/cpp_pose_topic/launch
[6.633s] -- Installing: /home/lxf/Desktop/ROS/15.Launch_CPP/install/cpp_pose_topic/share/cpp_pose_topic/launch/demo.launch.py
[6.633s] -- Installing: /home/lxf/Desktop/ROS/15.Launch_CPP/install/cpp_pose_topic/share/ament_index/resource_index/package_run_dependencies/cpp_pose_topic
[6.633s] -- Installing: /home/lxf/Desktop/ROS/15.Launch_CPP/install/cpp_pose_topic/share/ament_index/resource_index/parent_prefix_path/cpp_pose_topic
[6.633s] -- Installing: /home/lxf/Desktop/ROS/15.Launch_CPP/install/cpp_pose_topic/share/cpp_pose_topic/environment/ament_prefix_path.sh
[6.633s] -- Installing: /home/lxf/Desktop/ROS/15.Launch_CPP/install/cpp_pose_topic/share/cpp_pose_topic/environment/ament_prefix_path.dsv
[6.633s] -- Installing: /home/lxf/Desktop/ROS/15.Launch_CPP/install/cpp_pose_topic/share/cpp_pose_topic/environment/path.sh
[6.633s] -- Installing: /home/lxf/Desktop/ROS/15.Launch_CPP/install/cpp_pose_topic/share/cpp_pose_topic/environment/path.dsv
[6.633s] -- Installing: /home/lxf/Desktop/ROS/15.Launch_CPP/install/cpp_pose_topic/share/cpp_pose_topic/local_setup.bash
[6.633s] -- Installing: /home/lxf/Desktop/ROS/15.Launch_CPP/install/cpp_pose_topic/share/cpp_pose_topic/local_setup.sh
[6.634s] -- Installing: /home/lxf/Desktop/ROS/15.Launch_CPP/install/cpp_pose_topic/share/cpp_pose_topic/local_setup.zsh
[6.634s] -- Installing: /home/lxf/Desktop/ROS/15.Launch_CPP/install/cpp_pose_topic/share/cpp_pose_topic/local_setup.dsv
[6.634s] -- Installing: /home/lxf/Desktop/ROS/15.Launch_CPP/install/cpp_pose_topic/share/cpp_pose_topic/package.dsv
[6.634s] -- Installing: /home/lxf/Desktop/ROS/15.Launch_CPP/install/cpp_pose_topic/share/ament_index/resource_index/packages/cpp_pose_topic
[6.634s] -- Installing: /home/lxf/Desktop/ROS/15.Launch_CPP/install/cpp_pose_topic/share/cpp_pose_topic/cmake/cpp_pose_topicConfig.cmake
[6.634s] -- Installing: /home/lxf/Desktop/ROS/15.Launch_CPP/install/cpp_pose_topic/share/cpp_pose_topic/cmake/cpp_pose_topicConfig-version.cmake
[6.634s] -- Installing: /home/lxf/Desktop/ROS/15.Launch_CPP/install/cpp_pose_topic/share/cpp_pose_topic/package.xml
[6.637s] Invoked command in '/home/lxf/Desktop/ROS/15.Launch_CPP/build/cpp_pose_topic' returned '0': CMAKE_PREFIX_PATH=/opt/ros/humble /usr/bin/cmake --install /home/lxf/Desktop/ROS/15.Launch_CPP/build/cpp_pose_topic
