[  2%] [34m[1mGenerating C code for ROS interfaces[0m
[  5%] [34m[1mGenerating C++ code for ROS interfaces[0m
[  5%] Built target ament_cmake_python_copy_turtle_control_interfaces
running egg_info
creating turtle_control_interfaces.egg-info
writing turtle_control_interfaces.egg-info/PKG-INFO
writing dependency_links to turtle_control_interfaces.egg-info/dependency_links.txt
writing top-level names to turtle_control_interfaces.egg-info/top_level.txt
writing manifest file 'turtle_control_interfaces.egg-info/SOURCES.txt'
reading manifest file 'turtle_control_interfaces.egg-info/SOURCES.txt'
writing manifest file 'turtle_control_interfaces.egg-info/SOURCES.txt'
[  5%] Built target ament_cmake_python_build_turtle_control_interfaces_egg
[  5%] Built target turtle_control_interfaces__cpp
[  7%] [32mBuilding C object CMakeFiles/turtle_control_interfaces__rosidl_generator_c.dir/rosidl_generator_c/turtle_control_interfaces/srv/detail/face_detector__functions.c.o[0m
[ 10%] [34m[1mGenerating C++ type support dispatch for ROS interfaces[0m
[ 12%] [34m[1mGenerating C++ type support for eProsima Fast-RTPS[0m
[ 15%] [32mBuilding C object CMakeFiles/turtle_control_interfaces__rosidl_generator_c.dir/rosidl_generator_c/turtle_control_interfaces/srv/detail/patrol__functions.c.o[0m
[ 17%] [34m[1mGenerating C++ introspection for ROS interfaces[0m
[ 20%] [32m[1mLinking C shared library libturtle_control_interfaces__rosidl_generator_c.so[0m
[ 20%] Built target turtle_control_interfaces__rosidl_generator_c
[ 23%] [34m[1mGenerating C type support dispatch for ROS interfaces[0m
[ 25%] [34m[1mGenerating C introspection for ROS interfaces[0m
[ 28%] [34m[1mGenerating C type support for eProsima Fast-RTPS[0m
[ 30%] [32mBuilding CXX object CMakeFiles/turtle_control_interfaces__rosidl_typesupport_cpp.dir/rosidl_typesupport_cpp/turtle_control_interfaces/srv/face_detector__type_support.cpp.o[0m
[ 33%] [32mBuilding CXX object CMakeFiles/turtle_control_interfaces__rosidl_typesupport_cpp.dir/rosidl_typesupport_cpp/turtle_control_interfaces/srv/patrol__type_support.cpp.o[0m
[ 38%] [32mBuilding CXX object CMakeFiles/turtle_control_interfaces__rosidl_typesupport_introspection_cpp.dir/rosidl_typesupport_introspection_cpp/turtle_control_interfaces/srv/detail/patrol__type_support.cpp.o[0m
[ 38%] [32mBuilding CXX object CMakeFiles/turtle_control_interfaces__rosidl_typesupport_introspection_cpp.dir/rosidl_typesupport_introspection_cpp/turtle_control_interfaces/srv/detail/face_detector__type_support.cpp.o[0m
[ 41%] [32mBuilding CXX object CMakeFiles/turtle_control_interfaces__rosidl_typesupport_fastrtps_cpp.dir/rosidl_typesupport_fastrtps_cpp/turtle_control_interfaces/srv/detail/dds_fastrtps/patrol__type_support.cpp.o[0m
[ 43%] [32mBuilding CXX object CMakeFiles/turtle_control_interfaces__rosidl_typesupport_fastrtps_cpp.dir/rosidl_typesupport_fastrtps_cpp/turtle_control_interfaces/srv/detail/dds_fastrtps/face_detector__type_support.cpp.o[0m
[ 48%] [32mBuilding C object CMakeFiles/turtle_control_interfaces__rosidl_typesupport_introspection_c.dir/rosidl_typesupport_introspection_c/turtle_control_interfaces/srv/detail/patrol__type_support.c.o[0m
[ 48%] [32mBuilding C object CMakeFiles/turtle_control_interfaces__rosidl_typesupport_introspection_c.dir/rosidl_typesupport_introspection_c/turtle_control_interfaces/srv/detail/face_detector__type_support.c.o[0m
[ 51%] [32m[1mLinking C shared library libturtle_control_interfaces__rosidl_typesupport_introspection_c.so[0m
[ 53%] [32m[1mLinking CXX shared library libturtle_control_interfaces__rosidl_typesupport_cpp.so[0m
[ 56%] Built target turtle_control_interfaces__rosidl_typesupport_introspection_c
[ 56%] [32mBuilding CXX object CMakeFiles/turtle_control_interfaces__rosidl_typesupport_c.dir/rosidl_typesupport_c/turtle_control_interfaces/srv/face_detector__type_support.cpp.o[0m
[ 58%] [32mBuilding CXX object CMakeFiles/turtle_control_interfaces__rosidl_typesupport_c.dir/rosidl_typesupport_c/turtle_control_interfaces/srv/patrol__type_support.cpp.o[0m
[ 64%] [32mBuilding CXX object CMakeFiles/turtle_control_interfaces__rosidl_typesupport_fastrtps_c.dir/rosidl_typesupport_fastrtps_c/turtle_control_interfaces/srv/detail/patrol__type_support_c.cpp.o[0m
[ 64%] [32mBuilding CXX object CMakeFiles/turtle_control_interfaces__rosidl_typesupport_fastrtps_c.dir/rosidl_typesupport_fastrtps_c/turtle_control_interfaces/srv/detail/face_detector__type_support_c.cpp.o[0m
[ 66%] [32m[1mLinking CXX shared library libturtle_control_interfaces__rosidl_typesupport_c.so[0m
[ 66%] Built target turtle_control_interfaces__rosidl_typesupport_cpp
[ 66%] Built target turtle_control_interfaces__rosidl_typesupport_c
[ 69%] [32m[1mLinking CXX shared library libturtle_control_interfaces__rosidl_typesupport_introspection_cpp.so[0m
[ 69%] Built target turtle_control_interfaces__rosidl_typesupport_introspection_cpp
[ 71%] [32m[1mLinking CXX shared library libturtle_control_interfaces__rosidl_typesupport_fastrtps_cpp.so[0m
[ 74%] [32m[1mLinking CXX shared library libturtle_control_interfaces__rosidl_typesupport_fastrtps_c.so[0m
[ 74%] Built target turtle_control_interfaces__rosidl_typesupport_fastrtps_c
[ 74%] Built target turtle_control_interfaces__rosidl_typesupport_fastrtps_cpp
[ 74%] Built target turtle_control_interfaces
[ 76%] [34m[1mGenerating Python code for ROS interfaces[0m
[ 76%] Built target turtle_control_interfaces__py
[ 82%] [32mBuilding C object CMakeFiles/turtle_control_interfaces__rosidl_generator_py.dir/rosidl_generator_py/turtle_control_interfaces/srv/_face_detector_s.c.o[0m
[ 82%] [32mBuilding C object CMakeFiles/turtle_control_interfaces__rosidl_generator_py.dir/rosidl_generator_py/turtle_control_interfaces/srv/_patrol_s.c.o[0m
[ 84%] [32m[1mLinking C shared library rosidl_generator_py/turtle_control_interfaces/libturtle_control_interfaces__rosidl_generator_py.so[0m
[ 84%] Built target turtle_control_interfaces__rosidl_generator_py
[ 87%] [32mBuilding C object CMakeFiles/turtle_control_interfaces__rosidl_typesupport_c__pyext.dir/rosidl_generator_py/turtle_control_interfaces/_turtle_control_interfaces_s.ep.rosidl_typesupport_c.c.o[0m
[ 92%] [32mBuilding C object CMakeFiles/turtle_control_interfaces__rosidl_typesupport_fastrtps_c__pyext.dir/rosidl_generator_py/turtle_control_interfaces/_turtle_control_interfaces_s.ep.rosidl_typesupport_fastrtps_c.c.o[0m
[ 92%] [32mBuilding C object CMakeFiles/turtle_control_interfaces__rosidl_typesupport_introspection_c__pyext.dir/rosidl_generator_py/turtle_control_interfaces/_turtle_control_interfaces_s.ep.rosidl_typesupport_introspection_c.c.o[0m
[ 94%] [32m[1mLinking C shared library rosidl_generator_py/turtle_control_interfaces/turtle_control_interfaces_s__rosidl_typesupport_c.cpython-310-x86_64-linux-gnu.so[0m
[ 97%] [32m[1mLinking C shared library rosidl_generator_py/turtle_control_interfaces/turtle_control_interfaces_s__rosidl_typesupport_fastrtps_c.cpython-310-x86_64-linux-gnu.so[0m
[ 97%] Built target turtle_control_interfaces__rosidl_typesupport_fastrtps_c__pyext
[ 97%] Built target turtle_control_interfaces__rosidl_typesupport_c__pyext
[100%] [32m[1mLinking C shared library rosidl_generator_py/turtle_control_interfaces/turtle_control_interfaces_s__rosidl_typesupport_introspection_c.cpython-310-x86_64-linux-gnu.so[0m
[100%] Built target turtle_control_interfaces__rosidl_typesupport_introspection_c__pyext
-- Install configuration: ""
-- Installing: /home/lxf/Desktop/ROS/15.Launch_CPP/install/turtle_control_interfaces/share/ament_index/resource_index/rosidl_interfaces/turtle_control_interfaces
-- Installing: /home/lxf/Desktop/ROS/15.Launch_CPP/install/turtle_control_interfaces/include/turtle_control_interfaces/turtle_control_interfaces
-- Installing: /home/lxf/Desktop/ROS/15.Launch_CPP/install/turtle_control_interfaces/include/turtle_control_interfaces/turtle_control_interfaces/srv
-- Installing: /home/lxf/Desktop/ROS/15.Launch_CPP/install/turtle_control_interfaces/include/turtle_control_interfaces/turtle_control_interfaces/srv/patrol.h
-- Installing: /home/lxf/Desktop/ROS/15.Launch_CPP/install/turtle_control_interfaces/include/turtle_control_interfaces/turtle_control_interfaces/srv/detail
-- Installing: /home/lxf/Desktop/ROS/15.Launch_CPP/install/turtle_control_interfaces/include/turtle_control_interfaces/turtle_control_interfaces/srv/detail/patrol__struct.h
-- Installing: /home/lxf/Desktop/ROS/15.Launch_CPP/install/turtle_control_interfaces/include/turtle_control_interfaces/turtle_control_interfaces/srv/detail/face_detector__struct.h
-- Installing: /home/lxf/Desktop/ROS/15.Launch_CPP/install/turtle_control_interfaces/include/turtle_control_interfaces/turtle_control_interfaces/srv/detail/patrol__type_support.h
-- Installing: /home/lxf/Desktop/ROS/15.Launch_CPP/install/turtle_control_interfaces/include/turtle_control_interfaces/turtle_control_interfaces/srv/detail/patrol__functions.c
-- Installing: /home/lxf/Desktop/ROS/15.Launch_CPP/install/turtle_control_interfaces/include/turtle_control_interfaces/turtle_control_interfaces/srv/detail/face_detector__functions.c
-- Installing: /home/lxf/Desktop/ROS/15.Launch_CPP/install/turtle_control_interfaces/include/turtle_control_interfaces/turtle_control_interfaces/srv/detail/face_detector__type_support.h
-- Installing: /home/lxf/Desktop/ROS/15.Launch_CPP/install/turtle_control_interfaces/include/turtle_control_interfaces/turtle_control_interfaces/srv/detail/patrol__functions.h
-- Installing: /home/lxf/Desktop/ROS/15.Launch_CPP/install/turtle_control_interfaces/include/turtle_control_interfaces/turtle_control_interfaces/srv/detail/face_detector__functions.h
-- Installing: /home/lxf/Desktop/ROS/15.Launch_CPP/install/turtle_control_interfaces/include/turtle_control_interfaces/turtle_control_interfaces/srv/face_detector.h
-- Installing: /home/lxf/Desktop/ROS/15.Launch_CPP/install/turtle_control_interfaces/include/turtle_control_interfaces/turtle_control_interfaces/msg
-- Installing: /home/lxf/Desktop/ROS/15.Launch_CPP/install/turtle_control_interfaces/include/turtle_control_interfaces/turtle_control_interfaces/msg/rosidl_generator_c__visibility_control.h
-- Installing: /home/lxf/Desktop/ROS/15.Launch_CPP/install/turtle_control_interfaces/share/turtle_control_interfaces/environment/library_path.sh
-- Installing: /home/lxf/Desktop/ROS/15.Launch_CPP/install/turtle_control_interfaces/share/turtle_control_interfaces/environment/library_path.dsv
-- Installing: /home/lxf/Desktop/ROS/15.Launch_CPP/install/turtle_control_interfaces/lib/libturtle_control_interfaces__rosidl_generator_c.so
-- Set runtime path of "/home/lxf/Desktop/ROS/15.Launch_CPP/install/turtle_control_interfaces/lib/libturtle_control_interfaces__rosidl_generator_c.so" to ""
-- Up-to-date: /home/lxf/Desktop/ROS/15.Launch_CPP/install/turtle_control_interfaces/include/turtle_control_interfaces/turtle_control_interfaces
-- Up-to-date: /home/lxf/Desktop/ROS/15.Launch_CPP/install/turtle_control_interfaces/include/turtle_control_interfaces/turtle_control_interfaces/srv
-- Up-to-date: /home/lxf/Desktop/ROS/15.Launch_CPP/install/turtle_control_interfaces/include/turtle_control_interfaces/turtle_control_interfaces/srv/detail
-- Installing: /home/lxf/Desktop/ROS/15.Launch_CPP/install/turtle_control_interfaces/include/turtle_control_interfaces/turtle_control_interfaces/srv/detail/patrol__rosidl_typesupport_fastrtps_c.h
-- Installing: /home/lxf/Desktop/ROS/15.Launch_CPP/install/turtle_control_interfaces/include/turtle_control_interfaces/turtle_control_interfaces/srv/detail/face_detector__rosidl_typesupport_fastrtps_c.h
-- Up-to-date: /home/lxf/Desktop/ROS/15.Launch_CPP/install/turtle_control_interfaces/include/turtle_control_interfaces/turtle_control_interfaces/msg
-- Installing: /home/lxf/Desktop/ROS/15.Launch_CPP/install/turtle_control_interfaces/include/turtle_control_interfaces/turtle_control_interfaces/msg/rosidl_typesupport_fastrtps_c__visibility_control.h
-- Installing: /home/lxf/Desktop/ROS/15.Launch_CPP/install/turtle_control_interfaces/lib/libturtle_control_interfaces__rosidl_typesupport_fastrtps_c.so
-- Set runtime path of "/home/lxf/Desktop/ROS/15.Launch_CPP/install/turtle_control_interfaces/lib/libturtle_control_interfaces__rosidl_typesupport_fastrtps_c.so" to ""
-- Up-to-date: /home/lxf/Desktop/ROS/15.Launch_CPP/install/turtle_control_interfaces/include/turtle_control_interfaces/turtle_control_interfaces
-- Up-to-date: /home/lxf/Desktop/ROS/15.Launch_CPP/install/turtle_control_interfaces/include/turtle_control_interfaces/turtle_control_interfaces/srv
-- Up-to-date: /home/lxf/Desktop/ROS/15.Launch_CPP/install/turtle_control_interfaces/include/turtle_control_interfaces/turtle_control_interfaces/srv/detail
-- Installing: /home/lxf/Desktop/ROS/15.Launch_CPP/install/turtle_control_interfaces/include/turtle_control_interfaces/turtle_control_interfaces/srv/detail/face_detector__rosidl_typesupport_introspection_c.h
-- Installing: /home/lxf/Desktop/ROS/15.Launch_CPP/install/turtle_control_interfaces/include/turtle_control_interfaces/turtle_control_interfaces/srv/detail/face_detector__type_support.c
-- Installing: /home/lxf/Desktop/ROS/15.Launch_CPP/install/turtle_control_interfaces/include/turtle_control_interfaces/turtle_control_interfaces/srv/detail/patrol__rosidl_typesupport_introspection_c.h
-- Installing: /home/lxf/Desktop/ROS/15.Launch_CPP/install/turtle_control_interfaces/include/turtle_control_interfaces/turtle_control_interfaces/srv/detail/patrol__type_support.c
-- Up-to-date: /home/lxf/Desktop/ROS/15.Launch_CPP/install/turtle_control_interfaces/include/turtle_control_interfaces/turtle_control_interfaces/msg
-- Installing: /home/lxf/Desktop/ROS/15.Launch_CPP/install/turtle_control_interfaces/include/turtle_control_interfaces/turtle_control_interfaces/msg/rosidl_typesupport_introspection_c__visibility_control.h
-- Installing: /home/lxf/Desktop/ROS/15.Launch_CPP/install/turtle_control_interfaces/lib/libturtle_control_interfaces__rosidl_typesupport_introspection_c.so
-- Set runtime path of "/home/lxf/Desktop/ROS/15.Launch_CPP/install/turtle_control_interfaces/lib/libturtle_control_interfaces__rosidl_typesupport_introspection_c.so" to ""
-- Installing: /home/lxf/Desktop/ROS/15.Launch_CPP/install/turtle_control_interfaces/lib/libturtle_control_interfaces__rosidl_typesupport_c.so
-- Set runtime path of "/home/lxf/Desktop/ROS/15.Launch_CPP/install/turtle_control_interfaces/lib/libturtle_control_interfaces__rosidl_typesupport_c.so" to ""
-- Up-to-date: /home/lxf/Desktop/ROS/15.Launch_CPP/install/turtle_control_interfaces/include/turtle_control_interfaces/turtle_control_interfaces
-- Up-to-date: /home/lxf/Desktop/ROS/15.Launch_CPP/install/turtle_control_interfaces/include/turtle_control_interfaces/turtle_control_interfaces/srv
-- Installing: /home/lxf/Desktop/ROS/15.Launch_CPP/install/turtle_control_interfaces/include/turtle_control_interfaces/turtle_control_interfaces/srv/patrol.hpp
-- Up-to-date: /home/lxf/Desktop/ROS/15.Launch_CPP/install/turtle_control_interfaces/include/turtle_control_interfaces/turtle_control_interfaces/srv/detail
-- Installing: /home/lxf/Desktop/ROS/15.Launch_CPP/install/turtle_control_interfaces/include/turtle_control_interfaces/turtle_control_interfaces/srv/detail/face_detector__traits.hpp
-- Installing: /home/lxf/Desktop/ROS/15.Launch_CPP/install/turtle_control_interfaces/include/turtle_control_interfaces/turtle_control_interfaces/srv/detail/patrol__builder.hpp
-- Installing: /home/lxf/Desktop/ROS/15.Launch_CPP/install/turtle_control_interfaces/include/turtle_control_interfaces/turtle_control_interfaces/srv/detail/patrol__struct.hpp
-- Installing: /home/lxf/Desktop/ROS/15.Launch_CPP/install/turtle_control_interfaces/include/turtle_control_interfaces/turtle_control_interfaces/srv/detail/face_detector__type_support.hpp
-- Installing: /home/lxf/Desktop/ROS/15.Launch_CPP/install/turtle_control_interfaces/include/turtle_control_interfaces/turtle_control_interfaces/srv/detail/face_detector__struct.hpp
-- Installing: /home/lxf/Desktop/ROS/15.Launch_CPP/install/turtle_control_interfaces/include/turtle_control_interfaces/turtle_control_interfaces/srv/detail/face_detector__builder.hpp
-- Installing: /home/lxf/Desktop/ROS/15.Launch_CPP/install/turtle_control_interfaces/include/turtle_control_interfaces/turtle_control_interfaces/srv/detail/patrol__type_support.hpp
-- Installing: /home/lxf/Desktop/ROS/15.Launch_CPP/install/turtle_control_interfaces/include/turtle_control_interfaces/turtle_control_interfaces/srv/detail/patrol__traits.hpp
-- Installing: /home/lxf/Desktop/ROS/15.Launch_CPP/install/turtle_control_interfaces/include/turtle_control_interfaces/turtle_control_interfaces/srv/face_detector.hpp
-- Up-to-date: /home/lxf/Desktop/ROS/15.Launch_CPP/install/turtle_control_interfaces/include/turtle_control_interfaces/turtle_control_interfaces/msg
-- Installing: /home/lxf/Desktop/ROS/15.Launch_CPP/install/turtle_control_interfaces/include/turtle_control_interfaces/turtle_control_interfaces/msg/rosidl_generator_cpp__visibility_control.hpp
-- Up-to-date: /home/lxf/Desktop/ROS/15.Launch_CPP/install/turtle_control_interfaces/include/turtle_control_interfaces/turtle_control_interfaces
-- Up-to-date: /home/lxf/Desktop/ROS/15.Launch_CPP/install/turtle_control_interfaces/include/turtle_control_interfaces/turtle_control_interfaces/srv
-- Up-to-date: /home/lxf/Desktop/ROS/15.Launch_CPP/install/turtle_control_interfaces/include/turtle_control_interfaces/turtle_control_interfaces/srv/detail
-- Installing: /home/lxf/Desktop/ROS/15.Launch_CPP/install/turtle_control_interfaces/include/turtle_control_interfaces/turtle_control_interfaces/srv/detail/face_detector__rosidl_typesupport_fastrtps_cpp.hpp
-- Installing: /home/lxf/Desktop/ROS/15.Launch_CPP/install/turtle_control_interfaces/include/turtle_control_interfaces/turtle_control_interfaces/srv/detail/dds_fastrtps
-- Installing: /home/lxf/Desktop/ROS/15.Launch_CPP/install/turtle_control_interfaces/include/turtle_control_interfaces/turtle_control_interfaces/srv/detail/patrol__rosidl_typesupport_fastrtps_cpp.hpp
-- Up-to-date: /home/lxf/Desktop/ROS/15.Launch_CPP/install/turtle_control_interfaces/include/turtle_control_interfaces/turtle_control_interfaces/msg
-- Installing: /home/lxf/Desktop/ROS/15.Launch_CPP/install/turtle_control_interfaces/include/turtle_control_interfaces/turtle_control_interfaces/msg/rosidl_typesupport_fastrtps_cpp__visibility_control.h
-- Installing: /home/lxf/Desktop/ROS/15.Launch_CPP/install/turtle_control_interfaces/lib/libturtle_control_interfaces__rosidl_typesupport_fastrtps_cpp.so
-- Set runtime path of "/home/lxf/Desktop/ROS/15.Launch_CPP/install/turtle_control_interfaces/lib/libturtle_control_interfaces__rosidl_typesupport_fastrtps_cpp.so" to ""
-- Up-to-date: /home/lxf/Desktop/ROS/15.Launch_CPP/install/turtle_control_interfaces/include/turtle_control_interfaces/turtle_control_interfaces
-- Up-to-date: /home/lxf/Desktop/ROS/15.Launch_CPP/install/turtle_control_interfaces/include/turtle_control_interfaces/turtle_control_interfaces/srv
-- Up-to-date: /home/lxf/Desktop/ROS/15.Launch_CPP/install/turtle_control_interfaces/include/turtle_control_interfaces/turtle_control_interfaces/srv/detail
-- Installing: /home/lxf/Desktop/ROS/15.Launch_CPP/install/turtle_control_interfaces/include/turtle_control_interfaces/turtle_control_interfaces/srv/detail/patrol__rosidl_typesupport_introspection_cpp.hpp
-- Installing: /home/lxf/Desktop/ROS/15.Launch_CPP/install/turtle_control_interfaces/include/turtle_control_interfaces/turtle_control_interfaces/srv/detail/face_detector__type_support.cpp
-- Installing: /home/lxf/Desktop/ROS/15.Launch_CPP/install/turtle_control_interfaces/include/turtle_control_interfaces/turtle_control_interfaces/srv/detail/patrol__type_support.cpp
-- Installing: /home/lxf/Desktop/ROS/15.Launch_CPP/install/turtle_control_interfaces/include/turtle_control_interfaces/turtle_control_interfaces/srv/detail/face_detector__rosidl_typesupport_introspection_cpp.hpp
-- Installing: /home/lxf/Desktop/ROS/15.Launch_CPP/install/turtle_control_interfaces/lib/libturtle_control_interfaces__rosidl_typesupport_introspection_cpp.so
-- Set runtime path of "/home/lxf/Desktop/ROS/15.Launch_CPP/install/turtle_control_interfaces/lib/libturtle_control_interfaces__rosidl_typesupport_introspection_cpp.so" to ""
-- Installing: /home/lxf/Desktop/ROS/15.Launch_CPP/install/turtle_control_interfaces/lib/libturtle_control_interfaces__rosidl_typesupport_cpp.so
-- Set runtime path of "/home/lxf/Desktop/ROS/15.Launch_CPP/install/turtle_control_interfaces/lib/libturtle_control_interfaces__rosidl_typesupport_cpp.so" to ""
-- Installing: /home/lxf/Desktop/ROS/15.Launch_CPP/install/turtle_control_interfaces/share/turtle_control_interfaces/environment/pythonpath.sh
-- Installing: /home/lxf/Desktop/ROS/15.Launch_CPP/install/turtle_control_interfaces/share/turtle_control_interfaces/environment/pythonpath.dsv
-- Installing: /home/lxf/Desktop/ROS/15.Launch_CPP/install/turtle_control_interfaces/local/lib/python3.10/dist-packages/turtle_control_interfaces-0.0.0-py3.10.egg-info
-- Installing: /home/lxf/Desktop/ROS/15.Launch_CPP/install/turtle_control_interfaces/local/lib/python3.10/dist-packages/turtle_control_interfaces-0.0.0-py3.10.egg-info/PKG-INFO
-- Installing: /home/lxf/Desktop/ROS/15.Launch_CPP/install/turtle_control_interfaces/local/lib/python3.10/dist-packages/turtle_control_interfaces-0.0.0-py3.10.egg-info/top_level.txt
-- Installing: /home/lxf/Desktop/ROS/15.Launch_CPP/install/turtle_control_interfaces/local/lib/python3.10/dist-packages/turtle_control_interfaces-0.0.0-py3.10.egg-info/SOURCES.txt
-- Installing: /home/lxf/Desktop/ROS/15.Launch_CPP/install/turtle_control_interfaces/local/lib/python3.10/dist-packages/turtle_control_interfaces-0.0.0-py3.10.egg-info/dependency_links.txt
-- Installing: /home/lxf/Desktop/ROS/15.Launch_CPP/install/turtle_control_interfaces/local/lib/python3.10/dist-packages/turtle_control_interfaces
-- Installing: /home/lxf/Desktop/ROS/15.Launch_CPP/install/turtle_control_interfaces/local/lib/python3.10/dist-packages/turtle_control_interfaces/turtle_control_interfaces_s__rosidl_typesupport_introspection_c.cpython-310-x86_64-linux-gnu.so
-- Installing: /home/lxf/Desktop/ROS/15.Launch_CPP/install/turtle_control_interfaces/local/lib/python3.10/dist-packages/turtle_control_interfaces/libturtle_control_interfaces__rosidl_generator_py.so
-- Installing: /home/lxf/Desktop/ROS/15.Launch_CPP/install/turtle_control_interfaces/local/lib/python3.10/dist-packages/turtle_control_interfaces/srv
-- Installing: /home/lxf/Desktop/ROS/15.Launch_CPP/install/turtle_control_interfaces/local/lib/python3.10/dist-packages/turtle_control_interfaces/srv/_face_detector_s.c
-- Installing: /home/lxf/Desktop/ROS/15.Launch_CPP/install/turtle_control_interfaces/local/lib/python3.10/dist-packages/turtle_control_interfaces/srv/_patrol_s.c
-- Installing: /home/lxf/Desktop/ROS/15.Launch_CPP/install/turtle_control_interfaces/local/lib/python3.10/dist-packages/turtle_control_interfaces/srv/_face_detector.py
-- Installing: /home/lxf/Desktop/ROS/15.Launch_CPP/install/turtle_control_interfaces/local/lib/python3.10/dist-packages/turtle_control_interfaces/srv/_patrol.py
-- Installing: /home/lxf/Desktop/ROS/15.Launch_CPP/install/turtle_control_interfaces/local/lib/python3.10/dist-packages/turtle_control_interfaces/srv/__init__.py
-- Installing: /home/lxf/Desktop/ROS/15.Launch_CPP/install/turtle_control_interfaces/local/lib/python3.10/dist-packages/turtle_control_interfaces/_turtle_control_interfaces_s.ep.rosidl_typesupport_introspection_c.c
-- Installing: /home/lxf/Desktop/ROS/15.Launch_CPP/install/turtle_control_interfaces/local/lib/python3.10/dist-packages/turtle_control_interfaces/turtle_control_interfaces_s__rosidl_typesupport_fastrtps_c.cpython-310-x86_64-linux-gnu.so
-- Installing: /home/lxf/Desktop/ROS/15.Launch_CPP/install/turtle_control_interfaces/local/lib/python3.10/dist-packages/turtle_control_interfaces/turtle_control_interfaces_s__rosidl_typesupport_c.cpython-310-x86_64-linux-gnu.so
-- Installing: /home/lxf/Desktop/ROS/15.Launch_CPP/install/turtle_control_interfaces/local/lib/python3.10/dist-packages/turtle_control_interfaces/_turtle_control_interfaces_s.ep.rosidl_typesupport_fastrtps_c.c
-- Installing: /home/lxf/Desktop/ROS/15.Launch_CPP/install/turtle_control_interfaces/local/lib/python3.10/dist-packages/turtle_control_interfaces/_turtle_control_interfaces_s.ep.rosidl_typesupport_c.c
-- Installing: /home/lxf/Desktop/ROS/15.Launch_CPP/install/turtle_control_interfaces/local/lib/python3.10/dist-packages/turtle_control_interfaces/__init__.py
Listing '/home/lxf/Desktop/ROS/15.Launch_CPP/install/turtle_control_interfaces/local/lib/python3.10/dist-packages/turtle_control_interfaces'...
Compiling '/home/lxf/Desktop/ROS/15.Launch_CPP/install/turtle_control_interfaces/local/lib/python3.10/dist-packages/turtle_control_interfaces/__init__.py'...
Listing '/home/lxf/Desktop/ROS/15.Launch_CPP/install/turtle_control_interfaces/local/lib/python3.10/dist-packages/turtle_control_interfaces/srv'...
Compiling '/home/lxf/Desktop/ROS/15.Launch_CPP/install/turtle_control_interfaces/local/lib/python3.10/dist-packages/turtle_control_interfaces/srv/__init__.py'...
Compiling '/home/lxf/Desktop/ROS/15.Launch_CPP/install/turtle_control_interfaces/local/lib/python3.10/dist-packages/turtle_control_interfaces/srv/_face_detector.py'...
Compiling '/home/lxf/Desktop/ROS/15.Launch_CPP/install/turtle_control_interfaces/local/lib/python3.10/dist-packages/turtle_control_interfaces/srv/_patrol.py'...
-- Installing: /home/lxf/Desktop/ROS/15.Launch_CPP/install/turtle_control_interfaces/local/lib/python3.10/dist-packages/turtle_control_interfaces/turtle_control_interfaces_s__rosidl_typesupport_fastrtps_c.cpython-310-x86_64-linux-gnu.so
-- Set runtime path of "/home/lxf/Desktop/ROS/15.Launch_CPP/install/turtle_control_interfaces/local/lib/python3.10/dist-packages/turtle_control_interfaces/turtle_control_interfaces_s__rosidl_typesupport_fastrtps_c.cpython-310-x86_64-linux-gnu.so" to ""
-- Installing: /home/lxf/Desktop/ROS/15.Launch_CPP/install/turtle_control_interfaces/local/lib/python3.10/dist-packages/turtle_control_interfaces/turtle_control_interfaces_s__rosidl_typesupport_introspection_c.cpython-310-x86_64-linux-gnu.so
-- Set runtime path of "/home/lxf/Desktop/ROS/15.Launch_CPP/install/turtle_control_interfaces/local/lib/python3.10/dist-packages/turtle_control_interfaces/turtle_control_interfaces_s__rosidl_typesupport_introspection_c.cpython-310-x86_64-linux-gnu.so" to ""
-- Installing: /home/lxf/Desktop/ROS/15.Launch_CPP/install/turtle_control_interfaces/local/lib/python3.10/dist-packages/turtle_control_interfaces/turtle_control_interfaces_s__rosidl_typesupport_c.cpython-310-x86_64-linux-gnu.so
-- Set runtime path of "/home/lxf/Desktop/ROS/15.Launch_CPP/install/turtle_control_interfaces/local/lib/python3.10/dist-packages/turtle_control_interfaces/turtle_control_interfaces_s__rosidl_typesupport_c.cpython-310-x86_64-linux-gnu.so" to ""
-- Installing: /home/lxf/Desktop/ROS/15.Launch_CPP/install/turtle_control_interfaces/lib/libturtle_control_interfaces__rosidl_generator_py.so
-- Set runtime path of "/home/lxf/Desktop/ROS/15.Launch_CPP/install/turtle_control_interfaces/lib/libturtle_control_interfaces__rosidl_generator_py.so" to ""
-- Installing: /home/lxf/Desktop/ROS/15.Launch_CPP/install/turtle_control_interfaces/share/turtle_control_interfaces/srv/FaceDetector.idl
-- Installing: /home/lxf/Desktop/ROS/15.Launch_CPP/install/turtle_control_interfaces/share/turtle_control_interfaces/srv/Patrol.idl
-- Installing: /home/lxf/Desktop/ROS/15.Launch_CPP/install/turtle_control_interfaces/share/turtle_control_interfaces/srv/FaceDetector.srv
-- Installing: /home/lxf/Desktop/ROS/15.Launch_CPP/install/turtle_control_interfaces/share/turtle_control_interfaces/srv/FaceDetector_Request.msg
-- Installing: /home/lxf/Desktop/ROS/15.Launch_CPP/install/turtle_control_interfaces/share/turtle_control_interfaces/srv/FaceDetector_Response.msg
-- Installing: /home/lxf/Desktop/ROS/15.Launch_CPP/install/turtle_control_interfaces/share/turtle_control_interfaces/srv/Patrol.srv
-- Installing: /home/lxf/Desktop/ROS/15.Launch_CPP/install/turtle_control_interfaces/share/turtle_control_interfaces/srv/Patrol_Request.msg
-- Installing: /home/lxf/Desktop/ROS/15.Launch_CPP/install/turtle_control_interfaces/share/turtle_control_interfaces/srv/Patrol_Response.msg
-- Installing: /home/lxf/Desktop/ROS/15.Launch_CPP/install/turtle_control_interfaces/share/ament_index/resource_index/package_run_dependencies/turtle_control_interfaces
-- Installing: /home/lxf/Desktop/ROS/15.Launch_CPP/install/turtle_control_interfaces/share/ament_index/resource_index/parent_prefix_path/turtle_control_interfaces
-- Installing: /home/lxf/Desktop/ROS/15.Launch_CPP/install/turtle_control_interfaces/share/turtle_control_interfaces/environment/ament_prefix_path.sh
-- Installing: /home/lxf/Desktop/ROS/15.Launch_CPP/install/turtle_control_interfaces/share/turtle_control_interfaces/environment/ament_prefix_path.dsv
-- Installing: /home/lxf/Desktop/ROS/15.Launch_CPP/install/turtle_control_interfaces/share/turtle_control_interfaces/environment/path.sh
-- Installing: /home/lxf/Desktop/ROS/15.Launch_CPP/install/turtle_control_interfaces/share/turtle_control_interfaces/environment/path.dsv
-- Installing: /home/lxf/Desktop/ROS/15.Launch_CPP/install/turtle_control_interfaces/share/turtle_control_interfaces/local_setup.bash
-- Installing: /home/lxf/Desktop/ROS/15.Launch_CPP/install/turtle_control_interfaces/share/turtle_control_interfaces/local_setup.sh
-- Installing: /home/lxf/Desktop/ROS/15.Launch_CPP/install/turtle_control_interfaces/share/turtle_control_interfaces/local_setup.zsh
-- Installing: /home/lxf/Desktop/ROS/15.Launch_CPP/install/turtle_control_interfaces/share/turtle_control_interfaces/local_setup.dsv
-- Installing: /home/lxf/Desktop/ROS/15.Launch_CPP/install/turtle_control_interfaces/share/turtle_control_interfaces/package.dsv
-- Installing: /home/lxf/Desktop/ROS/15.Launch_CPP/install/turtle_control_interfaces/share/ament_index/resource_index/packages/turtle_control_interfaces
-- Installing: /home/lxf/Desktop/ROS/15.Launch_CPP/install/turtle_control_interfaces/share/turtle_control_interfaces/cmake/export_turtle_control_interfaces__rosidl_generator_cExport.cmake
-- Installing: /home/lxf/Desktop/ROS/15.Launch_CPP/install/turtle_control_interfaces/share/turtle_control_interfaces/cmake/export_turtle_control_interfaces__rosidl_generator_cExport-noconfig.cmake
-- Installing: /home/lxf/Desktop/ROS/15.Launch_CPP/install/turtle_control_interfaces/share/turtle_control_interfaces/cmake/export_turtle_control_interfaces__rosidl_typesupport_fastrtps_cExport.cmake
-- Installing: /home/lxf/Desktop/ROS/15.Launch_CPP/install/turtle_control_interfaces/share/turtle_control_interfaces/cmake/export_turtle_control_interfaces__rosidl_typesupport_fastrtps_cExport-noconfig.cmake
-- Installing: /home/lxf/Desktop/ROS/15.Launch_CPP/install/turtle_control_interfaces/share/turtle_control_interfaces/cmake/turtle_control_interfaces__rosidl_typesupport_introspection_cExport.cmake
-- Installing: /home/lxf/Desktop/ROS/15.Launch_CPP/install/turtle_control_interfaces/share/turtle_control_interfaces/cmake/turtle_control_interfaces__rosidl_typesupport_introspection_cExport-noconfig.cmake
-- Installing: /home/lxf/Desktop/ROS/15.Launch_CPP/install/turtle_control_interfaces/share/turtle_control_interfaces/cmake/turtle_control_interfaces__rosidl_typesupport_cExport.cmake
-- Installing: /home/lxf/Desktop/ROS/15.Launch_CPP/install/turtle_control_interfaces/share/turtle_control_interfaces/cmake/turtle_control_interfaces__rosidl_typesupport_cExport-noconfig.cmake
-- Installing: /home/lxf/Desktop/ROS/15.Launch_CPP/install/turtle_control_interfaces/share/turtle_control_interfaces/cmake/export_turtle_control_interfaces__rosidl_generator_cppExport.cmake
-- Installing: /home/lxf/Desktop/ROS/15.Launch_CPP/install/turtle_control_interfaces/share/turtle_control_interfaces/cmake/export_turtle_control_interfaces__rosidl_typesupport_fastrtps_cppExport.cmake
-- Installing: /home/lxf/Desktop/ROS/15.Launch_CPP/install/turtle_control_interfaces/share/turtle_control_interfaces/cmake/export_turtle_control_interfaces__rosidl_typesupport_fastrtps_cppExport-noconfig.cmake
-- Installing: /home/lxf/Desktop/ROS/15.Launch_CPP/install/turtle_control_interfaces/share/turtle_control_interfaces/cmake/turtle_control_interfaces__rosidl_typesupport_introspection_cppExport.cmake
-- Installing: /home/lxf/Desktop/ROS/15.Launch_CPP/install/turtle_control_interfaces/share/turtle_control_interfaces/cmake/turtle_control_interfaces__rosidl_typesupport_introspection_cppExport-noconfig.cmake
-- Installing: /home/lxf/Desktop/ROS/15.Launch_CPP/install/turtle_control_interfaces/share/turtle_control_interfaces/cmake/turtle_control_interfaces__rosidl_typesupport_cppExport.cmake
-- Installing: /home/lxf/Desktop/ROS/15.Launch_CPP/install/turtle_control_interfaces/share/turtle_control_interfaces/cmake/turtle_control_interfaces__rosidl_typesupport_cppExport-noconfig.cmake
-- Installing: /home/lxf/Desktop/ROS/15.Launch_CPP/install/turtle_control_interfaces/share/turtle_control_interfaces/cmake/export_turtle_control_interfaces__rosidl_generator_pyExport.cmake
-- Installing: /home/lxf/Desktop/ROS/15.Launch_CPP/install/turtle_control_interfaces/share/turtle_control_interfaces/cmake/export_turtle_control_interfaces__rosidl_generator_pyExport-noconfig.cmake
-- Installing: /home/lxf/Desktop/ROS/15.Launch_CPP/install/turtle_control_interfaces/share/turtle_control_interfaces/cmake/rosidl_cmake-extras.cmake
-- Installing: /home/lxf/Desktop/ROS/15.Launch_CPP/install/turtle_control_interfaces/share/turtle_control_interfaces/cmake/ament_cmake_export_dependencies-extras.cmake
-- Installing: /home/lxf/Desktop/ROS/15.Launch_CPP/install/turtle_control_interfaces/share/turtle_control_interfaces/cmake/ament_cmake_export_include_directories-extras.cmake
-- Installing: /home/lxf/Desktop/ROS/15.Launch_CPP/install/turtle_control_interfaces/share/turtle_control_interfaces/cmake/ament_cmake_export_libraries-extras.cmake
-- Installing: /home/lxf/Desktop/ROS/15.Launch_CPP/install/turtle_control_interfaces/share/turtle_control_interfaces/cmake/ament_cmake_export_targets-extras.cmake
-- Installing: /home/lxf/Desktop/ROS/15.Launch_CPP/install/turtle_control_interfaces/share/turtle_control_interfaces/cmake/rosidl_cmake_export_typesupport_targets-extras.cmake
-- Installing: /home/lxf/Desktop/ROS/15.Launch_CPP/install/turtle_control_interfaces/share/turtle_control_interfaces/cmake/rosidl_cmake_export_typesupport_libraries-extras.cmake
-- Installing: /home/lxf/Desktop/ROS/15.Launch_CPP/install/turtle_control_interfaces/share/turtle_control_interfaces/cmake/turtle_control_interfacesConfig.cmake
-- Installing: /home/lxf/Desktop/ROS/15.Launch_CPP/install/turtle_control_interfaces/share/turtle_control_interfaces/cmake/turtle_control_interfacesConfig-version.cmake
-- Installing: /home/lxf/Desktop/ROS/15.Launch_CPP/install/turtle_control_interfaces/share/turtle_control_interfaces/package.xml
