[0.007s] Invoking command in '/home/lxf/Desktop/ROS/15.Launch_CPP/build/turtle_control_interfaces': CMAKE_PREFIX_PATH=/opt/ros/humble /usr/bin/cmake --build /home/lxf/Desktop/ROS/15.Launch_CPP/build/turtle_control_interfaces -- -j16 -l16
[0.046s] [  2%] [34m[1mGenerating C code for ROS interfaces[0m
[0.052s] [  5%] [34m[1mGenerating C++ code for ROS interfaces[0m
[0.058s] [  5%] Built target ament_cmake_python_copy_turtle_control_interfaces
[0.208s] running egg_info
[0.208s] creating turtle_control_interfaces.egg-info
[0.208s] writing turtle_control_interfaces.egg-info/PKG-INFO
[0.208s] writing dependency_links to turtle_control_interfaces.egg-info/dependency_links.txt
[0.208s] writing top-level names to turtle_control_interfaces.egg-info/top_level.txt
[0.208s] writing manifest file 'turtle_control_interfaces.egg-info/SOURCES.txt'
[0.210s] reading manifest file 'turtle_control_interfaces.egg-info/SOURCES.txt'
[0.211s] writing manifest file 'turtle_control_interfaces.egg-info/SOURCES.txt'
[0.231s] [  5%] Built target ament_cmake_python_build_turtle_control_interfaces_egg
[0.337s] [  5%] Built target turtle_control_interfaces__cpp
[0.343s] [  7%] [32mBuilding C object CMakeFiles/turtle_control_interfaces__rosidl_generator_c.dir/rosidl_generator_c/turtle_control_interfaces/srv/detail/face_detector__functions.c.o[0m
[0.347s] [ 10%] [34m[1mGenerating C++ type support dispatch for ROS interfaces[0m
[0.348s] [ 12%] [34m[1mGenerating C++ type support for eProsima Fast-RTPS[0m
[0.348s] [ 15%] [32mBuilding C object CMakeFiles/turtle_control_interfaces__rosidl_generator_c.dir/rosidl_generator_c/turtle_control_interfaces/srv/detail/patrol__functions.c.o[0m
[0.349s] [ 17%] [34m[1mGenerating C++ introspection for ROS interfaces[0m
[0.403s] [ 20%] [32m[1mLinking C shared library libturtle_control_interfaces__rosidl_generator_c.so[0m
[0.436s] [ 20%] Built target turtle_control_interfaces__rosidl_generator_c
[0.443s] [ 23%] [34m[1mGenerating C type support dispatch for ROS interfaces[0m
[0.443s] [ 25%] [34m[1mGenerating C introspection for ROS interfaces[0m
[0.446s] [ 28%] [34m[1mGenerating C type support for eProsima Fast-RTPS[0m
[0.625s] [ 30%] [32mBuilding CXX object CMakeFiles/turtle_control_interfaces__rosidl_typesupport_cpp.dir/rosidl_typesupport_cpp/turtle_control_interfaces/srv/face_detector__type_support.cpp.o[0m
[0.626s] [ 33%] [32mBuilding CXX object CMakeFiles/turtle_control_interfaces__rosidl_typesupport_cpp.dir/rosidl_typesupport_cpp/turtle_control_interfaces/srv/patrol__type_support.cpp.o[0m
[0.659s] [ 38%] [32mBuilding CXX object CMakeFiles/turtle_control_interfaces__rosidl_typesupport_introspection_cpp.dir/rosidl_typesupport_introspection_cpp/turtle_control_interfaces/srv/detail/patrol__type_support.cpp.o[0m
[0.659s] [ 38%] [32mBuilding CXX object CMakeFiles/turtle_control_interfaces__rosidl_typesupport_introspection_cpp.dir/rosidl_typesupport_introspection_cpp/turtle_control_interfaces/srv/detail/face_detector__type_support.cpp.o[0m
[0.667s] [ 41%] [32mBuilding CXX object CMakeFiles/turtle_control_interfaces__rosidl_typesupport_fastrtps_cpp.dir/rosidl_typesupport_fastrtps_cpp/turtle_control_interfaces/srv/detail/dds_fastrtps/patrol__type_support.cpp.o[0m
[0.668s] [ 43%] [32mBuilding CXX object CMakeFiles/turtle_control_interfaces__rosidl_typesupport_fastrtps_cpp.dir/rosidl_typesupport_fastrtps_cpp/turtle_control_interfaces/srv/detail/dds_fastrtps/face_detector__type_support.cpp.o[0m
[0.794s] [ 48%] [32mBuilding C object CMakeFiles/turtle_control_interfaces__rosidl_typesupport_introspection_c.dir/rosidl_typesupport_introspection_c/turtle_control_interfaces/srv/detail/patrol__type_support.c.o[0m
[0.795s] [ 48%] [32mBuilding C object CMakeFiles/turtle_control_interfaces__rosidl_typesupport_introspection_c.dir/rosidl_typesupport_introspection_c/turtle_control_interfaces/srv/detail/face_detector__type_support.c.o[0m
[0.850s] [ 51%] [32m[1mLinking C shared library libturtle_control_interfaces__rosidl_typesupport_introspection_c.so[0m
[0.882s] [ 53%] [32m[1mLinking CXX shared library libturtle_control_interfaces__rosidl_typesupport_cpp.so[0m
[0.891s] [ 56%] Built target turtle_control_interfaces__rosidl_typesupport_introspection_c
[0.891s] [ 56%] [32mBuilding CXX object CMakeFiles/turtle_control_interfaces__rosidl_typesupport_c.dir/rosidl_typesupport_c/turtle_control_interfaces/srv/face_detector__type_support.cpp.o[0m
[0.891s] [ 58%] [32mBuilding CXX object CMakeFiles/turtle_control_interfaces__rosidl_typesupport_c.dir/rosidl_typesupport_c/turtle_control_interfaces/srv/patrol__type_support.cpp.o[0m
[0.900s] [ 64%] [32mBuilding CXX object CMakeFiles/turtle_control_interfaces__rosidl_typesupport_fastrtps_c.dir/rosidl_typesupport_fastrtps_c/turtle_control_interfaces/srv/detail/patrol__type_support_c.cpp.o[0m
[0.900s] [ 64%] [32mBuilding CXX object CMakeFiles/turtle_control_interfaces__rosidl_typesupport_fastrtps_c.dir/rosidl_typesupport_fastrtps_c/turtle_control_interfaces/srv/detail/face_detector__type_support_c.cpp.o[0m
[0.925s] [ 66%] [32m[1mLinking CXX shared library libturtle_control_interfaces__rosidl_typesupport_c.so[0m
[0.926s] [ 66%] Built target turtle_control_interfaces__rosidl_typesupport_cpp
[0.974s] [ 66%] Built target turtle_control_interfaces__rosidl_typesupport_c
[1.039s] [ 69%] [32m[1mLinking CXX shared library libturtle_control_interfaces__rosidl_typesupport_introspection_cpp.so[0m
[1.096s] [ 69%] Built target turtle_control_interfaces__rosidl_typesupport_introspection_cpp
[1.152s] [ 71%] [32m[1mLinking CXX shared library libturtle_control_interfaces__rosidl_typesupport_fastrtps_cpp.so[0m
[1.157s] [ 74%] [32m[1mLinking CXX shared library libturtle_control_interfaces__rosidl_typesupport_fastrtps_c.so[0m
[1.228s] [ 74%] Built target turtle_control_interfaces__rosidl_typesupport_fastrtps_c
[1.229s] [ 74%] Built target turtle_control_interfaces__rosidl_typesupport_fastrtps_cpp
[1.247s] [ 74%] Built target turtle_control_interfaces
[1.268s] [ 76%] [34m[1mGenerating Python code for ROS interfaces[0m
[1.709s] [ 76%] Built target turtle_control_interfaces__py
[1.729s] [ 82%] [32mBuilding C object CMakeFiles/turtle_control_interfaces__rosidl_generator_py.dir/rosidl_generator_py/turtle_control_interfaces/srv/_face_detector_s.c.o[0m
[1.729s] [ 82%] [32mBuilding C object CMakeFiles/turtle_control_interfaces__rosidl_generator_py.dir/rosidl_generator_py/turtle_control_interfaces/srv/_patrol_s.c.o[0m
[1.859s] [ 84%] [32m[1mLinking C shared library rosidl_generator_py/turtle_control_interfaces/libturtle_control_interfaces__rosidl_generator_py.so[0m
[1.898s] [ 84%] Built target turtle_control_interfaces__rosidl_generator_py
[1.912s] [ 87%] [32mBuilding C object CMakeFiles/turtle_control_interfaces__rosidl_typesupport_c__pyext.dir/rosidl_generator_py/turtle_control_interfaces/_turtle_control_interfaces_s.ep.rosidl_typesupport_c.c.o[0m
[1.917s] [ 92%] [32mBuilding C object CMakeFiles/turtle_control_interfaces__rosidl_typesupport_fastrtps_c__pyext.dir/rosidl_generator_py/turtle_control_interfaces/_turtle_control_interfaces_s.ep.rosidl_typesupport_fastrtps_c.c.o[0m
[1.917s] [ 92%] [32mBuilding C object CMakeFiles/turtle_control_interfaces__rosidl_typesupport_introspection_c__pyext.dir/rosidl_generator_py/turtle_control_interfaces/_turtle_control_interfaces_s.ep.rosidl_typesupport_introspection_c.c.o[0m
[1.989s] [ 94%] [32m[1mLinking C shared library rosidl_generator_py/turtle_control_interfaces/turtle_control_interfaces_s__rosidl_typesupport_c.cpython-310-x86_64-linux-gnu.so[0m
[1.993s] [ 97%] [32m[1mLinking C shared library rosidl_generator_py/turtle_control_interfaces/turtle_control_interfaces_s__rosidl_typesupport_fastrtps_c.cpython-310-x86_64-linux-gnu.so[0m
[2.022s] [ 97%] Built target turtle_control_interfaces__rosidl_typesupport_fastrtps_c__pyext
[2.025s] [ 97%] Built target turtle_control_interfaces__rosidl_typesupport_c__pyext
[2.039s] [100%] [32m[1mLinking C shared library rosidl_generator_py/turtle_control_interfaces/turtle_control_interfaces_s__rosidl_typesupport_introspection_c.cpython-310-x86_64-linux-gnu.so[0m
[2.087s] [100%] Built target turtle_control_interfaces__rosidl_typesupport_introspection_c__pyext
[2.099s] Invoked command in '/home/lxf/Desktop/ROS/15.Launch_CPP/build/turtle_control_interfaces' returned '0': CMAKE_PREFIX_PATH=/opt/ros/humble /usr/bin/cmake --build /home/lxf/Desktop/ROS/15.Launch_CPP/build/turtle_control_interfaces -- -j16 -l16
[2.107s] Invoking command in '/home/lxf/Desktop/ROS/15.Launch_CPP/build/turtle_control_interfaces': CMAKE_PREFIX_PATH=/opt/ros/humble /usr/bin/cmake --install /home/lxf/Desktop/ROS/15.Launch_CPP/build/turtle_control_interfaces
[2.114s] -- Install configuration: ""
[2.114s] -- Installing: /home/lxf/Desktop/ROS/15.Launch_CPP/install/turtle_control_interfaces/share/ament_index/resource_index/rosidl_interfaces/turtle_control_interfaces
[2.115s] -- Installing: /home/lxf/Desktop/ROS/15.Launch_CPP/install/turtle_control_interfaces/include/turtle_control_interfaces/turtle_control_interfaces
[2.115s] -- Installing: /home/lxf/Desktop/ROS/15.Launch_CPP/install/turtle_control_interfaces/include/turtle_control_interfaces/turtle_control_interfaces/srv
[2.115s] -- Installing: /home/lxf/Desktop/ROS/15.Launch_CPP/install/turtle_control_interfaces/include/turtle_control_interfaces/turtle_control_interfaces/srv/patrol.h
[2.115s] -- Installing: /home/lxf/Desktop/ROS/15.Launch_CPP/install/turtle_control_interfaces/include/turtle_control_interfaces/turtle_control_interfaces/srv/detail
[2.115s] -- Installing: /home/lxf/Desktop/ROS/15.Launch_CPP/install/turtle_control_interfaces/include/turtle_control_interfaces/turtle_control_interfaces/srv/detail/patrol__struct.h
[2.115s] -- Installing: /home/lxf/Desktop/ROS/15.Launch_CPP/install/turtle_control_interfaces/include/turtle_control_interfaces/turtle_control_interfaces/srv/detail/face_detector__struct.h
[2.115s] -- Installing: /home/lxf/Desktop/ROS/15.Launch_CPP/install/turtle_control_interfaces/include/turtle_control_interfaces/turtle_control_interfaces/srv/detail/patrol__type_support.h
[2.116s] -- Installing: /home/lxf/Desktop/ROS/15.Launch_CPP/install/turtle_control_interfaces/include/turtle_control_interfaces/turtle_control_interfaces/srv/detail/patrol__functions.c
[2.116s] -- Installing: /home/lxf/Desktop/ROS/15.Launch_CPP/install/turtle_control_interfaces/include/turtle_control_interfaces/turtle_control_interfaces/srv/detail/face_detector__functions.c
[2.116s] -- Installing: /home/lxf/Desktop/ROS/15.Launch_CPP/install/turtle_control_interfaces/include/turtle_control_interfaces/turtle_control_interfaces/srv/detail/face_detector__type_support.h
[2.116s] -- Installing: /home/lxf/Desktop/ROS/15.Launch_CPP/install/turtle_control_interfaces/include/turtle_control_interfaces/turtle_control_interfaces/srv/detail/patrol__functions.h
[2.116s] -- Installing: /home/lxf/Desktop/ROS/15.Launch_CPP/install/turtle_control_interfaces/include/turtle_control_interfaces/turtle_control_interfaces/srv/detail/face_detector__functions.h
[2.116s] -- Installing: /home/lxf/Desktop/ROS/15.Launch_CPP/install/turtle_control_interfaces/include/turtle_control_interfaces/turtle_control_interfaces/srv/face_detector.h
[2.116s] -- Installing: /home/lxf/Desktop/ROS/15.Launch_CPP/install/turtle_control_interfaces/include/turtle_control_interfaces/turtle_control_interfaces/msg
[2.116s] -- Installing: /home/lxf/Desktop/ROS/15.Launch_CPP/install/turtle_control_interfaces/include/turtle_control_interfaces/turtle_control_interfaces/msg/rosidl_generator_c__visibility_control.h
[2.116s] -- Installing: /home/lxf/Desktop/ROS/15.Launch_CPP/install/turtle_control_interfaces/share/turtle_control_interfaces/environment/library_path.sh
[2.116s] -- Installing: /home/lxf/Desktop/ROS/15.Launch_CPP/install/turtle_control_interfaces/share/turtle_control_interfaces/environment/library_path.dsv
[2.116s] -- Installing: /home/lxf/Desktop/ROS/15.Launch_CPP/install/turtle_control_interfaces/lib/libturtle_control_interfaces__rosidl_generator_c.so
[2.116s] -- Set runtime path of "/home/lxf/Desktop/ROS/15.Launch_CPP/install/turtle_control_interfaces/lib/libturtle_control_interfaces__rosidl_generator_c.so" to ""
[2.117s] -- Up-to-date: /home/lxf/Desktop/ROS/15.Launch_CPP/install/turtle_control_interfaces/include/turtle_control_interfaces/turtle_control_interfaces
[2.117s] -- Up-to-date: /home/lxf/Desktop/ROS/15.Launch_CPP/install/turtle_control_interfaces/include/turtle_control_interfaces/turtle_control_interfaces/srv
[2.117s] -- Up-to-date: /home/lxf/Desktop/ROS/15.Launch_CPP/install/turtle_control_interfaces/include/turtle_control_interfaces/turtle_control_interfaces/srv/detail
[2.117s] -- Installing: /home/lxf/Desktop/ROS/15.Launch_CPP/install/turtle_control_interfaces/include/turtle_control_interfaces/turtle_control_interfaces/srv/detail/patrol__rosidl_typesupport_fastrtps_c.h
[2.117s] -- Installing: /home/lxf/Desktop/ROS/15.Launch_CPP/install/turtle_control_interfaces/include/turtle_control_interfaces/turtle_control_interfaces/srv/detail/face_detector__rosidl_typesupport_fastrtps_c.h
[2.117s] -- Up-to-date: /home/lxf/Desktop/ROS/15.Launch_CPP/install/turtle_control_interfaces/include/turtle_control_interfaces/turtle_control_interfaces/msg
[2.117s] -- Installing: /home/lxf/Desktop/ROS/15.Launch_CPP/install/turtle_control_interfaces/include/turtle_control_interfaces/turtle_control_interfaces/msg/rosidl_typesupport_fastrtps_c__visibility_control.h
[2.117s] -- Installing: /home/lxf/Desktop/ROS/15.Launch_CPP/install/turtle_control_interfaces/lib/libturtle_control_interfaces__rosidl_typesupport_fastrtps_c.so
[2.117s] -- Set runtime path of "/home/lxf/Desktop/ROS/15.Launch_CPP/install/turtle_control_interfaces/lib/libturtle_control_interfaces__rosidl_typesupport_fastrtps_c.so" to ""
[2.117s] -- Up-to-date: /home/lxf/Desktop/ROS/15.Launch_CPP/install/turtle_control_interfaces/include/turtle_control_interfaces/turtle_control_interfaces
[2.117s] -- Up-to-date: /home/lxf/Desktop/ROS/15.Launch_CPP/install/turtle_control_interfaces/include/turtle_control_interfaces/turtle_control_interfaces/srv
[2.117s] -- Up-to-date: /home/lxf/Desktop/ROS/15.Launch_CPP/install/turtle_control_interfaces/include/turtle_control_interfaces/turtle_control_interfaces/srv/detail
[2.117s] -- Installing: /home/lxf/Desktop/ROS/15.Launch_CPP/install/turtle_control_interfaces/include/turtle_control_interfaces/turtle_control_interfaces/srv/detail/face_detector__rosidl_typesupport_introspection_c.h
[2.118s] -- Installing: /home/lxf/Desktop/ROS/15.Launch_CPP/install/turtle_control_interfaces/include/turtle_control_interfaces/turtle_control_interfaces/srv/detail/face_detector__type_support.c
[2.118s] -- Installing: /home/lxf/Desktop/ROS/15.Launch_CPP/install/turtle_control_interfaces/include/turtle_control_interfaces/turtle_control_interfaces/srv/detail/patrol__rosidl_typesupport_introspection_c.h
[2.118s] -- Installing: /home/lxf/Desktop/ROS/15.Launch_CPP/install/turtle_control_interfaces/include/turtle_control_interfaces/turtle_control_interfaces/srv/detail/patrol__type_support.c
[2.118s] -- Up-to-date: /home/lxf/Desktop/ROS/15.Launch_CPP/install/turtle_control_interfaces/include/turtle_control_interfaces/turtle_control_interfaces/msg
[2.118s] -- Installing: /home/lxf/Desktop/ROS/15.Launch_CPP/install/turtle_control_interfaces/include/turtle_control_interfaces/turtle_control_interfaces/msg/rosidl_typesupport_introspection_c__visibility_control.h
[2.118s] -- Installing: /home/lxf/Desktop/ROS/15.Launch_CPP/install/turtle_control_interfaces/lib/libturtle_control_interfaces__rosidl_typesupport_introspection_c.so
[2.118s] -- Set runtime path of "/home/lxf/Desktop/ROS/15.Launch_CPP/install/turtle_control_interfaces/lib/libturtle_control_interfaces__rosidl_typesupport_introspection_c.so" to ""
[2.118s] -- Installing: /home/lxf/Desktop/ROS/15.Launch_CPP/install/turtle_control_interfaces/lib/libturtle_control_interfaces__rosidl_typesupport_c.so
[2.118s] -- Set runtime path of "/home/lxf/Desktop/ROS/15.Launch_CPP/install/turtle_control_interfaces/lib/libturtle_control_interfaces__rosidl_typesupport_c.so" to ""
[2.118s] -- Up-to-date: /home/lxf/Desktop/ROS/15.Launch_CPP/install/turtle_control_interfaces/include/turtle_control_interfaces/turtle_control_interfaces
[2.118s] -- Up-to-date: /home/lxf/Desktop/ROS/15.Launch_CPP/install/turtle_control_interfaces/include/turtle_control_interfaces/turtle_control_interfaces/srv
[2.118s] -- Installing: /home/lxf/Desktop/ROS/15.Launch_CPP/install/turtle_control_interfaces/include/turtle_control_interfaces/turtle_control_interfaces/srv/patrol.hpp
[2.118s] -- Up-to-date: /home/lxf/Desktop/ROS/15.Launch_CPP/install/turtle_control_interfaces/include/turtle_control_interfaces/turtle_control_interfaces/srv/detail
[2.118s] -- Installing: /home/lxf/Desktop/ROS/15.Launch_CPP/install/turtle_control_interfaces/include/turtle_control_interfaces/turtle_control_interfaces/srv/detail/face_detector__traits.hpp
[2.118s] -- Installing: /home/lxf/Desktop/ROS/15.Launch_CPP/install/turtle_control_interfaces/include/turtle_control_interfaces/turtle_control_interfaces/srv/detail/patrol__builder.hpp
[2.118s] -- Installing: /home/lxf/Desktop/ROS/15.Launch_CPP/install/turtle_control_interfaces/include/turtle_control_interfaces/turtle_control_interfaces/srv/detail/patrol__struct.hpp
[2.118s] -- Installing: /home/lxf/Desktop/ROS/15.Launch_CPP/install/turtle_control_interfaces/include/turtle_control_interfaces/turtle_control_interfaces/srv/detail/face_detector__type_support.hpp
[2.118s] -- Installing: /home/lxf/Desktop/ROS/15.Launch_CPP/install/turtle_control_interfaces/include/turtle_control_interfaces/turtle_control_interfaces/srv/detail/face_detector__struct.hpp
[2.118s] -- Installing: /home/lxf/Desktop/ROS/15.Launch_CPP/install/turtle_control_interfaces/include/turtle_control_interfaces/turtle_control_interfaces/srv/detail/face_detector__builder.hpp
[2.119s] -- Installing: /home/lxf/Desktop/ROS/15.Launch_CPP/install/turtle_control_interfaces/include/turtle_control_interfaces/turtle_control_interfaces/srv/detail/patrol__type_support.hpp
[2.119s] -- Installing: /home/lxf/Desktop/ROS/15.Launch_CPP/install/turtle_control_interfaces/include/turtle_control_interfaces/turtle_control_interfaces/srv/detail/patrol__traits.hpp
[2.119s] -- Installing: /home/lxf/Desktop/ROS/15.Launch_CPP/install/turtle_control_interfaces/include/turtle_control_interfaces/turtle_control_interfaces/srv/face_detector.hpp
[2.119s] -- Up-to-date: /home/lxf/Desktop/ROS/15.Launch_CPP/install/turtle_control_interfaces/include/turtle_control_interfaces/turtle_control_interfaces/msg
[2.119s] -- Installing: /home/lxf/Desktop/ROS/15.Launch_CPP/install/turtle_control_interfaces/include/turtle_control_interfaces/turtle_control_interfaces/msg/rosidl_generator_cpp__visibility_control.hpp
[2.119s] -- Up-to-date: /home/lxf/Desktop/ROS/15.Launch_CPP/install/turtle_control_interfaces/include/turtle_control_interfaces/turtle_control_interfaces
[2.119s] -- Up-to-date: /home/lxf/Desktop/ROS/15.Launch_CPP/install/turtle_control_interfaces/include/turtle_control_interfaces/turtle_control_interfaces/srv
[2.119s] -- Up-to-date: /home/lxf/Desktop/ROS/15.Launch_CPP/install/turtle_control_interfaces/include/turtle_control_interfaces/turtle_control_interfaces/srv/detail
[2.119s] -- Installing: /home/lxf/Desktop/ROS/15.Launch_CPP/install/turtle_control_interfaces/include/turtle_control_interfaces/turtle_control_interfaces/srv/detail/face_detector__rosidl_typesupport_fastrtps_cpp.hpp
[2.119s] -- Installing: /home/lxf/Desktop/ROS/15.Launch_CPP/install/turtle_control_interfaces/include/turtle_control_interfaces/turtle_control_interfaces/srv/detail/dds_fastrtps
[2.119s] -- Installing: /home/lxf/Desktop/ROS/15.Launch_CPP/install/turtle_control_interfaces/include/turtle_control_interfaces/turtle_control_interfaces/srv/detail/patrol__rosidl_typesupport_fastrtps_cpp.hpp
[2.119s] -- Up-to-date: /home/lxf/Desktop/ROS/15.Launch_CPP/install/turtle_control_interfaces/include/turtle_control_interfaces/turtle_control_interfaces/msg
[2.119s] -- Installing: /home/lxf/Desktop/ROS/15.Launch_CPP/install/turtle_control_interfaces/include/turtle_control_interfaces/turtle_control_interfaces/msg/rosidl_typesupport_fastrtps_cpp__visibility_control.h
[2.119s] -- Installing: /home/lxf/Desktop/ROS/15.Launch_CPP/install/turtle_control_interfaces/lib/libturtle_control_interfaces__rosidl_typesupport_fastrtps_cpp.so
[2.119s] -- Set runtime path of "/home/lxf/Desktop/ROS/15.Launch_CPP/install/turtle_control_interfaces/lib/libturtle_control_interfaces__rosidl_typesupport_fastrtps_cpp.so" to ""
[2.119s] -- Up-to-date: /home/lxf/Desktop/ROS/15.Launch_CPP/install/turtle_control_interfaces/include/turtle_control_interfaces/turtle_control_interfaces
[2.119s] -- Up-to-date: /home/lxf/Desktop/ROS/15.Launch_CPP/install/turtle_control_interfaces/include/turtle_control_interfaces/turtle_control_interfaces/srv
[2.119s] -- Up-to-date: /home/lxf/Desktop/ROS/15.Launch_CPP/install/turtle_control_interfaces/include/turtle_control_interfaces/turtle_control_interfaces/srv/detail
[2.119s] -- Installing: /home/lxf/Desktop/ROS/15.Launch_CPP/install/turtle_control_interfaces/include/turtle_control_interfaces/turtle_control_interfaces/srv/detail/patrol__rosidl_typesupport_introspection_cpp.hpp
[2.119s] -- Installing: /home/lxf/Desktop/ROS/15.Launch_CPP/install/turtle_control_interfaces/include/turtle_control_interfaces/turtle_control_interfaces/srv/detail/face_detector__type_support.cpp
[2.119s] -- Installing: /home/lxf/Desktop/ROS/15.Launch_CPP/install/turtle_control_interfaces/include/turtle_control_interfaces/turtle_control_interfaces/srv/detail/patrol__type_support.cpp
[2.119s] -- Installing: /home/lxf/Desktop/ROS/15.Launch_CPP/install/turtle_control_interfaces/include/turtle_control_interfaces/turtle_control_interfaces/srv/detail/face_detector__rosidl_typesupport_introspection_cpp.hpp
[2.119s] -- Installing: /home/lxf/Desktop/ROS/15.Launch_CPP/install/turtle_control_interfaces/lib/libturtle_control_interfaces__rosidl_typesupport_introspection_cpp.so
[2.120s] -- Set runtime path of "/home/lxf/Desktop/ROS/15.Launch_CPP/install/turtle_control_interfaces/lib/libturtle_control_interfaces__rosidl_typesupport_introspection_cpp.so" to ""
[2.120s] -- Installing: /home/lxf/Desktop/ROS/15.Launch_CPP/install/turtle_control_interfaces/lib/libturtle_control_interfaces__rosidl_typesupport_cpp.so
[2.120s] -- Set runtime path of "/home/lxf/Desktop/ROS/15.Launch_CPP/install/turtle_control_interfaces/lib/libturtle_control_interfaces__rosidl_typesupport_cpp.so" to ""
[2.120s] -- Installing: /home/lxf/Desktop/ROS/15.Launch_CPP/install/turtle_control_interfaces/share/turtle_control_interfaces/environment/pythonpath.sh
[2.120s] -- Installing: /home/lxf/Desktop/ROS/15.Launch_CPP/install/turtle_control_interfaces/share/turtle_control_interfaces/environment/pythonpath.dsv
[2.120s] -- Installing: /home/lxf/Desktop/ROS/15.Launch_CPP/install/turtle_control_interfaces/local/lib/python3.10/dist-packages/turtle_control_interfaces-0.0.0-py3.10.egg-info
[2.120s] -- Installing: /home/lxf/Desktop/ROS/15.Launch_CPP/install/turtle_control_interfaces/local/lib/python3.10/dist-packages/turtle_control_interfaces-0.0.0-py3.10.egg-info/PKG-INFO
[2.120s] -- Installing: /home/lxf/Desktop/ROS/15.Launch_CPP/install/turtle_control_interfaces/local/lib/python3.10/dist-packages/turtle_control_interfaces-0.0.0-py3.10.egg-info/top_level.txt
[2.120s] -- Installing: /home/lxf/Desktop/ROS/15.Launch_CPP/install/turtle_control_interfaces/local/lib/python3.10/dist-packages/turtle_control_interfaces-0.0.0-py3.10.egg-info/SOURCES.txt
[2.120s] -- Installing: /home/lxf/Desktop/ROS/15.Launch_CPP/install/turtle_control_interfaces/local/lib/python3.10/dist-packages/turtle_control_interfaces-0.0.0-py3.10.egg-info/dependency_links.txt
[2.120s] -- Installing: /home/lxf/Desktop/ROS/15.Launch_CPP/install/turtle_control_interfaces/local/lib/python3.10/dist-packages/turtle_control_interfaces
[2.121s] -- Installing: /home/lxf/Desktop/ROS/15.Launch_CPP/install/turtle_control_interfaces/local/lib/python3.10/dist-packages/turtle_control_interfaces/turtle_control_interfaces_s__rosidl_typesupport_introspection_c.cpython-310-x86_64-linux-gnu.so
[2.121s] -- Installing: /home/lxf/Desktop/ROS/15.Launch_CPP/install/turtle_control_interfaces/local/lib/python3.10/dist-packages/turtle_control_interfaces/libturtle_control_interfaces__rosidl_generator_py.so
[2.121s] -- Installing: /home/lxf/Desktop/ROS/15.Launch_CPP/install/turtle_control_interfaces/local/lib/python3.10/dist-packages/turtle_control_interfaces/srv
[2.121s] -- Installing: /home/lxf/Desktop/ROS/15.Launch_CPP/install/turtle_control_interfaces/local/lib/python3.10/dist-packages/turtle_control_interfaces/srv/_face_detector_s.c
[2.121s] -- Installing: /home/lxf/Desktop/ROS/15.Launch_CPP/install/turtle_control_interfaces/local/lib/python3.10/dist-packages/turtle_control_interfaces/srv/_patrol_s.c
[2.121s] -- Installing: /home/lxf/Desktop/ROS/15.Launch_CPP/install/turtle_control_interfaces/local/lib/python3.10/dist-packages/turtle_control_interfaces/srv/_face_detector.py
[2.121s] -- Installing: /home/lxf/Desktop/ROS/15.Launch_CPP/install/turtle_control_interfaces/local/lib/python3.10/dist-packages/turtle_control_interfaces/srv/_patrol.py
[2.121s] -- Installing: /home/lxf/Desktop/ROS/15.Launch_CPP/install/turtle_control_interfaces/local/lib/python3.10/dist-packages/turtle_control_interfaces/srv/__init__.py
[2.121s] -- Installing: /home/lxf/Desktop/ROS/15.Launch_CPP/install/turtle_control_interfaces/local/lib/python3.10/dist-packages/turtle_control_interfaces/_turtle_control_interfaces_s.ep.rosidl_typesupport_introspection_c.c
[2.121s] -- Installing: /home/lxf/Desktop/ROS/15.Launch_CPP/install/turtle_control_interfaces/local/lib/python3.10/dist-packages/turtle_control_interfaces/turtle_control_interfaces_s__rosidl_typesupport_fastrtps_c.cpython-310-x86_64-linux-gnu.so
[2.121s] -- Installing: /home/lxf/Desktop/ROS/15.Launch_CPP/install/turtle_control_interfaces/local/lib/python3.10/dist-packages/turtle_control_interfaces/turtle_control_interfaces_s__rosidl_typesupport_c.cpython-310-x86_64-linux-gnu.so
[2.121s] -- Installing: /home/lxf/Desktop/ROS/15.Launch_CPP/install/turtle_control_interfaces/local/lib/python3.10/dist-packages/turtle_control_interfaces/_turtle_control_interfaces_s.ep.rosidl_typesupport_fastrtps_c.c
[2.121s] -- Installing: /home/lxf/Desktop/ROS/15.Launch_CPP/install/turtle_control_interfaces/local/lib/python3.10/dist-packages/turtle_control_interfaces/_turtle_control_interfaces_s.ep.rosidl_typesupport_c.c
[2.121s] -- Installing: /home/lxf/Desktop/ROS/15.Launch_CPP/install/turtle_control_interfaces/local/lib/python3.10/dist-packages/turtle_control_interfaces/__init__.py
[2.150s] Listing '/home/lxf/Desktop/ROS/15.Launch_CPP/install/turtle_control_interfaces/local/lib/python3.10/dist-packages/turtle_control_interfaces'...
[2.150s] Compiling '/home/lxf/Desktop/ROS/15.Launch_CPP/install/turtle_control_interfaces/local/lib/python3.10/dist-packages/turtle_control_interfaces/__init__.py'...
[2.150s] Listing '/home/lxf/Desktop/ROS/15.Launch_CPP/install/turtle_control_interfaces/local/lib/python3.10/dist-packages/turtle_control_interfaces/srv'...
[2.150s] Compiling '/home/lxf/Desktop/ROS/15.Launch_CPP/install/turtle_control_interfaces/local/lib/python3.10/dist-packages/turtle_control_interfaces/srv/__init__.py'...
[2.150s] Compiling '/home/lxf/Desktop/ROS/15.Launch_CPP/install/turtle_control_interfaces/local/lib/python3.10/dist-packages/turtle_control_interfaces/srv/_face_detector.py'...
[2.150s] Compiling '/home/lxf/Desktop/ROS/15.Launch_CPP/install/turtle_control_interfaces/local/lib/python3.10/dist-packages/turtle_control_interfaces/srv/_patrol.py'...
[2.153s] -- Installing: /home/lxf/Desktop/ROS/15.Launch_CPP/install/turtle_control_interfaces/local/lib/python3.10/dist-packages/turtle_control_interfaces/turtle_control_interfaces_s__rosidl_typesupport_fastrtps_c.cpython-310-x86_64-linux-gnu.so
[2.154s] -- Set runtime path of "/home/lxf/Desktop/ROS/15.Launch_CPP/install/turtle_control_interfaces/local/lib/python3.10/dist-packages/turtle_control_interfaces/turtle_control_interfaces_s__rosidl_typesupport_fastrtps_c.cpython-310-x86_64-linux-gnu.so" to ""
[2.154s] -- Installing: /home/lxf/Desktop/ROS/15.Launch_CPP/install/turtle_control_interfaces/local/lib/python3.10/dist-packages/turtle_control_interfaces/turtle_control_interfaces_s__rosidl_typesupport_introspection_c.cpython-310-x86_64-linux-gnu.so
[2.154s] -- Set runtime path of "/home/lxf/Desktop/ROS/15.Launch_CPP/install/turtle_control_interfaces/local/lib/python3.10/dist-packages/turtle_control_interfaces/turtle_control_interfaces_s__rosidl_typesupport_introspection_c.cpython-310-x86_64-linux-gnu.so" to ""
[2.154s] -- Installing: /home/lxf/Desktop/ROS/15.Launch_CPP/install/turtle_control_interfaces/local/lib/python3.10/dist-packages/turtle_control_interfaces/turtle_control_interfaces_s__rosidl_typesupport_c.cpython-310-x86_64-linux-gnu.so
[2.154s] -- Set runtime path of "/home/lxf/Desktop/ROS/15.Launch_CPP/install/turtle_control_interfaces/local/lib/python3.10/dist-packages/turtle_control_interfaces/turtle_control_interfaces_s__rosidl_typesupport_c.cpython-310-x86_64-linux-gnu.so" to ""
[2.154s] -- Installing: /home/lxf/Desktop/ROS/15.Launch_CPP/install/turtle_control_interfaces/lib/libturtle_control_interfaces__rosidl_generator_py.so
[2.155s] -- Set runtime path of "/home/lxf/Desktop/ROS/15.Launch_CPP/install/turtle_control_interfaces/lib/libturtle_control_interfaces__rosidl_generator_py.so" to ""
[2.155s] -- Installing: /home/lxf/Desktop/ROS/15.Launch_CPP/install/turtle_control_interfaces/share/turtle_control_interfaces/srv/FaceDetector.idl
[2.155s] -- Installing: /home/lxf/Desktop/ROS/15.Launch_CPP/install/turtle_control_interfaces/share/turtle_control_interfaces/srv/Patrol.idl
[2.155s] -- Installing: /home/lxf/Desktop/ROS/15.Launch_CPP/install/turtle_control_interfaces/share/turtle_control_interfaces/srv/FaceDetector.srv
[2.155s] -- Installing: /home/lxf/Desktop/ROS/15.Launch_CPP/install/turtle_control_interfaces/share/turtle_control_interfaces/srv/FaceDetector_Request.msg
[2.155s] -- Installing: /home/lxf/Desktop/ROS/15.Launch_CPP/install/turtle_control_interfaces/share/turtle_control_interfaces/srv/FaceDetector_Response.msg
[2.156s] -- Installing: /home/lxf/Desktop/ROS/15.Launch_CPP/install/turtle_control_interfaces/share/turtle_control_interfaces/srv/Patrol.srv
[2.156s] -- Installing: /home/lxf/Desktop/ROS/15.Launch_CPP/install/turtle_control_interfaces/share/turtle_control_interfaces/srv/Patrol_Request.msg
[2.156s] -- Installing: /home/lxf/Desktop/ROS/15.Launch_CPP/install/turtle_control_interfaces/share/turtle_control_interfaces/srv/Patrol_Response.msg
[2.156s] -- Installing: /home/lxf/Desktop/ROS/15.Launch_CPP/install/turtle_control_interfaces/share/ament_index/resource_index/package_run_dependencies/turtle_control_interfaces
[2.156s] -- Installing: /home/lxf/Desktop/ROS/15.Launch_CPP/install/turtle_control_interfaces/share/ament_index/resource_index/parent_prefix_path/turtle_control_interfaces
[2.156s] -- Installing: /home/lxf/Desktop/ROS/15.Launch_CPP/install/turtle_control_interfaces/share/turtle_control_interfaces/environment/ament_prefix_path.sh
[2.156s] -- Installing: /home/lxf/Desktop/ROS/15.Launch_CPP/install/turtle_control_interfaces/share/turtle_control_interfaces/environment/ament_prefix_path.dsv
[2.156s] -- Installing: /home/lxf/Desktop/ROS/15.Launch_CPP/install/turtle_control_interfaces/share/turtle_control_interfaces/environment/path.sh
[2.156s] -- Installing: /home/lxf/Desktop/ROS/15.Launch_CPP/install/turtle_control_interfaces/share/turtle_control_interfaces/environment/path.dsv
[2.156s] -- Installing: /home/lxf/Desktop/ROS/15.Launch_CPP/install/turtle_control_interfaces/share/turtle_control_interfaces/local_setup.bash
[2.157s] -- Installing: /home/lxf/Desktop/ROS/15.Launch_CPP/install/turtle_control_interfaces/share/turtle_control_interfaces/local_setup.sh
[2.157s] -- Installing: /home/lxf/Desktop/ROS/15.Launch_CPP/install/turtle_control_interfaces/share/turtle_control_interfaces/local_setup.zsh
[2.157s] -- Installing: /home/lxf/Desktop/ROS/15.Launch_CPP/install/turtle_control_interfaces/share/turtle_control_interfaces/local_setup.dsv
[2.157s] -- Installing: /home/lxf/Desktop/ROS/15.Launch_CPP/install/turtle_control_interfaces/share/turtle_control_interfaces/package.dsv
[2.157s] -- Installing: /home/lxf/Desktop/ROS/15.Launch_CPP/install/turtle_control_interfaces/share/ament_index/resource_index/packages/turtle_control_interfaces
[2.157s] -- Installing: /home/lxf/Desktop/ROS/15.Launch_CPP/install/turtle_control_interfaces/share/turtle_control_interfaces/cmake/export_turtle_control_interfaces__rosidl_generator_cExport.cmake
[2.157s] -- Installing: /home/lxf/Desktop/ROS/15.Launch_CPP/install/turtle_control_interfaces/share/turtle_control_interfaces/cmake/export_turtle_control_interfaces__rosidl_generator_cExport-noconfig.cmake
[2.157s] -- Installing: /home/lxf/Desktop/ROS/15.Launch_CPP/install/turtle_control_interfaces/share/turtle_control_interfaces/cmake/export_turtle_control_interfaces__rosidl_typesupport_fastrtps_cExport.cmake
[2.158s] -- Installing: /home/lxf/Desktop/ROS/15.Launch_CPP/install/turtle_control_interfaces/share/turtle_control_interfaces/cmake/export_turtle_control_interfaces__rosidl_typesupport_fastrtps_cExport-noconfig.cmake
[2.158s] -- Installing: /home/lxf/Desktop/ROS/15.Launch_CPP/install/turtle_control_interfaces/share/turtle_control_interfaces/cmake/turtle_control_interfaces__rosidl_typesupport_introspection_cExport.cmake
[2.158s] -- Installing: /home/lxf/Desktop/ROS/15.Launch_CPP/install/turtle_control_interfaces/share/turtle_control_interfaces/cmake/turtle_control_interfaces__rosidl_typesupport_introspection_cExport-noconfig.cmake
[2.158s] -- Installing: /home/lxf/Desktop/ROS/15.Launch_CPP/install/turtle_control_interfaces/share/turtle_control_interfaces/cmake/turtle_control_interfaces__rosidl_typesupport_cExport.cmake
[2.158s] -- Installing: /home/lxf/Desktop/ROS/15.Launch_CPP/install/turtle_control_interfaces/share/turtle_control_interfaces/cmake/turtle_control_interfaces__rosidl_typesupport_cExport-noconfig.cmake
[2.158s] -- Installing: /home/lxf/Desktop/ROS/15.Launch_CPP/install/turtle_control_interfaces/share/turtle_control_interfaces/cmake/export_turtle_control_interfaces__rosidl_generator_cppExport.cmake
[2.158s] -- Installing: /home/lxf/Desktop/ROS/15.Launch_CPP/install/turtle_control_interfaces/share/turtle_control_interfaces/cmake/export_turtle_control_interfaces__rosidl_typesupport_fastrtps_cppExport.cmake
[2.158s] -- Installing: /home/lxf/Desktop/ROS/15.Launch_CPP/install/turtle_control_interfaces/share/turtle_control_interfaces/cmake/export_turtle_control_interfaces__rosidl_typesupport_fastrtps_cppExport-noconfig.cmake
[2.158s] -- Installing: /home/lxf/Desktop/ROS/15.Launch_CPP/install/turtle_control_interfaces/share/turtle_control_interfaces/cmake/turtle_control_interfaces__rosidl_typesupport_introspection_cppExport.cmake
[2.158s] -- Installing: /home/lxf/Desktop/ROS/15.Launch_CPP/install/turtle_control_interfaces/share/turtle_control_interfaces/cmake/turtle_control_interfaces__rosidl_typesupport_introspection_cppExport-noconfig.cmake
[2.158s] -- Installing: /home/lxf/Desktop/ROS/15.Launch_CPP/install/turtle_control_interfaces/share/turtle_control_interfaces/cmake/turtle_control_interfaces__rosidl_typesupport_cppExport.cmake
[2.158s] -- Installing: /home/lxf/Desktop/ROS/15.Launch_CPP/install/turtle_control_interfaces/share/turtle_control_interfaces/cmake/turtle_control_interfaces__rosidl_typesupport_cppExport-noconfig.cmake
[2.159s] -- Installing: /home/lxf/Desktop/ROS/15.Launch_CPP/install/turtle_control_interfaces/share/turtle_control_interfaces/cmake/export_turtle_control_interfaces__rosidl_generator_pyExport.cmake
[2.159s] -- Installing: /home/lxf/Desktop/ROS/15.Launch_CPP/install/turtle_control_interfaces/share/turtle_control_interfaces/cmake/export_turtle_control_interfaces__rosidl_generator_pyExport-noconfig.cmake
[2.159s] -- Installing: /home/lxf/Desktop/ROS/15.Launch_CPP/install/turtle_control_interfaces/share/turtle_control_interfaces/cmake/rosidl_cmake-extras.cmake
[2.159s] -- Installing: /home/lxf/Desktop/ROS/15.Launch_CPP/install/turtle_control_interfaces/share/turtle_control_interfaces/cmake/ament_cmake_export_dependencies-extras.cmake
[2.159s] -- Installing: /home/lxf/Desktop/ROS/15.Launch_CPP/install/turtle_control_interfaces/share/turtle_control_interfaces/cmake/ament_cmake_export_include_directories-extras.cmake
[2.159s] -- Installing: /home/lxf/Desktop/ROS/15.Launch_CPP/install/turtle_control_interfaces/share/turtle_control_interfaces/cmake/ament_cmake_export_libraries-extras.cmake
[2.159s] -- Installing: /home/lxf/Desktop/ROS/15.Launch_CPP/install/turtle_control_interfaces/share/turtle_control_interfaces/cmake/ament_cmake_export_targets-extras.cmake
[2.159s] -- Installing: /home/lxf/Desktop/ROS/15.Launch_CPP/install/turtle_control_interfaces/share/turtle_control_interfaces/cmake/rosidl_cmake_export_typesupport_targets-extras.cmake
[2.159s] -- Installing: /home/lxf/Desktop/ROS/15.Launch_CPP/install/turtle_control_interfaces/share/turtle_control_interfaces/cmake/rosidl_cmake_export_typesupport_libraries-extras.cmake
[2.159s] -- Installing: /home/lxf/Desktop/ROS/15.Launch_CPP/install/turtle_control_interfaces/share/turtle_control_interfaces/cmake/turtle_control_interfacesConfig.cmake
[2.159s] -- Installing: /home/lxf/Desktop/ROS/15.Launch_CPP/install/turtle_control_interfaces/share/turtle_control_interfaces/cmake/turtle_control_interfacesConfig-version.cmake
[2.159s] -- Installing: /home/lxf/Desktop/ROS/15.Launch_CPP/install/turtle_control_interfaces/share/turtle_control_interfaces/package.xml
[2.162s] Invoked command in '/home/lxf/Desktop/ROS/15.Launch_CPP/build/turtle_control_interfaces' returned '0': CMAKE_PREFIX_PATH=/opt/ros/humble /usr/bin/cmake --install /home/lxf/Desktop/ROS/15.Launch_CPP/build/turtle_control_interfaces
