[0.009s] Invoking command in '/home/lxf/桌面/ROS/6.Thread/build/cpp_pkg': CMAKE_PREFIX_PATH=/opt/ros/humble /usr/bin/cmake --build /home/lxf/桌面/ROS/6.Thread/build/cpp_pkg -- -j16 -l16
[0.041s] [ 14%] Built target learn_auto
[0.042s] [ 28%] Built target learn_shared_ptr
[0.042s] [ 42%] Built target learn_function
[0.044s] [ 57%] Built target learn_lambda
[0.047s] [ 71%] Built target cpp_node
[0.048s] [ 85%] Built target learn_thread
[0.048s] [100%] Built target person_node
[0.178s] Invoked command in '/home/lxf/桌面/ROS/6.Thread/build/cpp_pkg' returned '0': CMAKE_PREFIX_PATH=/opt/ros/humble /usr/bin/cmake --build /home/lxf/桌面/ROS/6.Thread/build/cpp_pkg -- -j16 -l16
[0.183s] Invoking command in '/home/lxf/桌面/ROS/6.Thread/build/cpp_pkg': CMAKE_PREFIX_PATH=/opt/ros/humble /usr/bin/cmake --install /home/lxf/桌面/ROS/6.Thread/build/cpp_pkg
[0.186s] -- Install configuration: ""
[0.186s] -- Up-to-date: /home/lxf/桌面/ROS/6.Thread/install/cpp_pkg/lib/cpp_pkg/cpp_node
[0.186s] -- Up-to-date: /home/lxf/桌面/ROS/6.Thread/install/cpp_pkg/lib/cpp_pkg/person_node
[0.186s] -- Up-to-date: /home/lxf/桌面/ROS/6.Thread/install/cpp_pkg/lib/cpp_pkg/learn_auto
[0.186s] -- Up-to-date: /home/lxf/桌面/ROS/6.Thread/install/cpp_pkg/lib/cpp_pkg/learn_shared_ptr
[0.186s] -- Up-to-date: /home/lxf/桌面/ROS/6.Thread/install/cpp_pkg/lib/cpp_pkg/learn_lambda
[0.186s] -- Up-to-date: /home/lxf/桌面/ROS/6.Thread/install/cpp_pkg/lib/cpp_pkg/learn_function
[0.186s] -- Up-to-date: /home/lxf/桌面/ROS/6.Thread/install/cpp_pkg/share/ament_index/resource_index/package_run_dependencies/cpp_pkg
[0.186s] -- Up-to-date: /home/lxf/桌面/ROS/6.Thread/install/cpp_pkg/share/ament_index/resource_index/parent_prefix_path/cpp_pkg
[0.186s] -- Up-to-date: /home/lxf/桌面/ROS/6.Thread/install/cpp_pkg/share/cpp_pkg/environment/ament_prefix_path.sh
[0.186s] -- Up-to-date: /home/lxf/桌面/ROS/6.Thread/install/cpp_pkg/share/cpp_pkg/environment/ament_prefix_path.dsv
[0.186s] -- Up-to-date: /home/lxf/桌面/ROS/6.Thread/install/cpp_pkg/share/cpp_pkg/environment/path.sh
[0.186s] -- Up-to-date: /home/lxf/桌面/ROS/6.Thread/install/cpp_pkg/share/cpp_pkg/environment/path.dsv
[0.187s] -- Up-to-date: /home/lxf/桌面/ROS/6.Thread/install/cpp_pkg/share/cpp_pkg/local_setup.bash
[0.187s] -- Up-to-date: /home/lxf/桌面/ROS/6.Thread/install/cpp_pkg/share/cpp_pkg/local_setup.sh
[0.187s] -- Up-to-date: /home/lxf/桌面/ROS/6.Thread/install/cpp_pkg/share/cpp_pkg/local_setup.zsh
[0.187s] -- Up-to-date: /home/lxf/桌面/ROS/6.Thread/install/cpp_pkg/share/cpp_pkg/local_setup.dsv
[0.187s] -- Installing: /home/lxf/桌面/ROS/6.Thread/install/cpp_pkg/share/cpp_pkg/package.dsv
[0.187s] -- Up-to-date: /home/lxf/桌面/ROS/6.Thread/install/cpp_pkg/share/ament_index/resource_index/packages/cpp_pkg
[0.187s] -- Up-to-date: /home/lxf/桌面/ROS/6.Thread/install/cpp_pkg/share/cpp_pkg/cmake/cpp_pkgConfig.cmake
[0.187s] -- Up-to-date: /home/lxf/桌面/ROS/6.Thread/install/cpp_pkg/share/cpp_pkg/cmake/cpp_pkgConfig-version.cmake
[0.187s] -- Up-to-date: /home/lxf/桌面/ROS/6.Thread/install/cpp_pkg/share/cpp_pkg/package.xml
[0.188s] Invoked command in '/home/lxf/桌面/ROS/6.Thread/build/cpp_pkg' returned '0': CMAKE_PREFIX_PATH=/opt/ros/humble /usr/bin/cmake --install /home/lxf/桌面/ROS/6.Thread/build/cpp_pkg
