[0.678s] Invoking command in '/home/lxf/Desktop/ROS/11.Face_Recognition/src/demo_python_service': AMENT_PREFIX_PATH=/home/lxf/Desktop/ROS/11.Face_Recognition/install/face_interfaces:${AMENT_PREFIX_PATH} CMAKE_PREFIX_PATH=/home/lxf/Desktop/ROS/11.Face_Recognition/install/face_interfaces LD_LIBRARY_PATH=/home/lxf/Desktop/ROS/11.Face_Recognition/install/face_interfaces/lib:${LD_LIBRARY_PATH} PYTHONPATH=/home/lxf/Desktop/ROS/11.Face_Recognition/build/demo_python_service/prefix_override:/usr/lib/python3/dist-packages/colcon_core/task/python/colcon_distutils_commands:/home/lxf/Desktop/ROS/11.Face_Recognition/install/demo_python_service/lib/python3.10/site-packages:/home/lxf/Desktop/ROS/11.Face_Recognition/install/face_interfaces/local/lib/python3.10/dist-packages:${PYTHONPATH} /usr/bin/python3 -W ignore:setup.py install is deprecated -W ignore:easy_install command is deprecated setup.py egg_info --egg-base ../../build/demo_python_service build --build-base /home/lxf/Desktop/ROS/11.Face_Recognition/build/demo_python_service/build install --record /home/lxf/Desktop/ROS/11.Face_Recognition/build/demo_python_service/install.log --single-version-externally-managed install_data
[0.911s] running egg_info
[0.912s] creating ../../build/demo_python_service/demo_python_service.egg-info
[0.912s] writing ../../build/demo_python_service/demo_python_service.egg-info/PKG-INFO
[0.912s] writing dependency_links to ../../build/demo_python_service/demo_python_service.egg-info/dependency_links.txt
[0.912s] writing entry points to ../../build/demo_python_service/demo_python_service.egg-info/entry_points.txt
[0.912s] writing requirements to ../../build/demo_python_service/demo_python_service.egg-info/requires.txt
[0.912s] writing top-level names to ../../build/demo_python_service/demo_python_service.egg-info/top_level.txt
[0.913s] writing manifest file '../../build/demo_python_service/demo_python_service.egg-info/SOURCES.txt'
[0.916s] reading manifest file '../../build/demo_python_service/demo_python_service.egg-info/SOURCES.txt'
[0.916s] adding license file 'LICENSE'
[0.917s] writing manifest file '../../build/demo_python_service/demo_python_service.egg-info/SOURCES.txt'
[0.917s] running build
[0.917s] running build_py
[0.917s] creating /home/lxf/Desktop/ROS/11.Face_Recognition/build/demo_python_service/build
[0.918s] creating /home/lxf/Desktop/ROS/11.Face_Recognition/build/demo_python_service/build/lib
[0.918s] creating /home/lxf/Desktop/ROS/11.Face_Recognition/build/demo_python_service/build/lib/demo_python_service
[0.918s] copying demo_python_service/face_detect_client_thread_base.py -> /home/lxf/Desktop/ROS/11.Face_Recognition/build/demo_python_service/build/lib/demo_python_service
[0.918s] copying demo_python_service/face_detect.py -> /home/lxf/Desktop/ROS/11.Face_Recognition/build/demo_python_service/build/lib/demo_python_service
[0.918s] copying demo_python_service/face_detect_client_two_node.py -> /home/lxf/Desktop/ROS/11.Face_Recognition/build/demo_python_service/build/lib/demo_python_service
[0.918s] copying demo_python_service/face_detect_client_thread.py -> /home/lxf/Desktop/ROS/11.Face_Recognition/build/demo_python_service/build/lib/demo_python_service
[0.918s] copying demo_python_service/__init__.py -> /home/lxf/Desktop/ROS/11.Face_Recognition/build/demo_python_service/build/lib/demo_python_service
[0.918s] copying demo_python_service/face_detect_client_Optimization.py -> /home/lxf/Desktop/ROS/11.Face_Recognition/build/demo_python_service/build/lib/demo_python_service
[0.918s] copying demo_python_service/face_detect_client_node.py -> /home/lxf/Desktop/ROS/11.Face_Recognition/build/demo_python_service/build/lib/demo_python_service
[0.918s] copying demo_python_service/face_detect_node.py -> /home/lxf/Desktop/ROS/11.Face_Recognition/build/demo_python_service/build/lib/demo_python_service
[0.918s] running install
[0.919s] running install_lib
[0.920s] creating /home/lxf/Desktop/ROS/11.Face_Recognition/install/demo_python_service/lib/python3.10/site-packages/demo_python_service
[0.920s] copying /home/lxf/Desktop/ROS/11.Face_Recognition/build/demo_python_service/build/lib/demo_python_service/face_detect_client_thread_base.py -> /home/lxf/Desktop/ROS/11.Face_Recognition/install/demo_python_service/lib/python3.10/site-packages/demo_python_service
[0.920s] copying /home/lxf/Desktop/ROS/11.Face_Recognition/build/demo_python_service/build/lib/demo_python_service/face_detect.py -> /home/lxf/Desktop/ROS/11.Face_Recognition/install/demo_python_service/lib/python3.10/site-packages/demo_python_service
[0.920s] copying /home/lxf/Desktop/ROS/11.Face_Recognition/build/demo_python_service/build/lib/demo_python_service/face_detect_client_two_node.py -> /home/lxf/Desktop/ROS/11.Face_Recognition/install/demo_python_service/lib/python3.10/site-packages/demo_python_service
[0.920s] copying /home/lxf/Desktop/ROS/11.Face_Recognition/build/demo_python_service/build/lib/demo_python_service/face_detect_client_thread.py -> /home/lxf/Desktop/ROS/11.Face_Recognition/install/demo_python_service/lib/python3.10/site-packages/demo_python_service
[0.920s] copying /home/lxf/Desktop/ROS/11.Face_Recognition/build/demo_python_service/build/lib/demo_python_service/__init__.py -> /home/lxf/Desktop/ROS/11.Face_Recognition/install/demo_python_service/lib/python3.10/site-packages/demo_python_service
[0.921s] copying /home/lxf/Desktop/ROS/11.Face_Recognition/build/demo_python_service/build/lib/demo_python_service/face_detect_client_Optimization.py -> /home/lxf/Desktop/ROS/11.Face_Recognition/install/demo_python_service/lib/python3.10/site-packages/demo_python_service
[0.921s] copying /home/lxf/Desktop/ROS/11.Face_Recognition/build/demo_python_service/build/lib/demo_python_service/face_detect_client_node.py -> /home/lxf/Desktop/ROS/11.Face_Recognition/install/demo_python_service/lib/python3.10/site-packages/demo_python_service
[0.921s] copying /home/lxf/Desktop/ROS/11.Face_Recognition/build/demo_python_service/build/lib/demo_python_service/face_detect_node.py -> /home/lxf/Desktop/ROS/11.Face_Recognition/install/demo_python_service/lib/python3.10/site-packages/demo_python_service
[0.921s] byte-compiling /home/lxf/Desktop/ROS/11.Face_Recognition/install/demo_python_service/lib/python3.10/site-packages/demo_python_service/face_detect_client_thread_base.py to face_detect_client_thread_base.cpython-310.pyc
[0.923s] byte-compiling /home/lxf/Desktop/ROS/11.Face_Recognition/install/demo_python_service/lib/python3.10/site-packages/demo_python_service/face_detect.py to face_detect.cpython-310.pyc
[0.923s] byte-compiling /home/lxf/Desktop/ROS/11.Face_Recognition/install/demo_python_service/lib/python3.10/site-packages/demo_python_service/face_detect_client_two_node.py to face_detect_client_two_node.cpython-310.pyc
[0.923s] byte-compiling /home/lxf/Desktop/ROS/11.Face_Recognition/install/demo_python_service/lib/python3.10/site-packages/demo_python_service/face_detect_client_thread.py to face_detect_client_thread.cpython-310.pyc
[0.925s] byte-compiling /home/lxf/Desktop/ROS/11.Face_Recognition/install/demo_python_service/lib/python3.10/site-packages/demo_python_service/__init__.py to __init__.cpython-310.pyc
[0.925s] byte-compiling /home/lxf/Desktop/ROS/11.Face_Recognition/install/demo_python_service/lib/python3.10/site-packages/demo_python_service/face_detect_client_Optimization.py to face_detect_client_Optimization.cpython-310.pyc
[0.926s] byte-compiling /home/lxf/Desktop/ROS/11.Face_Recognition/install/demo_python_service/lib/python3.10/site-packages/demo_python_service/face_detect_client_node.py to face_detect_client_node.cpython-310.pyc
[0.926s] byte-compiling /home/lxf/Desktop/ROS/11.Face_Recognition/install/demo_python_service/lib/python3.10/site-packages/demo_python_service/face_detect_node.py to face_detect_node.cpython-310.pyc
[0.927s] running install_data
[0.927s] creating /home/lxf/Desktop/ROS/11.Face_Recognition/install/demo_python_service/share/ament_index
[0.927s] creating /home/lxf/Desktop/ROS/11.Face_Recognition/install/demo_python_service/share/ament_index/resource_index
[0.927s] creating /home/lxf/Desktop/ROS/11.Face_Recognition/install/demo_python_service/share/ament_index/resource_index/packages
[0.928s] copying resource/demo_python_service -> /home/lxf/Desktop/ROS/11.Face_Recognition/install/demo_python_service/share/ament_index/resource_index/packages
[0.928s] copying package.xml -> /home/lxf/Desktop/ROS/11.Face_Recognition/install/demo_python_service/share/demo_python_service
[0.928s] creating /home/lxf/Desktop/ROS/11.Face_Recognition/install/demo_python_service/share/demo_python_service/resource
[0.928s] copying resource/default.jpg -> /home/lxf/Desktop/ROS/11.Face_Recognition/install/demo_python_service/share/demo_python_service/resource
[0.928s] copying resource/test1.jpg -> /home/lxf/Desktop/ROS/11.Face_Recognition/install/demo_python_service/share/demo_python_service/resource
[0.928s] copying resource/test2.jpg -> /home/lxf/Desktop/ROS/11.Face_Recognition/install/demo_python_service/share/demo_python_service/resource
[0.929s] running install_egg_info
[0.931s] Copying ../../build/demo_python_service/demo_python_service.egg-info to /home/lxf/Desktop/ROS/11.Face_Recognition/install/demo_python_service/lib/python3.10/site-packages/demo_python_service-0.0.0-py3.10.egg-info
[0.932s] running install_scripts
[0.955s] Installing face_detect script to /home/lxf/Desktop/ROS/11.Face_Recognition/install/demo_python_service/lib/demo_python_service
[0.955s] Installing face_detect_client_Optimization script to /home/lxf/Desktop/ROS/11.Face_Recognition/install/demo_python_service/lib/demo_python_service
[0.955s] Installing face_detect_client_node script to /home/lxf/Desktop/ROS/11.Face_Recognition/install/demo_python_service/lib/demo_python_service
[0.955s] Installing face_detect_client_thread script to /home/lxf/Desktop/ROS/11.Face_Recognition/install/demo_python_service/lib/demo_python_service
[0.955s] Installing face_detect_client_two_node script to /home/lxf/Desktop/ROS/11.Face_Recognition/install/demo_python_service/lib/demo_python_service
[0.955s] Installing face_detect_node script to /home/lxf/Desktop/ROS/11.Face_Recognition/install/demo_python_service/lib/demo_python_service
[0.955s] writing list of installed files to '/home/lxf/Desktop/ROS/11.Face_Recognition/build/demo_python_service/install.log'
[0.981s] Invoked command in '/home/lxf/Desktop/ROS/11.Face_Recognition/src/demo_python_service' returned '0': AMENT_PREFIX_PATH=/home/lxf/Desktop/ROS/11.Face_Recognition/install/face_interfaces:${AMENT_PREFIX_PATH} CMAKE_PREFIX_PATH=/home/lxf/Desktop/ROS/11.Face_Recognition/install/face_interfaces LD_LIBRARY_PATH=/home/lxf/Desktop/ROS/11.Face_Recognition/install/face_interfaces/lib:${LD_LIBRARY_PATH} PYTHONPATH=/home/lxf/Desktop/ROS/11.Face_Recognition/build/demo_python_service/prefix_override:/usr/lib/python3/dist-packages/colcon_core/task/python/colcon_distutils_commands:/home/lxf/Desktop/ROS/11.Face_Recognition/install/demo_python_service/lib/python3.10/site-packages:/home/lxf/Desktop/ROS/11.Face_Recognition/install/face_interfaces/local/lib/python3.10/dist-packages:${PYTHONPATH} /usr/bin/python3 -W ignore:setup.py install is deprecated -W ignore:easy_install command is deprecated setup.py egg_info --egg-base ../../build/demo_python_service build --build-base /home/lxf/Desktop/ROS/11.Face_Recognition/build/demo_python_service/build install --record /home/lxf/Desktop/ROS/11.Face_Recognition/build/demo_python_service/install.log --single-version-externally-managed install_data
