[0.008s] Invoking command in '/home/lxf/Desktop/ROS/18.demo_cpp_tf/build/demo_cpp_tf': CMAKE_PREFIX_PATH=/opt/ros/humble /usr/bin/cmake --build /home/lxf/Desktop/ROS/18.demo_cpp_tf/build/demo_cpp_tf -- -j16 -l16
[0.030s] -- Found ament_cmake: 1.3.12 (/opt/ros/humble/share/ament_cmake/cmake)
[0.142s] -- Found rclcpp: 16.0.17 (/opt/ros/humble/share/rclcpp/cmake)
[0.187s] -- Found rosidl_generator_c: 3.1.8 (/opt/ros/humble/share/rosidl_generator_c/cmake)
[0.189s] -- Found rosidl_adapter: 3.1.8 (/opt/ros/humble/share/rosidl_adapter/cmake)
[0.198s] -- Found rosidl_generator_cpp: 3.1.8 (/opt/ros/humble/share/rosidl_generator_cpp/cmake)
[0.209s] -- Using all available rosidl_typesupport_c: rosidl_typesupport_fastrtps_c;rosidl_typesupport_introspection_c
[0.220s] -- Using all available rosidl_typesupport_cpp: rosidl_typesupport_fastrtps_cpp;rosidl_typesupport_introspection_cpp
[0.266s] -- Found rmw_implementation_cmake: 6.1.2 (/opt/ros/humble/share/rmw_implementation_cmake/cmake)
[0.268s] -- Found rmw_fastrtps_cpp: 6.2.9 (/opt/ros/humble/share/rmw_fastrtps_cpp/cmake)
[0.341s] -- Using RMW implementation 'rmw_fastrtps_cpp' as default
[0.392s] -- Found tf2: 0.25.18 (/opt/ros/humble/share/tf2/cmake)
[0.406s] -- Found tf2_ros: 0.25.18 (/opt/ros/humble/share/tf2_ros/cmake)
[0.479s] -- Found tf2_geometry_msgs: 0.25.18 (/opt/ros/humble/share/tf2_geometry_msgs/cmake)
[0.482s] -- Found eigen3_cmake_module: 0.1.1 (/opt/ros/humble/share/eigen3_cmake_module/cmake)
[0.483s] -- Ensuring Eigen3 include directory is part of orocos-kdl CMake target
[0.486s] -- Found ament_lint_auto: 0.12.14 (/opt/ros/humble/share/ament_lint_auto/cmake)
[0.544s] -- Added test 'cppcheck' to perform static code analysis on C / C++ code
[0.545s] -- Configured cppcheck include dirs: 
[0.545s] -- Configured cppcheck exclude dirs and/or files: 
[0.545s] -- Added test 'lint_cmake' to check CMake code style
[0.546s] -- Added test 'uncrustify' to check C / C++ code style
[0.546s] -- Configured uncrustify additional arguments: 
[0.546s] -- Added test 'xmllint' to check XML markup files
[0.547s] -- Configuring done
[0.560s] -- Generating done
[0.566s] -- Build files have been written to: /home/lxf/Desktop/ROS/18.demo_cpp_tf/build/demo_cpp_tf
[0.598s] [35m[1mConsolidate compiler generated dependencies of target static_tf_broadcaster[0m
[0.600s] [35m[1mConsolidate compiler generated dependencies of target dynamic_tf_broadcaster[0m
[0.609s] [ 16%] [32mBuilding CXX object CMakeFiles/tf_listener.dir/src/tf_listener.cpp.o[0m
[0.614s] [ 50%] Built target static_tf_broadcaster
[0.616s] [ 83%] Built target dynamic_tf_broadcaster
[5.916s] [100%] [32m[1mLinking CXX executable tf_listener[0m
[6.201s] [100%] Built target tf_listener
[6.210s] Invoked command in '/home/lxf/Desktop/ROS/18.demo_cpp_tf/build/demo_cpp_tf' returned '0': CMAKE_PREFIX_PATH=/opt/ros/humble /usr/bin/cmake --build /home/lxf/Desktop/ROS/18.demo_cpp_tf/build/demo_cpp_tf -- -j16 -l16
[6.222s] Invoking command in '/home/lxf/Desktop/ROS/18.demo_cpp_tf/build/demo_cpp_tf': CMAKE_PREFIX_PATH=/opt/ros/humble /usr/bin/cmake --install /home/lxf/Desktop/ROS/18.demo_cpp_tf/build/demo_cpp_tf
[6.233s] -- Install configuration: ""
[6.233s] -- Up-to-date: /home/lxf/Desktop/ROS/18.demo_cpp_tf/install/demo_cpp_tf/lib/demo_cpp_tf/static_tf_broadcaster
[6.233s] -- Up-to-date: /home/lxf/Desktop/ROS/18.demo_cpp_tf/install/demo_cpp_tf/lib/demo_cpp_tf/dynamic_tf_broadcaster
[6.233s] -- Installing: /home/lxf/Desktop/ROS/18.demo_cpp_tf/install/demo_cpp_tf/lib/demo_cpp_tf/tf_listener
[6.241s] -- Set runtime path of "/home/lxf/Desktop/ROS/18.demo_cpp_tf/install/demo_cpp_tf/lib/demo_cpp_tf/tf_listener" to ""
[6.241s] -- Up-to-date: /home/lxf/Desktop/ROS/18.demo_cpp_tf/install/demo_cpp_tf/share/ament_index/resource_index/package_run_dependencies/demo_cpp_tf
[6.242s] -- Up-to-date: /home/lxf/Desktop/ROS/18.demo_cpp_tf/install/demo_cpp_tf/share/ament_index/resource_index/parent_prefix_path/demo_cpp_tf
[6.242s] -- Up-to-date: /home/lxf/Desktop/ROS/18.demo_cpp_tf/install/demo_cpp_tf/share/demo_cpp_tf/environment/ament_prefix_path.sh
[6.242s] -- Installing: /home/lxf/Desktop/ROS/18.demo_cpp_tf/install/demo_cpp_tf/share/demo_cpp_tf/environment/ament_prefix_path.dsv
[6.242s] -- Up-to-date: /home/lxf/Desktop/ROS/18.demo_cpp_tf/install/demo_cpp_tf/share/demo_cpp_tf/environment/path.sh
[6.243s] -- Installing: /home/lxf/Desktop/ROS/18.demo_cpp_tf/install/demo_cpp_tf/share/demo_cpp_tf/environment/path.dsv
[6.243s] -- Up-to-date: /home/lxf/Desktop/ROS/18.demo_cpp_tf/install/demo_cpp_tf/share/demo_cpp_tf/local_setup.bash
[6.243s] -- Up-to-date: /home/lxf/Desktop/ROS/18.demo_cpp_tf/install/demo_cpp_tf/share/demo_cpp_tf/local_setup.sh
[6.243s] -- Up-to-date: /home/lxf/Desktop/ROS/18.demo_cpp_tf/install/demo_cpp_tf/share/demo_cpp_tf/local_setup.zsh
[6.243s] -- Installing: /home/lxf/Desktop/ROS/18.demo_cpp_tf/install/demo_cpp_tf/share/demo_cpp_tf/local_setup.dsv
[6.243s] -- Installing: /home/lxf/Desktop/ROS/18.demo_cpp_tf/install/demo_cpp_tf/share/demo_cpp_tf/package.dsv
[6.244s] -- Up-to-date: /home/lxf/Desktop/ROS/18.demo_cpp_tf/install/demo_cpp_tf/share/ament_index/resource_index/packages/demo_cpp_tf
[6.244s] -- Up-to-date: /home/lxf/Desktop/ROS/18.demo_cpp_tf/install/demo_cpp_tf/share/demo_cpp_tf/cmake/demo_cpp_tfConfig.cmake
[6.244s] -- Up-to-date: /home/lxf/Desktop/ROS/18.demo_cpp_tf/install/demo_cpp_tf/share/demo_cpp_tf/cmake/demo_cpp_tfConfig-version.cmake
[6.244s] -- Up-to-date: /home/lxf/Desktop/ROS/18.demo_cpp_tf/install/demo_cpp_tf/share/demo_cpp_tf/package.xml
[6.246s] Invoked command in '/home/lxf/Desktop/ROS/18.demo_cpp_tf/build/demo_cpp_tf' returned '0': CMAKE_PREFIX_PATH=/opt/ros/humble /usr/bin/cmake --install /home/lxf/Desktop/ROS/18.demo_cpp_tf/build/demo_cpp_tf
