[0.696s] Invoking command in '/home/lxf/ROS/10.topic_practice/src/status_publisher': AMENT_PREFIX_PATH=/home/lxf/ROS/10.topic_practice/install/status_interfaces:${AMENT_PREFIX_PATH} CMAKE_PREFIX_PATH=/home/lxf/ROS/10.topic_practice/install/status_interfaces LD_LIBRARY_PATH=/home/lxf/ROS/10.topic_practice/install/status_interfaces/lib:${LD_LIBRARY_PATH} PYTHONPATH=/home/lxf/ROS/10.topic_practice/build/status_publisher/prefix_override:/usr/lib/python3/dist-packages/colcon_core/task/python/colcon_distutils_commands:/home/lxf/ROS/10.topic_practice/install/status_publisher/lib/python3.10/site-packages:/home/lxf/ROS/10.topic_practice/install/status_interfaces/local/lib/python3.10/dist-packages:${PYTHONPATH} /usr/bin/python3 -W ignore:setup.py install is deprecated -W ignore:easy_install command is deprecated setup.py egg_info --egg-base ../../build/status_publisher build --build-base /home/lxf/ROS/10.topic_practice/build/status_publisher/build install --record /home/lxf/ROS/10.topic_practice/build/status_publisher/install.log --single-version-externally-managed install_data
[0.838s] running egg_info
[0.839s] writing ../../build/status_publisher/status_publisher.egg-info/PKG-INFO
[0.839s] writing dependency_links to ../../build/status_publisher/status_publisher.egg-info/dependency_links.txt
[0.839s] writing entry points to ../../build/status_publisher/status_publisher.egg-info/entry_points.txt
[0.839s] writing requirements to ../../build/status_publisher/status_publisher.egg-info/requires.txt
[0.839s] writing top-level names to ../../build/status_publisher/status_publisher.egg-info/top_level.txt
[0.840s] reading manifest file '../../build/status_publisher/status_publisher.egg-info/SOURCES.txt'
[0.841s] adding license file 'LICENSE'
[0.842s] writing manifest file '../../build/status_publisher/status_publisher.egg-info/SOURCES.txt'
[0.842s] running build
[0.842s] running build_py
[0.842s] copying status_publisher/sys_status_pub.py -> /home/lxf/ROS/10.topic_practice/build/status_publisher/build/lib/status_publisher
[0.846s] running install
[0.846s] running install_lib
[0.846s] copying /home/lxf/ROS/10.topic_practice/build/status_publisher/build/lib/status_publisher/sys_status_pub.py -> /home/lxf/ROS/10.topic_practice/install/status_publisher/lib/python3.10/site-packages/status_publisher
[0.847s] byte-compiling /home/lxf/ROS/10.topic_practice/install/status_publisher/lib/python3.10/site-packages/status_publisher/sys_status_pub.py to sys_status_pub.cpython-310.pyc
[0.847s] running install_data
[0.847s] running install_egg_info
[0.848s] removing '/home/lxf/ROS/10.topic_practice/install/status_publisher/lib/python3.10/site-packages/status_publisher-0.0.0-py3.10.egg-info' (and everything under it)
[0.850s] Copying ../../build/status_publisher/status_publisher.egg-info to /home/lxf/ROS/10.topic_practice/install/status_publisher/lib/python3.10/site-packages/status_publisher-0.0.0-py3.10.egg-info
[0.850s] running install_scripts
[0.864s] Installing sys_status_pub script to /home/lxf/ROS/10.topic_practice/install/status_publisher/lib/status_publisher
[0.864s] writing list of installed files to '/home/lxf/ROS/10.topic_practice/build/status_publisher/install.log'
[0.881s] Invoked command in '/home/lxf/ROS/10.topic_practice/src/status_publisher' returned '0': AMENT_PREFIX_PATH=/home/lxf/ROS/10.topic_practice/install/status_interfaces:${AMENT_PREFIX_PATH} CMAKE_PREFIX_PATH=/home/lxf/ROS/10.topic_practice/install/status_interfaces LD_LIBRARY_PATH=/home/lxf/ROS/10.topic_practice/install/status_interfaces/lib:${LD_LIBRARY_PATH} PYTHONPATH=/home/lxf/ROS/10.topic_practice/build/status_publisher/prefix_override:/usr/lib/python3/dist-packages/colcon_core/task/python/colcon_distutils_commands:/home/lxf/ROS/10.topic_practice/install/status_publisher/lib/python3.10/site-packages:/home/lxf/ROS/10.topic_practice/install/status_interfaces/local/lib/python3.10/dist-packages:${PYTHONPATH} /usr/bin/python3 -W ignore:setup.py install is deprecated -W ignore:easy_install command is deprecated setup.py egg_info --egg-base ../../build/status_publisher build --build-base /home/lxf/ROS/10.topic_practice/build/status_publisher/build install --record /home/lxf/ROS/10.topic_practice/build/status_publisher/install.log --single-version-externally-managed install_data
