[ 25%] Built target turtle_param_client
[ 50%] Built target turtle_circle
[ 75%] Built target turtle_control_v2
[100%] Built target turtle_control
-- Install configuration: ""
-- Up-to-date: /home/lxf/Desktop/ROS/16.Launch_parameter/install/cpp_pose_topic/lib/cpp_pose_topic/turtle_circle
-- Up-to-date: /home/lxf/Desktop/ROS/16.Launch_parameter/install/cpp_pose_topic/lib/cpp_pose_topic/turtle_control
-- Up-to-date: /home/lxf/Desktop/ROS/16.Launch_parameter/install/cpp_pose_topic/lib/cpp_pose_topic/turtle_control_v2
-- Up-to-date: /home/lxf/Desktop/ROS/16.Launch_parameter/install/cpp_pose_topic/lib/cpp_pose_topic/turtle_param_client
-- Up-to-date: /home/lxf/Desktop/ROS/16.Launch_parameter/install/cpp_pose_topic/share/cpp_pose_topic/launch
-- Installing: /home/lxf/Desktop/ROS/16.Launch_parameter/install/cpp_pose_topic/share/cpp_pose_topic/launch/condition.launch.py
-- Up-to-date: /home/lxf/Desktop/ROS/16.Launch_parameter/install/cpp_pose_topic/share/cpp_pose_topic/launch/demo.launch.py
-- Installing: /home/lxf/Desktop/ROS/16.Launch_parameter/install/cpp_pose_topic/share/cpp_pose_topic/launch/action.launch.py
-- Up-to-date: /home/lxf/Desktop/ROS/16.Launch_parameter/install/cpp_pose_topic/share/ament_index/resource_index/package_run_dependencies/cpp_pose_topic
-- Up-to-date: /home/lxf/Desktop/ROS/16.Launch_parameter/install/cpp_pose_topic/share/ament_index/resource_index/parent_prefix_path/cpp_pose_topic
-- Up-to-date: /home/lxf/Desktop/ROS/16.Launch_parameter/install/cpp_pose_topic/share/cpp_pose_topic/environment/ament_prefix_path.sh
-- Up-to-date: /home/lxf/Desktop/ROS/16.Launch_parameter/install/cpp_pose_topic/share/cpp_pose_topic/environment/ament_prefix_path.dsv
-- Up-to-date: /home/lxf/Desktop/ROS/16.Launch_parameter/install/cpp_pose_topic/share/cpp_pose_topic/environment/path.sh
-- Up-to-date: /home/lxf/Desktop/ROS/16.Launch_parameter/install/cpp_pose_topic/share/cpp_pose_topic/environment/path.dsv
-- Up-to-date: /home/lxf/Desktop/ROS/16.Launch_parameter/install/cpp_pose_topic/share/cpp_pose_topic/local_setup.bash
-- Up-to-date: /home/lxf/Desktop/ROS/16.Launch_parameter/install/cpp_pose_topic/share/cpp_pose_topic/local_setup.sh
-- Up-to-date: /home/lxf/Desktop/ROS/16.Launch_parameter/install/cpp_pose_topic/share/cpp_pose_topic/local_setup.zsh
-- Up-to-date: /home/lxf/Desktop/ROS/16.Launch_parameter/install/cpp_pose_topic/share/cpp_pose_topic/local_setup.dsv
-- Installing: /home/lxf/Desktop/ROS/16.Launch_parameter/install/cpp_pose_topic/share/cpp_pose_topic/package.dsv
-- Up-to-date: /home/lxf/Desktop/ROS/16.Launch_parameter/install/cpp_pose_topic/share/ament_index/resource_index/packages/cpp_pose_topic
-- Up-to-date: /home/lxf/Desktop/ROS/16.Launch_parameter/install/cpp_pose_topic/share/cpp_pose_topic/cmake/cpp_pose_topicConfig.cmake
-- Up-to-date: /home/lxf/Desktop/ROS/16.Launch_parameter/install/cpp_pose_topic/share/cpp_pose_topic/cmake/cpp_pose_topicConfig-version.cmake
-- Up-to-date: /home/lxf/Desktop/ROS/16.Launch_parameter/install/cpp_pose_topic/share/cpp_pose_topic/package.xml
