[0.064s] DEBUG:colcon:Command line arguments: ['/usr/bin/colcon', 'build']
[0.064s] DEBUG:colcon:Parsed command line arguments: Namespace(log_base=None, log_level=None, verb_name='build', build_base='build', install_base='install', merge_install=False, symlink_install=False, test_result_base=None, continue_on_error=False, executor='parallel', parallel_workers=16, event_handlers=None, ignore_user_meta=False, metas=['./colcon.meta'], base_paths=['.'], packages_ignore=None, packages_ignore_regex=None, paths=None, packages_up_to=None, packages_up_to_regex=None, packages_above=None, packages_above_and_dependencies=None, packages_above_depth=None, packages_select_by_dep=None, packages_skip_by_dep=None, packages_skip_up_to=None, packages_select_build_failed=False, packages_skip_build_finished=False, packages_select_test_failures=False, packages_skip_test_passed=False, packages_select=None, packages_skip=None, packages_select_regex=None, packages_skip_regex=None, packages_start=None, packages_end=None, allow_overriding=[], cmake_args=None, cmake_target=None, cmake_target_skip_unavailable=False, cmake_clean_cache=False, cmake_clean_first=False, cmake_force_configure=False, ament_cmake_args=None, catkin_cmake_args=None, catkin_skip_building_tests=False, verb_parser=<colcon_defaults.argument_parser.defaults.DefaultArgumentsDecorator object at 0x72d372b600a0>, verb_extension=<colcon_core.verb.build.BuildVerb object at 0x72d372c5db70>, main=<bound method BuildVerb.main of <colcon_core.verb.build.BuildVerb object at 0x72d372c5db70>>)
[0.159s] Level 1:colcon.colcon_core.package_discovery:discover_packages(colcon_meta) check parameters
[0.159s] Level 1:colcon.colcon_core.package_discovery:discover_packages(recursive) check parameters
[0.159s] Level 1:colcon.colcon_core.package_discovery:discover_packages(ignore) check parameters
[0.159s] Level 1:colcon.colcon_core.package_discovery:discover_packages(path) check parameters
[0.159s] Level 1:colcon.colcon_core.package_discovery:discover_packages(colcon_meta) discover
[0.159s] Level 1:colcon.colcon_core.package_discovery:discover_packages(recursive) discover
[0.159s] INFO:colcon.colcon_core.package_discovery:Crawling recursively for packages in '/home/lxf/ROS/11.Face_Recognition'
[0.159s] Level 1:colcon.colcon_core.package_identification:_identify(.) by extensions ['ignore', 'ignore_ament_install']
[0.159s] Level 1:colcon.colcon_core.package_identification:_identify(.) by extension 'ignore'
[0.159s] Level 1:colcon.colcon_core.package_identification:_identify(.) by extension 'ignore_ament_install'
[0.159s] Level 1:colcon.colcon_core.package_identification:_identify(.) by extensions ['colcon_pkg']
[0.159s] Level 1:colcon.colcon_core.package_identification:_identify(.) by extension 'colcon_pkg'
[0.159s] Level 1:colcon.colcon_core.package_identification:_identify(.) by extensions ['colcon_meta']
[0.159s] Level 1:colcon.colcon_core.package_identification:_identify(.) by extension 'colcon_meta'
[0.159s] Level 1:colcon.colcon_core.package_identification:_identify(.) by extensions ['ros']
[0.159s] Level 1:colcon.colcon_core.package_identification:_identify(.) by extension 'ros'
[0.175s] Level 1:colcon.colcon_core.package_identification:_identify(.) by extensions ['cmake', 'python']
[0.175s] Level 1:colcon.colcon_core.package_identification:_identify(.) by extension 'cmake'
[0.175s] Level 1:colcon.colcon_core.package_identification:_identify(.) by extension 'python'
[0.175s] Level 1:colcon.colcon_core.package_identification:_identify(.) by extensions ['python_setup_py']
[0.175s] Level 1:colcon.colcon_core.package_identification:_identify(.) by extension 'python_setup_py'
[0.175s] Level 1:colcon.colcon_core.package_identification:_identify(build) by extensions ['ignore', 'ignore_ament_install']
[0.176s] Level 1:colcon.colcon_core.package_identification:_identify(build) by extension 'ignore'
[0.176s] Level 1:colcon.colcon_core.package_identification:_identify(build) ignored
[0.176s] Level 1:colcon.colcon_core.package_identification:_identify(install) by extensions ['ignore', 'ignore_ament_install']
[0.176s] Level 1:colcon.colcon_core.package_identification:_identify(install) by extension 'ignore'
[0.176s] Level 1:colcon.colcon_core.package_identification:_identify(install) ignored
[0.176s] Level 1:colcon.colcon_core.package_identification:_identify(log) by extensions ['ignore', 'ignore_ament_install']
[0.176s] Level 1:colcon.colcon_core.package_identification:_identify(log) by extension 'ignore'
[0.176s] Level 1:colcon.colcon_core.package_identification:_identify(log) ignored
[0.176s] Level 1:colcon.colcon_core.package_identification:_identify(src) by extensions ['ignore', 'ignore_ament_install']
[0.176s] Level 1:colcon.colcon_core.package_identification:_identify(src) by extension 'ignore'
[0.176s] Level 1:colcon.colcon_core.package_identification:_identify(src) by extension 'ignore_ament_install'
[0.176s] Level 1:colcon.colcon_core.package_identification:_identify(src) by extensions ['colcon_pkg']
[0.176s] Level 1:colcon.colcon_core.package_identification:_identify(src) by extension 'colcon_pkg'
[0.176s] Level 1:colcon.colcon_core.package_identification:_identify(src) by extensions ['colcon_meta']
[0.176s] Level 1:colcon.colcon_core.package_identification:_identify(src) by extension 'colcon_meta'
[0.176s] Level 1:colcon.colcon_core.package_identification:_identify(src) by extensions ['ros']
[0.176s] Level 1:colcon.colcon_core.package_identification:_identify(src) by extension 'ros'
[0.176s] Level 1:colcon.colcon_core.package_identification:_identify(src) by extensions ['cmake', 'python']
[0.176s] Level 1:colcon.colcon_core.package_identification:_identify(src) by extension 'cmake'
[0.176s] Level 1:colcon.colcon_core.package_identification:_identify(src) by extension 'python'
[0.176s] Level 1:colcon.colcon_core.package_identification:_identify(src) by extensions ['python_setup_py']
[0.176s] Level 1:colcon.colcon_core.package_identification:_identify(src) by extension 'python_setup_py'
[0.176s] Level 1:colcon.colcon_core.package_identification:_identify(src/face_interfaces) by extensions ['ignore', 'ignore_ament_install']
[0.176s] Level 1:colcon.colcon_core.package_identification:_identify(src/face_interfaces) by extension 'ignore'
[0.176s] Level 1:colcon.colcon_core.package_identification:_identify(src/face_interfaces) by extension 'ignore_ament_install'
[0.176s] Level 1:colcon.colcon_core.package_identification:_identify(src/face_interfaces) by extensions ['colcon_pkg']
[0.176s] Level 1:colcon.colcon_core.package_identification:_identify(src/face_interfaces) by extension 'colcon_pkg'
[0.176s] Level 1:colcon.colcon_core.package_identification:_identify(src/face_interfaces) by extensions ['colcon_meta']
[0.176s] Level 1:colcon.colcon_core.package_identification:_identify(src/face_interfaces) by extension 'colcon_meta'
[0.176s] Level 1:colcon.colcon_core.package_identification:_identify(src/face_interfaces) by extensions ['ros']
[0.176s] Level 1:colcon.colcon_core.package_identification:_identify(src/face_interfaces) by extension 'ros'
[0.183s] DEBUG:colcon.colcon_core.package_identification:Package 'src/face_interfaces' with type 'ros.ament_cmake' and name 'face_interfaces'
[0.184s] Level 1:colcon.colcon_core.package_discovery:discover_packages(recursive) using defaults
[0.184s] Level 1:colcon.colcon_core.package_discovery:discover_packages(ignore) discover
[0.184s] Level 1:colcon.colcon_core.package_discovery:discover_packages(ignore) using defaults
[0.184s] Level 1:colcon.colcon_core.package_discovery:discover_packages(path) discover
[0.184s] Level 1:colcon.colcon_core.package_discovery:discover_packages(path) using defaults
[0.195s] Level 1:colcon.colcon_core.package_discovery:discover_packages(prefix_path) check parameters
[0.195s] Level 1:colcon.colcon_core.package_discovery:discover_packages(prefix_path) discover
[0.197s] DEBUG:colcon.colcon_installed_package_information.package_discovery:Found 271 installed packages in /opt/ros/humble
[0.197s] Level 1:colcon.colcon_core.package_discovery:discover_packages(prefix_path) using defaults
[0.218s] Level 5:colcon.colcon_core.verb:set package 'face_interfaces' build argument 'cmake_args' from command line to 'None'
[0.218s] Level 5:colcon.colcon_core.verb:set package 'face_interfaces' build argument 'cmake_target' from command line to 'None'
[0.218s] Level 5:colcon.colcon_core.verb:set package 'face_interfaces' build argument 'cmake_target_skip_unavailable' from command line to 'False'
[0.218s] Level 5:colcon.colcon_core.verb:set package 'face_interfaces' build argument 'cmake_clean_cache' from command line to 'False'
[0.218s] Level 5:colcon.colcon_core.verb:set package 'face_interfaces' build argument 'cmake_clean_first' from command line to 'False'
[0.218s] Level 5:colcon.colcon_core.verb:set package 'face_interfaces' build argument 'cmake_force_configure' from command line to 'False'
[0.218s] Level 5:colcon.colcon_core.verb:set package 'face_interfaces' build argument 'ament_cmake_args' from command line to 'None'
[0.218s] Level 5:colcon.colcon_core.verb:set package 'face_interfaces' build argument 'catkin_cmake_args' from command line to 'None'
[0.219s] Level 5:colcon.colcon_core.verb:set package 'face_interfaces' build argument 'catkin_skip_building_tests' from command line to 'False'
[0.219s] DEBUG:colcon.colcon_core.verb:Building package 'face_interfaces' with the following arguments: {'ament_cmake_args': None, 'build_base': '/home/lxf/ROS/11.Face_Recognition/build/face_interfaces', 'catkin_cmake_args': None, 'catkin_skip_building_tests': False, 'cmake_args': None, 'cmake_clean_cache': False, 'cmake_clean_first': False, 'cmake_force_configure': False, 'cmake_target': None, 'cmake_target_skip_unavailable': False, 'install_base': '/home/lxf/ROS/11.Face_Recognition/install/face_interfaces', 'merge_install': False, 'path': '/home/lxf/ROS/11.Face_Recognition/src/face_interfaces', 'symlink_install': False, 'test_result_base': None}
[0.219s] INFO:colcon.colcon_core.executor:Executing jobs using 'parallel' executor
[0.219s] DEBUG:colcon.colcon_parallel_executor.executor.parallel:run_until_complete
[0.220s] INFO:colcon.colcon_ros.task.ament_cmake.build:Building ROS package in '/home/lxf/ROS/11.Face_Recognition/src/face_interfaces' with build type 'ament_cmake'
[0.220s] INFO:colcon.colcon_cmake.task.cmake.build:Building CMake package in '/home/lxf/ROS/11.Face_Recognition/src/face_interfaces'
[0.222s] INFO:colcon.colcon_core.plugin_system:Skipping extension 'colcon_core.shell.bat': Not used on non-Windows systems
[0.222s] INFO:colcon.colcon_core.shell:Skip shell extension 'powershell' for command environment: Not usable outside of PowerShell
[0.222s] DEBUG:colcon.colcon_core.shell:Skip shell extension 'dsv' for command environment
[0.228s] DEBUG:colcon.colcon_core.event_handler.log_command:Invoking command in '/home/lxf/ROS/11.Face_Recognition/build/face_interfaces': CMAKE_PREFIX_PATH=/opt/ros/humble /usr/bin/cmake /home/lxf/ROS/11.Face_Recognition/src/face_interfaces -DCMAKE_INSTALL_PREFIX=/home/lxf/ROS/11.Face_Recognition/install/face_interfaces
[1.806s] DEBUG:colcon.colcon_core.event_handler.log_command:Invoked command in '/home/lxf/ROS/11.Face_Recognition/build/face_interfaces' returned '0': CMAKE_PREFIX_PATH=/opt/ros/humble /usr/bin/cmake /home/lxf/ROS/11.Face_Recognition/src/face_interfaces -DCMAKE_INSTALL_PREFIX=/home/lxf/ROS/11.Face_Recognition/install/face_interfaces
[1.808s] DEBUG:colcon.colcon_core.event_handler.log_command:Invoking command in '/home/lxf/ROS/11.Face_Recognition/build/face_interfaces': CMAKE_PREFIX_PATH=/opt/ros/humble /usr/bin/cmake --build /home/lxf/ROS/11.Face_Recognition/build/face_interfaces -- -j16 -l16
[4.536s] DEBUG:colcon.colcon_core.event_handler.log_command:Invoked command in '/home/lxf/ROS/11.Face_Recognition/build/face_interfaces' returned '0': CMAKE_PREFIX_PATH=/opt/ros/humble /usr/bin/cmake --build /home/lxf/ROS/11.Face_Recognition/build/face_interfaces -- -j16 -l16
[4.540s] DEBUG:colcon.colcon_core.event_handler.log_command:Invoking command in '/home/lxf/ROS/11.Face_Recognition/build/face_interfaces': CMAKE_PREFIX_PATH=/opt/ros/humble /usr/bin/cmake --install /home/lxf/ROS/11.Face_Recognition/build/face_interfaces
[4.578s] Level 1:colcon.colcon_core.environment:create_environment_scripts_only(face_interfaces)
[4.579s] DEBUG:colcon.colcon_core.event_handler.log_command:Invoked command in '/home/lxf/ROS/11.Face_Recognition/build/face_interfaces' returned '0': CMAKE_PREFIX_PATH=/opt/ros/humble /usr/bin/cmake --install /home/lxf/ROS/11.Face_Recognition/build/face_interfaces
[4.580s] Level 1:colcon.colcon_core.environment:checking '/home/lxf/ROS/11.Face_Recognition/install/face_interfaces' for CMake module files
[4.580s] Level 1:colcon.colcon_core.environment:checking '/home/lxf/ROS/11.Face_Recognition/install/face_interfaces' for CMake config files
[4.581s] Level 1:colcon.colcon_core.shell:create_environment_hook('face_interfaces', 'cmake_prefix_path')
[4.581s] INFO:colcon.colcon_core.shell:Creating environment hook '/home/lxf/ROS/11.Face_Recognition/install/face_interfaces/share/face_interfaces/hook/cmake_prefix_path.ps1'
[4.582s] INFO:colcon.colcon_core.shell:Creating environment descriptor '/home/lxf/ROS/11.Face_Recognition/install/face_interfaces/share/face_interfaces/hook/cmake_prefix_path.dsv'
[4.582s] INFO:colcon.colcon_core.shell:Creating environment hook '/home/lxf/ROS/11.Face_Recognition/install/face_interfaces/share/face_interfaces/hook/cmake_prefix_path.sh'
[4.583s] Level 1:colcon.colcon_core.environment:checking '/home/lxf/ROS/11.Face_Recognition/install/face_interfaces/lib'
[4.583s] Level 1:colcon.colcon_core.shell:create_environment_hook('face_interfaces', 'ld_library_path_lib')
[4.583s] INFO:colcon.colcon_core.shell:Creating environment hook '/home/lxf/ROS/11.Face_Recognition/install/face_interfaces/share/face_interfaces/hook/ld_library_path_lib.ps1'
[4.584s] INFO:colcon.colcon_core.shell:Creating environment descriptor '/home/lxf/ROS/11.Face_Recognition/install/face_interfaces/share/face_interfaces/hook/ld_library_path_lib.dsv'
[4.584s] INFO:colcon.colcon_core.shell:Creating environment hook '/home/lxf/ROS/11.Face_Recognition/install/face_interfaces/share/face_interfaces/hook/ld_library_path_lib.sh'
[4.584s] Level 1:colcon.colcon_core.environment:checking '/home/lxf/ROS/11.Face_Recognition/install/face_interfaces/bin'
[4.584s] Level 1:colcon.colcon_core.environment:checking '/home/lxf/ROS/11.Face_Recognition/install/face_interfaces/lib/pkgconfig/face_interfaces.pc'
[4.584s] Level 1:colcon.colcon_core.environment:checking '/home/lxf/ROS/11.Face_Recognition/install/face_interfaces/lib/python3.10/site-packages'
[4.584s] Level 1:colcon.colcon_core.environment:checking '/home/lxf/ROS/11.Face_Recognition/install/face_interfaces/bin'
[4.585s] INFO:colcon.colcon_core.shell:Creating package script '/home/lxf/ROS/11.Face_Recognition/install/face_interfaces/share/face_interfaces/package.ps1'
[4.585s] INFO:colcon.colcon_core.shell:Creating package descriptor '/home/lxf/ROS/11.Face_Recognition/install/face_interfaces/share/face_interfaces/package.dsv'
[4.585s] INFO:colcon.colcon_core.shell:Creating package script '/home/lxf/ROS/11.Face_Recognition/install/face_interfaces/share/face_interfaces/package.sh'
[4.586s] INFO:colcon.colcon_core.shell:Creating package script '/home/lxf/ROS/11.Face_Recognition/install/face_interfaces/share/face_interfaces/package.bash'
[4.586s] INFO:colcon.colcon_core.shell:Creating package script '/home/lxf/ROS/11.Face_Recognition/install/face_interfaces/share/face_interfaces/package.zsh'
[4.586s] Level 1:colcon.colcon_core.environment:create_file_with_runtime_dependencies(/home/lxf/ROS/11.Face_Recognition/install/face_interfaces/share/colcon-core/packages/face_interfaces)
[4.587s] Level 1:colcon.colcon_core.environment:create_environment_scripts_only(face_interfaces)
[4.587s] Level 1:colcon.colcon_core.environment:checking '/home/lxf/ROS/11.Face_Recognition/install/face_interfaces' for CMake module files
[4.587s] Level 1:colcon.colcon_core.environment:checking '/home/lxf/ROS/11.Face_Recognition/install/face_interfaces' for CMake config files
[4.588s] Level 1:colcon.colcon_core.shell:create_environment_hook('face_interfaces', 'cmake_prefix_path')
[4.588s] INFO:colcon.colcon_core.shell:Creating environment hook '/home/lxf/ROS/11.Face_Recognition/install/face_interfaces/share/face_interfaces/hook/cmake_prefix_path.ps1'
[4.588s] INFO:colcon.colcon_core.shell:Creating environment descriptor '/home/lxf/ROS/11.Face_Recognition/install/face_interfaces/share/face_interfaces/hook/cmake_prefix_path.dsv'
[4.588s] INFO:colcon.colcon_core.shell:Creating environment hook '/home/lxf/ROS/11.Face_Recognition/install/face_interfaces/share/face_interfaces/hook/cmake_prefix_path.sh'
[4.588s] Level 1:colcon.colcon_core.environment:checking '/home/lxf/ROS/11.Face_Recognition/install/face_interfaces/lib'
[4.588s] Level 1:colcon.colcon_core.shell:create_environment_hook('face_interfaces', 'ld_library_path_lib')
[4.589s] INFO:colcon.colcon_core.shell:Creating environment hook '/home/lxf/ROS/11.Face_Recognition/install/face_interfaces/share/face_interfaces/hook/ld_library_path_lib.ps1'
[4.589s] INFO:colcon.colcon_core.shell:Creating environment descriptor '/home/lxf/ROS/11.Face_Recognition/install/face_interfaces/share/face_interfaces/hook/ld_library_path_lib.dsv'
[4.589s] INFO:colcon.colcon_core.shell:Creating environment hook '/home/lxf/ROS/11.Face_Recognition/install/face_interfaces/share/face_interfaces/hook/ld_library_path_lib.sh'
[4.589s] Level 1:colcon.colcon_core.environment:checking '/home/lxf/ROS/11.Face_Recognition/install/face_interfaces/bin'
[4.589s] Level 1:colcon.colcon_core.environment:checking '/home/lxf/ROS/11.Face_Recognition/install/face_interfaces/lib/pkgconfig/face_interfaces.pc'
[4.589s] Level 1:colcon.colcon_core.environment:checking '/home/lxf/ROS/11.Face_Recognition/install/face_interfaces/lib/python3.10/site-packages'
[4.590s] Level 1:colcon.colcon_core.environment:checking '/home/lxf/ROS/11.Face_Recognition/install/face_interfaces/bin'
[4.590s] INFO:colcon.colcon_core.shell:Creating package script '/home/lxf/ROS/11.Face_Recognition/install/face_interfaces/share/face_interfaces/package.ps1'
[4.590s] INFO:colcon.colcon_core.shell:Creating package descriptor '/home/lxf/ROS/11.Face_Recognition/install/face_interfaces/share/face_interfaces/package.dsv'
[4.590s] INFO:colcon.colcon_core.shell:Creating package script '/home/lxf/ROS/11.Face_Recognition/install/face_interfaces/share/face_interfaces/package.sh'
[4.591s] INFO:colcon.colcon_core.shell:Creating package script '/home/lxf/ROS/11.Face_Recognition/install/face_interfaces/share/face_interfaces/package.bash'
[4.591s] INFO:colcon.colcon_core.shell:Creating package script '/home/lxf/ROS/11.Face_Recognition/install/face_interfaces/share/face_interfaces/package.zsh'
[4.591s] Level 1:colcon.colcon_core.environment:create_file_with_runtime_dependencies(/home/lxf/ROS/11.Face_Recognition/install/face_interfaces/share/colcon-core/packages/face_interfaces)
[4.591s] DEBUG:colcon.colcon_parallel_executor.executor.parallel:closing loop
[4.592s] DEBUG:colcon.colcon_parallel_executor.executor.parallel:loop closed
[4.592s] DEBUG:colcon.colcon_parallel_executor.executor.parallel:run_until_complete finished with '0'
[4.592s] DEBUG:colcon.colcon_core.event_reactor:joining thread
[4.595s] INFO:colcon.colcon_core.plugin_system:Skipping extension 'colcon_notification.desktop_notification.terminal_notifier': Not used on non-Darwin systems
[4.595s] INFO:colcon.colcon_core.plugin_system:Skipping extension 'colcon_notification.desktop_notification.win32': Not used on non-Windows systems
[4.595s] INFO:colcon.colcon_notification.desktop_notification:Sending desktop notification using 'notify2'
[4.604s] DEBUG:colcon.colcon_core.event_reactor:joined thread
[4.604s] INFO:colcon.colcon_core.shell:Creating prefix script '/home/lxf/ROS/11.Face_Recognition/install/local_setup.ps1'
[4.605s] INFO:colcon.colcon_core.shell:Creating prefix util module '/home/lxf/ROS/11.Face_Recognition/install/_local_setup_util_ps1.py'
[4.605s] INFO:colcon.colcon_core.shell:Creating prefix chain script '/home/lxf/ROS/11.Face_Recognition/install/setup.ps1'
[4.606s] INFO:colcon.colcon_core.shell:Creating prefix script '/home/lxf/ROS/11.Face_Recognition/install/local_setup.sh'
[4.606s] INFO:colcon.colcon_core.shell:Creating prefix util module '/home/lxf/ROS/11.Face_Recognition/install/_local_setup_util_sh.py'
[4.607s] INFO:colcon.colcon_core.shell:Creating prefix chain script '/home/lxf/ROS/11.Face_Recognition/install/setup.sh'
[4.607s] INFO:colcon.colcon_core.shell:Creating prefix script '/home/lxf/ROS/11.Face_Recognition/install/local_setup.bash'
[4.608s] INFO:colcon.colcon_core.shell:Creating prefix chain script '/home/lxf/ROS/11.Face_Recognition/install/setup.bash'
[4.608s] INFO:colcon.colcon_core.shell:Creating prefix script '/home/lxf/ROS/11.Face_Recognition/install/local_setup.zsh'
[4.608s] INFO:colcon.colcon_core.shell:Creating prefix chain script '/home/lxf/ROS/11.Face_Recognition/install/setup.zsh'
