[1.144s] Invoking command in '/home/lxf/ROS/11.Face_Recognition/src/demo_python_service': AMENT_PREFIX_PATH=/home/lxf/ROS/11.Face_Recognition/install/face_interfaces:${AMENT_PREFIX_PATH} CMAKE_PREFIX_PATH=/home/lxf/ROS/11.Face_Recognition/install/face_interfaces LD_LIBRARY_PATH=/home/lxf/ROS/11.Face_Recognition/install/face_interfaces/lib:${LD_LIBRARY_PATH} PYTHONPATH=/home/lxf/ROS/11.Face_Recognition/build/demo_python_service/prefix_override:/usr/lib/python3/dist-packages/colcon_core/task/python/colcon_distutils_commands:/home/lxf/ROS/11.Face_Recognition/install/demo_python_service/lib/python3.10/site-packages:/home/lxf/ROS/11.Face_Recognition/install/face_interfaces/local/lib/python3.10/dist-packages:${PYTHONPATH} /usr/bin/python3 -W ignore:setup.py install is deprecated -W ignore:easy_install command is deprecated setup.py egg_info --egg-base ../../build/demo_python_service build --build-base /home/lxf/ROS/11.Face_Recognition/build/demo_python_service/build install --record /home/lxf/ROS/11.Face_Recognition/build/demo_python_service/install.log --single-version-externally-managed install_data
[1.283s] running egg_info
[1.283s] writing ../../build/demo_python_service/demo_python_service.egg-info/PKG-INFO
[1.283s] writing dependency_links to ../../build/demo_python_service/demo_python_service.egg-info/dependency_links.txt
[1.283s] writing entry points to ../../build/demo_python_service/demo_python_service.egg-info/entry_points.txt
[1.283s] writing requirements to ../../build/demo_python_service/demo_python_service.egg-info/requires.txt
[1.283s] writing top-level names to ../../build/demo_python_service/demo_python_service.egg-info/top_level.txt
[1.285s] reading manifest file '../../build/demo_python_service/demo_python_service.egg-info/SOURCES.txt'
[1.287s] adding license file 'LICENSE'
[1.288s] writing manifest file '../../build/demo_python_service/demo_python_service.egg-info/SOURCES.txt'
[1.288s] running build
[1.288s] running build_py
[1.288s] copying demo_python_service/face_detect_client_two_node.py -> /home/lxf/ROS/11.Face_Recognition/build/demo_python_service/build/lib/demo_python_service
[1.288s] copying demo_python_service/face_detect_client_node.py -> /home/lxf/ROS/11.Face_Recognition/build/demo_python_service/build/lib/demo_python_service
[1.291s] running install
[1.291s] running install_lib
[1.292s] copying /home/lxf/ROS/11.Face_Recognition/build/demo_python_service/build/lib/demo_python_service/face_detect_client_two_node.py -> /home/lxf/ROS/11.Face_Recognition/install/demo_python_service/lib/python3.10/site-packages/demo_python_service
[1.292s] copying /home/lxf/ROS/11.Face_Recognition/build/demo_python_service/build/lib/demo_python_service/face_detect_client_node.py -> /home/lxf/ROS/11.Face_Recognition/install/demo_python_service/lib/python3.10/site-packages/demo_python_service
[1.292s] byte-compiling /home/lxf/ROS/11.Face_Recognition/install/demo_python_service/lib/python3.10/site-packages/demo_python_service/face_detect_client_two_node.py to face_detect_client_two_node.cpython-310.pyc
[1.293s] byte-compiling /home/lxf/ROS/11.Face_Recognition/install/demo_python_service/lib/python3.10/site-packages/demo_python_service/face_detect_client_node.py to face_detect_client_node.cpython-310.pyc
[1.293s] running install_data
[1.293s] running install_egg_info
[1.294s] removing '/home/lxf/ROS/11.Face_Recognition/install/demo_python_service/lib/python3.10/site-packages/demo_python_service-0.0.0-py3.10.egg-info' (and everything under it)
[1.294s] Copying ../../build/demo_python_service/demo_python_service.egg-info to /home/lxf/ROS/11.Face_Recognition/install/demo_python_service/lib/python3.10/site-packages/demo_python_service-0.0.0-py3.10.egg-info
[1.321s] running install_scripts
[1.340s] Installing face_detect script to /home/lxf/ROS/11.Face_Recognition/install/demo_python_service/lib/demo_python_service
[1.340s] Installing face_detect_client_node script to /home/lxf/ROS/11.Face_Recognition/install/demo_python_service/lib/demo_python_service
[1.341s] Installing face_detect_client_two_node script to /home/lxf/ROS/11.Face_Recognition/install/demo_python_service/lib/demo_python_service
[1.354s] Installing face_detect_node script to /home/lxf/ROS/11.Face_Recognition/install/demo_python_service/lib/demo_python_service
[1.354s] writing list of installed files to '/home/lxf/ROS/11.Face_Recognition/build/demo_python_service/install.log'
[1.371s] Invoked command in '/home/lxf/ROS/11.Face_Recognition/src/demo_python_service' returned '0': AMENT_PREFIX_PATH=/home/lxf/ROS/11.Face_Recognition/install/face_interfaces:${AMENT_PREFIX_PATH} CMAKE_PREFIX_PATH=/home/lxf/ROS/11.Face_Recognition/install/face_interfaces LD_LIBRARY_PATH=/home/lxf/ROS/11.Face_Recognition/install/face_interfaces/lib:${LD_LIBRARY_PATH} PYTHONPATH=/home/lxf/ROS/11.Face_Recognition/build/demo_python_service/prefix_override:/usr/lib/python3/dist-packages/colcon_core/task/python/colcon_distutils_commands:/home/lxf/ROS/11.Face_Recognition/install/demo_python_service/lib/python3.10/site-packages:/home/lxf/ROS/11.Face_Recognition/install/face_interfaces/local/lib/python3.10/dist-packages:${PYTHONPATH} /usr/bin/python3 -W ignore:setup.py install is deprecated -W ignore:easy_install command is deprecated setup.py egg_info --egg-base ../../build/demo_python_service build --build-base /home/lxf/ROS/11.Face_Recognition/build/demo_python_service/build install --record /home/lxf/ROS/11.Face_Recognition/build/demo_python_service/install.log --single-version-externally-managed install_data
