[0.066s] DEBUG:colcon:Command line arguments: ['/usr/bin/colcon', 'build']
[0.066s] DEBUG:colcon:Parsed command line arguments: Namespace(log_base=None, log_level=None, verb_name='build', build_base='build', install_base='install', merge_install=False, symlink_install=False, test_result_base=None, continue_on_error=False, executor='parallel', parallel_workers=16, event_handlers=None, ignore_user_meta=False, metas=['./colcon.meta'], base_paths=['.'], packages_ignore=None, packages_ignore_regex=None, paths=None, packages_up_to=None, packages_up_to_regex=None, packages_above=None, packages_above_and_dependencies=None, packages_above_depth=None, packages_select_by_dep=None, packages_skip_by_dep=None, packages_skip_up_to=None, packages_select_build_failed=False, packages_skip_build_finished=False, packages_select_test_failures=False, packages_skip_test_passed=False, packages_select=None, packages_skip=None, packages_select_regex=None, packages_skip_regex=None, packages_start=None, packages_end=None, allow_overriding=[], cmake_args=None, cmake_target=None, cmake_target_skip_unavailable=False, cmake_clean_cache=False, cmake_clean_first=False, cmake_force_configure=False, ament_cmake_args=None, catkin_cmake_args=None, catkin_skip_building_tests=False, verb_parser=<colcon_defaults.argument_parser.defaults.DefaultArgumentsDecorator object at 0x7ad1f8058490>, verb_extension=<colcon_core.verb.build.BuildVerb object at 0x7ad1f801bf70>, main=<bound method BuildVerb.main of <colcon_core.verb.build.BuildVerb object at 0x7ad1f801bf70>>)
[0.166s] Level 1:colcon.colcon_core.package_discovery:discover_packages(colcon_meta) check parameters
[0.166s] Level 1:colcon.colcon_core.package_discovery:discover_packages(recursive) check parameters
[0.166s] Level 1:colcon.colcon_core.package_discovery:discover_packages(ignore) check parameters
[0.166s] Level 1:colcon.colcon_core.package_discovery:discover_packages(path) check parameters
[0.166s] Level 1:colcon.colcon_core.package_discovery:discover_packages(colcon_meta) discover
[0.166s] Level 1:colcon.colcon_core.package_discovery:discover_packages(recursive) discover
[0.166s] INFO:colcon.colcon_core.package_discovery:Crawling recursively for packages in '/home/lxf/ROS/10.topic_practice'
[0.166s] Level 1:colcon.colcon_core.package_identification:_identify(.) by extensions ['ignore', 'ignore_ament_install']
[0.166s] Level 1:colcon.colcon_core.package_identification:_identify(.) by extension 'ignore'
[0.167s] Level 1:colcon.colcon_core.package_identification:_identify(.) by extension 'ignore_ament_install'
[0.167s] Level 1:colcon.colcon_core.package_identification:_identify(.) by extensions ['colcon_pkg']
[0.167s] Level 1:colcon.colcon_core.package_identification:_identify(.) by extension 'colcon_pkg'
[0.167s] Level 1:colcon.colcon_core.package_identification:_identify(.) by extensions ['colcon_meta']
[0.167s] Level 1:colcon.colcon_core.package_identification:_identify(.) by extension 'colcon_meta'
[0.167s] Level 1:colcon.colcon_core.package_identification:_identify(.) by extensions ['ros']
[0.167s] Level 1:colcon.colcon_core.package_identification:_identify(.) by extension 'ros'
[0.183s] Level 1:colcon.colcon_core.package_identification:_identify(.) by extensions ['cmake', 'python']
[0.184s] Level 1:colcon.colcon_core.package_identification:_identify(.) by extension 'cmake'
[0.184s] Level 1:colcon.colcon_core.package_identification:_identify(.) by extension 'python'
[0.184s] Level 1:colcon.colcon_core.package_identification:_identify(.) by extensions ['python_setup_py']
[0.184s] Level 1:colcon.colcon_core.package_identification:_identify(.) by extension 'python_setup_py'
[0.184s] Level 1:colcon.colcon_core.package_identification:_identify(build) by extensions ['ignore', 'ignore_ament_install']
[0.184s] Level 1:colcon.colcon_core.package_identification:_identify(build) by extension 'ignore'
[0.184s] Level 1:colcon.colcon_core.package_identification:_identify(build) ignored
[0.184s] Level 1:colcon.colcon_core.package_identification:_identify(install) by extensions ['ignore', 'ignore_ament_install']
[0.184s] Level 1:colcon.colcon_core.package_identification:_identify(install) by extension 'ignore'
[0.184s] Level 1:colcon.colcon_core.package_identification:_identify(install) ignored
[0.184s] Level 1:colcon.colcon_core.package_identification:_identify(log) by extensions ['ignore', 'ignore_ament_install']
[0.184s] Level 1:colcon.colcon_core.package_identification:_identify(log) by extension 'ignore'
[0.184s] Level 1:colcon.colcon_core.package_identification:_identify(log) ignored
[0.184s] Level 1:colcon.colcon_core.package_identification:_identify(src) by extensions ['ignore', 'ignore_ament_install']
[0.184s] Level 1:colcon.colcon_core.package_identification:_identify(src) by extension 'ignore'
[0.184s] Level 1:colcon.colcon_core.package_identification:_identify(src) by extension 'ignore_ament_install'
[0.184s] Level 1:colcon.colcon_core.package_identification:_identify(src) by extensions ['colcon_pkg']
[0.184s] Level 1:colcon.colcon_core.package_identification:_identify(src) by extension 'colcon_pkg'
[0.184s] Level 1:colcon.colcon_core.package_identification:_identify(src) by extensions ['colcon_meta']
[0.184s] Level 1:colcon.colcon_core.package_identification:_identify(src) by extension 'colcon_meta'
[0.184s] Level 1:colcon.colcon_core.package_identification:_identify(src) by extensions ['ros']
[0.184s] Level 1:colcon.colcon_core.package_identification:_identify(src) by extension 'ros'
[0.184s] Level 1:colcon.colcon_core.package_identification:_identify(src) by extensions ['cmake', 'python']
[0.184s] Level 1:colcon.colcon_core.package_identification:_identify(src) by extension 'cmake'
[0.184s] Level 1:colcon.colcon_core.package_identification:_identify(src) by extension 'python'
[0.184s] Level 1:colcon.colcon_core.package_identification:_identify(src) by extensions ['python_setup_py']
[0.184s] Level 1:colcon.colcon_core.package_identification:_identify(src) by extension 'python_setup_py'
[0.184s] Level 1:colcon.colcon_core.package_identification:_identify(src/status_display) by extensions ['ignore', 'ignore_ament_install']
[0.185s] Level 1:colcon.colcon_core.package_identification:_identify(src/status_display) by extension 'ignore'
[0.185s] Level 1:colcon.colcon_core.package_identification:_identify(src/status_display) by extension 'ignore_ament_install'
[0.185s] Level 1:colcon.colcon_core.package_identification:_identify(src/status_display) by extensions ['colcon_pkg']
[0.185s] Level 1:colcon.colcon_core.package_identification:_identify(src/status_display) by extension 'colcon_pkg'
[0.185s] Level 1:colcon.colcon_core.package_identification:_identify(src/status_display) by extensions ['colcon_meta']
[0.185s] Level 1:colcon.colcon_core.package_identification:_identify(src/status_display) by extension 'colcon_meta'
[0.185s] Level 1:colcon.colcon_core.package_identification:_identify(src/status_display) by extensions ['ros']
[0.185s] Level 1:colcon.colcon_core.package_identification:_identify(src/status_display) by extension 'ros'
[0.192s] DEBUG:colcon.colcon_core.package_identification:Package 'src/status_display' with type 'ros.ament_cmake' and name 'status_display'
[0.193s] Level 1:colcon.colcon_core.package_identification:_identify(src/status_interfaces) by extensions ['ignore', 'ignore_ament_install']
[0.193s] Level 1:colcon.colcon_core.package_identification:_identify(src/status_interfaces) by extension 'ignore'
[0.193s] Level 1:colcon.colcon_core.package_identification:_identify(src/status_interfaces) by extension 'ignore_ament_install'
[0.193s] Level 1:colcon.colcon_core.package_identification:_identify(src/status_interfaces) by extensions ['colcon_pkg']
[0.193s] Level 1:colcon.colcon_core.package_identification:_identify(src/status_interfaces) by extension 'colcon_pkg'
[0.193s] Level 1:colcon.colcon_core.package_identification:_identify(src/status_interfaces) by extensions ['colcon_meta']
[0.193s] Level 1:colcon.colcon_core.package_identification:_identify(src/status_interfaces) by extension 'colcon_meta'
[0.193s] Level 1:colcon.colcon_core.package_identification:_identify(src/status_interfaces) by extensions ['ros']
[0.193s] Level 1:colcon.colcon_core.package_identification:_identify(src/status_interfaces) by extension 'ros'
[0.193s] DEBUG:colcon.colcon_core.package_identification:Package 'src/status_interfaces' with type 'ros.ament_cmake' and name 'status_interfaces'
[0.193s] Level 1:colcon.colcon_core.package_identification:_identify(src/status_publisher) by extensions ['ignore', 'ignore_ament_install']
[0.193s] Level 1:colcon.colcon_core.package_identification:_identify(src/status_publisher) by extension 'ignore'
[0.193s] Level 1:colcon.colcon_core.package_identification:_identify(src/status_publisher) by extension 'ignore_ament_install'
[0.193s] Level 1:colcon.colcon_core.package_identification:_identify(src/status_publisher) by extensions ['colcon_pkg']
[0.193s] Level 1:colcon.colcon_core.package_identification:_identify(src/status_publisher) by extension 'colcon_pkg'
[0.193s] Level 1:colcon.colcon_core.package_identification:_identify(src/status_publisher) by extensions ['colcon_meta']
[0.194s] Level 1:colcon.colcon_core.package_identification:_identify(src/status_publisher) by extension 'colcon_meta'
[0.194s] Level 1:colcon.colcon_core.package_identification:_identify(src/status_publisher) by extensions ['ros']
[0.194s] Level 1:colcon.colcon_core.package_identification:_identify(src/status_publisher) by extension 'ros'
[0.194s] DEBUG:colcon.colcon_core.package_identification:Package 'src/status_publisher' with type 'ros.ament_python' and name 'status_publisher'
[0.194s] Level 1:colcon.colcon_core.package_discovery:discover_packages(recursive) using defaults
[0.194s] Level 1:colcon.colcon_core.package_discovery:discover_packages(ignore) discover
[0.194s] Level 1:colcon.colcon_core.package_discovery:discover_packages(ignore) using defaults
[0.194s] Level 1:colcon.colcon_core.package_discovery:discover_packages(path) discover
[0.194s] Level 1:colcon.colcon_core.package_discovery:discover_packages(path) using defaults
[0.206s] Level 1:colcon.colcon_core.package_discovery:discover_packages(prefix_path) check parameters
[0.206s] Level 1:colcon.colcon_core.package_discovery:discover_packages(prefix_path) discover
[0.207s] DEBUG:colcon.colcon_installed_package_information.package_discovery:Found 3 installed packages in /home/lxf/ROS/10.topic_practice/install
[0.208s] DEBUG:colcon.colcon_installed_package_information.package_discovery:Found 271 installed packages in /opt/ros/humble
[0.209s] Level 1:colcon.colcon_core.package_discovery:discover_packages(prefix_path) using defaults
[0.230s] Level 5:colcon.colcon_core.verb:set package 'status_interfaces' build argument 'cmake_args' from command line to 'None'
[0.230s] Level 5:colcon.colcon_core.verb:set package 'status_interfaces' build argument 'cmake_target' from command line to 'None'
[0.230s] Level 5:colcon.colcon_core.verb:set package 'status_interfaces' build argument 'cmake_target_skip_unavailable' from command line to 'False'
[0.230s] Level 5:colcon.colcon_core.verb:set package 'status_interfaces' build argument 'cmake_clean_cache' from command line to 'False'
[0.230s] Level 5:colcon.colcon_core.verb:set package 'status_interfaces' build argument 'cmake_clean_first' from command line to 'False'
[0.230s] Level 5:colcon.colcon_core.verb:set package 'status_interfaces' build argument 'cmake_force_configure' from command line to 'False'
[0.230s] Level 5:colcon.colcon_core.verb:set package 'status_interfaces' build argument 'ament_cmake_args' from command line to 'None'
[0.230s] Level 5:colcon.colcon_core.verb:set package 'status_interfaces' build argument 'catkin_cmake_args' from command line to 'None'
[0.230s] Level 5:colcon.colcon_core.verb:set package 'status_interfaces' build argument 'catkin_skip_building_tests' from command line to 'False'
[0.230s] DEBUG:colcon.colcon_core.verb:Building package 'status_interfaces' with the following arguments: {'ament_cmake_args': None, 'build_base': '/home/lxf/ROS/10.topic_practice/build/status_interfaces', 'catkin_cmake_args': None, 'catkin_skip_building_tests': False, 'cmake_args': None, 'cmake_clean_cache': False, 'cmake_clean_first': False, 'cmake_force_configure': False, 'cmake_target': None, 'cmake_target_skip_unavailable': False, 'install_base': '/home/lxf/ROS/10.topic_practice/install/status_interfaces', 'merge_install': False, 'path': '/home/lxf/ROS/10.topic_practice/src/status_interfaces', 'symlink_install': False, 'test_result_base': None}
[0.230s] Level 5:colcon.colcon_core.verb:set package 'status_display' build argument 'cmake_args' from command line to 'None'
[0.230s] Level 5:colcon.colcon_core.verb:set package 'status_display' build argument 'cmake_target' from command line to 'None'
[0.230s] Level 5:colcon.colcon_core.verb:set package 'status_display' build argument 'cmake_target_skip_unavailable' from command line to 'False'
[0.230s] Level 5:colcon.colcon_core.verb:set package 'status_display' build argument 'cmake_clean_cache' from command line to 'False'
[0.230s] Level 5:colcon.colcon_core.verb:set package 'status_display' build argument 'cmake_clean_first' from command line to 'False'
[0.230s] Level 5:colcon.colcon_core.verb:set package 'status_display' build argument 'cmake_force_configure' from command line to 'False'
[0.230s] Level 5:colcon.colcon_core.verb:set package 'status_display' build argument 'ament_cmake_args' from command line to 'None'
[0.230s] Level 5:colcon.colcon_core.verb:set package 'status_display' build argument 'catkin_cmake_args' from command line to 'None'
[0.230s] Level 5:colcon.colcon_core.verb:set package 'status_display' build argument 'catkin_skip_building_tests' from command line to 'False'
[0.230s] DEBUG:colcon.colcon_core.verb:Building package 'status_display' with the following arguments: {'ament_cmake_args': None, 'build_base': '/home/lxf/ROS/10.topic_practice/build/status_display', 'catkin_cmake_args': None, 'catkin_skip_building_tests': False, 'cmake_args': None, 'cmake_clean_cache': False, 'cmake_clean_first': False, 'cmake_force_configure': False, 'cmake_target': None, 'cmake_target_skip_unavailable': False, 'install_base': '/home/lxf/ROS/10.topic_practice/install/status_display', 'merge_install': False, 'path': '/home/lxf/ROS/10.topic_practice/src/status_display', 'symlink_install': False, 'test_result_base': None}
[0.230s] Level 5:colcon.colcon_core.verb:set package 'status_publisher' build argument 'cmake_args' from command line to 'None'
[0.230s] Level 5:colcon.colcon_core.verb:set package 'status_publisher' build argument 'cmake_target' from command line to 'None'
[0.230s] Level 5:colcon.colcon_core.verb:set package 'status_publisher' build argument 'cmake_target_skip_unavailable' from command line to 'False'
[0.230s] Level 5:colcon.colcon_core.verb:set package 'status_publisher' build argument 'cmake_clean_cache' from command line to 'False'
[0.230s] Level 5:colcon.colcon_core.verb:set package 'status_publisher' build argument 'cmake_clean_first' from command line to 'False'
[0.230s] Level 5:colcon.colcon_core.verb:set package 'status_publisher' build argument 'cmake_force_configure' from command line to 'False'
[0.230s] Level 5:colcon.colcon_core.verb:set package 'status_publisher' build argument 'ament_cmake_args' from command line to 'None'
[0.231s] Level 5:colcon.colcon_core.verb:set package 'status_publisher' build argument 'catkin_cmake_args' from command line to 'None'
[0.231s] Level 5:colcon.colcon_core.verb:set package 'status_publisher' build argument 'catkin_skip_building_tests' from command line to 'False'
[0.231s] DEBUG:colcon.colcon_core.verb:Building package 'status_publisher' with the following arguments: {'ament_cmake_args': None, 'build_base': '/home/lxf/ROS/10.topic_practice/build/status_publisher', 'catkin_cmake_args': None, 'catkin_skip_building_tests': False, 'cmake_args': None, 'cmake_clean_cache': False, 'cmake_clean_first': False, 'cmake_force_configure': False, 'cmake_target': None, 'cmake_target_skip_unavailable': False, 'install_base': '/home/lxf/ROS/10.topic_practice/install/status_publisher', 'merge_install': False, 'path': '/home/lxf/ROS/10.topic_practice/src/status_publisher', 'symlink_install': False, 'test_result_base': None}
[0.231s] INFO:colcon.colcon_core.executor:Executing jobs using 'parallel' executor
[0.231s] DEBUG:colcon.colcon_parallel_executor.executor.parallel:run_until_complete
[0.231s] INFO:colcon.colcon_ros.task.ament_cmake.build:Building ROS package in '/home/lxf/ROS/10.topic_practice/src/status_interfaces' with build type 'ament_cmake'
[0.232s] INFO:colcon.colcon_cmake.task.cmake.build:Building CMake package in '/home/lxf/ROS/10.topic_practice/src/status_interfaces'
[0.233s] INFO:colcon.colcon_core.plugin_system:Skipping extension 'colcon_core.shell.bat': Not used on non-Windows systems
[0.233s] INFO:colcon.colcon_core.shell:Skip shell extension 'powershell' for command environment: Not usable outside of PowerShell
[0.233s] DEBUG:colcon.colcon_core.shell:Skip shell extension 'dsv' for command environment
[0.239s] DEBUG:colcon.colcon_core.event_handler.log_command:Invoking command in '/home/lxf/ROS/10.topic_practice/build/status_interfaces': CMAKE_PREFIX_PATH=${CMAKE_PREFIX_PATH}:/home/lxf/ROS/10.topic_practice/install/status_publisher:/opt/ros/humble /usr/bin/cmake --build /home/lxf/ROS/10.topic_practice/build/status_interfaces -- -j16 -l16
[0.459s] DEBUG:colcon.colcon_core.event_handler.log_command:Invoked command in '/home/lxf/ROS/10.topic_practice/build/status_interfaces' returned '0': CMAKE_PREFIX_PATH=${CMAKE_PREFIX_PATH}:/home/lxf/ROS/10.topic_practice/install/status_publisher:/opt/ros/humble /usr/bin/cmake --build /home/lxf/ROS/10.topic_practice/build/status_interfaces -- -j16 -l16
[0.462s] DEBUG:colcon.colcon_core.event_handler.log_command:Invoking command in '/home/lxf/ROS/10.topic_practice/build/status_interfaces': CMAKE_PREFIX_PATH=${CMAKE_PREFIX_PATH}:/home/lxf/ROS/10.topic_practice/install/status_publisher:/opt/ros/humble /usr/bin/cmake --install /home/lxf/ROS/10.topic_practice/build/status_interfaces
[0.497s] Level 1:colcon.colcon_core.environment:create_environment_scripts_only(status_interfaces)
[0.497s] DEBUG:colcon.colcon_core.event_handler.log_command:Invoked command in '/home/lxf/ROS/10.topic_practice/build/status_interfaces' returned '0': CMAKE_PREFIX_PATH=${CMAKE_PREFIX_PATH}:/home/lxf/ROS/10.topic_practice/install/status_publisher:/opt/ros/humble /usr/bin/cmake --install /home/lxf/ROS/10.topic_practice/build/status_interfaces
[0.498s] Level 1:colcon.colcon_core.environment:checking '/home/lxf/ROS/10.topic_practice/install/status_interfaces' for CMake module files
[0.499s] Level 1:colcon.colcon_core.environment:checking '/home/lxf/ROS/10.topic_practice/install/status_interfaces' for CMake config files
[0.499s] Level 1:colcon.colcon_core.shell:create_environment_hook('status_interfaces', 'cmake_prefix_path')
[0.499s] INFO:colcon.colcon_core.shell:Creating environment hook '/home/lxf/ROS/10.topic_practice/install/status_interfaces/share/status_interfaces/hook/cmake_prefix_path.ps1'
[0.500s] INFO:colcon.colcon_core.shell:Creating environment descriptor '/home/lxf/ROS/10.topic_practice/install/status_interfaces/share/status_interfaces/hook/cmake_prefix_path.dsv'
[0.500s] INFO:colcon.colcon_core.shell:Creating environment hook '/home/lxf/ROS/10.topic_practice/install/status_interfaces/share/status_interfaces/hook/cmake_prefix_path.sh'
[0.500s] Level 1:colcon.colcon_core.environment:checking '/home/lxf/ROS/10.topic_practice/install/status_interfaces/lib'
[0.501s] Level 1:colcon.colcon_core.shell:create_environment_hook('status_interfaces', 'ld_library_path_lib')
[0.501s] INFO:colcon.colcon_core.shell:Creating environment hook '/home/lxf/ROS/10.topic_practice/install/status_interfaces/share/status_interfaces/hook/ld_library_path_lib.ps1'
[0.501s] INFO:colcon.colcon_core.shell:Creating environment descriptor '/home/lxf/ROS/10.topic_practice/install/status_interfaces/share/status_interfaces/hook/ld_library_path_lib.dsv'
[0.501s] INFO:colcon.colcon_core.shell:Creating environment hook '/home/lxf/ROS/10.topic_practice/install/status_interfaces/share/status_interfaces/hook/ld_library_path_lib.sh'
[0.501s] Level 1:colcon.colcon_core.environment:checking '/home/lxf/ROS/10.topic_practice/install/status_interfaces/bin'
[0.501s] Level 1:colcon.colcon_core.environment:checking '/home/lxf/ROS/10.topic_practice/install/status_interfaces/lib/pkgconfig/status_interfaces.pc'
[0.502s] Level 1:colcon.colcon_core.environment:checking '/home/lxf/ROS/10.topic_practice/install/status_interfaces/lib/python3.10/site-packages'
[0.502s] Level 1:colcon.colcon_core.environment:checking '/home/lxf/ROS/10.topic_practice/install/status_interfaces/bin'
[0.502s] INFO:colcon.colcon_core.shell:Creating package script '/home/lxf/ROS/10.topic_practice/install/status_interfaces/share/status_interfaces/package.ps1'
[0.503s] INFO:colcon.colcon_core.shell:Creating package descriptor '/home/lxf/ROS/10.topic_practice/install/status_interfaces/share/status_interfaces/package.dsv'
[0.503s] INFO:colcon.colcon_core.shell:Creating package script '/home/lxf/ROS/10.topic_practice/install/status_interfaces/share/status_interfaces/package.sh'
[0.503s] INFO:colcon.colcon_core.shell:Creating package script '/home/lxf/ROS/10.topic_practice/install/status_interfaces/share/status_interfaces/package.bash'
[0.504s] INFO:colcon.colcon_core.shell:Creating package script '/home/lxf/ROS/10.topic_practice/install/status_interfaces/share/status_interfaces/package.zsh'
[0.504s] Level 1:colcon.colcon_core.environment:create_file_with_runtime_dependencies(/home/lxf/ROS/10.topic_practice/install/status_interfaces/share/colcon-core/packages/status_interfaces)
[0.504s] Level 1:colcon.colcon_core.environment:create_environment_scripts_only(status_interfaces)
[0.504s] Level 1:colcon.colcon_core.environment:checking '/home/lxf/ROS/10.topic_practice/install/status_interfaces' for CMake module files
[0.505s] Level 1:colcon.colcon_core.environment:checking '/home/lxf/ROS/10.topic_practice/install/status_interfaces' for CMake config files
[0.505s] Level 1:colcon.colcon_core.shell:create_environment_hook('status_interfaces', 'cmake_prefix_path')
[0.505s] INFO:colcon.colcon_core.shell:Creating environment hook '/home/lxf/ROS/10.topic_practice/install/status_interfaces/share/status_interfaces/hook/cmake_prefix_path.ps1'
[0.505s] INFO:colcon.colcon_core.shell:Creating environment descriptor '/home/lxf/ROS/10.topic_practice/install/status_interfaces/share/status_interfaces/hook/cmake_prefix_path.dsv'
[0.506s] INFO:colcon.colcon_core.shell:Creating environment hook '/home/lxf/ROS/10.topic_practice/install/status_interfaces/share/status_interfaces/hook/cmake_prefix_path.sh'
[0.506s] Level 1:colcon.colcon_core.environment:checking '/home/lxf/ROS/10.topic_practice/install/status_interfaces/lib'
[0.506s] Level 1:colcon.colcon_core.shell:create_environment_hook('status_interfaces', 'ld_library_path_lib')
[0.506s] INFO:colcon.colcon_core.shell:Creating environment hook '/home/lxf/ROS/10.topic_practice/install/status_interfaces/share/status_interfaces/hook/ld_library_path_lib.ps1'
[0.506s] INFO:colcon.colcon_core.shell:Creating environment descriptor '/home/lxf/ROS/10.topic_practice/install/status_interfaces/share/status_interfaces/hook/ld_library_path_lib.dsv'
[0.506s] INFO:colcon.colcon_core.shell:Creating environment hook '/home/lxf/ROS/10.topic_practice/install/status_interfaces/share/status_interfaces/hook/ld_library_path_lib.sh'
[0.507s] Level 1:colcon.colcon_core.environment:checking '/home/lxf/ROS/10.topic_practice/install/status_interfaces/bin'
[0.507s] Level 1:colcon.colcon_core.environment:checking '/home/lxf/ROS/10.topic_practice/install/status_interfaces/lib/pkgconfig/status_interfaces.pc'
[0.507s] Level 1:colcon.colcon_core.environment:checking '/home/lxf/ROS/10.topic_practice/install/status_interfaces/lib/python3.10/site-packages'
[0.507s] Level 1:colcon.colcon_core.environment:checking '/home/lxf/ROS/10.topic_practice/install/status_interfaces/bin'
[0.507s] INFO:colcon.colcon_core.shell:Creating package script '/home/lxf/ROS/10.topic_practice/install/status_interfaces/share/status_interfaces/package.ps1'
[0.508s] INFO:colcon.colcon_core.shell:Creating package descriptor '/home/lxf/ROS/10.topic_practice/install/status_interfaces/share/status_interfaces/package.dsv'
[0.508s] INFO:colcon.colcon_core.shell:Creating package script '/home/lxf/ROS/10.topic_practice/install/status_interfaces/share/status_interfaces/package.sh'
[0.508s] INFO:colcon.colcon_core.shell:Creating package script '/home/lxf/ROS/10.topic_practice/install/status_interfaces/share/status_interfaces/package.bash'
[0.508s] INFO:colcon.colcon_core.shell:Creating package script '/home/lxf/ROS/10.topic_practice/install/status_interfaces/share/status_interfaces/package.zsh'
[0.509s] Level 1:colcon.colcon_core.environment:create_file_with_runtime_dependencies(/home/lxf/ROS/10.topic_practice/install/status_interfaces/share/colcon-core/packages/status_interfaces)
[0.509s] INFO:colcon.colcon_ros.task.ament_cmake.build:Building ROS package in '/home/lxf/ROS/10.topic_practice/src/status_display' with build type 'ament_cmake'
[0.509s] INFO:colcon.colcon_cmake.task.cmake.build:Building CMake package in '/home/lxf/ROS/10.topic_practice/src/status_display'
[0.509s] INFO:colcon.colcon_core.shell:Skip shell extension 'powershell' for command environment: Not usable outside of PowerShell
[0.509s] DEBUG:colcon.colcon_core.shell:Skip shell extension 'dsv' for command environment
[0.511s] INFO:colcon.colcon_ros.task.ament_python.build:Building ROS package in '/home/lxf/ROS/10.topic_practice/src/status_publisher' with build type 'ament_python'
[0.511s] Level 1:colcon.colcon_core.shell:create_environment_hook('status_publisher', 'ament_prefix_path')
[0.512s] INFO:colcon.colcon_core.shell:Creating environment hook '/home/lxf/ROS/10.topic_practice/install/status_publisher/share/status_publisher/hook/ament_prefix_path.ps1'
[0.512s] INFO:colcon.colcon_core.shell:Creating environment descriptor '/home/lxf/ROS/10.topic_practice/install/status_publisher/share/status_publisher/hook/ament_prefix_path.dsv'
[0.512s] INFO:colcon.colcon_core.shell:Creating environment hook '/home/lxf/ROS/10.topic_practice/install/status_publisher/share/status_publisher/hook/ament_prefix_path.sh'
[0.513s] INFO:colcon.colcon_core.shell:Skip shell extension 'powershell' for command environment: Not usable outside of PowerShell
[0.513s] DEBUG:colcon.colcon_core.shell:Skip shell extension 'dsv' for command environment
[0.517s] DEBUG:colcon.colcon_core.event_handler.log_command:Invoking command in '/home/lxf/ROS/10.topic_practice/build/status_display': CMAKE_PREFIX_PATH=/home/lxf/ROS/10.topic_practice/install/status_interfaces:/home/lxf/ROS/10.topic_practice/install/status_display:/home/lxf/ROS/10.topic_practice/install/status_publisher:/opt/ros/humble /usr/bin/cmake --build /home/lxf/ROS/10.topic_practice/build/status_display -- -j16 -l16
[0.675s] INFO:colcon.colcon_core.task.python.build:Building Python package in '/home/lxf/ROS/10.topic_practice/src/status_publisher'
[0.675s] INFO:colcon.colcon_core.shell:Skip shell extension 'powershell' for command environment: Not usable outside of PowerShell
[0.675s] DEBUG:colcon.colcon_core.shell:Skip shell extension 'dsv' for command environment
[0.893s] DEBUG:colcon.colcon_core.event_handler.log_command:Invoking command in '/home/lxf/ROS/10.topic_practice/src/status_publisher': CMAKE_PREFIX_PATH=/home/lxf/ROS/10.topic_practice/install/status_interfaces:/home/lxf/ROS/10.topic_practice/install/status_display PYTHONPATH=/home/lxf/ROS/10.topic_practice/build/status_publisher/prefix_override:/usr/lib/python3/dist-packages/colcon_core/task/python/colcon_distutils_commands:/home/lxf/ROS/10.topic_practice/install/status_publisher/lib/python3.10/site-packages:${PYTHONPATH} /usr/bin/python3 -W ignore:setup.py install is deprecated -W ignore:easy_install command is deprecated setup.py egg_info --egg-base ../../build/status_publisher build --build-base /home/lxf/ROS/10.topic_practice/build/status_publisher/build install --record /home/lxf/ROS/10.topic_practice/build/status_publisher/install.log --single-version-externally-managed install_data
[1.082s] Level 1:colcon.colcon_core.environment:checking '/home/lxf/ROS/10.topic_practice/install/status_publisher' for CMake module files
[1.082s] DEBUG:colcon.colcon_core.event_handler.log_command:Invoked command in '/home/lxf/ROS/10.topic_practice/src/status_publisher' returned '0': CMAKE_PREFIX_PATH=/home/lxf/ROS/10.topic_practice/install/status_interfaces:/home/lxf/ROS/10.topic_practice/install/status_display PYTHONPATH=/home/lxf/ROS/10.topic_practice/build/status_publisher/prefix_override:/usr/lib/python3/dist-packages/colcon_core/task/python/colcon_distutils_commands:/home/lxf/ROS/10.topic_practice/install/status_publisher/lib/python3.10/site-packages:${PYTHONPATH} /usr/bin/python3 -W ignore:setup.py install is deprecated -W ignore:easy_install command is deprecated setup.py egg_info --egg-base ../../build/status_publisher build --build-base /home/lxf/ROS/10.topic_practice/build/status_publisher/build install --record /home/lxf/ROS/10.topic_practice/build/status_publisher/install.log --single-version-externally-managed install_data
[1.083s] Level 1:colcon.colcon_core.environment:checking '/home/lxf/ROS/10.topic_practice/install/status_publisher' for CMake config files
[1.083s] Level 1:colcon.colcon_core.environment:checking '/home/lxf/ROS/10.topic_practice/install/status_publisher/lib'
[1.084s] Level 1:colcon.colcon_core.environment:checking '/home/lxf/ROS/10.topic_practice/install/status_publisher/bin'
[1.084s] Level 1:colcon.colcon_core.environment:checking '/home/lxf/ROS/10.topic_practice/install/status_publisher/lib/pkgconfig/status_publisher.pc'
[1.084s] Level 1:colcon.colcon_core.environment:checking '/home/lxf/ROS/10.topic_practice/install/status_publisher/lib/python3.10/site-packages'
[1.084s] Level 1:colcon.colcon_core.shell:create_environment_hook('status_publisher', 'pythonpath')
[1.084s] INFO:colcon.colcon_core.shell:Creating environment hook '/home/lxf/ROS/10.topic_practice/install/status_publisher/share/status_publisher/hook/pythonpath.ps1'
[1.085s] INFO:colcon.colcon_core.shell:Creating environment descriptor '/home/lxf/ROS/10.topic_practice/install/status_publisher/share/status_publisher/hook/pythonpath.dsv'
[1.085s] INFO:colcon.colcon_core.shell:Creating environment hook '/home/lxf/ROS/10.topic_practice/install/status_publisher/share/status_publisher/hook/pythonpath.sh'
[1.086s] Level 1:colcon.colcon_core.environment:checking '/home/lxf/ROS/10.topic_practice/install/status_publisher/bin'
[1.086s] Level 1:colcon.colcon_core.environment:create_environment_scripts_only(status_publisher)
[1.086s] INFO:colcon.colcon_core.shell:Creating package script '/home/lxf/ROS/10.topic_practice/install/status_publisher/share/status_publisher/package.ps1'
[1.087s] INFO:colcon.colcon_core.shell:Creating package descriptor '/home/lxf/ROS/10.topic_practice/install/status_publisher/share/status_publisher/package.dsv'
[1.087s] INFO:colcon.colcon_core.shell:Creating package script '/home/lxf/ROS/10.topic_practice/install/status_publisher/share/status_publisher/package.sh'
[1.087s] INFO:colcon.colcon_core.shell:Creating package script '/home/lxf/ROS/10.topic_practice/install/status_publisher/share/status_publisher/package.bash'
[1.087s] INFO:colcon.colcon_core.shell:Creating package script '/home/lxf/ROS/10.topic_practice/install/status_publisher/share/status_publisher/package.zsh'
[1.087s] Level 1:colcon.colcon_core.environment:create_file_with_runtime_dependencies(/home/lxf/ROS/10.topic_practice/install/status_publisher/share/colcon-core/packages/status_publisher)
[7.043s] DEBUG:colcon.colcon_core.event_handler.log_command:Invoked command in '/home/lxf/ROS/10.topic_practice/build/status_display' returned '0': CMAKE_PREFIX_PATH=/home/lxf/ROS/10.topic_practice/install/status_interfaces:/home/lxf/ROS/10.topic_practice/install/status_display:/home/lxf/ROS/10.topic_practice/install/status_publisher:/opt/ros/humble /usr/bin/cmake --build /home/lxf/ROS/10.topic_practice/build/status_display -- -j16 -l16
[7.045s] DEBUG:colcon.colcon_core.event_handler.log_command:Invoking command in '/home/lxf/ROS/10.topic_practice/build/status_display': CMAKE_PREFIX_PATH=/home/lxf/ROS/10.topic_practice/install/status_interfaces:/home/lxf/ROS/10.topic_practice/install/status_display:/home/lxf/ROS/10.topic_practice/install/status_publisher:/opt/ros/humble /usr/bin/cmake --install /home/lxf/ROS/10.topic_practice/build/status_display
[7.051s] Level 1:colcon.colcon_core.environment:create_environment_scripts_only(status_display)
[7.051s] Level 1:colcon.colcon_core.environment:checking '/home/lxf/ROS/10.topic_practice/install/status_display' for CMake module files
[7.052s] DEBUG:colcon.colcon_core.event_handler.log_command:Invoked command in '/home/lxf/ROS/10.topic_practice/build/status_display' returned '0': CMAKE_PREFIX_PATH=/home/lxf/ROS/10.topic_practice/install/status_interfaces:/home/lxf/ROS/10.topic_practice/install/status_display:/home/lxf/ROS/10.topic_practice/install/status_publisher:/opt/ros/humble /usr/bin/cmake --install /home/lxf/ROS/10.topic_practice/build/status_display
[7.052s] Level 1:colcon.colcon_core.environment:checking '/home/lxf/ROS/10.topic_practice/install/status_display' for CMake config files
[7.052s] Level 1:colcon.colcon_core.shell:create_environment_hook('status_display', 'cmake_prefix_path')
[7.052s] INFO:colcon.colcon_core.shell:Creating environment hook '/home/lxf/ROS/10.topic_practice/install/status_display/share/status_display/hook/cmake_prefix_path.ps1'
[7.052s] INFO:colcon.colcon_core.shell:Creating environment descriptor '/home/lxf/ROS/10.topic_practice/install/status_display/share/status_display/hook/cmake_prefix_path.dsv'
[7.053s] INFO:colcon.colcon_core.shell:Creating environment hook '/home/lxf/ROS/10.topic_practice/install/status_display/share/status_display/hook/cmake_prefix_path.sh'
[7.053s] Level 1:colcon.colcon_core.environment:checking '/home/lxf/ROS/10.topic_practice/install/status_display/lib'
[7.053s] Level 1:colcon.colcon_core.environment:checking '/home/lxf/ROS/10.topic_practice/install/status_display/bin'
[7.053s] Level 1:colcon.colcon_core.environment:checking '/home/lxf/ROS/10.topic_practice/install/status_display/lib/pkgconfig/status_display.pc'
[7.053s] Level 1:colcon.colcon_core.environment:checking '/home/lxf/ROS/10.topic_practice/install/status_display/lib/python3.10/site-packages'
[7.053s] Level 1:colcon.colcon_core.environment:checking '/home/lxf/ROS/10.topic_practice/install/status_display/bin'
[7.054s] INFO:colcon.colcon_core.shell:Creating package script '/home/lxf/ROS/10.topic_practice/install/status_display/share/status_display/package.ps1'
[7.054s] INFO:colcon.colcon_core.shell:Creating package descriptor '/home/lxf/ROS/10.topic_practice/install/status_display/share/status_display/package.dsv'
[7.054s] INFO:colcon.colcon_core.shell:Creating package script '/home/lxf/ROS/10.topic_practice/install/status_display/share/status_display/package.sh'
[7.054s] INFO:colcon.colcon_core.shell:Creating package script '/home/lxf/ROS/10.topic_practice/install/status_display/share/status_display/package.bash'
[7.055s] INFO:colcon.colcon_core.shell:Creating package script '/home/lxf/ROS/10.topic_practice/install/status_display/share/status_display/package.zsh'
[7.055s] Level 1:colcon.colcon_core.environment:create_file_with_runtime_dependencies(/home/lxf/ROS/10.topic_practice/install/status_display/share/colcon-core/packages/status_display)
[7.055s] Level 1:colcon.colcon_core.environment:create_environment_scripts_only(status_display)
[7.055s] Level 1:colcon.colcon_core.environment:checking '/home/lxf/ROS/10.topic_practice/install/status_display' for CMake module files
[7.055s] Level 1:colcon.colcon_core.environment:checking '/home/lxf/ROS/10.topic_practice/install/status_display' for CMake config files
[7.056s] Level 1:colcon.colcon_core.shell:create_environment_hook('status_display', 'cmake_prefix_path')
[7.056s] INFO:colcon.colcon_core.shell:Creating environment hook '/home/lxf/ROS/10.topic_practice/install/status_display/share/status_display/hook/cmake_prefix_path.ps1'
[7.056s] INFO:colcon.colcon_core.shell:Creating environment descriptor '/home/lxf/ROS/10.topic_practice/install/status_display/share/status_display/hook/cmake_prefix_path.dsv'
[7.056s] INFO:colcon.colcon_core.shell:Creating environment hook '/home/lxf/ROS/10.topic_practice/install/status_display/share/status_display/hook/cmake_prefix_path.sh'
[7.057s] Level 1:colcon.colcon_core.environment:checking '/home/lxf/ROS/10.topic_practice/install/status_display/lib'
[7.057s] Level 1:colcon.colcon_core.environment:checking '/home/lxf/ROS/10.topic_practice/install/status_display/bin'
[7.057s] Level 1:colcon.colcon_core.environment:checking '/home/lxf/ROS/10.topic_practice/install/status_display/lib/pkgconfig/status_display.pc'
[7.057s] Level 1:colcon.colcon_core.environment:checking '/home/lxf/ROS/10.topic_practice/install/status_display/lib/python3.10/site-packages'
[7.057s] Level 1:colcon.colcon_core.environment:checking '/home/lxf/ROS/10.topic_practice/install/status_display/bin'
[7.057s] INFO:colcon.colcon_core.shell:Creating package script '/home/lxf/ROS/10.topic_practice/install/status_display/share/status_display/package.ps1'
[7.057s] INFO:colcon.colcon_core.shell:Creating package descriptor '/home/lxf/ROS/10.topic_practice/install/status_display/share/status_display/package.dsv'
[7.058s] INFO:colcon.colcon_core.shell:Creating package script '/home/lxf/ROS/10.topic_practice/install/status_display/share/status_display/package.sh'
[7.058s] INFO:colcon.colcon_core.shell:Creating package script '/home/lxf/ROS/10.topic_practice/install/status_display/share/status_display/package.bash'
[7.058s] INFO:colcon.colcon_core.shell:Creating package script '/home/lxf/ROS/10.topic_practice/install/status_display/share/status_display/package.zsh'
[7.059s] Level 1:colcon.colcon_core.environment:create_file_with_runtime_dependencies(/home/lxf/ROS/10.topic_practice/install/status_display/share/colcon-core/packages/status_display)
[7.059s] DEBUG:colcon.colcon_parallel_executor.executor.parallel:closing loop
[7.059s] DEBUG:colcon.colcon_parallel_executor.executor.parallel:loop closed
[7.059s] DEBUG:colcon.colcon_parallel_executor.executor.parallel:run_until_complete finished with '0'
[7.059s] DEBUG:colcon.colcon_core.event_reactor:joining thread
[7.063s] INFO:colcon.colcon_core.plugin_system:Skipping extension 'colcon_notification.desktop_notification.terminal_notifier': Not used on non-Darwin systems
[7.063s] INFO:colcon.colcon_core.plugin_system:Skipping extension 'colcon_notification.desktop_notification.win32': Not used on non-Windows systems
[7.063s] INFO:colcon.colcon_notification.desktop_notification:Sending desktop notification using 'notify2'
[7.079s] DEBUG:colcon.colcon_core.event_reactor:joined thread
[7.079s] INFO:colcon.colcon_core.shell:Creating prefix script '/home/lxf/ROS/10.topic_practice/install/local_setup.ps1'
[7.080s] INFO:colcon.colcon_core.shell:Creating prefix util module '/home/lxf/ROS/10.topic_practice/install/_local_setup_util_ps1.py'
[7.081s] INFO:colcon.colcon_core.shell:Creating prefix chain script '/home/lxf/ROS/10.topic_practice/install/setup.ps1'
[7.082s] INFO:colcon.colcon_core.shell:Creating prefix script '/home/lxf/ROS/10.topic_practice/install/local_setup.sh'
[7.082s] INFO:colcon.colcon_core.shell:Creating prefix util module '/home/lxf/ROS/10.topic_practice/install/_local_setup_util_sh.py'
[7.082s] INFO:colcon.colcon_core.shell:Creating prefix chain script '/home/lxf/ROS/10.topic_practice/install/setup.sh'
[7.083s] INFO:colcon.colcon_core.shell:Creating prefix script '/home/lxf/ROS/10.topic_practice/install/local_setup.bash'
[7.083s] INFO:colcon.colcon_core.shell:Creating prefix chain script '/home/lxf/ROS/10.topic_practice/install/setup.bash'
[7.084s] INFO:colcon.colcon_core.shell:Creating prefix script '/home/lxf/ROS/10.topic_practice/install/local_setup.zsh'
[7.084s] INFO:colcon.colcon_core.shell:Creating prefix chain script '/home/lxf/ROS/10.topic_practice/install/setup.zsh'
