[0.010s] Invoking command in '/home/lxf/Desktop/ROS/12.turtle_control/build/turtle_control_interfaces': CMAKE_PREFIX_PATH=/opt/ros/humble /usr/bin/cmake --build /home/lxf/Desktop/ROS/12.turtle_control/build/turtle_control_interfaces -- -j16 -l16
[0.040s] -- Found ament_cmake: 1.3.12 (/opt/ros/humble/share/ament_cmake/cmake)
[0.153s] -- Found rosidl_default_generators: 1.2.0 (/opt/ros/humble/share/rosidl_default_generators/cmake)
[0.154s] -- Using all available rosidl_typesupport_c: rosidl_typesupport_fastrtps_c;rosidl_typesupport_introspection_c
[0.156s] -- Found rosidl_adapter: 3.1.7 (/opt/ros/humble/share/rosidl_adapter/cmake)
[0.180s] -- Using all available rosidl_typesupport_cpp: rosidl_typesupport_fastrtps_cpp;rosidl_typesupport_introspection_cpp
[0.198s] -- Found sensor_msgs: 4.9.0 (/opt/ros/humble/share/sensor_msgs/cmake)
[0.564s] -- Found ament_cmake_ros: 0.10.0 (/opt/ros/humble/share/ament_cmake_ros/cmake)
[0.814s] -- Using all available rosidl_typesupport_c: rosidl_typesupport_fastrtps_c;rosidl_typesupport_introspection_c
[1.252s] -- Using all available rosidl_typesupport_cpp: rosidl_typesupport_fastrtps_cpp;rosidl_typesupport_introspection_cpp
[1.297s] -- Found python_cmake_module: 0.10.0 (/opt/ros/humble/share/python_cmake_module/cmake)
[1.336s] -- Using PYTHON_EXECUTABLE: /usr/bin/python3
[1.337s] -- Using PYTHON_INCLUDE_DIRS: /usr/include/python3.10
[1.337s] -- Using PYTHON_LIBRARIES: /usr/lib/x86_64-linux-gnu/libpython3.10.so
[1.394s] -- Found ament_lint_auto: 0.12.14 (/opt/ros/humble/share/ament_lint_auto/cmake)
[1.416s] -- Added test 'lint_cmake' to check CMake code style
[1.417s] -- Added test 'xmllint' to check XML markup files
[1.421s] -- Configuring done
[1.487s] -- Generating done
[1.503s] -- Build files have been written to: /home/lxf/Desktop/ROS/12.turtle_control/build/turtle_control_interfaces
[1.546s] [35m[1mConsolidate compiler generated dependencies of target turtle_control_interfaces__rosidl_generator_c[0m
[1.558s] [  2%] Built target turtle_control_interfaces__cpp
[1.569s] [ 12%] Built target turtle_control_interfaces__rosidl_generator_c
[1.576s] [35m[1mConsolidate compiler generated dependencies of target turtle_control_interfaces__rosidl_typesupport_introspection_cpp[0m
[1.577s] [35m[1mConsolidate compiler generated dependencies of target turtle_control_interfaces__rosidl_typesupport_cpp[0m
[1.584s] [ 12%] Built target ament_cmake_python_copy_turtle_control_interfaces
[1.584s] [35m[1mConsolidate compiler generated dependencies of target turtle_control_interfaces__rosidl_typesupport_fastrtps_cpp[0m
[1.586s] [35m[1mConsolidate compiler generated dependencies of target turtle_control_interfaces__rosidl_typesupport_introspection_c[0m
[1.586s] [35m[1mConsolidate compiler generated dependencies of target turtle_control_interfaces__rosidl_typesupport_fastrtps_c[0m
[1.589s] [35m[1mConsolidate compiler generated dependencies of target turtle_control_interfaces__rosidl_typesupport_c[0m
[1.599s] [ 23%] Built target turtle_control_interfaces__rosidl_typesupport_cpp
[1.603s] [ 33%] Built target turtle_control_interfaces__rosidl_typesupport_introspection_cpp
[1.606s] [ 43%] Built target turtle_control_interfaces__rosidl_typesupport_fastrtps_cpp
[1.607s] [ 53%] Built target turtle_control_interfaces__rosidl_typesupport_c
[1.607s] [ 64%] Built target turtle_control_interfaces__rosidl_typesupport_introspection_c
[1.612s] [ 74%] Built target turtle_control_interfaces__rosidl_typesupport_fastrtps_c
[1.644s] [ 74%] Built target turtle_control_interfaces
[1.679s] [ 76%] Built target turtle_control_interfaces__py
[1.695s] [35m[1mConsolidate compiler generated dependencies of target turtle_control_interfaces__rosidl_generator_py[0m
[1.711s] [ 84%] Built target turtle_control_interfaces__rosidl_generator_py
[1.726s] [35m[1mConsolidate compiler generated dependencies of target turtle_control_interfaces__rosidl_typesupport_c__pyext[0m
[1.727s] [35m[1mConsolidate compiler generated dependencies of target turtle_control_interfaces__rosidl_typesupport_fastrtps_c__pyext[0m
[1.731s] [35m[1mConsolidate compiler generated dependencies of target turtle_control_interfaces__rosidl_typesupport_introspection_c__pyext[0m
[1.740s] [ 89%] Built target turtle_control_interfaces__rosidl_typesupport_fastrtps_c__pyext
[1.744s] [ 94%] Built target turtle_control_interfaces__rosidl_typesupport_c__pyext
[1.747s] [100%] Built target turtle_control_interfaces__rosidl_typesupport_introspection_c__pyext
[1.848s] running egg_info
[1.849s] writing turtle_control_interfaces.egg-info/PKG-INFO
[1.849s] writing dependency_links to turtle_control_interfaces.egg-info/dependency_links.txt
[1.849s] writing top-level names to turtle_control_interfaces.egg-info/top_level.txt
[1.852s] reading manifest file 'turtle_control_interfaces.egg-info/SOURCES.txt'
[1.853s] writing manifest file 'turtle_control_interfaces.egg-info/SOURCES.txt'
[1.878s] [100%] Built target ament_cmake_python_build_turtle_control_interfaces_egg
[1.891s] Invoked command in '/home/lxf/Desktop/ROS/12.turtle_control/build/turtle_control_interfaces' returned '0': CMAKE_PREFIX_PATH=/opt/ros/humble /usr/bin/cmake --build /home/lxf/Desktop/ROS/12.turtle_control/build/turtle_control_interfaces -- -j16 -l16
[1.900s] Invoking command in '/home/lxf/Desktop/ROS/12.turtle_control/build/turtle_control_interfaces': CMAKE_PREFIX_PATH=/opt/ros/humble /usr/bin/cmake --install /home/lxf/Desktop/ROS/12.turtle_control/build/turtle_control_interfaces
[1.909s] -- Install configuration: ""
[1.909s] -- Up-to-date: /home/lxf/Desktop/ROS/12.turtle_control/install/turtle_control_interfaces/share/ament_index/resource_index/rosidl_interfaces/turtle_control_interfaces
[1.909s] -- Up-to-date: /home/lxf/Desktop/ROS/12.turtle_control/install/turtle_control_interfaces/include/turtle_control_interfaces/turtle_control_interfaces
[1.909s] -- Up-to-date: /home/lxf/Desktop/ROS/12.turtle_control/install/turtle_control_interfaces/include/turtle_control_interfaces/turtle_control_interfaces/srv
[1.909s] -- Up-to-date: /home/lxf/Desktop/ROS/12.turtle_control/install/turtle_control_interfaces/include/turtle_control_interfaces/turtle_control_interfaces/srv/patrol.h
[1.910s] -- Up-to-date: /home/lxf/Desktop/ROS/12.turtle_control/install/turtle_control_interfaces/include/turtle_control_interfaces/turtle_control_interfaces/srv/detail
[1.910s] -- Up-to-date: /home/lxf/Desktop/ROS/12.turtle_control/install/turtle_control_interfaces/include/turtle_control_interfaces/turtle_control_interfaces/srv/detail/patrol__struct.h
[1.910s] -- Up-to-date: /home/lxf/Desktop/ROS/12.turtle_control/install/turtle_control_interfaces/include/turtle_control_interfaces/turtle_control_interfaces/srv/detail/face_detector__struct.h
[1.910s] -- Up-to-date: /home/lxf/Desktop/ROS/12.turtle_control/install/turtle_control_interfaces/include/turtle_control_interfaces/turtle_control_interfaces/srv/detail/patrol__type_support.h
[1.910s] -- Up-to-date: /home/lxf/Desktop/ROS/12.turtle_control/install/turtle_control_interfaces/include/turtle_control_interfaces/turtle_control_interfaces/srv/detail/patrol__functions.c
[1.910s] -- Up-to-date: /home/lxf/Desktop/ROS/12.turtle_control/install/turtle_control_interfaces/include/turtle_control_interfaces/turtle_control_interfaces/srv/detail/face_detector__functions.c
[1.910s] -- Up-to-date: /home/lxf/Desktop/ROS/12.turtle_control/install/turtle_control_interfaces/include/turtle_control_interfaces/turtle_control_interfaces/srv/detail/face_detector__type_support.h
[1.910s] -- Up-to-date: /home/lxf/Desktop/ROS/12.turtle_control/install/turtle_control_interfaces/include/turtle_control_interfaces/turtle_control_interfaces/srv/detail/patrol__functions.h
[1.910s] -- Up-to-date: /home/lxf/Desktop/ROS/12.turtle_control/install/turtle_control_interfaces/include/turtle_control_interfaces/turtle_control_interfaces/srv/detail/face_detector__functions.h
[1.910s] -- Up-to-date: /home/lxf/Desktop/ROS/12.turtle_control/install/turtle_control_interfaces/include/turtle_control_interfaces/turtle_control_interfaces/srv/face_detector.h
[1.911s] -- Up-to-date: /home/lxf/Desktop/ROS/12.turtle_control/install/turtle_control_interfaces/include/turtle_control_interfaces/turtle_control_interfaces/msg
[1.911s] -- Up-to-date: /home/lxf/Desktop/ROS/12.turtle_control/install/turtle_control_interfaces/include/turtle_control_interfaces/turtle_control_interfaces/msg/rosidl_generator_c__visibility_control.h
[1.911s] -- Up-to-date: /home/lxf/Desktop/ROS/12.turtle_control/install/turtle_control_interfaces/share/turtle_control_interfaces/environment/library_path.sh
[1.911s] -- Installing: /home/lxf/Desktop/ROS/12.turtle_control/install/turtle_control_interfaces/share/turtle_control_interfaces/environment/library_path.dsv
[1.911s] -- Up-to-date: /home/lxf/Desktop/ROS/12.turtle_control/install/turtle_control_interfaces/lib/libturtle_control_interfaces__rosidl_generator_c.so
[1.911s] -- Up-to-date: /home/lxf/Desktop/ROS/12.turtle_control/install/turtle_control_interfaces/include/turtle_control_interfaces/turtle_control_interfaces
[1.911s] -- Up-to-date: /home/lxf/Desktop/ROS/12.turtle_control/install/turtle_control_interfaces/include/turtle_control_interfaces/turtle_control_interfaces/srv
[1.911s] -- Up-to-date: /home/lxf/Desktop/ROS/12.turtle_control/install/turtle_control_interfaces/include/turtle_control_interfaces/turtle_control_interfaces/srv/detail
[1.911s] -- Up-to-date: /home/lxf/Desktop/ROS/12.turtle_control/install/turtle_control_interfaces/include/turtle_control_interfaces/turtle_control_interfaces/srv/detail/patrol__rosidl_typesupport_fastrtps_c.h
[1.911s] -- Up-to-date: /home/lxf/Desktop/ROS/12.turtle_control/install/turtle_control_interfaces/include/turtle_control_interfaces/turtle_control_interfaces/srv/detail/face_detector__rosidl_typesupport_fastrtps_c.h
[1.911s] -- Up-to-date: /home/lxf/Desktop/ROS/12.turtle_control/install/turtle_control_interfaces/include/turtle_control_interfaces/turtle_control_interfaces/msg
[1.911s] -- Up-to-date: /home/lxf/Desktop/ROS/12.turtle_control/install/turtle_control_interfaces/include/turtle_control_interfaces/turtle_control_interfaces/msg/rosidl_typesupport_fastrtps_c__visibility_control.h
[1.911s] -- Up-to-date: /home/lxf/Desktop/ROS/12.turtle_control/install/turtle_control_interfaces/lib/libturtle_control_interfaces__rosidl_typesupport_fastrtps_c.so
[1.911s] -- Up-to-date: /home/lxf/Desktop/ROS/12.turtle_control/install/turtle_control_interfaces/include/turtle_control_interfaces/turtle_control_interfaces
[1.912s] -- Up-to-date: /home/lxf/Desktop/ROS/12.turtle_control/install/turtle_control_interfaces/include/turtle_control_interfaces/turtle_control_interfaces/srv
[1.912s] -- Up-to-date: /home/lxf/Desktop/ROS/12.turtle_control/install/turtle_control_interfaces/include/turtle_control_interfaces/turtle_control_interfaces/srv/detail
[1.912s] -- Up-to-date: /home/lxf/Desktop/ROS/12.turtle_control/install/turtle_control_interfaces/include/turtle_control_interfaces/turtle_control_interfaces/srv/detail/face_detector__rosidl_typesupport_introspection_c.h
[1.912s] -- Up-to-date: /home/lxf/Desktop/ROS/12.turtle_control/install/turtle_control_interfaces/include/turtle_control_interfaces/turtle_control_interfaces/srv/detail/face_detector__type_support.c
[1.912s] -- Up-to-date: /home/lxf/Desktop/ROS/12.turtle_control/install/turtle_control_interfaces/include/turtle_control_interfaces/turtle_control_interfaces/srv/detail/patrol__rosidl_typesupport_introspection_c.h
[1.912s] -- Up-to-date: /home/lxf/Desktop/ROS/12.turtle_control/install/turtle_control_interfaces/include/turtle_control_interfaces/turtle_control_interfaces/srv/detail/patrol__type_support.c
[1.912s] -- Up-to-date: /home/lxf/Desktop/ROS/12.turtle_control/install/turtle_control_interfaces/include/turtle_control_interfaces/turtle_control_interfaces/msg
[1.912s] -- Up-to-date: /home/lxf/Desktop/ROS/12.turtle_control/install/turtle_control_interfaces/include/turtle_control_interfaces/turtle_control_interfaces/msg/rosidl_typesupport_introspection_c__visibility_control.h
[1.912s] -- Up-to-date: /home/lxf/Desktop/ROS/12.turtle_control/install/turtle_control_interfaces/lib/libturtle_control_interfaces__rosidl_typesupport_introspection_c.so
[1.912s] -- Up-to-date: /home/lxf/Desktop/ROS/12.turtle_control/install/turtle_control_interfaces/lib/libturtle_control_interfaces__rosidl_typesupport_c.so
[1.912s] -- Up-to-date: /home/lxf/Desktop/ROS/12.turtle_control/install/turtle_control_interfaces/include/turtle_control_interfaces/turtle_control_interfaces
[1.912s] -- Up-to-date: /home/lxf/Desktop/ROS/12.turtle_control/install/turtle_control_interfaces/include/turtle_control_interfaces/turtle_control_interfaces/srv
[1.912s] -- Up-to-date: /home/lxf/Desktop/ROS/12.turtle_control/install/turtle_control_interfaces/include/turtle_control_interfaces/turtle_control_interfaces/srv/patrol.hpp
[1.912s] -- Up-to-date: /home/lxf/Desktop/ROS/12.turtle_control/install/turtle_control_interfaces/include/turtle_control_interfaces/turtle_control_interfaces/srv/detail
[1.912s] -- Up-to-date: /home/lxf/Desktop/ROS/12.turtle_control/install/turtle_control_interfaces/include/turtle_control_interfaces/turtle_control_interfaces/srv/detail/face_detector__traits.hpp
[1.913s] -- Up-to-date: /home/lxf/Desktop/ROS/12.turtle_control/install/turtle_control_interfaces/include/turtle_control_interfaces/turtle_control_interfaces/srv/detail/patrol__builder.hpp
[1.913s] -- Up-to-date: /home/lxf/Desktop/ROS/12.turtle_control/install/turtle_control_interfaces/include/turtle_control_interfaces/turtle_control_interfaces/srv/detail/patrol__struct.hpp
[1.913s] -- Up-to-date: /home/lxf/Desktop/ROS/12.turtle_control/install/turtle_control_interfaces/include/turtle_control_interfaces/turtle_control_interfaces/srv/detail/face_detector__type_support.hpp
[1.913s] -- Up-to-date: /home/lxf/Desktop/ROS/12.turtle_control/install/turtle_control_interfaces/include/turtle_control_interfaces/turtle_control_interfaces/srv/detail/face_detector__struct.hpp
[1.913s] -- Up-to-date: /home/lxf/Desktop/ROS/12.turtle_control/install/turtle_control_interfaces/include/turtle_control_interfaces/turtle_control_interfaces/srv/detail/face_detector__builder.hpp
[1.913s] -- Up-to-date: /home/lxf/Desktop/ROS/12.turtle_control/install/turtle_control_interfaces/include/turtle_control_interfaces/turtle_control_interfaces/srv/detail/patrol__type_support.hpp
[1.913s] -- Up-to-date: /home/lxf/Desktop/ROS/12.turtle_control/install/turtle_control_interfaces/include/turtle_control_interfaces/turtle_control_interfaces/srv/detail/patrol__traits.hpp
[1.913s] -- Up-to-date: /home/lxf/Desktop/ROS/12.turtle_control/install/turtle_control_interfaces/include/turtle_control_interfaces/turtle_control_interfaces/srv/face_detector.hpp
[1.913s] -- Up-to-date: /home/lxf/Desktop/ROS/12.turtle_control/install/turtle_control_interfaces/include/turtle_control_interfaces/turtle_control_interfaces/msg
[1.913s] -- Up-to-date: /home/lxf/Desktop/ROS/12.turtle_control/install/turtle_control_interfaces/include/turtle_control_interfaces/turtle_control_interfaces/msg/rosidl_generator_cpp__visibility_control.hpp
[1.913s] -- Up-to-date: /home/lxf/Desktop/ROS/12.turtle_control/install/turtle_control_interfaces/include/turtle_control_interfaces/turtle_control_interfaces
[1.913s] -- Up-to-date: /home/lxf/Desktop/ROS/12.turtle_control/install/turtle_control_interfaces/include/turtle_control_interfaces/turtle_control_interfaces/srv
[1.913s] -- Up-to-date: /home/lxf/Desktop/ROS/12.turtle_control/install/turtle_control_interfaces/include/turtle_control_interfaces/turtle_control_interfaces/srv/detail
[1.914s] -- Up-to-date: /home/lxf/Desktop/ROS/12.turtle_control/install/turtle_control_interfaces/include/turtle_control_interfaces/turtle_control_interfaces/srv/detail/face_detector__rosidl_typesupport_fastrtps_cpp.hpp
[1.914s] -- Up-to-date: /home/lxf/Desktop/ROS/12.turtle_control/install/turtle_control_interfaces/include/turtle_control_interfaces/turtle_control_interfaces/srv/detail/dds_fastrtps
[1.914s] -- Up-to-date: /home/lxf/Desktop/ROS/12.turtle_control/install/turtle_control_interfaces/include/turtle_control_interfaces/turtle_control_interfaces/srv/detail/patrol__rosidl_typesupport_fastrtps_cpp.hpp
[1.914s] -- Up-to-date: /home/lxf/Desktop/ROS/12.turtle_control/install/turtle_control_interfaces/include/turtle_control_interfaces/turtle_control_interfaces/msg
[1.914s] -- Up-to-date: /home/lxf/Desktop/ROS/12.turtle_control/install/turtle_control_interfaces/include/turtle_control_interfaces/turtle_control_interfaces/msg/rosidl_typesupport_fastrtps_cpp__visibility_control.h
[1.914s] -- Up-to-date: /home/lxf/Desktop/ROS/12.turtle_control/install/turtle_control_interfaces/lib/libturtle_control_interfaces__rosidl_typesupport_fastrtps_cpp.so
[1.914s] -- Up-to-date: /home/lxf/Desktop/ROS/12.turtle_control/install/turtle_control_interfaces/include/turtle_control_interfaces/turtle_control_interfaces
[1.914s] -- Up-to-date: /home/lxf/Desktop/ROS/12.turtle_control/install/turtle_control_interfaces/include/turtle_control_interfaces/turtle_control_interfaces/srv
[1.914s] -- Up-to-date: /home/lxf/Desktop/ROS/12.turtle_control/install/turtle_control_interfaces/include/turtle_control_interfaces/turtle_control_interfaces/srv/detail
[1.915s] -- Up-to-date: /home/lxf/Desktop/ROS/12.turtle_control/install/turtle_control_interfaces/include/turtle_control_interfaces/turtle_control_interfaces/srv/detail/patrol__rosidl_typesupport_introspection_cpp.hpp
[1.915s] -- Up-to-date: /home/lxf/Desktop/ROS/12.turtle_control/install/turtle_control_interfaces/include/turtle_control_interfaces/turtle_control_interfaces/srv/detail/face_detector__type_support.cpp
[1.915s] -- Up-to-date: /home/lxf/Desktop/ROS/12.turtle_control/install/turtle_control_interfaces/include/turtle_control_interfaces/turtle_control_interfaces/srv/detail/patrol__type_support.cpp
[1.915s] -- Up-to-date: /home/lxf/Desktop/ROS/12.turtle_control/install/turtle_control_interfaces/include/turtle_control_interfaces/turtle_control_interfaces/srv/detail/face_detector__rosidl_typesupport_introspection_cpp.hpp
[1.915s] -- Up-to-date: /home/lxf/Desktop/ROS/12.turtle_control/install/turtle_control_interfaces/lib/libturtle_control_interfaces__rosidl_typesupport_introspection_cpp.so
[1.915s] -- Up-to-date: /home/lxf/Desktop/ROS/12.turtle_control/install/turtle_control_interfaces/lib/libturtle_control_interfaces__rosidl_typesupport_cpp.so
[1.916s] -- Up-to-date: /home/lxf/Desktop/ROS/12.turtle_control/install/turtle_control_interfaces/share/turtle_control_interfaces/environment/pythonpath.sh
[1.916s] -- Installing: /home/lxf/Desktop/ROS/12.turtle_control/install/turtle_control_interfaces/share/turtle_control_interfaces/environment/pythonpath.dsv
[1.916s] -- Up-to-date: /home/lxf/Desktop/ROS/12.turtle_control/install/turtle_control_interfaces/local/lib/python3.10/dist-packages/turtle_control_interfaces-0.0.0-py3.10.egg-info
[1.916s] -- Installing: /home/lxf/Desktop/ROS/12.turtle_control/install/turtle_control_interfaces/local/lib/python3.10/dist-packages/turtle_control_interfaces-0.0.0-py3.10.egg-info/PKG-INFO
[1.916s] -- Installing: /home/lxf/Desktop/ROS/12.turtle_control/install/turtle_control_interfaces/local/lib/python3.10/dist-packages/turtle_control_interfaces-0.0.0-py3.10.egg-info/top_level.txt
[1.916s] -- Installing: /home/lxf/Desktop/ROS/12.turtle_control/install/turtle_control_interfaces/local/lib/python3.10/dist-packages/turtle_control_interfaces-0.0.0-py3.10.egg-info/SOURCES.txt
[1.916s] -- Installing: /home/lxf/Desktop/ROS/12.turtle_control/install/turtle_control_interfaces/local/lib/python3.10/dist-packages/turtle_control_interfaces-0.0.0-py3.10.egg-info/dependency_links.txt
[1.917s] -- Up-to-date: /home/lxf/Desktop/ROS/12.turtle_control/install/turtle_control_interfaces/local/lib/python3.10/dist-packages/turtle_control_interfaces
[1.917s] -- Up-to-date: /home/lxf/Desktop/ROS/12.turtle_control/install/turtle_control_interfaces/local/lib/python3.10/dist-packages/turtle_control_interfaces/turtle_control_interfaces_s__rosidl_typesupport_introspection_c.cpython-310-x86_64-linux-gnu.so
[1.917s] -- Up-to-date: /home/lxf/Desktop/ROS/12.turtle_control/install/turtle_control_interfaces/local/lib/python3.10/dist-packages/turtle_control_interfaces/libturtle_control_interfaces__rosidl_generator_py.so
[1.917s] -- Up-to-date: /home/lxf/Desktop/ROS/12.turtle_control/install/turtle_control_interfaces/local/lib/python3.10/dist-packages/turtle_control_interfaces/srv
[1.917s] -- Up-to-date: /home/lxf/Desktop/ROS/12.turtle_control/install/turtle_control_interfaces/local/lib/python3.10/dist-packages/turtle_control_interfaces/srv/_face_detector_s.c
[1.917s] -- Up-to-date: /home/lxf/Desktop/ROS/12.turtle_control/install/turtle_control_interfaces/local/lib/python3.10/dist-packages/turtle_control_interfaces/srv/_patrol_s.c
[1.917s] -- Up-to-date: /home/lxf/Desktop/ROS/12.turtle_control/install/turtle_control_interfaces/local/lib/python3.10/dist-packages/turtle_control_interfaces/srv/_face_detector.py
[1.917s] -- Up-to-date: /home/lxf/Desktop/ROS/12.turtle_control/install/turtle_control_interfaces/local/lib/python3.10/dist-packages/turtle_control_interfaces/srv/_patrol.py
[1.917s] -- Up-to-date: /home/lxf/Desktop/ROS/12.turtle_control/install/turtle_control_interfaces/local/lib/python3.10/dist-packages/turtle_control_interfaces/srv/__init__.py
[1.918s] -- Up-to-date: /home/lxf/Desktop/ROS/12.turtle_control/install/turtle_control_interfaces/local/lib/python3.10/dist-packages/turtle_control_interfaces/_turtle_control_interfaces_s.ep.rosidl_typesupport_introspection_c.c
[1.918s] -- Up-to-date: /home/lxf/Desktop/ROS/12.turtle_control/install/turtle_control_interfaces/local/lib/python3.10/dist-packages/turtle_control_interfaces/turtle_control_interfaces_s__rosidl_typesupport_fastrtps_c.cpython-310-x86_64-linux-gnu.so
[1.918s] -- Up-to-date: /home/lxf/Desktop/ROS/12.turtle_control/install/turtle_control_interfaces/local/lib/python3.10/dist-packages/turtle_control_interfaces/turtle_control_interfaces_s__rosidl_typesupport_c.cpython-310-x86_64-linux-gnu.so
[1.918s] -- Up-to-date: /home/lxf/Desktop/ROS/12.turtle_control/install/turtle_control_interfaces/local/lib/python3.10/dist-packages/turtle_control_interfaces/_turtle_control_interfaces_s.ep.rosidl_typesupport_fastrtps_c.c
[1.918s] -- Up-to-date: /home/lxf/Desktop/ROS/12.turtle_control/install/turtle_control_interfaces/local/lib/python3.10/dist-packages/turtle_control_interfaces/_turtle_control_interfaces_s.ep.rosidl_typesupport_c.c
[1.918s] -- Installing: /home/lxf/Desktop/ROS/12.turtle_control/install/turtle_control_interfaces/local/lib/python3.10/dist-packages/turtle_control_interfaces/__init__.py
[1.955s] Listing '/home/lxf/Desktop/ROS/12.turtle_control/install/turtle_control_interfaces/local/lib/python3.10/dist-packages/turtle_control_interfaces'...
[1.955s] Compiling '/home/lxf/Desktop/ROS/12.turtle_control/install/turtle_control_interfaces/local/lib/python3.10/dist-packages/turtle_control_interfaces/__init__.py'...
[1.956s] Listing '/home/lxf/Desktop/ROS/12.turtle_control/install/turtle_control_interfaces/local/lib/python3.10/dist-packages/turtle_control_interfaces/srv'...
[1.960s] -- Up-to-date: /home/lxf/Desktop/ROS/12.turtle_control/install/turtle_control_interfaces/local/lib/python3.10/dist-packages/turtle_control_interfaces/turtle_control_interfaces_s__rosidl_typesupport_fastrtps_c.cpython-310-x86_64-linux-gnu.so
[1.961s] -- Up-to-date: /home/lxf/Desktop/ROS/12.turtle_control/install/turtle_control_interfaces/local/lib/python3.10/dist-packages/turtle_control_interfaces/turtle_control_interfaces_s__rosidl_typesupport_introspection_c.cpython-310-x86_64-linux-gnu.so
[1.961s] -- Up-to-date: /home/lxf/Desktop/ROS/12.turtle_control/install/turtle_control_interfaces/local/lib/python3.10/dist-packages/turtle_control_interfaces/turtle_control_interfaces_s__rosidl_typesupport_c.cpython-310-x86_64-linux-gnu.so
[1.961s] -- Up-to-date: /home/lxf/Desktop/ROS/12.turtle_control/install/turtle_control_interfaces/lib/libturtle_control_interfaces__rosidl_generator_py.so
[1.962s] -- Up-to-date: /home/lxf/Desktop/ROS/12.turtle_control/install/turtle_control_interfaces/share/turtle_control_interfaces/srv/FaceDetector.idl
[1.962s] -- Up-to-date: /home/lxf/Desktop/ROS/12.turtle_control/install/turtle_control_interfaces/share/turtle_control_interfaces/srv/Patrol.idl
[1.962s] -- Up-to-date: /home/lxf/Desktop/ROS/12.turtle_control/install/turtle_control_interfaces/share/turtle_control_interfaces/srv/FaceDetector.srv
[1.962s] -- Up-to-date: /home/lxf/Desktop/ROS/12.turtle_control/install/turtle_control_interfaces/share/turtle_control_interfaces/srv/FaceDetector_Request.msg
[1.962s] -- Up-to-date: /home/lxf/Desktop/ROS/12.turtle_control/install/turtle_control_interfaces/share/turtle_control_interfaces/srv/FaceDetector_Response.msg
[1.962s] -- Up-to-date: /home/lxf/Desktop/ROS/12.turtle_control/install/turtle_control_interfaces/share/turtle_control_interfaces/srv/Patrol.srv
[1.962s] -- Up-to-date: /home/lxf/Desktop/ROS/12.turtle_control/install/turtle_control_interfaces/share/turtle_control_interfaces/srv/Patrol_Request.msg
[1.962s] -- Up-to-date: /home/lxf/Desktop/ROS/12.turtle_control/install/turtle_control_interfaces/share/turtle_control_interfaces/srv/Patrol_Response.msg
[1.962s] -- Up-to-date: /home/lxf/Desktop/ROS/12.turtle_control/install/turtle_control_interfaces/share/ament_index/resource_index/package_run_dependencies/turtle_control_interfaces
[1.962s] -- Up-to-date: /home/lxf/Desktop/ROS/12.turtle_control/install/turtle_control_interfaces/share/ament_index/resource_index/parent_prefix_path/turtle_control_interfaces
[1.962s] -- Up-to-date: /home/lxf/Desktop/ROS/12.turtle_control/install/turtle_control_interfaces/share/turtle_control_interfaces/environment/ament_prefix_path.sh
[1.963s] -- Installing: /home/lxf/Desktop/ROS/12.turtle_control/install/turtle_control_interfaces/share/turtle_control_interfaces/environment/ament_prefix_path.dsv
[1.963s] -- Up-to-date: /home/lxf/Desktop/ROS/12.turtle_control/install/turtle_control_interfaces/share/turtle_control_interfaces/environment/path.sh
[1.963s] -- Installing: /home/lxf/Desktop/ROS/12.turtle_control/install/turtle_control_interfaces/share/turtle_control_interfaces/environment/path.dsv
[1.963s] -- Up-to-date: /home/lxf/Desktop/ROS/12.turtle_control/install/turtle_control_interfaces/share/turtle_control_interfaces/local_setup.bash
[1.963s] -- Up-to-date: /home/lxf/Desktop/ROS/12.turtle_control/install/turtle_control_interfaces/share/turtle_control_interfaces/local_setup.sh
[1.963s] -- Up-to-date: /home/lxf/Desktop/ROS/12.turtle_control/install/turtle_control_interfaces/share/turtle_control_interfaces/local_setup.zsh
[1.963s] -- Installing: /home/lxf/Desktop/ROS/12.turtle_control/install/turtle_control_interfaces/share/turtle_control_interfaces/local_setup.dsv
[1.963s] -- Installing: /home/lxf/Desktop/ROS/12.turtle_control/install/turtle_control_interfaces/share/turtle_control_interfaces/package.dsv
[1.963s] -- Up-to-date: /home/lxf/Desktop/ROS/12.turtle_control/install/turtle_control_interfaces/share/ament_index/resource_index/packages/turtle_control_interfaces
[1.963s] -- Up-to-date: /home/lxf/Desktop/ROS/12.turtle_control/install/turtle_control_interfaces/share/turtle_control_interfaces/cmake/export_turtle_control_interfaces__rosidl_generator_cExport.cmake
[1.963s] -- Up-to-date: /home/lxf/Desktop/ROS/12.turtle_control/install/turtle_control_interfaces/share/turtle_control_interfaces/cmake/export_turtle_control_interfaces__rosidl_generator_cExport-noconfig.cmake
[1.963s] -- Up-to-date: /home/lxf/Desktop/ROS/12.turtle_control/install/turtle_control_interfaces/share/turtle_control_interfaces/cmake/export_turtle_control_interfaces__rosidl_typesupport_fastrtps_cExport.cmake
[1.964s] -- Up-to-date: /home/lxf/Desktop/ROS/12.turtle_control/install/turtle_control_interfaces/share/turtle_control_interfaces/cmake/export_turtle_control_interfaces__rosidl_typesupport_fastrtps_cExport-noconfig.cmake
[1.964s] -- Up-to-date: /home/lxf/Desktop/ROS/12.turtle_control/install/turtle_control_interfaces/share/turtle_control_interfaces/cmake/turtle_control_interfaces__rosidl_typesupport_introspection_cExport.cmake
[1.964s] -- Up-to-date: /home/lxf/Desktop/ROS/12.turtle_control/install/turtle_control_interfaces/share/turtle_control_interfaces/cmake/turtle_control_interfaces__rosidl_typesupport_introspection_cExport-noconfig.cmake
[1.964s] -- Up-to-date: /home/lxf/Desktop/ROS/12.turtle_control/install/turtle_control_interfaces/share/turtle_control_interfaces/cmake/turtle_control_interfaces__rosidl_typesupport_cExport.cmake
[1.964s] -- Up-to-date: /home/lxf/Desktop/ROS/12.turtle_control/install/turtle_control_interfaces/share/turtle_control_interfaces/cmake/turtle_control_interfaces__rosidl_typesupport_cExport-noconfig.cmake
[1.964s] -- Up-to-date: /home/lxf/Desktop/ROS/12.turtle_control/install/turtle_control_interfaces/share/turtle_control_interfaces/cmake/export_turtle_control_interfaces__rosidl_generator_cppExport.cmake
[1.964s] -- Up-to-date: /home/lxf/Desktop/ROS/12.turtle_control/install/turtle_control_interfaces/share/turtle_control_interfaces/cmake/export_turtle_control_interfaces__rosidl_typesupport_fastrtps_cppExport.cmake
[1.964s] -- Up-to-date: /home/lxf/Desktop/ROS/12.turtle_control/install/turtle_control_interfaces/share/turtle_control_interfaces/cmake/export_turtle_control_interfaces__rosidl_typesupport_fastrtps_cppExport-noconfig.cmake
[1.964s] -- Up-to-date: /home/lxf/Desktop/ROS/12.turtle_control/install/turtle_control_interfaces/share/turtle_control_interfaces/cmake/turtle_control_interfaces__rosidl_typesupport_introspection_cppExport.cmake
[1.964s] -- Up-to-date: /home/lxf/Desktop/ROS/12.turtle_control/install/turtle_control_interfaces/share/turtle_control_interfaces/cmake/turtle_control_interfaces__rosidl_typesupport_introspection_cppExport-noconfig.cmake
[1.964s] -- Up-to-date: /home/lxf/Desktop/ROS/12.turtle_control/install/turtle_control_interfaces/share/turtle_control_interfaces/cmake/turtle_control_interfaces__rosidl_typesupport_cppExport.cmake
[1.964s] -- Up-to-date: /home/lxf/Desktop/ROS/12.turtle_control/install/turtle_control_interfaces/share/turtle_control_interfaces/cmake/turtle_control_interfaces__rosidl_typesupport_cppExport-noconfig.cmake
[1.964s] -- Up-to-date: /home/lxf/Desktop/ROS/12.turtle_control/install/turtle_control_interfaces/share/turtle_control_interfaces/cmake/export_turtle_control_interfaces__rosidl_generator_pyExport.cmake
[1.964s] -- Up-to-date: /home/lxf/Desktop/ROS/12.turtle_control/install/turtle_control_interfaces/share/turtle_control_interfaces/cmake/export_turtle_control_interfaces__rosidl_generator_pyExport-noconfig.cmake
[1.964s] -- Up-to-date: /home/lxf/Desktop/ROS/12.turtle_control/install/turtle_control_interfaces/share/turtle_control_interfaces/cmake/rosidl_cmake-extras.cmake
[1.964s] -- Up-to-date: /home/lxf/Desktop/ROS/12.turtle_control/install/turtle_control_interfaces/share/turtle_control_interfaces/cmake/ament_cmake_export_dependencies-extras.cmake
[1.965s] -- Up-to-date: /home/lxf/Desktop/ROS/12.turtle_control/install/turtle_control_interfaces/share/turtle_control_interfaces/cmake/ament_cmake_export_include_directories-extras.cmake
[1.965s] -- Up-to-date: /home/lxf/Desktop/ROS/12.turtle_control/install/turtle_control_interfaces/share/turtle_control_interfaces/cmake/ament_cmake_export_libraries-extras.cmake
[1.965s] -- Up-to-date: /home/lxf/Desktop/ROS/12.turtle_control/install/turtle_control_interfaces/share/turtle_control_interfaces/cmake/ament_cmake_export_targets-extras.cmake
[1.965s] -- Up-to-date: /home/lxf/Desktop/ROS/12.turtle_control/install/turtle_control_interfaces/share/turtle_control_interfaces/cmake/rosidl_cmake_export_typesupport_targets-extras.cmake
[1.965s] -- Up-to-date: /home/lxf/Desktop/ROS/12.turtle_control/install/turtle_control_interfaces/share/turtle_control_interfaces/cmake/rosidl_cmake_export_typesupport_libraries-extras.cmake
[1.965s] -- Up-to-date: /home/lxf/Desktop/ROS/12.turtle_control/install/turtle_control_interfaces/share/turtle_control_interfaces/cmake/turtle_control_interfacesConfig.cmake
[1.965s] -- Up-to-date: /home/lxf/Desktop/ROS/12.turtle_control/install/turtle_control_interfaces/share/turtle_control_interfaces/cmake/turtle_control_interfacesConfig-version.cmake
[1.965s] -- Installing: /home/lxf/Desktop/ROS/12.turtle_control/install/turtle_control_interfaces/share/turtle_control_interfaces/package.xml
[1.967s] Invoked command in '/home/lxf/Desktop/ROS/12.turtle_control/build/turtle_control_interfaces' returned '0': CMAKE_PREFIX_PATH=/opt/ros/humble /usr/bin/cmake --install /home/lxf/Desktop/ROS/12.turtle_control/build/turtle_control_interfaces
