[0.368s] Invoking command in '/home/lxf/Desktop/ROS/17.demo_python_tf/src/demo_python_tf': PYTHONPATH=/home/lxf/Desktop/ROS/17.demo_python_tf/build/demo_python_tf/prefix_override:/usr/lib/python3/dist-packages/colcon_core/task/python/colcon_distutils_commands:/home/lxf/Desktop/ROS/17.demo_python_tf/install/demo_python_tf/lib/python3.10/site-packages:${PYTHONPATH} /usr/bin/python3 -W ignore:setup.py install is deprecated -W ignore:easy_install command is deprecated setup.py egg_info --egg-base ../../build/demo_python_tf build --build-base /home/lxf/Desktop/ROS/17.demo_python_tf/build/demo_python_tf/build install --record /home/lxf/Desktop/ROS/17.demo_python_tf/build/demo_python_tf/install.log --single-version-externally-managed install_data
[0.512s] running egg_info
[0.512s] writing ../../build/demo_python_tf/demo_python_tf.egg-info/PKG-INFO
[0.513s] writing dependency_links to ../../build/demo_python_tf/demo_python_tf.egg-info/dependency_links.txt
[0.513s] writing entry points to ../../build/demo_python_tf/demo_python_tf.egg-info/entry_points.txt
[0.513s] writing requirements to ../../build/demo_python_tf/demo_python_tf.egg-info/requires.txt
[0.513s] writing top-level names to ../../build/demo_python_tf/demo_python_tf.egg-info/top_level.txt
[0.514s] reading manifest file '../../build/demo_python_tf/demo_python_tf.egg-info/SOURCES.txt'
[0.514s] adding license file 'LICENSE'
[0.514s] writing manifest file '../../build/demo_python_tf/demo_python_tf.egg-info/SOURCES.txt'
[0.514s] running build
[0.514s] running build_py
[0.514s] copying demo_python_tf/dynamic_tf_broadcaster.py -> /home/lxf/Desktop/ROS/17.demo_python_tf/build/demo_python_tf/build/lib/demo_python_tf
[0.515s] running install
[0.515s] running install_lib
[0.515s] copying /home/lxf/Desktop/ROS/17.demo_python_tf/build/demo_python_tf/build/lib/demo_python_tf/dynamic_tf_broadcaster.py -> /home/lxf/Desktop/ROS/17.demo_python_tf/install/demo_python_tf/lib/python3.10/site-packages/demo_python_tf
[0.516s] byte-compiling /home/lxf/Desktop/ROS/17.demo_python_tf/install/demo_python_tf/lib/python3.10/site-packages/demo_python_tf/dynamic_tf_broadcaster.py to dynamic_tf_broadcaster.cpython-310.pyc
[0.516s] running install_data
[0.516s] running install_egg_info
[0.518s] removing '/home/lxf/Desktop/ROS/17.demo_python_tf/install/demo_python_tf/lib/python3.10/site-packages/demo_python_tf-0.0.0-py3.10.egg-info' (and everything under it)
[0.518s] Copying ../../build/demo_python_tf/demo_python_tf.egg-info to /home/lxf/Desktop/ROS/17.demo_python_tf/install/demo_python_tf/lib/python3.10/site-packages/demo_python_tf-0.0.0-py3.10.egg-info
[0.518s] running install_scripts
[0.535s] Installing dynamic_tf_broadcaster script to /home/lxf/Desktop/ROS/17.demo_python_tf/install/demo_python_tf/lib/demo_python_tf
[0.535s] Installing static_tf_broadcaster script to /home/lxf/Desktop/ROS/17.demo_python_tf/install/demo_python_tf/lib/demo_python_tf
[0.535s] writing list of installed files to '/home/lxf/Desktop/ROS/17.demo_python_tf/build/demo_python_tf/install.log'
[0.553s] Invoked command in '/home/lxf/Desktop/ROS/17.demo_python_tf/src/demo_python_tf' returned '0': PYTHONPATH=/home/lxf/Desktop/ROS/17.demo_python_tf/build/demo_python_tf/prefix_override:/usr/lib/python3/dist-packages/colcon_core/task/python/colcon_distutils_commands:/home/lxf/Desktop/ROS/17.demo_python_tf/install/demo_python_tf/lib/python3.10/site-packages:${PYTHONPATH} /usr/bin/python3 -W ignore:setup.py install is deprecated -W ignore:easy_install command is deprecated setup.py egg_info --egg-base ../../build/demo_python_tf build --build-base /home/lxf/Desktop/ROS/17.demo_python_tf/build/demo_python_tf/build install --record /home/lxf/Desktop/ROS/17.demo_python_tf/build/demo_python_tf/install.log --single-version-externally-managed install_data
