[0.007s] Invoking command in '/home/lxf/桌面/ROS/8.海龟控制画园/build/cpp_topic': CMAKE_PREFIX_PATH=/opt/ros/humble /usr/bin/cmake --build /home/lxf/桌面/ROS/8.海龟控制画园/build/cpp_topic -- -j16 -l16
[0.020s] [0mCMake Deprecation Warning at CMakeLists.txt:1 (cmake_minimum_required):
[0.020s]   Compatibility with CMake < 3.10 will be removed from a future version of
[0.020s]   CMake.
[0.020s] 
[0.020s]   Update the VERSION argument <min> value.  Or, use the <min>...<max> syntax
[0.020s]   to tell CMake that the project requires at least <min> but has been updated
[0.020s]   to work with policies introduced by <max> or earlier.
[0.020s] 
[0.020s] [0m
[0.026s] -- Found ament_cmake: 1.3.12 (/opt/ros/humble/share/ament_cmake/cmake)
[0.206s] -- Found rclcpp: 16.0.15 (/opt/ros/humble/share/rclcpp/cmake)
[0.228s] -- Found rosidl_generator_c: 3.1.7 (/opt/ros/humble/share/rosidl_generator_c/cmake)
[0.229s] -- Found rosidl_adapter: 3.1.7 (/opt/ros/humble/share/rosidl_adapter/cmake)
[0.233s] -- Found rosidl_generator_cpp: 3.1.7 (/opt/ros/humble/share/rosidl_generator_cpp/cmake)
[0.240s] -- Using all available rosidl_typesupport_c: rosidl_typesupport_fastrtps_c;rosidl_typesupport_introspection_c
[0.249s] -- Using all available rosidl_typesupport_cpp: rosidl_typesupport_fastrtps_cpp;rosidl_typesupport_introspection_cpp
[0.274s] -- Found rmw_implementation_cmake: 6.1.2 (/opt/ros/humble/share/rmw_implementation_cmake/cmake)
[0.275s] -- Found rmw_fastrtps_cpp: 6.2.9 (/opt/ros/humble/share/rmw_fastrtps_cpp/cmake)
[0.351s] -- Using RMW implementation 'rmw_fastrtps_cpp' as default
[0.400s] -- Found geometry_msgs: 4.9.0 (/opt/ros/humble/share/geometry_msgs/cmake)
[0.411s] -- Found turtlesim: 1.4.3 (/opt/ros/humble/share/turtlesim/cmake)
[0.444s] -- Found ament_lint_auto: 0.12.14 (/opt/ros/humble/share/ament_lint_auto/cmake)
[0.503s] -- Added test 'cppcheck' to perform static code analysis on C / C++ code
[0.504s] -- Configured cppcheck include dirs: /home/lxf/桌面/ROS/8.海龟控制画园/cpp_topic/include
[0.504s] -- Configured cppcheck exclude dirs and/or files: 
[0.504s] -- Added test 'lint_cmake' to check CMake code style
[0.504s] -- Added test 'uncrustify' to check C / C++ code style
[0.504s] -- Configured uncrustify additional arguments: 
[0.504s] -- Added test 'xmllint' to check XML markup files
[0.505s] -- Configuring done (0.5s)
[0.511s] -- Generating done (0.0s)
[0.512s] -- Build files have been written to: /home/lxf/桌面/ROS/8.海龟控制画园/build/cpp_topic
[0.531s] [ 50%] [32mBuilding CXX object CMakeFiles/turtle_circle.dir/src/turtle_circle.cpp.o[0m
[0.546s] [01m[K/home/lxf/桌面/ROS/8.海龟控制画园/cpp_topic/src/turtle_circle.cpp:1:10:[m[K [01;31m[Kfatal error: [m[Krclcpp/rclcpp.hpp: 没有那个文件或目录
[0.547s]     1 | #include [01;31m[K"rclcpp/rclcpp.hpp"[m[K
[0.547s]       |          [01;31m[K^~~~~~~~~~~~~~~~~~~[m[K
[0.547s] compilation terminated.
[0.547s] gmake[2]: *** [CMakeFiles/turtle_circle.dir/build.make:79：CMakeFiles/turtle_circle.dir/src/turtle_circle.cpp.o] 错误 1
[0.548s] gmake[1]: *** [CMakeFiles/Makefile2:153：CMakeFiles/turtle_circle.dir/all] 错误 2
[0.548s] gmake: *** [Makefile:146：all] 错误 2
[0.552s] Invoked command in '/home/lxf/桌面/ROS/8.海龟控制画园/build/cpp_topic' returned '2': CMAKE_PREFIX_PATH=/opt/ros/humble /usr/bin/cmake --build /home/lxf/桌面/ROS/8.海龟控制画园/build/cpp_topic -- -j16 -l16
