[0.630s] Invoking command in '/home/lxf/ROS/11.Face_Recognition/src/demo_python_service': AMENT_PREFIX_PATH=/home/lxf/ROS/11.Face_Recognition/install/face_interfaces:${AMENT_PREFIX_PATH} CMAKE_PREFIX_PATH=/home/lxf/ROS/11.Face_Recognition/install/face_interfaces:${CMAKE_PREFIX_PATH} LD_LIBRARY_PATH=/home/lxf/ROS/11.Face_Recognition/install/face_interfaces/lib:${LD_LIBRARY_PATH} PYTHONPATH=/home/lxf/ROS/11.Face_Recognition/build/demo_python_service/prefix_override:/usr/lib/python3/dist-packages/colcon_core/task/python/colcon_distutils_commands:/home/lxf/ROS/11.Face_Recognition/install/demo_python_service/lib/python3.10/site-packages:/home/lxf/ROS/11.Face_Recognition/install/face_interfaces/local/lib/python3.10/dist-packages:${PYTHONPATH} /usr/bin/python3 -W ignore:setup.py install is deprecated -W ignore:easy_install command is deprecated setup.py egg_info --egg-base ../../build/demo_python_service build --build-base /home/lxf/ROS/11.Face_Recognition/build/demo_python_service/build install --record /home/lxf/ROS/11.Face_Recognition/build/demo_python_service/install.log --single-version-externally-managed install_data
[0.878s] running egg_info
[0.878s] creating ../../build/demo_python_service/demo_python_service.egg-info
[0.878s] writing ../../build/demo_python_service/demo_python_service.egg-info/PKG-INFO
[0.879s] writing dependency_links to ../../build/demo_python_service/demo_python_service.egg-info/dependency_links.txt
[0.879s] writing entry points to ../../build/demo_python_service/demo_python_service.egg-info/entry_points.txt
[0.879s] writing requirements to ../../build/demo_python_service/demo_python_service.egg-info/requires.txt
[0.879s] writing top-level names to ../../build/demo_python_service/demo_python_service.egg-info/top_level.txt
[0.879s] writing manifest file '../../build/demo_python_service/demo_python_service.egg-info/SOURCES.txt'
[0.881s] reading manifest file '../../build/demo_python_service/demo_python_service.egg-info/SOURCES.txt'
[0.881s] adding license file 'LICENSE'
[0.881s] writing manifest file '../../build/demo_python_service/demo_python_service.egg-info/SOURCES.txt'
[0.882s] running build
[0.882s] running build_py
[0.882s] creating /home/lxf/ROS/11.Face_Recognition/build/demo_python_service/build
[0.882s] creating /home/lxf/ROS/11.Face_Recognition/build/demo_python_service/build/lib
[0.882s] creating /home/lxf/ROS/11.Face_Recognition/build/demo_python_service/build/lib/demo_python_service
[0.882s] copying demo_python_service/__init__.py -> /home/lxf/ROS/11.Face_Recognition/build/demo_python_service/build/lib/demo_python_service
[0.882s] running install
[0.882s] running install_lib
[0.883s] creating /home/lxf/ROS/11.Face_Recognition/install/demo_python_service/lib/python3.10/site-packages/demo_python_service
[0.883s] copying /home/lxf/ROS/11.Face_Recognition/build/demo_python_service/build/lib/demo_python_service/__init__.py -> /home/lxf/ROS/11.Face_Recognition/install/demo_python_service/lib/python3.10/site-packages/demo_python_service
[0.883s] byte-compiling /home/lxf/ROS/11.Face_Recognition/install/demo_python_service/lib/python3.10/site-packages/demo_python_service/__init__.py to __init__.cpython-310.pyc
[0.883s] running install_data
[0.884s] creating /home/lxf/ROS/11.Face_Recognition/install/demo_python_service/share/ament_index
[0.884s] creating /home/lxf/ROS/11.Face_Recognition/install/demo_python_service/share/ament_index/resource_index
[0.884s] creating /home/lxf/ROS/11.Face_Recognition/install/demo_python_service/share/ament_index/resource_index/packages
[0.884s] copying resource/demo_python_service -> /home/lxf/ROS/11.Face_Recognition/install/demo_python_service/share/ament_index/resource_index/packages
[0.884s] copying package.xml -> /home/lxf/ROS/11.Face_Recognition/install/demo_python_service/share/demo_python_service
[0.884s] running install_egg_info
[0.886s] Copying ../../build/demo_python_service/demo_python_service.egg-info to /home/lxf/ROS/11.Face_Recognition/install/demo_python_service/lib/python3.10/site-packages/demo_python_service-0.0.0-py3.10.egg-info
[0.886s] running install_scripts
[0.909s] writing list of installed files to '/home/lxf/ROS/11.Face_Recognition/build/demo_python_service/install.log'
[0.935s] Invoked command in '/home/lxf/ROS/11.Face_Recognition/src/demo_python_service' returned '0': AMENT_PREFIX_PATH=/home/lxf/ROS/11.Face_Recognition/install/face_interfaces:${AMENT_PREFIX_PATH} CMAKE_PREFIX_PATH=/home/lxf/ROS/11.Face_Recognition/install/face_interfaces:${CMAKE_PREFIX_PATH} LD_LIBRARY_PATH=/home/lxf/ROS/11.Face_Recognition/install/face_interfaces/lib:${LD_LIBRARY_PATH} PYTHONPATH=/home/lxf/ROS/11.Face_Recognition/build/demo_python_service/prefix_override:/usr/lib/python3/dist-packages/colcon_core/task/python/colcon_distutils_commands:/home/lxf/ROS/11.Face_Recognition/install/demo_python_service/lib/python3.10/site-packages:/home/lxf/ROS/11.Face_Recognition/install/face_interfaces/local/lib/python3.10/dist-packages:${PYTHONPATH} /usr/bin/python3 -W ignore:setup.py install is deprecated -W ignore:easy_install command is deprecated setup.py egg_info --egg-base ../../build/demo_python_service build --build-base /home/lxf/ROS/11.Face_Recognition/build/demo_python_service/build install --record /home/lxf/ROS/11.Face_Recognition/build/demo_python_service/install.log --single-version-externally-managed install_data
