[0mCMake Deprecation Warning at CMakeLists.txt:1 (cmake_minimum_required):
  Compatibility with CMake < 3.10 will be removed from a future version of
  CMake.

  Update the VERSION argument <min> value.  Or, use the <min>...<max> syntax
  to tell CMake that the project requires at least <min> but has been updated
  to work with policies introduced by <max> or earlier.

[0m
-- The C compiler identification is GNU 11.4.0
-- The CXX compiler identification is GNU 11.4.0
-- Detecting C compiler ABI info
-- Detecting C compiler ABI info - done
-- Check for working C compiler: /usr/bin/cc - skipped
-- Detecting C compile features
-- Detecting C compile features - done
-- Detecting CXX compiler ABI info
-- Detecting CXX compiler ABI info - done
-- Check for working CXX compiler: /usr/bin/c++ - skipped
-- Detecting CXX compile features
-- Detecting CXX compile features - done
-- Found ament_cmake: 1.3.12 (/opt/ros/humble/share/ament_cmake/cmake)
-- Found Python3: /usr/bin/python3 (found version "3.10.12") found components: Interpreter
-- Found rclcpp: 16.0.15 (/opt/ros/humble/share/rclcpp/cmake)
-- Found rosidl_generator_c: 3.1.7 (/opt/ros/humble/share/rosidl_generator_c/cmake)
-- Found rosidl_adapter: 3.1.7 (/opt/ros/humble/share/rosidl_adapter/cmake)
-- Found rosidl_generator_cpp: 3.1.7 (/opt/ros/humble/share/rosidl_generator_cpp/cmake)
-- Using all available rosidl_typesupport_c: rosidl_typesupport_fastrtps_c;rosidl_typesupport_introspection_c
-- Using all available rosidl_typesupport_cpp: rosidl_typesupport_fastrtps_cpp;rosidl_typesupport_introspection_cpp
-- Found rmw_implementation_cmake: 6.1.2 (/opt/ros/humble/share/rmw_implementation_cmake/cmake)
-- Found rmw_fastrtps_cpp: 6.2.9 (/opt/ros/humble/share/rmw_fastrtps_cpp/cmake)
-- Found OpenSSL: /usr/lib/x86_64-linux-gnu/libcrypto.so (found version "3.0.2")
-- Found FastRTPS: /opt/ros/humble/include
-- Using RMW implementation 'rmw_fastrtps_cpp' as default
-- Performing Test CMAKE_HAVE_LIBC_PTHREAD
-- Performing Test CMAKE_HAVE_LIBC_PTHREAD - Success
-- Found Threads: TRUE
-- Found geometry_msgs: 4.9.0 (/opt/ros/humble/share/geometry_msgs/cmake)
-- Found turtlesim: 1.4.3 (/opt/ros/humble/share/turtlesim/cmake)
-- Found ament_lint_auto: 0.12.14 (/opt/ros/humble/share/ament_lint_auto/cmake)
-- Added test 'lint_cmake' to check CMake code style
-- Added test 'xmllint' to check XML markup files
-- Configuring done (1.2s)
-- Generating done (0.0s)
-- Build files have been written to: /home/lxf/桌面/ROS/8.海龟控制画园/build/cpp_topic
-- Install configuration: ""
-- Installing: /home/lxf/桌面/ROS/8.海龟控制画园/install/cpp_topic/share/ament_index/resource_index/package_run_dependencies/cpp_topic
-- Installing: /home/lxf/桌面/ROS/8.海龟控制画园/install/cpp_topic/share/ament_index/resource_index/parent_prefix_path/cpp_topic
-- Installing: /home/lxf/桌面/ROS/8.海龟控制画园/install/cpp_topic/share/cpp_topic/environment/ament_prefix_path.sh
-- Installing: /home/lxf/桌面/ROS/8.海龟控制画园/install/cpp_topic/share/cpp_topic/environment/ament_prefix_path.dsv
-- Installing: /home/lxf/桌面/ROS/8.海龟控制画园/install/cpp_topic/share/cpp_topic/environment/path.sh
-- Installing: /home/lxf/桌面/ROS/8.海龟控制画园/install/cpp_topic/share/cpp_topic/environment/path.dsv
-- Installing: /home/lxf/桌面/ROS/8.海龟控制画园/install/cpp_topic/share/cpp_topic/local_setup.bash
-- Installing: /home/lxf/桌面/ROS/8.海龟控制画园/install/cpp_topic/share/cpp_topic/local_setup.sh
-- Installing: /home/lxf/桌面/ROS/8.海龟控制画园/install/cpp_topic/share/cpp_topic/local_setup.zsh
-- Installing: /home/lxf/桌面/ROS/8.海龟控制画园/install/cpp_topic/share/cpp_topic/local_setup.dsv
-- Installing: /home/lxf/桌面/ROS/8.海龟控制画园/install/cpp_topic/share/cpp_topic/package.dsv
-- Installing: /home/lxf/桌面/ROS/8.海龟控制画园/install/cpp_topic/share/ament_index/resource_index/packages/cpp_topic
-- Installing: /home/lxf/桌面/ROS/8.海龟控制画园/install/cpp_topic/share/cpp_topic/cmake/cpp_topicConfig.cmake
-- Installing: /home/lxf/桌面/ROS/8.海龟控制画园/install/cpp_topic/share/cpp_topic/cmake/cpp_topicConfig-version.cmake
-- Installing: /home/lxf/桌面/ROS/8.海龟控制画园/install/cpp_topic/share/cpp_topic/package.xml
